Test run for C:\Users\endim\LLMGameCreator\tests\LLMGameCreator.Tests\bin\Debug\net8.0-windows\LLMGameCreator.Tests.dll (.NETCoreApp,Version=v8.0)
A total of 1 test files matched the specified pattern.
C:\Users\endim\LLMGameCreator\tests\LLMGameCreator.Tests\bin\Debug\net8.0-windows\LLMGameCreator.Tests.dll
[xUnit.net 00:00:00.00] xUnit.net VSTest Adapter v2.8.2+699d445a1a (64-bit .NET 8.0.26)
[xUnit.net 00:00:00.16]   Discovering: LLMGameCreator.Tests
[xUnit.net 00:00:00.35]   Discovered:  LLMGameCreator.Tests
[xUnit.net 00:00:00.36]   Starting:    LLMGameCreator.Tests
[xUnit.net 00:00:00.55]   Finished:    LLMGameCreator.Tests
  Passed LLMGameCreator.Tests.WinForms.ArtifactReviewPresenterTests.PresenterBuildsSummaryAndRows [15 ms]
  Passed LLMGameCreator.Tests.WinForms.ArtifactReviewPresenterTests.PageControlCanBeConstructedBeforeValidSplitterWidth [127 ms]
  Passed LLMGameCreator.Tests.WinForms.ArtifactReviewPresenterTests.PresenterFormatsValidationIssuesAndJson [10 ms]
  Passed LLMGameCreator.Tests.WinForms.ArtifactReviewPresenterTests.PresenterFiltersRowsByState [1 ms]
  Passed LLMGameCreator.Tests.WinForms.ArtifactReviewPresenterTests.PresenterBuildsApproveAllDecisionRequestForPendingRows [2 ms]
  Passed LLMGameCreator.Tests.WinForms.ArtifactReviewPresenterTests.PresenterBuildsDecisionRequestFromChangedRows [< 1 ms]
  Passed LLMGameCreator.Tests.WinForms.ArtifactReviewPresenterTests.PresenterShowsMissingSnapshotMessage [< 1 ms]
Results File: C:\Users\endim\LLMGameCreator\.devflow\runs\goal150b-complete-suite-refined\trx\shard-0592.trx

Test Run Successful.
Total tests: 7
     Passed: 7
 Total time: 1,0852 Seconds
