Test run for C:\Users\endim\LLMGameCreator\tests\LLMGameCreator.Tests\bin\Debug\net8.0-windows\LLMGameCreator.Tests.dll (.NETCoreApp,Version=v8.0)
A total of 1 test files matched the specified pattern.
C:\Users\endim\LLMGameCreator\tests\LLMGameCreator.Tests\bin\Debug\net8.0-windows\LLMGameCreator.Tests.dll
[xUnit.net 00:00:00.00] xUnit.net VSTest Adapter v2.8.2+699d445a1a (64-bit .NET 8.0.26)
[xUnit.net 00:00:00.16]   Discovering: LLMGameCreator.Tests
[xUnit.net 00:00:00.35]   Discovered:  LLMGameCreator.Tests
[xUnit.net 00:00:00.36]   Starting:    LLMGameCreator.Tests
[xUnit.net 00:00:01.97]       Assert.True() Failure
[xUnit.net 00:00:01.97]       Expected: True
[xUnit.net 00:00:01.97]       Actual:   False
[xUnit.net 00:00:01.97]       Stack Trace:
[xUnit.net 00:00:01.97]         C:\Users\endim\LLMGameCreator\tests\LLMGameCreator.Tests\Application\OfflineGeoworldInteractiveTravelPreview\OfflineGeoworldInteractiveTravelPreviewTests.cs(111,0): at LLMGameCreator.Tests.Application.OfflineGeoworldInteractiveTravelPreview.OfflineGeoworldInteractiveTravelPreviewTests.WorkspaceGroupSurfacesInteractiveTravelReadiness()
[xUnit.net 00:00:01.97]         --- End of stack trace from previous location ---
[xUnit.net 00:00:02.08]       Assert.True() Failure
[xUnit.net 00:00:02.08]       Expected: True
[xUnit.net 00:00:02.08]       Actual:   False
[xUnit.net 00:00:02.08]       Stack Trace:
[xUnit.net 00:00:02.08]         C:\Users\endim\LLMGameCreator\tests\LLMGameCreator.Tests\Application\OfflineGeoworldInteractiveTravelPreview\OfflineGeoworldInteractiveTravelPreviewTests.cs(19,0): at LLMGameCreator.Tests.Application.OfflineGeoworldInteractiveTravelPreview.OfflineGeoworldInteractiveTravelPreviewTests.ServiceBuildsInteractiveTravelPayloadAndEvidence()
[xUnit.net 00:00:02.08]         --- End of stack trace from previous location ---
[xUnit.net 00:00:02.26]   Finished:    LLMGameCreator.Tests
  Failed LLMGameCreator.Tests.Application.OfflineGeoworldInteractiveTravelPreview.OfflineGeoworldInteractiveTravelPreviewTests.WorkspaceGroupSurfacesInteractiveTravelReadiness [1 s]
  Error Message:
   Assert.True() Failure
Expected: True
Actual:   False
  Stack Trace:
     at LLMGameCreator.Tests.Application.OfflineGeoworldInteractiveTravelPreview.OfflineGeoworldInteractiveTravelPreviewTests.WorkspaceGroupSurfacesInteractiveTravelReadiness() in C:\Users\endim\LLMGameCreator\tests\LLMGameCreator.Tests\Application\OfflineGeoworldInteractiveTravelPreview\OfflineGeoworldInteractiveTravelPreviewTests.cs:line 111
--- End of stack trace from previous location ---
  Failed LLMGameCreator.Tests.Application.OfflineGeoworldInteractiveTravelPreview.OfflineGeoworldInteractiveTravelPreviewTests.ServiceBuildsInteractiveTravelPayloadAndEvidence [111 ms]
  Error Message:
   Assert.True() Failure
Expected: True
Actual:   False
  Stack Trace:
     at LLMGameCreator.Tests.Application.OfflineGeoworldInteractiveTravelPreview.OfflineGeoworldInteractiveTravelPreviewTests.ServiceBuildsInteractiveTravelPayloadAndEvidence() in C:\Users\endim\LLMGameCreator\tests\LLMGameCreator.Tests\Application\OfflineGeoworldInteractiveTravelPreview\OfflineGeoworldInteractiveTravelPreviewTests.cs:line 19
--- End of stack trace from previous location ---
  Passed LLMGameCreator.Tests.Application.OfflineGeoworldInteractiveTravelPreview.OfflineGeoworldInteractiveTravelPreviewTests.NegativeProofCoversRequiredInteractiveRisks [88 ms]
  Passed LLMGameCreator.Tests.Application.OfflineGeoworldInteractiveTravelPreview.OfflineGeoworldInteractiveTravelPreviewTests.SimulatedExecutionProofCoversMovementBoundaryAndPrefetch [82 ms]
Results File: C:\Users\endim\LLMGameCreator\.devflow\runs\goal150b-complete-suite-refined\trx\shard-0177.trx

Total tests: 4
     Passed: 2
     Failed: 2
 Total time: 2,7120 Seconds
