Test run for C:\Users\endim\LLMGameCreator\tests\LLMGameCreator.Tests\bin\Debug\net8.0-windows\LLMGameCreator.Tests.dll (.NETCoreApp,Version=v8.0)
A total of 1 test files matched the specified pattern.
C:\Users\endim\LLMGameCreator\tests\LLMGameCreator.Tests\bin\Debug\net8.0-windows\LLMGameCreator.Tests.dll
[xUnit.net 00:00:00.00] xUnit.net VSTest Adapter v2.8.2+699d445a1a (64-bit .NET 8.0.26)
[xUnit.net 00:00:00.18]   Discovering: LLMGameCreator.Tests
[xUnit.net 00:00:00.38]   Discovered:  LLMGameCreator.Tests
[xUnit.net 00:00:00.39]   Starting:    LLMGameCreator.Tests
[xUnit.net 00:00:00.71]       Assert.True() Failure
[xUnit.net 00:00:00.71]       Expected: True
[xUnit.net 00:00:00.71]       Actual:   False
[xUnit.net 00:00:00.71]       Stack Trace:
[xUnit.net 00:00:00.71]         C:\Users\endim\LLMGameCreator\tests\LLMGameCreator.Tests\Application\OfflineGeoworldInteractionPlayableProbe\OfflineGeoworldInteractionPlayableProbeTests.cs(19,0): at LLMGameCreator.Tests.Application.OfflineGeoworldInteractionPlayableProbe.OfflineGeoworldInteractionPlayableProbeTests.ServiceBuildsInteractionPayloadAndEvidence()
[xUnit.net 00:00:00.71]         --- End of stack trace from previous location ---
  Failed LLMGameCreator.Tests.Application.OfflineGeoworldInteractionPlayableProbe.OfflineGeoworldInteractionPlayableProbeTests.ServiceBuildsInteractionPayloadAndEvidence [275 ms]
  Error Message:
   Assert.True() Failure
Expected: True
Actual:   False
  Stack Trace:
     at LLMGameCreator.Tests.Application.OfflineGeoworldInteractionPlayableProbe.OfflineGeoworldInteractionPlayableProbeTests.ServiceBuildsInteractionPayloadAndEvidence() in C:\Users\endim\LLMGameCreator\tests\LLMGameCreator.Tests\Application\OfflineGeoworldInteractionPlayableProbe\OfflineGeoworldInteractionPlayableProbeTests.cs:line 19
--- End of stack trace from previous location ---
  Passed LLMGameCreator.Tests.Application.OfflineGeoworldInteractionPlayableProbe.OfflineGeoworldInteractionPlayableProbeTests.NegativeProofCoversRequiredInteractionRisks [57 ms]
  Passed LLMGameCreator.Tests.Application.OfflineGeoworldInteractionPlayableProbe.OfflineGeoworldInteractionPlayableProbeTests.SimulatedSessionProofCoversBindingAvailabilityAndStateHashChain [59 ms]
[xUnit.net 00:00:02.25]       Assert.True() Failure
[xUnit.net 00:00:02.25]       Expected: True
[xUnit.net 00:00:02.25]       Actual:   False
[xUnit.net 00:00:02.25]       Stack Trace:
[xUnit.net 00:00:02.25]         C:\Users\endim\LLMGameCreator\tests\LLMGameCreator.Tests\Application\OfflineGeoworldInteractionPlayableProbe\OfflineGeoworldInteractionPlayableProbeTests.cs(122,0): at LLMGameCreator.Tests.Application.OfflineGeoworldInteractionPlayableProbe.OfflineGeoworldInteractionPlayableProbeTests.WorkspaceGroupSurfacesInteractionReadiness()
[xUnit.net 00:00:02.25]         --- End of stack trace from previous location ---
[xUnit.net 00:00:02.25]   Finished:    LLMGameCreator.Tests
  Failed LLMGameCreator.Tests.Application.OfflineGeoworldInteractionPlayableProbe.OfflineGeoworldInteractionPlayableProbeTests.WorkspaceGroupSurfacesInteractionReadiness [1 s]
  Error Message:
   Assert.True() Failure
Expected: True
Actual:   False
  Stack Trace:
     at LLMGameCreator.Tests.Application.OfflineGeoworldInteractionPlayableProbe.OfflineGeoworldInteractionPlayableProbeTests.WorkspaceGroupSurfacesInteractionReadiness() in C:\Users\endim\LLMGameCreator\tests\LLMGameCreator.Tests\Application\OfflineGeoworldInteractionPlayableProbe\OfflineGeoworldInteractionPlayableProbeTests.cs:line 122
--- End of stack trace from previous location ---
Results File: C:\Users\endim\LLMGameCreator\.devflow\runs\goal150b-complete-suite-refined\trx\shard-0176.trx

Total tests: 4
     Passed: 2
     Failed: 2
 Total time: 2,6684 Seconds
