Test run for C:\Users\endim\LLMGameCreator\tests\LLMGameCreator.Tests\bin\Debug\net8.0-windows\LLMGameCreator.Tests.dll (.NETCoreApp,Version=v8.0)
A total of 1 test files matched the specified pattern.
C:\Users\endim\LLMGameCreator\tests\LLMGameCreator.Tests\bin\Debug\net8.0-windows\LLMGameCreator.Tests.dll
[xUnit.net 00:00:00.00] xUnit.net VSTest Adapter v2.8.2+699d445a1a (64-bit .NET 8.0.26)
[xUnit.net 00:00:00.15]   Discovering: LLMGameCreator.Tests
[xUnit.net 00:00:00.35]   Discovered:  LLMGameCreator.Tests
[xUnit.net 00:00:00.36]   Starting:    LLMGameCreator.Tests
[xUnit.net 00:00:00.55]       Assert.Contains() Failure: Sub-string not found
[xUnit.net 00:00:00.55]       String:    "# CONTEXT_INDEX.md\r\n\r\nPurpose: reduce rep"···
[xUnit.net 00:00:00.55]       Not found: "goal150b_independent_audit_then_bundled_h"···
[xUnit.net 00:00:00.55]       Stack Trace:
[xUnit.net 00:00:00.55]         C:\Users\endim\LLMGameCreator\tests\LLMGameCreator.Tests\Application\GameProfiles\GeneratedGameProfileContractAcceptanceTests.cs(247,0): at LLMGameCreator.Tests.Application.GameProfiles.GeneratedGameProfileContractAcceptanceTests.CurrentStateKeepsGoal021RecordAfterLaterGoalHandoff()
[xUnit.net 00:00:00.55]            at System.RuntimeMethodHandle.InvokeMethod(Object target, Void** arguments, Signature sig, Boolean isConstructor)
[xUnit.net 00:00:00.55]            at System.Reflection.MethodBaseInvoker.InvokeWithNoArgs(Object obj, BindingFlags invokeAttr)
  Passed LLMGameCreator.Tests.Application.GameProfiles.GeneratedGameProfileContractAcceptanceTests.MissingGoal020CompactEvidenceRejectsCausally [69 ms]
  Passed LLMGameCreator.Tests.Application.GameProfiles.GeneratedGameProfileContractAcceptanceTests.BuildsDeterministicArtifactsForThreeProfiles [25 ms]
  Passed LLMGameCreator.Tests.Application.GameProfiles.GeneratedGameProfileContractAcceptanceTests.InvalidFakeAndLeakMatrixRejectsCausally [4 ms]
  Passed LLMGameCreator.Tests.Application.GameProfiles.GeneratedGameProfileContractAcceptanceTests.ValidReportHasNoErrorDiagnosticsAndDependsOnGoal020Evidence [4 ms]
  Failed LLMGameCreator.Tests.Application.GameProfiles.GeneratedGameProfileContractAcceptanceTests.CurrentStateKeepsGoal021RecordAfterLaterGoalHandoff [34 ms]
  Error Message:
   Assert.Contains() Failure: Sub-string not found
String:    "# CONTEXT_INDEX.md\r\n\r\nPurpose: reduce rep"···
Not found: "goal150b_independent_audit_then_bundled_h"···
  Stack Trace:
     at LLMGameCreator.Tests.Application.GameProfiles.GeneratedGameProfileContractAcceptanceTests.CurrentStateKeepsGoal021RecordAfterLaterGoalHandoff() in C:\Users\endim\LLMGameCreator\tests\LLMGameCreator.Tests\Application\GameProfiles\GeneratedGameProfileContractAcceptanceTests.cs:line 247
   at System.RuntimeMethodHandle.InvokeMethod(Object target, Void** arguments, Signature sig, Boolean isConstructor)
   at System.Reflection.MethodBaseInvoker.InvokeWithNoArgs(Object obj, BindingFlags invokeAttr)
  Passed LLMGameCreator.Tests.Application.GameProfiles.GeneratedGameProfileContractAcceptanceTests.WrittenReportKeepsManualGateRequired [20 ms]
  Passed LLMGameCreator.Tests.Application.GameProfiles.GeneratedGameProfileContractAcceptanceTests.InvalidMatrixUsesSharedValidatorsForDuplicateAndFutureTopology [5 ms]
  Passed LLMGameCreator.Tests.Application.GameProfiles.GeneratedGameProfileContractAcceptanceTests.FutureRequiredCapabilitiesAreNotMarkedSupported [3 ms]
  Passed LLMGameCreator.Tests.Application.GameProfiles.GeneratedGameProfileContractAcceptanceTests.MissingPreviousGateOrCopiedReportRejects [3 ms]
[xUnit.net 00:00:00.66]   Finished:    LLMGameCreator.Tests
  Passed LLMGameCreator.Tests.Application.GameProfiles.GeneratedGameProfileContractAcceptanceTests.EmptyRequiredProfileFieldsRejectThroughValidation [71 ms]
  Passed LLMGameCreator.Tests.Application.GameProfiles.GeneratedGameProfileContractAcceptanceTests.MapsEachProfileToExactPipelineStagesAndCapabilities [2 ms]
Results File: C:\Users\endim\LLMGameCreator\.devflow\runs\goal150b-complete-suite-refined\trx\shard-0104.trx

Total tests: 11
     Passed: 10
     Failed: 1
 Total time: 1,0375 Seconds
