Test run for C:\Users\endim\LLMGameCreator\tests\LLMGameCreator.Tests\bin\Debug\net8.0-windows\LLMGameCreator.Tests.dll (.NETCoreApp,Version=v8.0)
A total of 1 test files matched the specified pattern.
C:\Users\endim\LLMGameCreator\tests\LLMGameCreator.Tests\bin\Debug\net8.0-windows\LLMGameCreator.Tests.dll
[xUnit.net 00:00:00.00] xUnit.net VSTest Adapter v2.8.2+699d445a1a (64-bit .NET 8.0.26)
[xUnit.net 00:00:00.15]   Discovering: LLMGameCreator.Tests
[xUnit.net 00:00:00.35]   Discovered:  LLMGameCreator.Tests
[xUnit.net 00:00:00.36]   Starting:    LLMGameCreator.Tests
[xUnit.net 00:00:00.68]       Assert.True() Failure
[xUnit.net 00:00:00.68]       Expected: True
[xUnit.net 00:00:00.68]       Actual:   False
[xUnit.net 00:00:00.68]       Stack Trace:
[xUnit.net 00:00:00.69]         C:\Users\endim\LLMGameCreator\tests\LLMGameCreator.Tests\ProductSmoke\OfflineGeoworldInteractiveTravelPreviewProductSmokeTests.cs(41,0): at LLMGameCreator.Tests.ProductSmoke.OfflineGeoworldInteractiveTravelPreviewProductSmokeTests.Goal104OfflineGeoworldInteractiveTravelPreviewProductSmoke()
[xUnit.net 00:00:00.69]         --- End of stack trace from previous location ---
[xUnit.net 00:00:00.69]   Finished:    LLMGameCreator.Tests
  Failed LLMGameCreator.Tests.ProductSmoke.OfflineGeoworldInteractiveTravelPreviewProductSmokeTests.Goal104OfflineGeoworldInteractiveTravelPreviewProductSmoke [272 ms]
  Error Message:
   Assert.True() Failure
Expected: True
Actual:   False
  Stack Trace:
     at LLMGameCreator.Tests.ProductSmoke.OfflineGeoworldInteractiveTravelPreviewProductSmokeTests.Goal104OfflineGeoworldInteractiveTravelPreviewProductSmoke() in C:\Users\endim\LLMGameCreator\tests\LLMGameCreator.Tests\ProductSmoke\OfflineGeoworldInteractiveTravelPreviewProductSmokeTests.cs:line 41
--- End of stack trace from previous location ---
Results File: C:\Users\endim\LLMGameCreator\.devflow\runs\goal150b-complete-suite-refined\trx\shard-0502.trx

Total tests: 1
     Failed: 1
 Total time: 1,1508 Seconds
