Test run for C:\Users\endim\LLMGameCreator\tests\LLMGameCreator.Tests\bin\Debug\net8.0-windows\LLMGameCreator.Tests.dll (.NETCoreApp,Version=v8.0)
A total of 1 test files matched the specified pattern.
C:\Users\endim\LLMGameCreator\tests\LLMGameCreator.Tests\bin\Debug\net8.0-windows\LLMGameCreator.Tests.dll
[xUnit.net 00:00:00.00] xUnit.net VSTest Adapter v2.8.2+699d445a1a (64-bit .NET 8.0.26)
[xUnit.net 00:00:00.15]   Discovering: LLMGameCreator.Tests
[xUnit.net 00:00:00.34]   Discovered:  LLMGameCreator.Tests
[xUnit.net 00:00:00.35]   Starting:    LLMGameCreator.Tests
[xUnit.net 00:00:00.95]   Finished:    LLMGameCreator.Tests
  Passed LLMGameCreator.Tests.Application.CapabilityBundlePipelineInputs.CapabilityBundlePipelineInputsAcceptanceTests.BuildsDeterministicArtifactsForThreeAcceptedProfiles [217 ms]
  Passed LLMGameCreator.Tests.Application.CapabilityBundlePipelineInputs.CapabilityBundlePipelineInputsAcceptanceTests.InvalidFakeLeakMatrixRejectsRequiredScenarios [44 ms]
  Passed LLMGameCreator.Tests.Application.CapabilityBundlePipelineInputs.CapabilityBundlePipelineInputsAcceptanceTests.ProfileToSelectorRequestsIncludeConcreteVariantIds [42 ms]
  Passed LLMGameCreator.Tests.Application.CapabilityBundlePipelineInputs.CapabilityBundlePipelineInputsAcceptanceTests.CurrentStateKeepsGoal023RecordAfterLaterGoalHandoff [15 ms]
  Passed LLMGameCreator.Tests.Application.CapabilityBundlePipelineInputs.CapabilityBundlePipelineInputsAcceptanceTests.GeneratorInputsContainContractsValidatorsRuntimeTargetsOrExplicitGaps [41 ms]
  Passed LLMGameCreator.Tests.Application.CapabilityBundlePipelineInputs.CapabilityBundlePipelineInputsAcceptanceTests.FutureCapabilitiesRemainFutureRequiredAndAtlasIncompatibilitiesAreExplicit [40 ms]
  Passed LLMGameCreator.Tests.Application.CapabilityBundlePipelineInputs.CapabilityBundlePipelineInputsAcceptanceTests.ReportKeepsPlanningBoundaryAndNoTopLevelErrors [39 ms]
  Passed LLMGameCreator.Tests.Application.CapabilityBundlePipelineInputs.CapabilityBundlePipelineInputsAcceptanceTests.WrittenReportRoundTripsManualGate [63 ms]
  Passed LLMGameCreator.Tests.Application.CapabilityBundlePipelineInputs.CapabilityBundlePipelineInputsAcceptanceTests.MissingPreviousGateOrCopiedSelectionRejects [58 ms]
Results File: C:\Users\endim\LLMGameCreator\.devflow\runs\goal150b-complete-suite-refined\trx\shard-0026.trx

Test Run Successful.
Total tests: 9
     Passed: 9
 Total time: 1,3656 Seconds
