Test run for C:\Users\endim\LLMGameCreator\tests\LLMGameCreator.Tests\bin\Debug\net8.0-windows\LLMGameCreator.Tests.dll (.NETCoreApp,Version=v8.0)
A total of 1 test files matched the specified pattern.
C:\Users\endim\LLMGameCreator\tests\LLMGameCreator.Tests\bin\Debug\net8.0-windows\LLMGameCreator.Tests.dll
[xUnit.net 00:00:00.00] xUnit.net VSTest Adapter v2.8.2+699d445a1a (64-bit .NET 8.0.26)
[xUnit.net 00:00:00.15]   Discovering: LLMGameCreator.Tests
[xUnit.net 00:00:00.37]   Discovered:  LLMGameCreator.Tests
[xUnit.net 00:00:00.38]   Starting:    LLMGameCreator.Tests
[xUnit.net 00:00:00.78]   Finished:    LLMGameCreator.Tests
  Passed LLMGameCreator.Tests.Application.FullCampaignPlayableReviewPackageRc.FullCampaignPlayableReviewPackageRcTests.ScriptManifestValidatesReviewPackageLocalScripts [135 ms]
  Passed LLMGameCreator.Tests.Application.FullCampaignPlayableReviewPackageRc.FullCampaignPlayableReviewPackageRcTests.BuildCreatesReviewPackageManifestAndInventoryForNineRows [15 ms]
  Passed LLMGameCreator.Tests.Application.FullCampaignPlayableReviewPackageRc.FullCampaignPlayableReviewPackageRcTests.SaveLoadReplayAuditIsBoundToPackageRowsAndHashes [21 ms]
  Passed LLMGameCreator.Tests.Application.FullCampaignPlayableReviewPackageRc.FullCampaignPlayableReviewPackageRcTests.InvalidMatrixCoversRequiredFakeLeakCases [15 ms]
  Passed LLMGameCreator.Tests.Application.FullCampaignPlayableReviewPackageRc.FullCampaignPlayableReviewPackageRcTests.WriteAsyncEmitsRequiredArtifactsAndReviewPackageFiles [120 ms]
  Passed LLMGameCreator.Tests.Application.FullCampaignPlayableReviewPackageRc.FullCampaignPlayableReviewPackageRcTests.PackageRowSelectionMatrixTiesRowsToPackageHashesAndMediaBindings [16 ms]
  Passed LLMGameCreator.Tests.Application.FullCampaignPlayableReviewPackageRc.FullCampaignPlayableReviewPackageRcTests.SourceLoaderConsumesGoal060PackagesAndMediaProofChain [12 ms]
  Passed LLMGameCreator.Tests.Application.FullCampaignPlayableReviewPackageRc.FullCampaignPlayableReviewPackageRcTests.UnityCommandPlanRequiresReviewPackageRcMarkersForEveryPackageRow [15 ms]
Results File: C:\Users\endim\LLMGameCreator\.devflow\runs\goal150b-complete-suite-refined\trx\shard-0083.trx

Test Run Successful.
Total tests: 8
     Passed: 8
 Total time: 1,2218 Seconds
