Test run for C:\Users\endim\LLMGameCreator\tests\LLMGameCreator.Tests\bin\Debug\net8.0-windows\LLMGameCreator.Tests.dll (.NETCoreApp,Version=v8.0)
A total of 1 test files matched the specified pattern.
C:\Users\endim\LLMGameCreator\tests\LLMGameCreator.Tests\bin\Debug\net8.0-windows\LLMGameCreator.Tests.dll
[xUnit.net 00:00:00.00] xUnit.net VSTest Adapter v2.8.2+699d445a1a (64-bit .NET 8.0.26)
[xUnit.net 00:00:00.14]   Discovering: LLMGameCreator.Tests
[xUnit.net 00:00:00.34]   Discovered:  LLMGameCreator.Tests
[xUnit.net 00:00:00.35]   Starting:    LLMGameCreator.Tests
[xUnit.net 00:00:00.46]       Assert.Equal() Failure: Strings differ
[xUnit.net 00:00:00.46]                  ↓ (pos 0)
[xUnit.net 00:00:00.46]       Expected: "GREEN"
[xUnit.net 00:00:00.46]       Actual:   "BLOCKED"
[xUnit.net 00:00:00.46]                  ↑ (pos 0)
[xUnit.net 00:00:00.46]       Stack Trace:
[xUnit.net 00:00:00.46]         C:\Users\endim\LLMGameCreator\tests\LLMGameCreator.Tests\Application\AcceptedAlphaUnityPlayableProjection\ProductLineStrategyRebaselineServiceTests.cs(16,0): at LLMGameCreator.Tests.Application.AcceptedAlphaUnityPlayableProjection.ProductLineStrategyRebaselineServiceTests.Goal133AProductLineStrategyRebaselineWritesGreenEvidence()
[xUnit.net 00:00:00.46]         --- End of stack trace from previous location ---
[xUnit.net 00:00:00.47]   Finished:    LLMGameCreator.Tests
  Failed LLMGameCreator.Tests.Application.AcceptedAlphaUnityPlayableProjection.ProductLineStrategyRebaselineServiceTests.Goal133AProductLineStrategyRebaselineWritesGreenEvidence [72 ms]
  Error Message:
   Assert.Equal() Failure: Strings differ
           ↓ (pos 0)
Expected: "GREEN"
Actual:   "BLOCKED"
           ↑ (pos 0)
  Stack Trace:
     at LLMGameCreator.Tests.Application.AcceptedAlphaUnityPlayableProjection.ProductLineStrategyRebaselineServiceTests.Goal133AProductLineStrategyRebaselineWritesGreenEvidence() in C:\Users\endim\LLMGameCreator\tests\LLMGameCreator.Tests\Application\AcceptedAlphaUnityPlayableProjection\ProductLineStrategyRebaselineServiceTests.cs:line 16
--- End of stack trace from previous location ---
Results File: C:\Users\endim\LLMGameCreator\.devflow\runs\goal150b-complete-suite-refined\trx\shard-0012.trx

Total tests: 1
     Failed: 1
 Total time: 0,9107 Seconds
