Test run for C:\Users\endim\LLMGameCreator\tests\LLMGameCreator.Tests\bin\Debug\net8.0-windows\LLMGameCreator.Tests.dll (.NETCoreApp,Version=v8.0)
A total of 1 test files matched the specified pattern.
C:\Users\endim\LLMGameCreator\tests\LLMGameCreator.Tests\bin\Debug\net8.0-windows\LLMGameCreator.Tests.dll
[xUnit.net 00:00:00.00] xUnit.net VSTest Adapter v2.8.2+699d445a1a (64-bit .NET 8.0.26)
[xUnit.net 00:00:00.15]   Discovering: LLMGameCreator.Tests
[xUnit.net 00:00:00.35]   Discovered:  LLMGameCreator.Tests
[xUnit.net 00:00:00.36]   Starting:    LLMGameCreator.Tests
[xUnit.net 00:00:01.97]       Assert.True() Failure
[xUnit.net 00:00:01.97]       Expected: True
[xUnit.net 00:00:01.97]       Actual:   False
[xUnit.net 00:00:01.97]       Stack Trace:
[xUnit.net 00:00:01.97]         C:\Users\endim\LLMGameCreator\tests\LLMGameCreator.Tests\ProductSmoke\OfflineGeoworldVisualCacheUnityHandoffProductSmokeTests.cs(109,0): at LLMGameCreator.Tests.ProductSmoke.OfflineGeoworldVisualCacheUnityHandoffProductSmokeTests.Goal100OfflineGeoworldVisualCacheUnityHandoffProductSmoke()
[xUnit.net 00:00:01.97]         --- End of stack trace from previous location ---
[xUnit.net 00:00:01.97]   Finished:    LLMGameCreator.Tests
  Failed LLMGameCreator.Tests.ProductSmoke.OfflineGeoworldVisualCacheUnityHandoffProductSmokeTests.Goal100OfflineGeoworldVisualCacheUnityHandoffProductSmoke [1 s]
  Error Message:
   Assert.True() Failure
Expected: True
Actual:   False
  Stack Trace:
     at LLMGameCreator.Tests.ProductSmoke.OfflineGeoworldVisualCacheUnityHandoffProductSmokeTests.Goal100OfflineGeoworldVisualCacheUnityHandoffProductSmoke() in C:\Users\endim\LLMGameCreator\tests\LLMGameCreator.Tests\ProductSmoke\OfflineGeoworldVisualCacheUnityHandoffProductSmokeTests.cs:line 109
--- End of stack trace from previous location ---
Results File: C:\Users\endim\LLMGameCreator\.devflow\runs\goal150b-complete-suite-refined\trx\shard-0508.trx

Total tests: 1
     Failed: 1
 Total time: 2,4197 Seconds
