Test run for C:\Users\endim\LLMGameCreator\tests\LLMGameCreator.Tests\bin\Debug\net8.0-windows\LLMGameCreator.Tests.dll (.NETCoreApp,Version=v8.0)
A total of 1 test files matched the specified pattern.
C:\Users\endim\LLMGameCreator\tests\LLMGameCreator.Tests\bin\Debug\net8.0-windows\LLMGameCreator.Tests.dll
[xUnit.net 00:00:00.00] xUnit.net VSTest Adapter v2.8.2+699d445a1a (64-bit .NET 8.0.26)
[xUnit.net 00:00:00.15]   Discovering: LLMGameCreator.Tests
[xUnit.net 00:00:00.33]   Discovered:  LLMGameCreator.Tests
[xUnit.net 00:00:00.34]   Starting:    LLMGameCreator.Tests
[xUnit.net 00:00:00.63]       Assert.Equal() Failure: Strings differ
[xUnit.net 00:00:00.63]                  ↓ (pos 0)
[xUnit.net 00:00:00.63]       Expected: "GREEN"
[xUnit.net 00:00:00.63]       Actual:   "FAILED"
[xUnit.net 00:00:00.63]                  ↑ (pos 0)
[xUnit.net 00:00:00.63]       Stack Trace:
[xUnit.net 00:00:00.63]         C:\Users\endim\LLMGameCreator\tests\LLMGameCreator.Tests\Application\OfflineGeoworldAlphaSliceExportPackage\OfflineGeoworldAlphaSliceExportPackageTests.cs(17,0): at LLMGameCreator.Tests.Application.OfflineGeoworldAlphaSliceExportPackage.OfflineGeoworldAlphaSliceExportPackageTests.BuildAndWriteCreatesPortablePackageEvidenceAndWorkspaceGroup()
[xUnit.net 00:00:00.63]         --- End of stack trace from previous location ---
[xUnit.net 00:00:00.75]   Finished:    LLMGameCreator.Tests
  Passed LLMGameCreator.Tests.Application.OfflineGeoworldAlphaSliceExportPackage.OfflineGeoworldAlphaSliceExportPackageTests.NegativeProofCoversRequiredPackageFailureClasses [121 ms]
  Failed LLMGameCreator.Tests.Application.OfflineGeoworldAlphaSliceExportPackage.OfflineGeoworldAlphaSliceExportPackageTests.BuildAndWriteCreatesPortablePackageEvidenceAndWorkspaceGroup [121 ms]
  Error Message:
   Assert.Equal() Failure: Strings differ
           ↓ (pos 0)
Expected: "GREEN"
Actual:   "FAILED"
           ↑ (pos 0)
  Stack Trace:
     at LLMGameCreator.Tests.Application.OfflineGeoworldAlphaSliceExportPackage.OfflineGeoworldAlphaSliceExportPackageTests.BuildAndWriteCreatesPortablePackageEvidenceAndWorkspaceGroup() in C:\Users\endim\LLMGameCreator\tests\LLMGameCreator.Tests\Application\OfflineGeoworldAlphaSliceExportPackage\OfflineGeoworldAlphaSliceExportPackageTests.cs:line 17
--- End of stack trace from previous location ---
  Passed LLMGameCreator.Tests.Application.OfflineGeoworldAlphaSliceExportPackage.OfflineGeoworldAlphaSliceExportPackageTests.CleanImportVerifierRejectsTamperedAndMissingPackageFiles [116 ms]
Results File: C:\Users\endim\LLMGameCreator\.devflow\runs\goal150b-complete-suite-refined\trx\shard-0173.trx

Total tests: 3
     Passed: 2
     Failed: 1
 Total time: 1,1498 Seconds
