Test run for C:\Users\endim\LLMGameCreator\tests\LLMGameCreator.Tests\bin\Debug\net8.0-windows\LLMGameCreator.Tests.dll (.NETCoreApp,Version=v8.0)
A total of 1 test files matched the specified pattern.
C:\Users\endim\LLMGameCreator\tests\LLMGameCreator.Tests\bin\Debug\net8.0-windows\LLMGameCreator.Tests.dll
[xUnit.net 00:00:00.00] xUnit.net VSTest Adapter v2.8.2+699d445a1a (64-bit .NET 8.0.26)
[xUnit.net 00:00:00.14]   Discovering: LLMGameCreator.Tests
[xUnit.net 00:00:00.33]   Discovered:  LLMGameCreator.Tests
[xUnit.net 00:00:00.34]   Starting:    LLMGameCreator.Tests
  Passed LLMGameCreator.Tests.Design.GeneratorPlanStrictJsonResponseParserTests.Fixture_TextBeforeJson_ReturnsJsonTextWrapper [5 ms]
  Passed LLMGameCreator.Tests.Design.GeneratorPlanStrictJsonResponseParserTests.Fixture_BrokenTrailingComma_ReturnsJsonInvalid [3 ms]
  Passed LLMGameCreator.Tests.Design.GeneratorPlanStrictJsonResponseParserTests.Fixture_InvalidEscape_ReturnsJsonInvalid [< 1 ms]
  Passed LLMGameCreator.Tests.Design.GeneratorPlanStrictJsonResponseParserTests.RejectsMarkdownFence [< 1 ms]
  Passed LLMGameCreator.Tests.Design.GeneratorPlanStrictJsonResponseParserTests.RejectsTextBeforeOrAfterJson [< 1 ms]
  Passed LLMGameCreator.Tests.Design.GeneratorPlanStrictJsonResponseParserTests.Diagnostic_PreservesContractId [< 1 ms]
  Passed LLMGameCreator.Tests.Design.GeneratorPlanStrictJsonResponseParserTests.RejectsInvalidJson [< 1 ms]
  Passed LLMGameCreator.Tests.Design.GeneratorPlanStrictJsonResponseParserTests.Fixture_ValidMinimalJsonObject_ReturnsOk [< 1 ms]
  Passed LLMGameCreator.Tests.Design.GeneratorPlanStrictJsonResponseParserTests.RejectsJsonArrayRoot [< 1 ms]
[xUnit.net 00:00:00.40]   Finished:    LLMGameCreator.Tests
  Passed LLMGameCreator.Tests.Design.GeneratorPlanStrictJsonResponseParserTests.Fixture_TwoJsonObjects_ReturnsDeterministicError [< 1 ms]
  Passed LLMGameCreator.Tests.Design.GeneratorPlanStrictJsonResponseParserTests.Fixture_TextAfterJson_ReturnsJsonTextWrapper [< 1 ms]
  Passed LLMGameCreator.Tests.Design.GeneratorPlanStrictJsonResponseParserTests.Fixture_EmptyResponse_ReturnsJsonInvalid [< 1 ms]
  Passed LLMGameCreator.Tests.Design.GeneratorPlanStrictJsonResponseParserTests.Fixture_JsonArrayRoot_ReturnsJsonRootNotObject [< 1 ms]
  Passed LLMGameCreator.Tests.Design.GeneratorPlanStrictJsonResponseParserTests.Fixture_MarkdownFencedJson_ReturnsJsonMarkdownFence [< 1 ms]
  Passed LLMGameCreator.Tests.Design.GeneratorPlanStrictJsonResponseParserTests.AcceptsSingleJsonObject [< 1 ms]
Results File: C:\Users\endim\LLMGameCreator\.devflow\runs\goal150b-complete-suite-refined\trx\shard-0377.trx

Test Run Successful.
Total tests: 15
     Passed: 15
 Total time: 0,7730 Seconds
