Test run for C:\Users\endim\LLMGameCreator\tests\LLMGameCreator.Tests\bin\Debug\net8.0-windows\LLMGameCreator.Tests.dll (.NETCoreApp,Version=v8.0)
A total of 1 test files matched the specified pattern.
C:\Users\endim\LLMGameCreator\tests\LLMGameCreator.Tests\bin\Debug\net8.0-windows\LLMGameCreator.Tests.dll
[xUnit.net 00:00:00.00] xUnit.net VSTest Adapter v2.8.2+699d445a1a (64-bit .NET 8.0.26)
[xUnit.net 00:00:00.14]   Discovering: LLMGameCreator.Tests
[xUnit.net 00:00:00.33]   Discovered:  LLMGameCreator.Tests
[xUnit.net 00:00:00.34]   Starting:    LLMGameCreator.Tests
  Passed LLMGameCreator.Tests.Design.GeneratorPlanStrictLlmArtifactRepairPromptBuilderTests.BuildRepairPromptIncludesRepairGuidance [37 ms]
  Passed LLMGameCreator.Tests.Design.GeneratorPlanStrictLlmArtifactRepairPromptBuilderTests.BuildRepairPromptForbidsMarkdownAndProse [< 1 ms]
  Passed LLMGameCreator.Tests.Design.GeneratorPlanStrictLlmArtifactRepairPromptBuilderTests.BuildRepairPromptThrowsOnNullOriginalPrompt [< 1 ms]
  Passed LLMGameCreator.Tests.Design.GeneratorPlanStrictLlmArtifactRepairPromptBuilderTests.BuildRepairPromptContainsContractId [1 ms]
  Passed LLMGameCreator.Tests.Design.GeneratorPlanStrictLlmArtifactRepairPromptBuilderTests.BuildRepairPromptThrowsOnNullDiagnostics [< 1 ms]
  Passed LLMGameCreator.Tests.Design.GeneratorPlanStrictLlmArtifactRepairPromptBuilderTests.BuildRepairPromptTruncatesOverlongInvalidResponse [363 ms]
  Passed LLMGameCreator.Tests.Design.GeneratorPlanStrictLlmArtifactRepairPromptBuilderTests.BuildRepairPromptPreservesContractIdAndDoesNotAskToRedesignSelectedVariants [< 1 ms]
  Passed LLMGameCreator.Tests.Design.GeneratorPlanStrictLlmArtifactRepairPromptBuilderTests.BuildRepairPromptIncludesRepairAttemptIndex [< 1 ms]
  Passed LLMGameCreator.Tests.Design.GeneratorPlanStrictLlmArtifactRepairPromptBuilderTests.BuildRepairPromptThrowsOnNullContract [< 1 ms]
[xUnit.net 00:00:00.81]   Finished:    LLMGameCreator.Tests
  Passed LLMGameCreator.Tests.Design.GeneratorPlanStrictLlmArtifactRepairPromptBuilderTests.BuildRepairPromptContainsExactOutputSchema [< 1 ms]
  Passed LLMGameCreator.Tests.Design.GeneratorPlanStrictLlmArtifactRepairPromptBuilderTests.BuildRepairPromptContainsSerializedDiagnostics [< 1 ms]
  Passed LLMGameCreator.Tests.Design.GeneratorPlanStrictLlmArtifactRepairPromptBuilderTests.BuildRepairPromptForbidsPackageMutation [< 1 ms]
Results File: C:\Users\endim\LLMGameCreator\.devflow\runs\goal150b-complete-suite-refined\trx\shard-0379.trx

Test Run Successful.
Total tests: 12
     Passed: 12
 Total time: 1,1852 Seconds
