Test run for C:\Users\endim\LLMGameCreator\tests\LLMGameCreator.Tests\bin\Debug\net8.0-windows\LLMGameCreator.Tests.dll (.NETCoreApp,Version=v8.0)
A total of 1 test files matched the specified pattern.
C:\Users\endim\LLMGameCreator\tests\LLMGameCreator.Tests\bin\Debug\net8.0-windows\LLMGameCreator.Tests.dll
[xUnit.net 00:00:00.00] xUnit.net VSTest Adapter v2.8.2+699d445a1a (64-bit .NET 8.0.26)
[xUnit.net 00:00:00.15]   Discovering: LLMGameCreator.Tests
[xUnit.net 00:00:00.35]   Discovered:  LLMGameCreator.Tests
[xUnit.net 00:00:00.36]   Starting:    LLMGameCreator.Tests
[xUnit.net 00:00:33.29]       Assert.Contains() Failure: Item not found in collection
[xUnit.net 00:00:33.29]       Collection: ["GREEN", "BLOCKED"]
[xUnit.net 00:00:33.29]       Not found:  "FAILED"
[xUnit.net 00:00:33.29]       Stack Trace:
[xUnit.net 00:00:33.29]         C:\Users\endim\LLMGameCreator\tests\LLMGameCreator.Tests\ProductSmoke\UnityAlphaMediaBoundPlayablePackageProductSmokeTests.cs(60,0): at LLMGameCreator.Tests.ProductSmoke.UnityAlphaMediaBoundPlayablePackageProductSmokeTests.UnityAlphaMediaBoundPlayablePackageProductSmoke()
[xUnit.net 00:00:33.29]         --- End of stack trace from previous location ---
[xUnit.net 00:00:33.30]   Finished:    LLMGameCreator.Tests
  Failed LLMGameCreator.Tests.ProductSmoke.UnityAlphaMediaBoundPlayablePackageProductSmokeTests.UnityAlphaMediaBoundPlayablePackageProductSmoke [32 s]
  Error Message:
   Assert.Contains() Failure: Item not found in collection
Collection: ["GREEN", "BLOCKED"]
Not found:  "FAILED"
  Stack Trace:
     at LLMGameCreator.Tests.ProductSmoke.UnityAlphaMediaBoundPlayablePackageProductSmokeTests.UnityAlphaMediaBoundPlayablePackageProductSmoke() in C:\Users\endim\LLMGameCreator\tests\LLMGameCreator.Tests\ProductSmoke\UnityAlphaMediaBoundPlayablePackageProductSmokeTests.cs:line 60
--- End of stack trace from previous location ---
Results File: C:\Users\endim\LLMGameCreator\.devflow\runs\goal150b-complete-suite-refined\trx\shard-0539.trx

Total tests: 1
     Failed: 1
 Total time: 33,6805 Seconds
