Test run for C:\Users\endim\LLMGameCreator\tests\LLMGameCreator.Tests\bin\Debug\net8.0-windows\LLMGameCreator.Tests.dll (.NETCoreApp,Version=v8.0)
A total of 1 test files matched the specified pattern.
C:\Users\endim\LLMGameCreator\tests\LLMGameCreator.Tests\bin\Debug\net8.0-windows\LLMGameCreator.Tests.dll
[xUnit.net 00:00:00.00] xUnit.net VSTest Adapter v2.8.2+699d445a1a (64-bit .NET 8.0.26)
[xUnit.net 00:00:00.16]   Discovering: LLMGameCreator.Tests
[xUnit.net 00:00:00.37]   Discovered:  LLMGameCreator.Tests
[xUnit.net 00:00:00.38]   Starting:    LLMGameCreator.Tests
  Passed LLMGameCreator.Tests.WinForms.UnityArchiveReviewPresenterTests.SelectedSnapshotDetailStillUpdatesAfterRefresh [167 ms]
  Passed LLMGameCreator.Tests.WinForms.UnityArchiveReviewPresenterTests.PresenterLoadsSelectedHistorySnapshotJson [7 ms]
  Passed LLMGameCreator.Tests.WinForms.UnityArchiveReviewPresenterTests.RunManualImportUsesExistingServiceAndRefreshesReports [151 ms]
  Passed LLMGameCreator.Tests.WinForms.UnityArchiveReviewPresenterTests.PresenterReportsIndividuallyMissingFiles [13 ms]
  Passed LLMGameCreator.Tests.WinForms.UnityArchiveReviewPresenterTests.PresenterReportsMissingArchive [< 1 ms]
  Passed LLMGameCreator.Tests.WinForms.UnityArchiveReviewPresenterTests.CompositionRootRegistersArchiveReviewPage [447 ms]
  Passed LLMGameCreator.Tests.WinForms.UnityArchiveReviewPresenterTests.UserControlCanBeConstructedWithoutRuntimeServices [4 ms]
  Passed LLMGameCreator.Tests.WinForms.UnityArchiveReviewPresenterTests.UnityArchiveReviewPresenterOpenManualImportFolderReturnsReadyStatus [3 ms]
  Passed LLMGameCreator.Tests.WinForms.UnityArchiveReviewPresenterTests.PageExposesManualImportControls [5 ms]
[xUnit.net 00:00:01.32]   Finished:    LLMGameCreator.Tests
  Passed LLMGameCreator.Tests.WinForms.UnityArchiveReviewPresenterTests.PresenterHandlesInvalidJsonWithoutThrowing [10 ms]
  Passed LLMGameCreator.Tests.WinForms.UnityArchiveReviewPresenterTests.SlotFilterShowsMissingAvailableInvalid [15 ms]
  Passed LLMGameCreator.Tests.WinForms.UnityArchiveReviewPresenterTests.RunManualImportMissingManifestReportsStatus [21 ms]
  Passed LLMGameCreator.Tests.WinForms.UnityArchiveReviewPresenterTests.PresenterReadsExistingReviewHistoryAndComparisonReports [7 ms]
  Passed LLMGameCreator.Tests.WinForms.UnityArchiveReviewPresenterTests.PresenterListsManualImportSlotsFromArchiveMetadata [11 ms]
  Passed LLMGameCreator.Tests.WinForms.UnityArchiveReviewPresenterTests.PresenterReportsMissingSlotMetadataWithoutThrowing [2 ms]
  Passed LLMGameCreator.Tests.WinForms.UnityArchiveReviewPresenterTests.PresenterDisplaysManualImportReportsWhenPresent [11 ms]
  Passed LLMGameCreator.Tests.WinForms.UnityArchiveReviewPresenterTests.PresenterReportsMissingSelectedHistorySnapshotWithoutThrowing [6 ms]
  Passed LLMGameCreator.Tests.WinForms.UnityArchiveReviewPresenterTests.PresenterInitializesWithoutProject [< 1 ms]
Results File: C:\Users\endim\LLMGameCreator\.devflow\runs\goal150b-complete-suite-refined\trx\shard-0605.trx

Test Run Successful.
Total tests: 18
     Passed: 18
 Total time: 1,7837 Seconds
