Test run for C:\Users\endim\LLMGameCreator\tests\LLMGameCreator.Tests\bin\Debug\net8.0-windows\LLMGameCreator.Tests.dll (.NETCoreApp,Version=v8.0)
A total of 1 test files matched the specified pattern.
C:\Users\endim\LLMGameCreator\tests\LLMGameCreator.Tests\bin\Debug\net8.0-windows\LLMGameCreator.Tests.dll
[xUnit.net 00:00:00.00] xUnit.net VSTest Adapter v2.8.2+699d445a1a (64-bit .NET 8.0.26)
[xUnit.net 00:00:00.15]   Discovering: LLMGameCreator.Tests
[xUnit.net 00:00:00.33]   Discovered:  LLMGameCreator.Tests
[xUnit.net 00:00:00.34]   Starting:    LLMGameCreator.Tests
  Passed LLMGameCreator.Tests.RuntimeGameplayTests.InitialState_OlderMinimalPackageCanInitialize [11 ms]
  Passed LLMGameCreator.Tests.RuntimeGameplayTests.InitialState_LoadsInventoriesResourcesAndDefaultPlayerInventory [4 ms]
  Passed LLMGameCreator.Tests.RuntimeGameplayTests.CostsAndOutputs_AreAppliedAndFailedCostsDoNotMutate [12 ms]
  Passed LLMGameCreator.Tests.RuntimeGameplayTests.ResourceNodeTick_ProducesConvertsClampsAndIncrementsTick [9 ms]
  Passed LLMGameCreator.Tests.RuntimeGameplayTests.RequirementEvaluator_PassesFailsAndUnknownKindFails [1 ms]
  Passed LLMGameCreator.Tests.RuntimeGameplayTests.Transaction_ConsumesCostsAndAppliesOutputsAtomically [1 ms]
  Passed LLMGameCreator.Tests.RuntimeGameplayTests.Dispatcher_RoutesCommandsAndUnknownCommandFailsCleanly [1 ms]
  Passed LLMGameCreator.Tests.RuntimeGameplayTests.Runtime_DoesNotMutateGamePackageDefinitions [77 ms]
  Passed LLMGameCreator.Tests.RuntimeGameplayTests.CraftRecipe_ConsumesInputsCostsAndAddsOutputsOrFailsWithoutMutation [< 1 ms]
[xUnit.net 00:00:00.51]   Finished:    LLMGameCreator.Tests
  Passed LLMGameCreator.Tests.RuntimeGameplayTests.LootRoll_IsDeterministicAndRespectsUniqueGlobalCount [2 ms]
Results File: C:\Users\endim\LLMGameCreator\.devflow\runs\goal150b-complete-suite-refined\trx\shard-0583.trx

Test Run Successful.
Total tests: 10
     Passed: 10
 Total time: 0,8866 Seconds
