Test run for C:\Users\endim\LLMGameCreator\tests\LLMGameCreator.Tests\bin\Debug\net8.0-windows\LLMGameCreator.Tests.dll (.NETCoreApp,Version=v8.0)
A total of 1 test files matched the specified pattern.
C:\Users\endim\LLMGameCreator\tests\LLMGameCreator.Tests\bin\Debug\net8.0-windows\LLMGameCreator.Tests.dll
[xUnit.net 00:00:00.00] xUnit.net VSTest Adapter v2.8.2+699d445a1a (64-bit .NET 8.0.26)
[xUnit.net 00:00:00.14]   Discovering: LLMGameCreator.Tests
[xUnit.net 00:00:00.33]   Discovered:  LLMGameCreator.Tests
[xUnit.net 00:00:00.34]   Starting:    LLMGameCreator.Tests
[xUnit.net 00:00:00.40]   Finished:    LLMGameCreator.Tests
  Passed LLMGameCreator.Tests.Application.GeneratorCatalogTests.PackageAssemblyAndActivationManifestsExistAndAreOfflineDeterministic [9 ms]
  Passed LLMGameCreator.Tests.Application.GeneratorCatalogTests.CatalogValidatorCatchesDuplicateIds [9 ms]
  Passed LLMGameCreator.Tests.Application.GeneratorCatalogTests.FutureImportedMapBlueprintReportsPlannedAndMissingSupportWithoutThrowing [6 ms]
  Passed LLMGameCreator.Tests.Application.GeneratorCatalogTests.CatalogValidatorCatchesUnknownCapabilityReferences [< 1 ms]
  Passed LLMGameCreator.Tests.Application.GeneratorCatalogTests.PlannedFutureGeneratorManifestsExist [< 1 ms]
  Passed LLMGameCreator.Tests.Application.GeneratorCatalogTests.CurrentStrictLlmGeneratorManifestsExistWithExpectedExecutionProfile [< 1 ms]
  Passed LLMGameCreator.Tests.Application.GeneratorCatalogTests.BaselineGeneratedRpgBlueprintResolvesCurrentGeneratorPlan [1 ms]
  Passed LLMGameCreator.Tests.Application.GeneratorCatalogTests.BuiltInGeneratorIdsAreUniqueAndCatalogHasNoErrors [3 ms]
Results File: C:\Users\endim\LLMGameCreator\.devflow\runs\goal150b-complete-suite-refined\trx\shard-0105.trx

Test Run Successful.
Total tests: 8
     Passed: 8
 Total time: 0,8204 Seconds
