Test run for C:\Users\endim\LLMGameCreator\tests\LLMGameCreator.Tests\bin\Debug\net8.0-windows\LLMGameCreator.Tests.dll (.NETCoreApp,Version=v8.0)
A total of 1 test files matched the specified pattern.
C:\Users\endim\LLMGameCreator\tests\LLMGameCreator.Tests\bin\Debug\net8.0-windows\LLMGameCreator.Tests.dll
[xUnit.net 00:00:00.00] xUnit.net VSTest Adapter v2.8.2+699d445a1a (64-bit .NET 8.0.26)
[xUnit.net 00:00:00.14]   Discovering: LLMGameCreator.Tests
[xUnit.net 00:00:00.32]   Discovered:  LLMGameCreator.Tests
[xUnit.net 00:00:00.33]   Starting:    LLMGameCreator.Tests
[xUnit.net 00:00:00.81]   Finished:    LLMGameCreator.Tests
  Passed LLMGameCreator.Tests.Design.AtlasRegistryPreviewArtifactServiceTests.CaptureAsyncDoesNotMapInfoDiagnosticsToValidationResults [124 ms]
  Passed LLMGameCreator.Tests.Design.AtlasRegistryPreviewArtifactServiceTests.CaptureAsyncWritesReportFilesWhenRequested [44 ms]
  Passed LLMGameCreator.Tests.Design.AtlasRegistryPreviewArtifactServiceTests.CaptureAsyncCanUseCustomArtifactIds [30 ms]
  Passed LLMGameCreator.Tests.Design.AtlasRegistryPreviewArtifactServiceTests.CaptureAsyncSavesPreviewAndMarkdownArtifacts [32 ms]
  Passed LLMGameCreator.Tests.Design.AtlasRegistryPreviewArtifactServiceTests.CaptureAsyncSavesInvalidStateWhenAtlasHasErrors [49 ms]
  Passed LLMGameCreator.Tests.Design.AtlasRegistryPreviewArtifactServiceTests.CaptureAsyncSkipsMarkdownArtifactWhenMarkdownRenderingIsDisabled [32 ms]
  Passed LLMGameCreator.Tests.Design.AtlasRegistryPreviewArtifactServiceTests.CaptureAsyncIsIdempotentForSameArtifactIds [56 ms]
  Passed LLMGameCreator.Tests.Design.AtlasRegistryPreviewArtifactServiceTests.CaptureAsyncDoesNotWriteReportFilesUnlessRequested [27 ms]
  Passed LLMGameCreator.Tests.Design.AtlasRegistryPreviewArtifactServiceTests.CaptureAsyncMapsAtlasDiagnosticsToValidationResults [33 ms]
Results File: C:\Users\endim\LLMGameCreator\.devflow\runs\goal150b-complete-suite-refined\trx\shard-0356.trx

Test Run Successful.
Total tests: 9
     Passed: 9
 Total time: 1,2158 Seconds
