Test run for C:\Users\endim\LLMGameCreator\tests\LLMGameCreator.Tests\bin\Debug\net8.0-windows\LLMGameCreator.Tests.dll (.NETCoreApp,Version=v8.0)
A total of 1 test files matched the specified pattern.
C:\Users\endim\LLMGameCreator\tests\LLMGameCreator.Tests\bin\Debug\net8.0-windows\LLMGameCreator.Tests.dll
[xUnit.net 00:00:00.00] xUnit.net VSTest Adapter v2.8.2+699d445a1a (64-bit .NET 8.0.26)
[xUnit.net 00:00:00.14]   Discovering: LLMGameCreator.Tests
[xUnit.net 00:00:00.32]   Discovered:  LLMGameCreator.Tests
[xUnit.net 00:00:00.33]   Starting:    LLMGameCreator.Tests
  Passed LLMGameCreator.Tests.Scripting.PrototypeLuaExecutorTests.ExecutesMultipleDeclarationsInDeterministicOrder [50 ms]
  Passed LLMGameCreator.Tests.Scripting.PrototypeLuaExecutorTests.DoesNotExposeDirectHostObjectAccess [2 ms]
  Passed LLMGameCreator.Tests.Scripting.PrototypeLuaExecutorTests.ForbiddenGlobalsAreNotAvailable(source: "return os") [< 1 ms]
  Passed LLMGameCreator.Tests.Scripting.PrototypeLuaExecutorTests.ForbiddenGlobalsAreNotAvailable(source: "return io") [< 1 ms]
  Passed LLMGameCreator.Tests.Scripting.PrototypeLuaExecutorTests.ForbiddenGlobalsAreNotAvailable(source: "return debug") [< 1 ms]
  Passed LLMGameCreator.Tests.Scripting.PrototypeLuaExecutorTests.ForbiddenGlobalsAreNotAvailable(source: "require('x')") [< 1 ms]
  Passed LLMGameCreator.Tests.Scripting.PrototypeLuaExecutorTests.ReturnsDiagnosticsOnSyntaxError [2 ms]
  Passed LLMGameCreator.Tests.Scripting.PrototypeLuaExecutorTests.ExecutesValidTileDeclaration [1 ms]
  Passed LLMGameCreator.Tests.Scripting.PrototypeLuaExecutorTests.EnforcesMaxDeclarations [2 ms]
[xUnit.net 00:00:00.45]   Finished:    LLMGameCreator.Tests
  Passed LLMGameCreator.Tests.Scripting.PrototypeLuaExecutorTests.RejectsUnknownDeclarationType [1 ms]
Results File: C:\Users\endim\LLMGameCreator\.devflow\runs\goal150b-complete-suite-refined\trx\shard-0589.trx

Test Run Successful.
Total tests: 10
     Passed: 10
 Total time: 0,8239 Seconds
