Test run for C:\Users\endim\LLMGameCreator\tests\LLMGameCreator.Tests\bin\Debug\net8.0-windows\LLMGameCreator.Tests.dll (.NETCoreApp,Version=v8.0)
A total of 1 test files matched the specified pattern.
C:\Users\endim\LLMGameCreator\tests\LLMGameCreator.Tests\bin\Debug\net8.0-windows\LLMGameCreator.Tests.dll
[xUnit.net 00:00:00.00] xUnit.net VSTest Adapter v2.8.2+699d445a1a (64-bit .NET 8.0.26)
[xUnit.net 00:00:00.20]   Discovering: LLMGameCreator.Tests
[xUnit.net 00:00:00.46]   Discovered:  LLMGameCreator.Tests
[xUnit.net 00:00:00.47]   Starting:    LLMGameCreator.Tests
[xUnit.net 00:00:00.78]       Assert.True() Failure
[xUnit.net 00:00:00.78]       Expected: True
[xUnit.net 00:00:00.78]       Actual:   False
[xUnit.net 00:00:00.78]       Stack Trace:
[xUnit.net 00:00:00.78]         C:\Users\endim\LLMGameCreator\tests\LLMGameCreator.Tests\Application\OfflineGeoworldSessionPersistenceReplay\OfflineGeoworldSessionPersistenceReplayTests.cs(19,0): at LLMGameCreator.Tests.Application.OfflineGeoworldSessionPersistenceReplay.OfflineGeoworldSessionPersistenceReplayTests.ServiceBuildsSessionPayloadAndEvidence()
[xUnit.net 00:00:00.78]         --- End of stack trace from previous location ---
  Failed LLMGameCreator.Tests.Application.OfflineGeoworldSessionPersistenceReplay.OfflineGeoworldSessionPersistenceReplayTests.ServiceBuildsSessionPayloadAndEvidence [256 ms]
  Error Message:
   Assert.True() Failure
Expected: True
Actual:   False
  Stack Trace:
     at LLMGameCreator.Tests.Application.OfflineGeoworldSessionPersistenceReplay.OfflineGeoworldSessionPersistenceReplayTests.ServiceBuildsSessionPayloadAndEvidence() in C:\Users\endim\LLMGameCreator\tests\LLMGameCreator.Tests\Application\OfflineGeoworldSessionPersistenceReplay\OfflineGeoworldSessionPersistenceReplayTests.cs:line 19
--- End of stack trace from previous location ---
[xUnit.net 00:00:02.17]       Assert.True() Failure
[xUnit.net 00:00:02.17]       Expected: True
[xUnit.net 00:00:02.17]       Actual:   False
[xUnit.net 00:00:02.17]       Stack Trace:
[xUnit.net 00:00:02.17]         C:\Users\endim\LLMGameCreator\tests\LLMGameCreator.Tests\Application\OfflineGeoworldSessionPersistenceReplay\OfflineGeoworldSessionPersistenceReplayTests.cs(106,0): at LLMGameCreator.Tests.Application.OfflineGeoworldSessionPersistenceReplay.OfflineGeoworldSessionPersistenceReplayTests.WorkspaceGroupSurfacesSessionReplayReadiness()
[xUnit.net 00:00:02.17]         --- End of stack trace from previous location ---
[xUnit.net 00:00:02.37]   Finished:    LLMGameCreator.Tests
  Failed LLMGameCreator.Tests.Application.OfflineGeoworldSessionPersistenceReplay.OfflineGeoworldSessionPersistenceReplayTests.WorkspaceGroupSurfacesSessionReplayReadiness [1 s]
  Error Message:
   Assert.True() Failure
Expected: True
Actual:   False
  Stack Trace:
     at LLMGameCreator.Tests.Application.OfflineGeoworldSessionPersistenceReplay.OfflineGeoworldSessionPersistenceReplayTests.WorkspaceGroupSurfacesSessionReplayReadiness() in C:\Users\endim\LLMGameCreator\tests\LLMGameCreator.Tests\Application\OfflineGeoworldSessionPersistenceReplay\OfflineGeoworldSessionPersistenceReplayTests.cs:line 106
--- End of stack trace from previous location ---
  Passed LLMGameCreator.Tests.Application.OfflineGeoworldSessionPersistenceReplay.OfflineGeoworldSessionPersistenceReplayTests.NegativeProofCoversRequiredSessionRisks [91 ms]
  Passed LLMGameCreator.Tests.Application.OfflineGeoworldSessionPersistenceReplay.OfflineGeoworldSessionPersistenceReplayTests.SimulatedReplayProofCoversCheckpointResumeAndRejection [94 ms]
Results File: C:\Users\endim\LLMGameCreator\.devflow\runs\goal150b-complete-suite-refined\trx\shard-0179.trx

Total tests: 4
     Passed: 2
     Failed: 2
 Total time: 2,8936 Seconds
