Test run for C:\Users\endim\LLMGameCreator\tests\LLMGameCreator.Tests\bin\Debug\net8.0-windows\LLMGameCreator.Tests.dll (.NETCoreApp,Version=v8.0)
A total of 1 test files matched the specified pattern.
C:\Users\endim\LLMGameCreator\tests\LLMGameCreator.Tests\bin\Debug\net8.0-windows\LLMGameCreator.Tests.dll
[xUnit.net 00:00:00.00] xUnit.net VSTest Adapter v2.8.2+699d445a1a (64-bit .NET 8.0.26)
[xUnit.net 00:00:00.14]   Discovering: LLMGameCreator.Tests
[xUnit.net 00:00:00.32]   Discovered:  LLMGameCreator.Tests
[xUnit.net 00:00:00.34]   Starting:    LLMGameCreator.Tests
  Passed LLMGameCreator.Tests.Design.GamePackagePatchServiceTests.ApplySavesPackageOnlyWhenDryRunAndPostValidationPass [165 ms]
  Passed LLMGameCreator.Tests.Design.GamePackagePatchServiceTests.DryRunRejectsMapStartPositionOutsideBounds [1 ms]
  Passed LLMGameCreator.Tests.Design.GamePackagePatchServiceTests.CreatePatchArtifactFromPreviewRejectsPreviewWithoutPackageOperations [2 ms]
  Passed LLMGameCreator.Tests.Design.GamePackagePatchServiceTests.DryRunAddRecipeProducesReadableDiffAndDoesNotMutateCurrentPackage [18 ms]
  Passed LLMGameCreator.Tests.Design.GamePackagePatchServiceTests.CreatePatchArtifactFromPreviewExtractsExplicitPackageOperations [15 ms]
  Passed LLMGameCreator.Tests.Design.GamePackagePatchServiceTests.DryRunUpdateTilePrototypeProducesUpdateDiffAndDoesNotMutateCurrentPackage [< 1 ms]
  Passed LLMGameCreator.Tests.Design.GamePackagePatchServiceTests.ApplyCreatesRollbackSnapshotBeforeSave [5 ms]
  Passed LLMGameCreator.Tests.Design.GamePackagePatchServiceTests.DryRunAddTilePrototypeProducesAddDiffAndDoesNotMutateCurrentPackage [1 ms]
  Passed LLMGameCreator.Tests.Design.GamePackagePatchServiceTests.CreatePatchArtifactFromPreviewRejectsNonPreviewArtifact [< 1 ms]
  Passed LLMGameCreator.Tests.Design.GamePackagePatchServiceTests.ApplyDoesNotCallLlm [4 ms]
  Passed LLMGameCreator.Tests.Design.GamePackagePatchServiceTests.ApplyDoesNotExecuteGeneratorModules [6 ms]
  Passed LLMGameCreator.Tests.Design.GamePackagePatchServiceTests.ApplyDoesNotExecuteLua [8 ms]
  Passed LLMGameCreator.Tests.Design.GamePackagePatchServiceTests.PatchParserRejectsDeleteOperation [< 1 ms]
  Passed LLMGameCreator.Tests.Design.GamePackagePatchServiceTests.PatchParserAcceptsValidGamePackagePatchV1 [< 1 ms]
  Passed LLMGameCreator.Tests.Design.GamePackagePatchServiceTests.ApplyDoesNotWriteFilesOutsidePackageJsonAndBackups [18 ms]
  Passed LLMGameCreator.Tests.Design.GamePackagePatchServiceTests.DryRunRejectsManifestStartMapIdThatDoesNotExistAfterPatch [1 ms]
  Passed LLMGameCreator.Tests.Design.GamePackagePatchServiceTests.DryRunAddMapAllowsDefaultTileFromEarlierPatchOperation [2 ms]
  Passed LLMGameCreator.Tests.Design.GamePackagePatchServiceTests.ApplyRestoresInMemoryPackageIfPostValidationFails [5 ms]
[xUnit.net 00:00:00.65]   Finished:    LLMGameCreator.Tests
  Passed LLMGameCreator.Tests.Design.GamePackagePatchServiceTests.PatchParserRejectsDuplicateOperationTarget [< 1 ms]
  Passed LLMGameCreator.Tests.Design.GamePackagePatchServiceTests.PatchParserRejectsUnknownOperationType [< 1 ms]
  Passed LLMGameCreator.Tests.Design.GamePackagePatchServiceTests.ApplyCreatesAuditArtifactAndResultRows [5 ms]
Results File: C:\Users\endim\LLMGameCreator\.devflow\runs\goal150b-complete-suite-refined\trx\shard-0359.trx

Test Run Successful.
Total tests: 21
     Passed: 21
 Total time: 1,0131 Seconds
