Test run for C:\Users\endim\LLMGameCreator\tests\LLMGameCreator.Tests\bin\Debug\net8.0-windows\LLMGameCreator.Tests.dll (.NETCoreApp,Version=v8.0)
A total of 1 test files matched the specified pattern.
C:\Users\endim\LLMGameCreator\tests\LLMGameCreator.Tests\bin\Debug\net8.0-windows\LLMGameCreator.Tests.dll
[xUnit.net 00:00:00.00] xUnit.net VSTest Adapter v2.8.2+699d445a1a (64-bit .NET 8.0.26)
[xUnit.net 00:00:00.16]   Discovering: LLMGameCreator.Tests
[xUnit.net 00:00:00.35]   Discovered:  LLMGameCreator.Tests
[xUnit.net 00:00:00.36]   Starting:    LLMGameCreator.Tests
[xUnit.net 00:00:00.71]       Assert.Equal() Failure: Values differ
[xUnit.net 00:00:00.71]       Expected: minimal-map-game-exploration-resource-focus
[xUnit.net 00:00:00.71]       Actual:   null
[xUnit.net 00:00:00.71]       Stack Trace:
[xUnit.net 00:00:00.71]         C:\Users\endim\LLMGameCreator\tests\LLMGameCreator.Tests\WinForms\Goal145CandidateSelectorBindingTests.cs(38,0): at LLMGameCreator.Tests.WinForms.Goal145CandidateSelectorBindingTests.<>c.<Programmatic_binding_is_silent_and_operator_commit_is_single_and_stable>b__0_0()
[xUnit.net 00:00:00.71]         C:\Users\endim\LLMGameCreator\tests\LLMGameCreator.Tests\WinForms\Goal145CandidateSelectorBindingTests.cs(110,0): at LLMGameCreator.Tests.WinForms.Goal145CandidateSelectorBindingTests.<>c__DisplayClass4_0.<RunSta>b__0()
[xUnit.net 00:00:00.71]         --- End of stack trace from previous location ---
[xUnit.net 00:00:00.71]         C:\Users\endim\LLMGameCreator\tests\LLMGameCreator.Tests\WinForms\Goal145CandidateSelectorBindingTests.cs(120,0): at LLMGameCreator.Tests.WinForms.Goal145CandidateSelectorBindingTests.RunSta(Action action)
[xUnit.net 00:00:00.71]         C:\Users\endim\LLMGameCreator\tests\LLMGameCreator.Tests\WinForms\Goal145CandidateSelectorBindingTests.cs(15,0): at LLMGameCreator.Tests.WinForms.Goal145CandidateSelectorBindingTests.Programmatic_binding_is_silent_and_operator_commit_is_single_and_stable()
[xUnit.net 00:00:00.71]            at System.RuntimeMethodHandle.InvokeMethod(Object target, Void** arguments, Signature sig, Boolean isConstructor)
[xUnit.net 00:00:00.71]            at System.Reflection.MethodBaseInvoker.InvokeWithNoArgs(Object obj, BindingFlags invokeAttr)
[xUnit.net 00:00:00.72]   Finished:    LLMGameCreator.Tests
  Failed LLMGameCreator.Tests.WinForms.Goal145CandidateSelectorBindingTests.Programmatic_binding_is_silent_and_operator_commit_is_single_and_stable [313 ms]
  Error Message:
   Assert.Equal() Failure: Values differ
Expected: minimal-map-game-exploration-resource-focus
Actual:   null
  Stack Trace:
     at LLMGameCreator.Tests.WinForms.Goal145CandidateSelectorBindingTests.<>c.<Programmatic_binding_is_silent_and_operator_commit_is_single_and_stable>b__0_0() in C:\Users\endim\LLMGameCreator\tests\LLMGameCreator.Tests\WinForms\Goal145CandidateSelectorBindingTests.cs:line 38
   at LLMGameCreator.Tests.WinForms.Goal145CandidateSelectorBindingTests.<>c__DisplayClass4_0.<RunSta>b__0() in C:\Users\endim\LLMGameCreator\tests\LLMGameCreator.Tests\WinForms\Goal145CandidateSelectorBindingTests.cs:line 110
--- End of stack trace from previous location ---
   at LLMGameCreator.Tests.WinForms.Goal145CandidateSelectorBindingTests.RunSta(Action action) in C:\Users\endim\LLMGameCreator\tests\LLMGameCreator.Tests\WinForms\Goal145CandidateSelectorBindingTests.cs:line 120
   at LLMGameCreator.Tests.WinForms.Goal145CandidateSelectorBindingTests.Programmatic_binding_is_silent_and_operator_commit_is_single_and_stable() in C:\Users\endim\LLMGameCreator\tests\LLMGameCreator.Tests\WinForms\Goal145CandidateSelectorBindingTests.cs:line 15
   at System.RuntimeMethodHandle.InvokeMethod(Object target, Void** arguments, Signature sig, Boolean isConstructor)
   at System.Reflection.MethodBaseInvoker.InvokeWithNoArgs(Object obj, BindingFlags invokeAttr)
Results File: C:\Users\endim\LLMGameCreator\.devflow\runs\goal150b-complete-suite-refined\trx\shard-0596.trx

Total tests: 1
     Failed: 1
 Total time: 1,2733 Seconds
