Test run for C:\Users\endim\LLMGameCreator\tests\LLMGameCreator.Tests\bin\Debug\net8.0-windows\LLMGameCreator.Tests.dll (.NETCoreApp,Version=v8.0)
A total of 1 test files matched the specified pattern.
C:\Users\endim\LLMGameCreator\tests\LLMGameCreator.Tests\bin\Debug\net8.0-windows\LLMGameCreator.Tests.dll
[xUnit.net 00:00:00.00] xUnit.net VSTest Adapter v2.8.2+699d445a1a (64-bit .NET 8.0.26)
[xUnit.net 00:00:00.14]   Discovering: LLMGameCreator.Tests
[xUnit.net 00:00:00.33]   Discovered:  LLMGameCreator.Tests
[xUnit.net 00:00:00.35]   Starting:    LLMGameCreator.Tests
[xUnit.net 00:00:01.00]   Finished:    LLMGameCreator.Tests
  Passed LLMGameCreator.Tests.Design.GeneratorPlanStrictLlmEvaluationServiceTests.RunBatchAggregatesMultipleContractsAndIterations [226 ms]
  Passed LLMGameCreator.Tests.Design.GeneratorPlanStrictLlmEvaluationServiceTests.EvaluateLatestAuditGroupsDiagnosticHotspots [56 ms]
  Passed LLMGameCreator.Tests.Design.GeneratorPlanStrictLlmEvaluationServiceTests.RunBatchDoesNotStageForReviewByDefault [41 ms]
  Passed LLMGameCreator.Tests.Design.GeneratorPlanStrictLlmEvaluationServiceTests.EvaluateLatestAuditComputesPassRepairFailMetrics [45 ms]
  Passed LLMGameCreator.Tests.Design.GeneratorPlanStrictLlmEvaluationServiceTests.EvaluationArtifactSaveAndReadLatest [62 ms]
  Passed LLMGameCreator.Tests.Design.GeneratorPlanStrictLlmEvaluationServiceTests.RunBatchUsesFakeLlmAndCreatesEvaluationResult [39 ms]
  Passed LLMGameCreator.Tests.Design.GeneratorPlanStrictLlmEvaluationServiceTests.EvaluateLatestAuditReturnsMissingWhenNoAudit [25 ms]
  Passed LLMGameCreator.Tests.Design.GeneratorPlanStrictLlmEvaluationServiceTests.EvaluateLatestAuditAddsQualityWarningsForGenericOrShortContent [44 ms]
  Passed LLMGameCreator.Tests.Design.GeneratorPlanStrictLlmEvaluationServiceTests.RunBatchCanStageValidArtifactsForReviewWhenExplicitlyEnabled [82 ms]
Results File: C:\Users\endim\LLMGameCreator\.devflow\runs\goal150b-complete-suite-refined\trx\shard-0382.trx

Test Run Successful.
Total tests: 9
     Passed: 9
 Total time: 1,4056 Seconds
