Test run for C:\Users\endim\LLMGameCreator\tests\LLMGameCreator.Tests\bin\Debug\net8.0-windows\LLMGameCreator.Tests.dll (.NETCoreApp,Version=v8.0)
A total of 1 test files matched the specified pattern.
C:\Users\endim\LLMGameCreator\tests\LLMGameCreator.Tests\bin\Debug\net8.0-windows\LLMGameCreator.Tests.dll
[xUnit.net 00:00:00.00] xUnit.net VSTest Adapter v2.8.2+699d445a1a (64-bit .NET 8.0.26)
[xUnit.net 00:00:00.14]   Discovering: LLMGameCreator.Tests
[xUnit.net 00:00:00.32]   Discovered:  LLMGameCreator.Tests
[xUnit.net 00:00:00.33]   Starting:    LLMGameCreator.Tests
  Passed LLMGameCreator.Tests.Design.GeneratorPlanPackageExportRunTests.RunAsyncSavesApprovalAssemblyAndRunArtifacts [379 ms]
  Passed LLMGameCreator.Tests.Design.GeneratorPlanPackageExportRunTests.RunAsyncCanSkipFinalMarkdownRendering [47 ms]
  Passed LLMGameCreator.Tests.Design.GeneratorPlanPackageExportRunTests.RunAsyncCanSkipFinalRunArtifactPersistence [52 ms]
  Passed LLMGameCreator.Tests.Design.GeneratorPlanPackageExportRunTests.RunAsyncReturnsFailedForMissingExamplePath [27 ms]
  Passed LLMGameCreator.Tests.Design.GeneratorPlanPackageExportRunTests.MarkdownRendererRendersStatusFilesDiagnosticsAndEscapesCells [10 ms]
  Passed LLMGameCreator.Tests.Design.GeneratorPlanPackageExportRunTests.RunArtifactReaderReturnsEmptyWhenMissing [9 ms]
  Passed LLMGameCreator.Tests.Design.GeneratorPlanPackageExportRunTests.RunArtifactReaderReturnsSavedRunMarkdownAndValidationResults [85 ms]
  Passed LLMGameCreator.Tests.Design.GeneratorPlanPackageExportRunTests.RunAsyncReturnsFailedWhenExportFolderMissing [29 ms]
  Passed LLMGameCreator.Tests.Design.GeneratorPlanPackageExportRunTests.RunAsyncReturnsFailedWhenExampleFileDoesNotExist [24 ms]
[xUnit.net 00:00:01.29]   Finished:    LLMGameCreator.Tests
  Passed LLMGameCreator.Tests.Design.GeneratorPlanPackageExportRunTests.RunAsyncExportsMeaningfulPackageContentFromExampleTitleAndPurpose [95 ms]
  Passed LLMGameCreator.Tests.Design.GeneratorPlanPackageExportRunTests.RunArtifactServiceIsIdempotentForSameIds [88 ms]
  Passed LLMGameCreator.Tests.Design.GeneratorPlanPackageExportRunTests.RunAsyncExportsPackageJsonFromExamplePath [68 ms]
Results File: C:\Users\endim\LLMGameCreator\.devflow\runs\goal150b-complete-suite-refined\trx\shard-0372.trx

Test Run Successful.
Total tests: 12
     Passed: 12
 Total time: 1,6686 Seconds
