Test run for C:\Users\endim\LLMGameCreator\tests\LLMGameCreator.Tests\bin\Debug\net8.0-windows\LLMGameCreator.Tests.dll (.NETCoreApp,Version=v8.0)
A total of 1 test files matched the specified pattern.
C:\Users\endim\LLMGameCreator\tests\LLMGameCreator.Tests\bin\Debug\net8.0-windows\LLMGameCreator.Tests.dll
[xUnit.net 00:00:00.00] xUnit.net VSTest Adapter v2.8.2+699d445a1a (64-bit .NET 8.0.26)
[xUnit.net 00:00:00.15]   Discovering: LLMGameCreator.Tests
[xUnit.net 00:00:00.33]   Discovered:  LLMGameCreator.Tests
[xUnit.net 00:00:00.34]   Starting:    LLMGameCreator.Tests
[xUnit.net 00:00:00.44]   Finished:    LLMGameCreator.Tests
  Passed LLMGameCreator.Tests.Design.GeneratorPlanPreviewServiceTests.PreviewServiceRejectsNonApprovedPlans(status: "archived") [8 ms]
  Passed LLMGameCreator.Tests.Design.GeneratorPlanPreviewServiceTests.PreviewServiceRejectsNonApprovedPlans(status: "draft") [< 1 ms]
  Passed LLMGameCreator.Tests.Design.GeneratorPlanPreviewServiceTests.PreviewServiceRejectsNonApprovedPlans(status: "rejected") [< 1 ms]
  Passed LLMGameCreator.Tests.Design.GeneratorPlanPreviewServiceTests.PreviewArtifactJsonIncludesModuleMetadataAndNoExecutionPolicy [30 ms]
  Passed LLMGameCreator.Tests.Design.GeneratorPlanPreviewServiceTests.PreviewServiceDoesNotCallLlmExecuteLuaOrTouchPackageFiles [19 ms]
  Passed LLMGameCreator.Tests.Design.GeneratorPlanPreviewServiceTests.PreviewServiceRejectsMissingPlan [< 1 ms]
  Passed LLMGameCreator.Tests.Design.GeneratorPlanPreviewServiceTests.PreviewServiceRejectsApprovedPlanWhenCurrentRegistryValidationHasErrors [2 ms]
  Passed LLMGameCreator.Tests.Design.GeneratorPlanPreviewServiceTests.PreviewServiceCreatesArtifactForApprovedValidPlan [1 ms]
Results File: C:\Users\endim\LLMGameCreator\.devflow\runs\goal150b-complete-suite-refined\trx\shard-0375.trx

Test Run Successful.
Total tests: 8
     Passed: 8
 Total time: 0,8442 Seconds
