Test run for C:\Users\endim\LLMGameCreator\tests\LLMGameCreator.Tests\bin\Debug\net8.0-windows\LLMGameCreator.Tests.dll (.NETCoreApp,Version=v8.0)
A total of 1 test files matched the specified pattern.
C:\Users\endim\LLMGameCreator\tests\LLMGameCreator.Tests\bin\Debug\net8.0-windows\LLMGameCreator.Tests.dll
[xUnit.net 00:00:00.00] xUnit.net VSTest Adapter v2.8.2+699d445a1a (64-bit .NET 8.0.26)
[xUnit.net 00:00:00.15]   Discovering: LLMGameCreator.Tests
[xUnit.net 00:00:00.35]   Discovered:  LLMGameCreator.Tests
[xUnit.net 00:00:00.36]   Starting:    LLMGameCreator.Tests
  Passed LLMGameCreator.Tests.Application.CandidateModules.WorldBiomeNoise.WorldBiomeNoiseCandidateTests.RegionClimateDifferentSeedChangesMeaningfulFieldAndKeepsNoGenerationClaims [69 ms]
  Passed LLMGameCreator.Tests.Application.CandidateModules.WorldBiomeNoise.WorldBiomeNoiseCandidateTests.ClassifierBoundariesAreStable [< 1 ms]
  Passed LLMGameCreator.Tests.Application.CandidateModules.WorldBiomeNoise.WorldBiomeNoiseCandidateTests.WrittenRegionClimateReportRoundTripsCandidateStatus [34 ms]
  Passed LLMGameCreator.Tests.Application.CandidateModules.WorldBiomeNoise.WorldBiomeNoiseCandidateTests.HydrologyWaterwayHintsAreDeterministicBoundedUniqueAndOrderIndependent [181 ms]
  Passed LLMGameCreator.Tests.Application.CandidateModules.WorldBiomeNoise.WorldBiomeNoiseCandidateTests.HydrologyWaterwayHintsRespectLimitsNeighborModesAndLargeCoordinates [104 ms]
  Passed LLMGameCreator.Tests.Application.CandidateModules.WorldBiomeNoise.WorldBiomeNoiseCandidateTests.GatewayConnectivityHintsRespectLimitsNeighborModeAndLargeCoordinates [5 ms]
  Passed LLMGameCreator.Tests.Application.CandidateModules.WorldBiomeNoise.WorldBiomeNoiseCandidateTests.RegionClimateSummaryIsDeterministicBoundedAndDoesNotMaterializeWorldMap [< 1 ms]
  Passed LLMGameCreator.Tests.Application.CandidateModules.WorldBiomeNoise.WorldBiomeNoiseCandidateTests.RegionClimateSamplesAreDeterministicBoundedAndOrderIndependent [1 ms]
  Passed LLMGameCreator.Tests.Application.CandidateModules.WorldBiomeNoise.WorldBiomeNoiseCandidateTests.GatewayConnectivityHintsDifferentSeedChangesPlan [7 ms]
  Passed LLMGameCreator.Tests.Application.CandidateModules.WorldBiomeNoise.WorldBiomeNoiseCandidateTests.WrittenReportRoundTripsCandidateStatus [28 ms]
  Passed LLMGameCreator.Tests.Application.CandidateModules.WorldBiomeNoise.WorldBiomeNoiseCandidateTests.SettlementRoadSeedsRespectLimitsAndReferenceOnlyKnownAnchors [3 ms]
  Passed LLMGameCreator.Tests.Application.CandidateModules.WorldBiomeNoise.WorldBiomeNoiseCandidateTests.SettlementRoadSeedsDifferentSeedChangesPlanAndSupportsLargeCoordinates [1 ms]
  Passed LLMGameCreator.Tests.Application.CandidateModules.WorldBiomeNoise.WorldBiomeNoiseCandidateTests.BuildsDeterministicCandidateReportWithoutExternalDependency [4 ms]
  Passed LLMGameCreator.Tests.Application.CandidateModules.WorldBiomeNoise.WorldBiomeNoiseCandidateTests.WrittenSettlementRoadSeedsReportRoundTripsCandidateStatus [21 ms]
  Passed LLMGameCreator.Tests.Application.CandidateModules.WorldBiomeNoise.WorldBiomeNoiseCandidateTests.HydrologyWaterwayHintsDifferentSeedAndWrittenReportAreStable [49 ms]
  Passed LLMGameCreator.Tests.Application.CandidateModules.WorldBiomeNoise.WorldBiomeNoiseCandidateTests.SettlementRoadSeedsAreDeterministicBoundedSortedAndOrderIndependent [10 ms]
  Passed LLMGameCreator.Tests.Application.CandidateModules.WorldBiomeNoise.WorldBiomeNoiseCandidateTests.GatewayConnectivityHintsAreDeterministicBoundedUniqueAndOrderIndependent [30 ms]
  Passed LLMGameCreator.Tests.Application.CandidateModules.WorldBiomeNoise.WorldBiomeNoiseCandidateTests.GatewayConnectivityHintsCanonicalPairIdAndWrittenReportAreStable [28 ms]
[xUnit.net 00:00:00.98]   Finished:    LLMGameCreator.Tests
  Passed LLMGameCreator.Tests.Application.CandidateModules.WorldBiomeNoise.WorldBiomeNoiseCandidateTests.RejectsMissingSeedAndUnknownCoordinateSpace [< 1 ms]
Results File: C:\Users\endim\LLMGameCreator\.devflow\runs\goal150b-complete-suite-refined\trx\shard-0023.trx

Test Run Successful.
Total tests: 19
     Passed: 19
 Total time: 1,3912 Seconds
