Test run for C:\Users\endim\LLMGameCreator\tests\LLMGameCreator.Tests\bin\Debug\net8.0-windows\LLMGameCreator.Tests.dll (.NETCoreApp,Version=v8.0)
A total of 1 test files matched the specified pattern.
C:\Users\endim\LLMGameCreator\tests\LLMGameCreator.Tests\bin\Debug\net8.0-windows\LLMGameCreator.Tests.dll
[xUnit.net 00:00:00.00] xUnit.net VSTest Adapter v2.8.2+699d445a1a (64-bit .NET 8.0.26)
[xUnit.net 00:00:00.14]   Discovering: LLMGameCreator.Tests
[xUnit.net 00:00:00.34]   Discovered:  LLMGameCreator.Tests
[xUnit.net 00:00:00.35]   Starting:    LLMGameCreator.Tests
  Passed LLMGameCreator.Tests.Application.EditDrivenSpineQualityConsolidation.EditDrivenSpineQualityConsolidationTests.SourceHealthScanRejectsZeroLfOnePhysicalLineSourceBytes [30 ms]
  Passed LLMGameCreator.Tests.Application.EditDrivenSpineQualityConsolidation.EditDrivenSpineQualityConsolidationTests.ServiceBuildsGreenConsolidationFromCurrentGoal074To078Artifacts [155 ms]
  Passed LLMGameCreator.Tests.Application.EditDrivenSpineQualityConsolidation.EditDrivenSpineQualityConsolidationTests.ServiceBlocksWhenRequiredGoal078ProofArtifactIsMissing [40 ms]
  Passed LLMGameCreator.Tests.Application.EditDrivenSpineQualityConsolidation.EditDrivenSpineQualityConsolidationTests.SourceHealthScanRejectsCrOnlyNoLfSourceBytes [12 ms]
  Passed LLMGameCreator.Tests.Application.EditDrivenSpineQualityConsolidation.EditDrivenSpineQualityConsolidationTests.NegativeProofIndexIncludesRequiredGoal078RejectionFamilies [30 ms]
[xUnit.net 00:00:02.24]   Finished:    LLMGameCreator.Tests
  Passed LLMGameCreator.Tests.Application.EditDrivenSpineQualityConsolidation.EditDrivenSpineQualityConsolidationTests.WorkspaceActivationBindsGoal079DashboardThroughParentPath [1 s]
  Passed LLMGameCreator.Tests.Application.EditDrivenSpineQualityConsolidation.EditDrivenSpineQualityConsolidationTests.ServiceBlocksWhenGoal078NegativeProofIsReportOnlyOrFake [49 ms]
  Passed LLMGameCreator.Tests.Application.EditDrivenSpineQualityConsolidation.EditDrivenSpineQualityConsolidationTests.QualityGateScannerRejectsDashboardDesignerTabWithoutParentBind [17 ms]
  Passed LLMGameCreator.Tests.Application.EditDrivenSpineQualityConsolidation.EditDrivenSpineQualityConsolidationTests.SourceHealthScanCatchesMinifiedOverlongAndGodFormInputs [12 ms]
Results File: C:\Users\endim\LLMGameCreator\.devflow\runs\goal150b-complete-suite-refined\trx\shard-0073.trx

Test Run Successful.
Total tests: 9
     Passed: 9
 Total time: 2,7394 Seconds
