Test run for C:\Users\endim\LLMGameCreator\tests\LLMGameCreator.Tests\bin\Debug\net8.0-windows\LLMGameCreator.Tests.dll (.NETCoreApp,Version=v8.0)
A total of 1 test files matched the specified pattern.
C:\Users\endim\LLMGameCreator\tests\LLMGameCreator.Tests\bin\Debug\net8.0-windows\LLMGameCreator.Tests.dll
[xUnit.net 00:00:00.00] xUnit.net VSTest Adapter v2.8.2+699d445a1a (64-bit .NET 8.0.26)
[xUnit.net 00:00:00.15]   Discovering: LLMGameCreator.Tests
[xUnit.net 00:00:00.34]   Discovered:  LLMGameCreator.Tests
[xUnit.net 00:00:00.35]   Starting:    LLMGameCreator.Tests
  Passed LLMGameCreator.Tests.Application.UnityArchiveReviewComparisonTests.ComparisonMissingSnapshotFileIncludesDiagnostic [434 ms]
  Passed LLMGameCreator.Tests.Application.UnityArchiveReviewComparisonTests.UnityArchiveReviewComparisonContainsNoTimestamps [83 ms]
  Passed LLMGameCreator.Tests.Application.UnityArchiveReviewComparisonTests.UnityArchiveReviewComparisonOneSnapshotReturnsNoPreviousSnapshot [30 ms]
  Passed LLMGameCreator.Tests.Application.UnityArchiveReviewComparisonTests.ComparisonReportsCurrentSnapshotNotIndexed [62 ms]
  Passed LLMGameCreator.Tests.Application.UnityArchiveReviewComparisonTests.ComparisonUsesPreviousSequenceNotHashOrder [44 ms]
  Passed LLMGameCreator.Tests.Application.UnityArchiveReviewComparisonTests.UnityArchiveReviewComparisonMissingReviewJsonReturnsMissingReview [8 ms]
  Passed LLMGameCreator.Tests.Application.UnityArchiveReviewComparisonTests.UnityArchiveReviewComparisonOutputsAreDeterministic [30 ms]
  Passed LLMGameCreator.Tests.Application.UnityArchiveReviewComparisonTests.UnityArchiveReviewComparisonCanParseComparisonJson [35 ms]
  Passed LLMGameCreator.Tests.Application.UnityArchiveReviewComparisonTests.UnityArchiveReviewComparisonInvalidReviewJsonReturnsInvalid [12 ms]
[xUnit.net 00:00:01.24]   Finished:    LLMGameCreator.Tests
  Passed LLMGameCreator.Tests.Application.UnityArchiveReviewComparisonTests.UnityArchiveReviewComparisonMissingArchiveReturnsMissingReview [3 ms]
  Passed LLMGameCreator.Tests.Application.UnityArchiveReviewComparisonTests.UnityArchiveReviewComparisonTwoSnapshotsReportsDeltas [48 ms]
  Passed LLMGameCreator.Tests.Application.UnityArchiveReviewComparisonTests.UnityArchiveReviewComparisonReportsDiagnosticChanges [57 ms]
Results File: C:\Users\endim\LLMGameCreator\.devflow\runs\goal150b-complete-suite-refined\trx\shard-0289.trx

Test Run Successful.
Total tests: 12
     Passed: 12
 Total time: 1,6110 Seconds
