Test run for C:\Users\endim\LLMGameCreator\tests\LLMGameCreator.Tests\bin\Debug\net8.0-windows\LLMGameCreator.Tests.dll (.NETCoreApp,Version=v8.0)
A total of 1 test files matched the specified pattern.
C:\Users\endim\LLMGameCreator\tests\LLMGameCreator.Tests\bin\Debug\net8.0-windows\LLMGameCreator.Tests.dll
[xUnit.net 00:00:00.00] xUnit.net VSTest Adapter v2.8.2+699d445a1a (64-bit .NET 8.0.26)
[xUnit.net 00:00:00.14]   Discovering: LLMGameCreator.Tests
[xUnit.net 00:00:00.32]   Discovered:  LLMGameCreator.Tests
[xUnit.net 00:00:00.33]   Starting:    LLMGameCreator.Tests
[xUnit.net 00:00:01.53]       Assert.Equal() Failure: Strings differ
[xUnit.net 00:00:01.53]                  ↓ (pos 0)
[xUnit.net 00:00:01.53]       Expected: "GREEN"
[xUnit.net 00:00:01.53]       Actual:   "BLOCKED"
[xUnit.net 00:00:01.53]                  ↑ (pos 0)
[xUnit.net 00:00:01.53]       Stack Trace:
[xUnit.net 00:00:01.53]         C:\Users\endim\LLMGameCreator\tests\LLMGameCreator.Tests\ProductSmoke\AcceptedAlphaUnityPlayableProjectionProductSmokeTests.cs(65,0): at LLMGameCreator.Tests.ProductSmoke.AcceptedAlphaUnityPlayableProjectionProductSmokeTests.ProductSmokeWritesProjectionArtifactsAndWorkspaceSurface()
[xUnit.net 00:00:01.53]         --- End of stack trace from previous location ---
[xUnit.net 00:00:01.53]   Finished:    LLMGameCreator.Tests
  Failed LLMGameCreator.Tests.ProductSmoke.AcceptedAlphaUnityPlayableProjectionProductSmokeTests.ProductSmokeWritesProjectionArtifactsAndWorkspaceSurface [1 s]
  Error Message:
   Assert.Equal() Failure: Strings differ
           ↓ (pos 0)
Expected: "GREEN"
Actual:   "BLOCKED"
           ↑ (pos 0)
  Stack Trace:
     at LLMGameCreator.Tests.ProductSmoke.AcceptedAlphaUnityPlayableProjectionProductSmokeTests.ProductSmokeWritesProjectionArtifactsAndWorkspaceSurface() in C:\Users\endim\LLMGameCreator\tests\LLMGameCreator.Tests\ProductSmoke\AcceptedAlphaUnityPlayableProjectionProductSmokeTests.cs:line 65
--- End of stack trace from previous location ---
Results File: C:\Users\endim\LLMGameCreator\.devflow\runs\goal150b-complete-suite-refined\trx\shard-0427.trx

Total tests: 1
     Failed: 1
 Total time: 1,9104 Seconds
