Test run for C:\Users\endim\LLMGameCreator\tests\LLMGameCreator.Tests\bin\Debug\net8.0-windows\LLMGameCreator.Tests.dll (.NETCoreApp,Version=v8.0)
A total of 1 test files matched the specified pattern.
C:\Users\endim\LLMGameCreator\tests\LLMGameCreator.Tests\bin\Debug\net8.0-windows\LLMGameCreator.Tests.dll
[xUnit.net 00:00:00.00] xUnit.net VSTest Adapter v2.8.2+699d445a1a (64-bit .NET 8.0.26)
[xUnit.net 00:00:00.16]   Discovering: LLMGameCreator.Tests
[xUnit.net 00:00:00.35]   Discovered:  LLMGameCreator.Tests
[xUnit.net 00:00:00.36]   Starting:    LLMGameCreator.Tests
  Passed LLMGameCreator.Tests.Application.UnityArchiveReviewHistoryTests.HistoryAssignsMonotonicSequenceForDistinctSnapshots [401 ms]
  Passed LLMGameCreator.Tests.Application.UnityArchiveReviewHistoryTests.UnityArchiveReviewHistoryHistoryIndexIsDeterministic [33 ms]
  Passed LLMGameCreator.Tests.Application.UnityArchiveReviewHistoryTests.UnityArchiveReviewHistoryStoresSnapshotWithContentHash [29 ms]
  Passed LLMGameCreator.Tests.Application.UnityArchiveReviewHistoryTests.UnityArchiveReviewHistoryOutputsAreByteIdentical [33 ms]
  Passed LLMGameCreator.Tests.Application.UnityArchiveReviewHistoryTests.UnityArchiveReviewHistoryMissingReviewJsonReturnsMissingReview [4 ms]
  Passed LLMGameCreator.Tests.Application.UnityArchiveReviewHistoryTests.HistoryDoesNotChangeSequenceWhenSameSnapshotStoredAgain [37 ms]
  Passed LLMGameCreator.Tests.Application.UnityArchiveReviewHistoryTests.UnityArchiveReviewHistoryInvalidReviewJsonReturnsInvalid [4 ms]
  Passed LLMGameCreator.Tests.Application.UnityArchiveReviewHistoryTests.UnityArchiveReviewHistoryMissingArchiveReturnsMissingReview [< 1 ms]
  Passed LLMGameCreator.Tests.Application.UnityArchiveReviewHistoryTests.UnityArchiveReviewHistorySameContentDoesNotDuplicateIndex [28 ms]
[xUnit.net 00:00:01.01]   Finished:    LLMGameCreator.Tests
  Passed LLMGameCreator.Tests.Application.UnityArchiveReviewHistoryTests.UnityArchiveReviewHistoryStoresHistoryIndex [25 ms]
Results File: C:\Users\endim\LLMGameCreator\.devflow\runs\goal150b-complete-suite-refined\trx\shard-0290.trx

Test Run Successful.
Total tests: 10
     Passed: 10
 Total time: 1,3987 Seconds
