Test run for C:\Users\endim\LLMGameCreator\tests\LLMGameCreator.Tests\bin\Debug\net8.0-windows\LLMGameCreator.Tests.dll (.NETCoreApp,Version=v8.0)
A total of 1 test files matched the specified pattern.
C:\Users\endim\LLMGameCreator\tests\LLMGameCreator.Tests\bin\Debug\net8.0-windows\LLMGameCreator.Tests.dll
[xUnit.net 00:00:00.00] xUnit.net VSTest Adapter v2.8.2+699d445a1a (64-bit .NET 8.0.26)
[xUnit.net 00:00:00.16]   Discovering: LLMGameCreator.Tests
[xUnit.net 00:00:00.36]   Discovered:  LLMGameCreator.Tests
[xUnit.net 00:00:00.37]   Starting:    LLMGameCreator.Tests
[xUnit.net 00:00:00.82]       Assert.Contains() Failure: Sub-string not found
[xUnit.net 00:00:00.82]       String:    "# CONTEXT_INDEX.md\r\n\r\nPurpose: reduce rep"···
[xUnit.net 00:00:00.82]       Not found: "goal150b_independent_audit_then_bundled_h"···
[xUnit.net 00:00:00.82]       Stack Trace:
[xUnit.net 00:00:00.82]         C:\Users\endim\LLMGameCreator\tests\LLMGameCreator.Tests\Application\PackageAssemblyCombatProgression\PackageAssemblyCombatProgressionAcceptanceTests.cs(188,0): at LLMGameCreator.Tests.Application.PackageAssemblyCombatProgression.PackageAssemblyCombatProgressionAcceptanceTests.CurrentStatePreservesGoal028AcceptedBeforeGoal029()
[xUnit.net 00:00:00.82]            at System.RuntimeMethodHandle.InvokeMethod(Object target, Void** arguments, Signature sig, Boolean isConstructor)
[xUnit.net 00:00:00.82]            at System.Reflection.MethodBaseInvoker.InvokeWithNoArgs(Object obj, BindingFlags invokeAttr)
[xUnit.net 00:00:00.97]   Finished:    LLMGameCreator.Tests
  Passed LLMGameCreator.Tests.Application.PackageAssemblyCombatProgression.PackageAssemblyCombatProgressionAcceptanceTests.BuildsDeterministicCombatProgressionArtifacts [358 ms]
  Passed LLMGameCreator.Tests.Application.PackageAssemblyCombatProgression.PackageAssemblyCombatProgressionAcceptanceTests.InvalidMatrixRejectsRequiredScenarios [12 ms]
  Failed LLMGameCreator.Tests.Application.PackageAssemblyCombatProgression.PackageAssemblyCombatProgressionAcceptanceTests.CurrentStatePreservesGoal028AcceptedBeforeGoal029 [30 ms]
  Error Message:
   Assert.Contains() Failure: Sub-string not found
String:    "# CONTEXT_INDEX.md\r\n\r\nPurpose: reduce rep"···
Not found: "goal150b_independent_audit_then_bundled_h"···
  Stack Trace:
     at LLMGameCreator.Tests.Application.PackageAssemblyCombatProgression.PackageAssemblyCombatProgressionAcceptanceTests.CurrentStatePreservesGoal028AcceptedBeforeGoal029() in C:\Users\endim\LLMGameCreator\tests\LLMGameCreator.Tests\Application\PackageAssemblyCombatProgression\PackageAssemblyCombatProgressionAcceptanceTests.cs:line 188
   at System.RuntimeMethodHandle.InvokeMethod(Object target, Void** arguments, Signature sig, Boolean isConstructor)
   at System.Reflection.MethodBaseInvoker.InvokeWithNoArgs(Object obj, BindingFlags invokeAttr)
  Passed LLMGameCreator.Tests.Application.PackageAssemblyCombatProgression.PackageAssemblyCombatProgressionAcceptanceTests.WrittenReportRoundTripsManualGateAndHasNoTopLevelErrors [99 ms]
  Passed LLMGameCreator.Tests.Application.PackageAssemblyCombatProgression.PackageAssemblyCombatProgressionAcceptanceTests.AssemblerMapsStatsAbilitiesStatusesProgressionsAndEncounters [2 ms]
  Passed LLMGameCreator.Tests.Application.PackageAssemblyCombatProgression.PackageAssemblyCombatProgressionAcceptanceTests.RealAndSyntheticConsumersProduceCombatProgressionPackageRecords [10 ms]
  Passed LLMGameCreator.Tests.Application.PackageAssemblyCombatProgression.PackageAssemblyCombatProgressionAcceptanceTests.RejectsMissingEvidenceAndAntiOverfitFailure [29 ms]
Results File: C:\Users\endim\LLMGameCreator\.devflow\runs\goal150b-complete-suite-refined\trx\shard-0185.trx

Total tests: 7
     Passed: 6
     Failed: 1
 Total time: 1,3975 Seconds
