Test run for C:\Users\endim\LLMGameCreator\tests\LLMGameCreator.Tests\bin\Debug\net8.0-windows\LLMGameCreator.Tests.dll (.NETCoreApp,Version=v8.0)
A total of 1 test files matched the specified pattern.
C:\Users\endim\LLMGameCreator\tests\LLMGameCreator.Tests\bin\Debug\net8.0-windows\LLMGameCreator.Tests.dll
[xUnit.net 00:00:00.00] xUnit.net VSTest Adapter v2.8.2+699d445a1a (64-bit .NET 8.0.26)
[xUnit.net 00:00:00.15]   Discovering: LLMGameCreator.Tests
[xUnit.net 00:00:00.35]   Discovered:  LLMGameCreator.Tests
[xUnit.net 00:00:00.36]   Starting:    LLMGameCreator.Tests
[xUnit.net 00:00:00.56]       Assert.Contains() Failure: Sub-string not found
[xUnit.net 00:00:00.56]       String:    "# CONTEXT_INDEX.md\r\n\r\nPurpose: reduce rep"···
[xUnit.net 00:00:00.56]       Not found: "goal150b_independent_audit_then_bundled_h"···
[xUnit.net 00:00:00.56]       Stack Trace:
[xUnit.net 00:00:00.57]         C:\Users\endim\LLMGameCreator\tests\LLMGameCreator.Tests\Application\ModularGeneratorKernel\ModularGeneratorKernelReadinessTests.cs(134,0): at LLMGameCreator.Tests.Application.ModularGeneratorKernel.ModularGeneratorKernelReadinessTests.CurrentStateRecordsGoal028AcceptedBeforeGoal029()
[xUnit.net 00:00:00.57]            at System.RuntimeMethodHandle.InvokeMethod(Object target, Void** arguments, Signature sig, Boolean isConstructor)
[xUnit.net 00:00:00.57]            at System.Reflection.MethodBaseInvoker.InvokeWithNoArgs(Object obj, BindingFlags invokeAttr)
[xUnit.net 00:00:00.57]   Finished:    LLMGameCreator.Tests
  Passed LLMGameCreator.Tests.Application.ModularGeneratorKernel.ModularGeneratorKernelReadinessTests.ModuleManifestParserValidatorRejectsMalformedDuplicateAndUnknownContracts [28 ms]
  Passed LLMGameCreator.Tests.Application.ModularGeneratorKernel.ModularGeneratorKernelReadinessTests.CompatibilityMatrixAndAbsenceBehaviorAreDeterministic [64 ms]
  Passed LLMGameCreator.Tests.Application.ModularGeneratorKernel.ModularGeneratorKernelReadinessTests.BuildsDeterministicReadinessArtifacts [26 ms]
  Passed LLMGameCreator.Tests.Application.ModularGeneratorKernel.ModularGeneratorKernelReadinessTests.WrittenReportRoundTripsManualGate [21 ms]
  Failed LLMGameCreator.Tests.Application.ModularGeneratorKernel.ModularGeneratorKernelReadinessTests.CurrentStateRecordsGoal028AcceptedBeforeGoal029 [22 ms]
  Error Message:
   Assert.Contains() Failure: Sub-string not found
String:    "# CONTEXT_INDEX.md\r\n\r\nPurpose: reduce rep"···
Not found: "goal150b_independent_audit_then_bundled_h"···
  Stack Trace:
     at LLMGameCreator.Tests.Application.ModularGeneratorKernel.ModularGeneratorKernelReadinessTests.CurrentStateRecordsGoal028AcceptedBeforeGoal029() in C:\Users\endim\LLMGameCreator\tests\LLMGameCreator.Tests\Application\ModularGeneratorKernel\ModularGeneratorKernelReadinessTests.cs:line 134
   at System.RuntimeMethodHandle.InvokeMethod(Object target, Void** arguments, Signature sig, Boolean isConstructor)
   at System.Reflection.MethodBaseInvoker.InvokeWithNoArgs(Object obj, BindingFlags invokeAttr)
  Passed LLMGameCreator.Tests.Application.ModularGeneratorKernel.ModularGeneratorKernelReadinessTests.InvalidMatrixCoversRequiredScenariosAndFinalReportHasNoTopLevelErrors [7 ms]
Results File: C:\Users\endim\LLMGameCreator\.devflow\runs\goal150b-complete-suite-refined\trx\shard-0159.trx

Total tests: 6
     Passed: 5
     Failed: 1
 Total time: 0,9864 Seconds
