Test run for C:\Users\endim\LLMGameCreator\tests\LLMGameCreator.Tests\bin\Debug\net8.0-windows\LLMGameCreator.Tests.dll (.NETCoreApp,Version=v8.0)
A total of 1 test files matched the specified pattern.
C:\Users\endim\LLMGameCreator\tests\LLMGameCreator.Tests\bin\Debug\net8.0-windows\LLMGameCreator.Tests.dll
[xUnit.net 00:00:00.00] xUnit.net VSTest Adapter v2.8.2+699d445a1a (64-bit .NET 8.0.26)
[xUnit.net 00:00:00.15]   Discovering: LLMGameCreator.Tests
[xUnit.net 00:00:00.33]   Discovered:  LLMGameCreator.Tests
[xUnit.net 00:00:00.34]   Starting:    LLMGameCreator.Tests
[xUnit.net 00:00:00.60]   Finished:    LLMGameCreator.Tests
  Passed LLMGameCreator.Tests.Application.OfflineGeoworldAlphaAcceptanceOperatorPack.OfflineGeoworldAlphaAcceptanceOperatorPackTests.FailedInvalidGoal111DecisionBlocksOperatorPack [92 ms]
  Passed LLMGameCreator.Tests.Application.OfflineGeoworldAlphaAcceptanceOperatorPack.OfflineGeoworldAlphaAcceptanceOperatorPackTests.GeneratedRunbookDoesNotContainForbiddenPathOrSourceReferences [17 ms]
  Passed LLMGameCreator.Tests.Application.OfflineGeoworldAlphaAcceptanceOperatorPack.OfflineGeoworldAlphaAcceptanceOperatorPackTests.MissingGoal111DecisionBlocksOperatorPack [12 ms]
  Passed LLMGameCreator.Tests.Application.OfflineGeoworldAlphaAcceptanceOperatorPack.OfflineGeoworldAlphaAcceptanceOperatorPackTests.GeneratedRunbookContainsManualResultPathAndGate [22 ms]
  Passed LLMGameCreator.Tests.Application.OfflineGeoworldAlphaAcceptanceOperatorPack.OfflineGeoworldAlphaAcceptanceOperatorPackTests.RealCurrentRepositoryStateWithMissingManualResultIsOperatorReady [3 ms]
  Passed LLMGameCreator.Tests.Application.OfflineGeoworldAlphaAcceptanceOperatorPack.OfflineGeoworldAlphaAcceptanceOperatorPackTests.GreenGoal111CandidateIsHumanReviewOnly [12 ms]
  Passed LLMGameCreator.Tests.Application.OfflineGeoworldAlphaAcceptanceOperatorPack.OfflineGeoworldAlphaAcceptanceOperatorPackTests.NegativeProofConfirmsNoResultMeansNoAcceptance [12 ms]
  Passed LLMGameCreator.Tests.Application.OfflineGeoworldAlphaAcceptanceOperatorPack.OfflineGeoworldAlphaAcceptanceOperatorPackTests.PendingResultTemplateCopyIsNotManualAcceptance [33 ms]
  Passed LLMGameCreator.Tests.Application.OfflineGeoworldAlphaAcceptanceOperatorPack.OfflineGeoworldAlphaAcceptanceOperatorPackTests.MissingGoal110PackageBlocksOperatorPack [4 ms]
Results File: C:\Users\endim\LLMGameCreator\.devflow\runs\goal150b-complete-suite-refined\trx\shard-0167.trx

Test Run Successful.
Total tests: 9
     Passed: 9
 Total time: 1,0241 Seconds
