Test run for C:\Users\endim\LLMGameCreator\tests\LLMGameCreator.Tests\bin\Debug\net8.0-windows\LLMGameCreator.Tests.dll (.NETCoreApp,Version=v8.0)
A total of 1 test files matched the specified pattern.
C:\Users\endim\LLMGameCreator\tests\LLMGameCreator.Tests\bin\Debug\net8.0-windows\LLMGameCreator.Tests.dll
[xUnit.net 00:00:00.00] xUnit.net VSTest Adapter v2.8.2+699d445a1a (64-bit .NET 8.0.26)
[xUnit.net 00:00:00.14]   Discovering: LLMGameCreator.Tests
[xUnit.net 00:00:00.34]   Discovered:  LLMGameCreator.Tests
[xUnit.net 00:00:00.35]   Starting:    LLMGameCreator.Tests
  Passed LLMGameCreator.Tests.Application.Semantics.SemanticRuntimeCompositionAcceptanceTests.RuntimeAdapterUnavailablePreventsFalseRuntimeExecutionClaim [581 ms]
  Passed LLMGameCreator.Tests.Application.Semantics.SemanticRuntimeCompositionAcceptanceTests.AllObjectivesNeedRuntimeOwnedEvidenceAndRewardSaveLoadDeltas [206 ms]
  Passed LLMGameCreator.Tests.Application.Semantics.SemanticRuntimeCompositionAcceptanceTests.FailedRequiredCommandMakesRuntimeAcceptanceFalse [41 ms]
  Passed LLMGameCreator.Tests.Application.Semantics.SemanticRuntimeCompositionAcceptanceTests.FakeAdapterSuccessWithoutCommandAndStateProofIsRejected [34 ms]
  Passed LLMGameCreator.Tests.Application.Semantics.SemanticRuntimeCompositionAcceptanceTests.BuildsStableAcceptedSemanticRuntimeCompositionArtifacts [128 ms]
  Passed LLMGameCreator.Tests.Application.Semantics.SemanticRuntimeCompositionAcceptanceTests.MissingObjectiveRequiredInteractionPreventsRuntimeExecution [50 ms]
[xUnit.net 00:00:01.51]   Finished:    LLMGameCreator.Tests
  Passed LLMGameCreator.Tests.Application.Semantics.SemanticRuntimeCompositionAcceptanceTests.InjectedPreviousVariantStateMakesIsolationFail [36 ms]
  Passed LLMGameCreator.Tests.Application.Semantics.SemanticRuntimeCompositionAcceptanceTests.MaterializedBindingAuditRejectsSuffixlessDialoguePlaceholderBeforeRuntime [34 ms]
Results File: C:\Users\endim\LLMGameCreator\.devflow\runs\goal150b-complete-suite-refined\trx\shard-0249.trx

Test Run Successful.
Total tests: 8
     Passed: 8
 Total time: 1,8868 Seconds
