Test run for C:\Users\endim\LLMGameCreator\tests\LLMGameCreator.Tests\bin\Debug\net8.0-windows\LLMGameCreator.Tests.dll (.NETCoreApp,Version=v8.0)
A total of 1 test files matched the specified pattern.
C:\Users\endim\LLMGameCreator\tests\LLMGameCreator.Tests\bin\Debug\net8.0-windows\LLMGameCreator.Tests.dll
[xUnit.net 00:00:00.00] xUnit.net VSTest Adapter v2.8.2+699d445a1a (64-bit .NET 8.0.26)
[xUnit.net 00:00:00.14]   Discovering: LLMGameCreator.Tests
[xUnit.net 00:00:00.32]   Discovered:  LLMGameCreator.Tests
[xUnit.net 00:00:00.33]   Starting:    LLMGameCreator.Tests
[xUnit.net 00:00:01.78]       Assert.True() Failure
[xUnit.net 00:00:01.78]       Expected: True
[xUnit.net 00:00:01.78]       Actual:   False
[xUnit.net 00:00:01.78]       Stack Trace:
[xUnit.net 00:00:01.78]         C:\Users\endim\LLMGameCreator\tests\LLMGameCreator.Tests\ProductSmoke\OfflineGeoworldWorldSourceGraphProductSmokeTests.cs(119,0): at LLMGameCreator.Tests.ProductSmoke.OfflineGeoworldWorldSourceGraphProductSmokeTests.Goal099OfflineGeoworldWorldSourceGraphStreamingProductSmoke()
[xUnit.net 00:00:01.78]         --- End of stack trace from previous location ---
[xUnit.net 00:00:01.78]   Finished:    LLMGameCreator.Tests
  Failed LLMGameCreator.Tests.ProductSmoke.OfflineGeoworldWorldSourceGraphProductSmokeTests.Goal099OfflineGeoworldWorldSourceGraphStreamingProductSmoke [1 s]
  Error Message:
   Assert.True() Failure
Expected: True
Actual:   False
  Stack Trace:
     at LLMGameCreator.Tests.ProductSmoke.OfflineGeoworldWorldSourceGraphProductSmokeTests.Goal099OfflineGeoworldWorldSourceGraphStreamingProductSmoke() in C:\Users\endim\LLMGameCreator\tests\LLMGameCreator.Tests\ProductSmoke\OfflineGeoworldWorldSourceGraphProductSmokeTests.cs:line 119
--- End of stack trace from previous location ---
Results File: C:\Users\endim\LLMGameCreator\.devflow\runs\goal150b-complete-suite-refined\trx\shard-0509.trx

Total tests: 1
     Failed: 1
 Total time: 2,2142 Seconds
