Test run for C:\Users\endim\LLMGameCreator\tests\LLMGameCreator.Tests\bin\Debug\net8.0-windows\LLMGameCreator.Tests.dll (.NETCoreApp,Version=v8.0)
A total of 1 test files matched the specified pattern.
C:\Users\endim\LLMGameCreator\tests\LLMGameCreator.Tests\bin\Debug\net8.0-windows\LLMGameCreator.Tests.dll
[xUnit.net 00:00:00.00] xUnit.net VSTest Adapter v2.8.2+699d445a1a (64-bit .NET 8.0.26)
[xUnit.net 00:00:00.16]   Discovering: LLMGameCreator.Tests
[xUnit.net 00:00:00.38]   Discovered:  LLMGameCreator.Tests
[xUnit.net 00:00:00.39]   Starting:    LLMGameCreator.Tests
[xUnit.net 00:00:02.50]       Assert.True() Failure
[xUnit.net 00:00:02.50]       Expected: True
[xUnit.net 00:00:02.50]       Actual:   False
[xUnit.net 00:00:02.50]       Stack Trace:
[xUnit.net 00:00:02.50]         C:\Users\endim\LLMGameCreator\tests\LLMGameCreator.Tests\ProductSmoke\VisualWorldStreamPreviewWorkspaceProductSmokeTests.cs(1050,0): at LLMGameCreator.Tests.ProductSmoke.VisualWorldStreamPreviewWorkspaceProductSmokeTests.Goal092AVisualWorldPreviewServiceSplitSourceHealthProductSmoke()
[xUnit.net 00:00:02.50]         --- End of stack trace from previous location ---
  Failed LLMGameCreator.Tests.ProductSmoke.VisualWorldStreamPreviewWorkspaceProductSmokeTests.Goal092AVisualWorldPreviewServiceSplitSourceHealthProductSmoke [2 s]
  Error Message:
   Assert.True() Failure
Expected: True
Actual:   False
  Stack Trace:
     at LLMGameCreator.Tests.ProductSmoke.VisualWorldStreamPreviewWorkspaceProductSmokeTests.Goal092AVisualWorldPreviewServiceSplitSourceHealthProductSmoke() in C:\Users\endim\LLMGameCreator\tests\LLMGameCreator.Tests\ProductSmoke\VisualWorldStreamPreviewWorkspaceProductSmokeTests.cs:line 1050
--- End of stack trace from previous location ---
[xUnit.net 00:00:04.68]       Assert.True() Failure
[xUnit.net 00:00:04.68]       Expected: True
[xUnit.net 00:00:04.68]       Actual:   False
[xUnit.net 00:00:04.68]       Stack Trace:
[xUnit.net 00:00:04.68]         C:\Users\endim\LLMGameCreator\tests\LLMGameCreator.Tests\ProductSmoke\VisualWorldStreamPreviewWorkspaceProductSmokeTests.cs(195,0): at LLMGameCreator.Tests.ProductSmoke.VisualWorldStreamPreviewWorkspaceProductSmokeTests.Goal096UnityHandoffInspectorProbeReadinessProductSmoke()
[xUnit.net 00:00:04.68]         --- End of stack trace from previous location ---
[xUnit.net 00:00:04.68]   Finished:    LLMGameCreator.Tests
  Failed LLMGameCreator.Tests.ProductSmoke.VisualWorldStreamPreviewWorkspaceProductSmokeTests.Goal096UnityHandoffInspectorProbeReadinessProductSmoke [2 s]
  Error Message:
   Assert.True() Failure
Expected: True
Actual:   False
  Stack Trace:
     at LLMGameCreator.Tests.ProductSmoke.VisualWorldStreamPreviewWorkspaceProductSmokeTests.Goal096UnityHandoffInspectorProbeReadinessProductSmoke() in C:\Users\endim\LLMGameCreator\tests\LLMGameCreator.Tests\ProductSmoke\VisualWorldStreamPreviewWorkspaceProductSmokeTests.cs:line 195
--- End of stack trace from previous location ---
Results File: C:\Users\endim\LLMGameCreator\.devflow\runs\goal150b-complete-suite-refined\trx\shard-0566.trx

Total tests: 2
     Failed: 2
 Total time: 5,1306 Seconds
