Test run for C:\Users\endim\LLMGameCreator\tests\LLMGameCreator.Tests\bin\Debug\net8.0-windows\LLMGameCreator.Tests.dll (.NETCoreApp,Version=v8.0)
A total of 1 test files matched the specified pattern.
C:\Users\endim\LLMGameCreator\tests\LLMGameCreator.Tests\bin\Debug\net8.0-windows\LLMGameCreator.Tests.dll
[xUnit.net 00:00:00.00] xUnit.net VSTest Adapter v2.8.2+699d445a1a (64-bit .NET 8.0.26)
[xUnit.net 00:00:00.15]   Discovering: LLMGameCreator.Tests
[xUnit.net 00:00:00.34]   Discovered:  LLMGameCreator.Tests
[xUnit.net 00:00:00.35]   Starting:    LLMGameCreator.Tests
[xUnit.net 00:00:00.40]   Finished:    LLMGameCreator.Tests
  Passed LLMGameCreator.Tests.Design.GeneratorPlanStrictLlmEvaluationMarkdownRendererTests.MarkdownRendererRecommendsTightenPromptWhenJsonFailuresHigh [20 ms]
  Passed LLMGameCreator.Tests.Design.GeneratorPlanStrictLlmEvaluationMarkdownRendererTests.MarkdownRendererWarnsHighJsonInvalidCount [< 1 ms]
  Passed LLMGameCreator.Tests.Design.GeneratorPlanStrictLlmEvaluationMarkdownRendererTests.MarkdownRendererHandlesEmptyDiagnosticsAndSamples [< 1 ms]
  Passed LLMGameCreator.Tests.Design.GeneratorPlanStrictLlmEvaluationMarkdownRendererTests.MarkdownRendererDeterministicForSameResult [< 1 ms]
  Passed LLMGameCreator.Tests.Design.GeneratorPlanStrictLlmEvaluationMarkdownRendererTests.MarkdownRendererShowsWarningsWithHighPassRate [< 1 ms]
  Passed LLMGameCreator.Tests.Design.GeneratorPlanStrictLlmEvaluationMarkdownRendererTests.MarkdownRendererRecommendsContractStableWhenPassRateHigh [< 1 ms]
  Passed LLMGameCreator.Tests.Design.GeneratorPlanStrictLlmEvaluationMarkdownRendererTests.MarkdownRendererGoldenRecommendationsMatchFixture [< 1 ms]
  Passed LLMGameCreator.Tests.Design.GeneratorPlanStrictLlmEvaluationMarkdownRendererTests.MarkdownRendererIncludesSummaryContractDiagnosticsSamplesAndRecommendations [< 1 ms]
Results File: C:\Users\endim\LLMGameCreator\.devflow\runs\goal150b-complete-suite-refined\trx\shard-0381.trx

Test Run Successful.
Total tests: 8
     Passed: 8
 Total time: 0,8065 Seconds
