Test run for C:\Users\endim\LLMGameCreator\tests\LLMGameCreator.Tests\bin\Debug\net8.0-windows\LLMGameCreator.Tests.dll (.NETCoreApp,Version=v8.0)
A total of 1 test files matched the specified pattern.
C:\Users\endim\LLMGameCreator\tests\LLMGameCreator.Tests\bin\Debug\net8.0-windows\LLMGameCreator.Tests.dll
[xUnit.net 00:00:00.00] xUnit.net VSTest Adapter v2.8.2+699d445a1a (64-bit .NET 8.0.26)
[xUnit.net 00:00:00.14]   Discovering: LLMGameCreator.Tests
[xUnit.net 00:00:00.32]   Discovered:  LLMGameCreator.Tests
[xUnit.net 00:00:00.33]   Starting:    LLMGameCreator.Tests
  Passed LLMGameCreator.Tests.Design.GeneratorPlanDraftArtifactApprovalPipelineTests.ReaderReturnsEmptySavedArtifactsValidationWorklistAndWorksWhenMarkdownMissing [111 ms]
  Passed LLMGameCreator.Tests.Design.GeneratorPlanDraftArtifactApprovalPipelineTests.ValidatorAndPolicyReportErrorsWarningsAndValidationResults [6 ms]
  Passed LLMGameCreator.Tests.Design.GeneratorPlanDraftArtifactApprovalPipelineTests.ServiceAppliesExplicitApproveRejectRepairDecisions [4 ms]
  Passed LLMGameCreator.Tests.Design.GeneratorPlanDraftArtifactApprovalPipelineTests.ArtifactServiceSavesStagingMarkdownApprovedSetValidationAndIsIdempotent [35 ms]
  Passed LLMGameCreator.Tests.Design.GeneratorPlanDraftArtifactApprovalPipelineTests.ServiceKeepsBlockedArtifactsBlockedWithoutDecision [< 1 ms]
  Passed LLMGameCreator.Tests.Design.GeneratorPlanDraftArtifactApprovalPipelineTests.MarkdownRendererRendersWorklistApprovedSetRejectedRepairDiagnosticsAndEscapesCells [10 ms]
  Passed LLMGameCreator.Tests.Design.GeneratorPlanDraftArtifactApprovalPipelineTests.ArtifactServiceSupportsCustomArtifactIdsAndSkipsMarkdownWhenDisabled [20 ms]
  Passed LLMGameCreator.Tests.Design.GeneratorPlanDraftArtifactApprovalPipelineTests.ServiceCreatesPendingSnapshotFromProductionResult [< 1 ms]
  Passed LLMGameCreator.Tests.Design.GeneratorPlanDraftArtifactApprovalPipelineTests.MarkdownRendererTruncatesLongJsonPreview [< 1 ms]
[xUnit.net 00:00:00.61]   Finished:    LLMGameCreator.Tests
  Passed LLMGameCreator.Tests.Design.GeneratorPlanDraftArtifactApprovalPipelineTests.ServiceAutoApprovesValidArtifactsWhenRequested [< 1 ms]
  Passed LLMGameCreator.Tests.Design.GeneratorPlanDraftArtifactApprovalPipelineTests.ServiceCreatesSnapshotFromExamplePathAndCanSkipMarkdownRendering [47 ms]
Results File: C:\Users\endim\LLMGameCreator\.devflow\runs\goal150b-complete-suite-refined\trx\shard-0364.trx

Test Run Successful.
Total tests: 11
     Passed: 11
 Total time: 0,9812 Seconds
