Test run for C:\Users\endim\LLMGameCreator\tests\LLMGameCreator.Tests\bin\Debug\net8.0-windows\LLMGameCreator.Tests.dll (.NETCoreApp,Version=v8.0)
A total of 1 test files matched the specified pattern.
C:\Users\endim\LLMGameCreator\tests\LLMGameCreator.Tests\bin\Debug\net8.0-windows\LLMGameCreator.Tests.dll
[xUnit.net 00:00:00.00] xUnit.net VSTest Adapter v2.8.2+699d445a1a (64-bit .NET 8.0.26)
[xUnit.net 00:00:00.14]   Discovering: LLMGameCreator.Tests
[xUnit.net 00:00:00.33]   Discovered:  LLMGameCreator.Tests
[xUnit.net 00:00:00.34]   Starting:    LLMGameCreator.Tests
[xUnit.net 00:00:01.20]   Finished:    LLMGameCreator.Tests
  Passed LLMGameCreator.Tests.Application.Semantics.SemanticGuidedCompositionAcceptanceTests.ForbiddenToneConflictMakesActualScenarioAcceptanceFalse [512 ms]
  Passed LLMGameCreator.Tests.Application.Semantics.SemanticGuidedCompositionAcceptanceTests.ExcludesConflictMakesActualScenarioAcceptanceFalse [38 ms]
  Passed LLMGameCreator.Tests.Application.Semantics.SemanticGuidedCompositionAcceptanceTests.ExpectedInvalidScenarioWithoutRealErrorFailsOverallMatrix [52 ms]
  Passed LLMGameCreator.Tests.Application.Semantics.SemanticGuidedCompositionAcceptanceTests.RequiresWithoutActiveTargetMakesActualScenarioAcceptanceFalse [37 ms]
  Passed LLMGameCreator.Tests.Application.Semantics.SemanticGuidedCompositionAcceptanceTests.MalformedReferencePackProducesReportDiagnosticInsteadOfThrowing [43 ms]
  Passed LLMGameCreator.Tests.Application.Semantics.SemanticGuidedCompositionAcceptanceTests.CompatibleAndPreferenceRelationsDoNotCreateFalseCompositionErrors [36 ms]
  Passed LLMGameCreator.Tests.Application.Semantics.SemanticGuidedCompositionAcceptanceTests.BuildsStableAcceptedSemanticGuidedCompositionArtifacts [86 ms]
Results File: C:\Users\endim\LLMGameCreator\.devflow\runs\goal150b-complete-suite-refined\trx\shard-0247.trx

Test Run Successful.
Total tests: 7
     Passed: 7
 Total time: 1,6307 Seconds
