Test run for C:\Users\endim\LLMGameCreator\tests\LLMGameCreator.Tests\bin\Debug\net8.0-windows\LLMGameCreator.Tests.dll (.NETCoreApp,Version=v8.0)
A total of 1 test files matched the specified pattern.
C:\Users\endim\LLMGameCreator\tests\LLMGameCreator.Tests\bin\Debug\net8.0-windows\LLMGameCreator.Tests.dll
[xUnit.net 00:00:00.00] xUnit.net VSTest Adapter v2.8.2+699d445a1a (64-bit .NET 8.0.26)
[xUnit.net 00:00:00.15]   Discovering: LLMGameCreator.Tests
[xUnit.net 00:00:00.33]   Discovered:  LLMGameCreator.Tests
[xUnit.net 00:00:00.34]   Starting:    LLMGameCreator.Tests
[xUnit.net 00:00:00.47]       Assert.Equal() Failure: Strings differ
[xUnit.net 00:00:00.47]                  ↓ (pos 0)
[xUnit.net 00:00:00.47]       Expected: "GREEN"
[xUnit.net 00:00:00.47]       Actual:   "BLOCKED"
[xUnit.net 00:00:00.47]                  ↑ (pos 0)
[xUnit.net 00:00:00.47]       Stack Trace:
[xUnit.net 00:00:00.47]         C:\Users\endim\LLMGameCreator\tests\LLMGameCreator.Tests\Application\OfflineGeoworldAlphaPostAcceptanceContinuationSelection\OfflineGeoworldAlphaPostAcceptanceContinuationSelectionTests.cs(15,0): at LLMGameCreator.Tests.Application.OfflineGeoworldAlphaPostAcceptanceContinuationSelection.OfflineGeoworldAlphaPostAcceptanceContinuationSelectionTests.RepositoryContinuationSelectionIsGreenAndRecommendsBaselineReview()
[xUnit.net 00:00:00.47]            at System.RuntimeMethodHandle.InvokeMethod(Object target, Void** arguments, Signature sig, Boolean isConstructor)
[xUnit.net 00:00:00.47]            at System.Reflection.MethodBaseInvoker.InvokeWithNoArgs(Object obj, BindingFlags invokeAttr)
[xUnit.net 00:00:00.47]   Finished:    LLMGameCreator.Tests
  Passed LLMGameCreator.Tests.Application.OfflineGeoworldAlphaPostAcceptanceContinuationSelection.OfflineGeoworldAlphaPostAcceptanceContinuationSelectionTests.SelectionDoesNotRequireLocalManualResultToExist [69 ms]
  Passed LLMGameCreator.Tests.Application.OfflineGeoworldAlphaPostAcceptanceContinuationSelection.OfflineGeoworldAlphaPostAcceptanceContinuationSelectionTests.NonAcceptedGoal116EvidenceBlocksContinuationSelection [14 ms]
  Passed LLMGameCreator.Tests.Application.OfflineGeoworldAlphaPostAcceptanceContinuationSelection.OfflineGeoworldAlphaPostAcceptanceContinuationSelectionTests.NegativeProofRejectsForbiddenContinuationStarts [3 ms]
  Failed LLMGameCreator.Tests.Application.OfflineGeoworldAlphaPostAcceptanceContinuationSelection.OfflineGeoworldAlphaPostAcceptanceContinuationSelectionTests.RepositoryContinuationSelectionIsGreenAndRecommendsBaselineReview [3 ms]
  Error Message:
   Assert.Equal() Failure: Strings differ
           ↓ (pos 0)
Expected: "GREEN"
Actual:   "BLOCKED"
           ↑ (pos 0)
  Stack Trace:
     at LLMGameCreator.Tests.Application.OfflineGeoworldAlphaPostAcceptanceContinuationSelection.OfflineGeoworldAlphaPostAcceptanceContinuationSelectionTests.RepositoryContinuationSelectionIsGreenAndRecommendsBaselineReview() in C:\Users\endim\LLMGameCreator\tests\LLMGameCreator.Tests\Application\OfflineGeoworldAlphaPostAcceptanceContinuationSelection\OfflineGeoworldAlphaPostAcceptanceContinuationSelectionTests.cs:line 15
   at System.RuntimeMethodHandle.InvokeMethod(Object target, Void** arguments, Signature sig, Boolean isConstructor)
   at System.Reflection.MethodBaseInvoker.InvokeWithNoArgs(Object obj, BindingFlags invokeAttr)
Results File: C:\Users\endim\LLMGameCreator\.devflow\runs\goal150b-complete-suite-refined\trx\shard-0172.trx

Total tests: 4
     Passed: 3
     Failed: 1
 Total time: 0,8817 Seconds
