Test run for C:\Users\endim\LLMGameCreator\tests\LLMGameCreator.Tests\bin\Debug\net8.0-windows\LLMGameCreator.Tests.dll (.NETCoreApp,Version=v8.0)
A total of 1 test files matched the specified pattern.
C:\Users\endim\LLMGameCreator\tests\LLMGameCreator.Tests\bin\Debug\net8.0-windows\LLMGameCreator.Tests.dll
[xUnit.net 00:00:00.00] xUnit.net VSTest Adapter v2.8.2+699d445a1a (64-bit .NET 8.0.26)
[xUnit.net 00:00:00.15]   Discovering: LLMGameCreator.Tests
[xUnit.net 00:00:00.36]   Discovered:  LLMGameCreator.Tests
[xUnit.net 00:00:00.37]   Starting:    LLMGameCreator.Tests
[xUnit.net 00:00:02.05]       Assert.True() Failure
[xUnit.net 00:00:02.05]       Expected: True
[xUnit.net 00:00:02.05]       Actual:   False
[xUnit.net 00:00:02.06]       Stack Trace:
[xUnit.net 00:00:02.06]         C:\Users\endim\LLMGameCreator\tests\LLMGameCreator.Tests\Application\OfflineGeoworldUnityPlayModeTravelPreview\OfflineGeoworldUnityPlayModeTravelPreviewTests.cs(113,0): at LLMGameCreator.Tests.Application.OfflineGeoworldUnityPlayModeTravelPreview.OfflineGeoworldUnityPlayModeTravelPreviewTests.WorkspaceGroupSurfacesPlayModeTravelReadiness()
[xUnit.net 00:00:02.06]         --- End of stack trace from previous location ---
[xUnit.net 00:00:02.27]       Assert.True() Failure
[xUnit.net 00:00:02.27]       Expected: True
[xUnit.net 00:00:02.27]       Actual:   False
[xUnit.net 00:00:02.27]       Stack Trace:
[xUnit.net 00:00:02.27]         C:\Users\endim\LLMGameCreator\tests\LLMGameCreator.Tests\Application\OfflineGeoworldUnityPlayModeTravelPreview\OfflineGeoworldUnityPlayModeTravelPreviewTests.cs(144,0): at LLMGameCreator.Tests.Application.OfflineGeoworldUnityPlayModeTravelPreview.OfflineGeoworldUnityPlayModeTravelPreviewTests.EvidenceIsDeterministicAndSourceHealthClean()
[xUnit.net 00:00:02.27]         --- End of stack trace from previous location ---
[xUnit.net 00:00:02.45]       Assert.True() Failure
[xUnit.net 00:00:02.45]       Expected: True
[xUnit.net 00:00:02.45]       Actual:   False
[xUnit.net 00:00:02.45]       Stack Trace:
[xUnit.net 00:00:02.45]         C:\Users\endim\LLMGameCreator\tests\LLMGameCreator.Tests\Application\OfflineGeoworldUnityPlayModeTravelPreview\OfflineGeoworldUnityPlayModeTravelPreviewTests.cs(19,0): at LLMGameCreator.Tests.Application.OfflineGeoworldUnityPlayModeTravelPreview.OfflineGeoworldUnityPlayModeTravelPreviewTests.ServiceBuildsPlayModeTravelPayloadAndEvidence()
[xUnit.net 00:00:02.45]         --- End of stack trace from previous location ---
[xUnit.net 00:00:02.53]   Finished:    LLMGameCreator.Tests
  Failed LLMGameCreator.Tests.Application.OfflineGeoworldUnityPlayModeTravelPreview.OfflineGeoworldUnityPlayModeTravelPreviewTests.WorkspaceGroupSurfacesPlayModeTravelReadiness [1 s]
  Error Message:
   Assert.True() Failure
Expected: True
Actual:   False
  Stack Trace:
     at LLMGameCreator.Tests.Application.OfflineGeoworldUnityPlayModeTravelPreview.OfflineGeoworldUnityPlayModeTravelPreviewTests.WorkspaceGroupSurfacesPlayModeTravelReadiness() in C:\Users\endim\LLMGameCreator\tests\LLMGameCreator.Tests\Application\OfflineGeoworldUnityPlayModeTravelPreview\OfflineGeoworldUnityPlayModeTravelPreviewTests.cs:line 113
--- End of stack trace from previous location ---
  Failed LLMGameCreator.Tests.Application.OfflineGeoworldUnityPlayModeTravelPreview.OfflineGeoworldUnityPlayModeTravelPreviewTests.EvidenceIsDeterministicAndSourceHealthClean [215 ms]
  Error Message:
   Assert.True() Failure
Expected: True
Actual:   False
  Stack Trace:
     at LLMGameCreator.Tests.Application.OfflineGeoworldUnityPlayModeTravelPreview.OfflineGeoworldUnityPlayModeTravelPreviewTests.EvidenceIsDeterministicAndSourceHealthClean() in C:\Users\endim\LLMGameCreator\tests\LLMGameCreator.Tests\Application\OfflineGeoworldUnityPlayModeTravelPreview\OfflineGeoworldUnityPlayModeTravelPreviewTests.cs:line 144
--- End of stack trace from previous location ---
  Passed LLMGameCreator.Tests.Application.OfflineGeoworldUnityPlayModeTravelPreview.OfflineGeoworldUnityPlayModeTravelPreviewTests.SimulatedExecutionProofCoversTravelVisibilityAndSafety [89 ms]
  Failed LLMGameCreator.Tests.Application.OfflineGeoworldUnityPlayModeTravelPreview.OfflineGeoworldUnityPlayModeTravelPreviewTests.ServiceBuildsPlayModeTravelPayloadAndEvidence [84 ms]
  Error Message:
   Assert.True() Failure
Expected: True
Actual:   False
  Stack Trace:
     at LLMGameCreator.Tests.Application.OfflineGeoworldUnityPlayModeTravelPreview.OfflineGeoworldUnityPlayModeTravelPreviewTests.ServiceBuildsPlayModeTravelPayloadAndEvidence() in C:\Users\endim\LLMGameCreator\tests\LLMGameCreator.Tests\Application\OfflineGeoworldUnityPlayModeTravelPreview\OfflineGeoworldUnityPlayModeTravelPreviewTests.cs:line 19
--- End of stack trace from previous location ---
  Passed LLMGameCreator.Tests.Application.OfflineGeoworldUnityPlayModeTravelPreview.OfflineGeoworldUnityPlayModeTravelPreviewTests.NegativeProofAndGoal102BClosureCoverRequiredRisks [75 ms]
Results File: C:\Users\endim\LLMGameCreator\.devflow\runs\goal150b-complete-suite-refined\trx\shard-0181.trx

Total tests: 5
     Passed: 2
     Failed: 3
 Total time: 2,9717 Seconds
