Test run for C:\Users\endim\LLMGameCreator\tests\LLMGameCreator.Tests\bin\Debug\net8.0-windows\LLMGameCreator.Tests.dll (.NETCoreApp,Version=v8.0)
A total of 1 test files matched the specified pattern.
C:\Users\endim\LLMGameCreator\tests\LLMGameCreator.Tests\bin\Debug\net8.0-windows\LLMGameCreator.Tests.dll
[xUnit.net 00:00:00.00] xUnit.net VSTest Adapter v2.8.2+699d445a1a (64-bit .NET 8.0.26)
[xUnit.net 00:00:00.15]   Discovering: LLMGameCreator.Tests
[xUnit.net 00:00:00.33]   Discovered:  LLMGameCreator.Tests
[xUnit.net 00:00:00.34]   Starting:    LLMGameCreator.Tests
  Passed LLMGameCreator.Tests.Design.GeneratorPlanDraftArtifactProductionPipelineTests.ValidatorReportsNoArtifactsAsError [6 ms]
  Passed LLMGameCreator.Tests.Design.GeneratorPlanDraftArtifactProductionPipelineTests.ReaderReturnsBatchMarkdownProducedArtifactsAndValidationResults [135 ms]
  Passed LLMGameCreator.Tests.Design.GeneratorPlanDraftArtifactProductionPipelineTests.DeterministicProducerUsesSourceContextForKnownArtifactKinds [21 ms]
  Passed LLMGameCreator.Tests.Design.GeneratorPlanDraftArtifactProductionPipelineTests.ReaderReturnsEmptyWhenMissing [10 ms]
  Passed LLMGameCreator.Tests.Design.GeneratorPlanDraftArtifactProductionPipelineTests.ValidatorReportsInvalidJsonAsError [1 ms]
  Passed LLMGameCreator.Tests.Design.GeneratorPlanDraftArtifactProductionPipelineTests.ReaderBuildsWorklistForApprovalAndRepair [46 ms]
  Passed LLMGameCreator.Tests.Design.GeneratorPlanDraftArtifactProductionPipelineTests.MarkdownRendererRendersSummaryArtifactsDiagnosticsAndJsonPreview [< 1 ms]
  Passed LLMGameCreator.Tests.Design.GeneratorPlanDraftArtifactProductionPipelineTests.ServiceProducesArtifactsFromExamplePath [30 ms]
  Passed LLMGameCreator.Tests.Design.GeneratorPlanDraftArtifactProductionPipelineTests.MarkdownRendererEscapesTableCells [< 1 ms]
  Passed LLMGameCreator.Tests.Design.GeneratorPlanDraftArtifactProductionPipelineTests.ServiceCanSkipMarkdownRendering [< 1 ms]
  Passed LLMGameCreator.Tests.Design.GeneratorPlanDraftArtifactProductionPipelineTests.ServiceReturnsInvalidWhenQueueInvalid [< 1 ms]
  Passed LLMGameCreator.Tests.Design.GeneratorPlanDraftArtifactProductionPipelineTests.ValidatorReportsArtifactIdMismatchAsWarning [< 1 ms]
  Passed LLMGameCreator.Tests.Design.GeneratorPlanDraftArtifactProductionPipelineTests.ArtifactServiceIsIdempotentForSameArtifactIds [40 ms]
  Passed LLMGameCreator.Tests.Design.GeneratorPlanDraftArtifactProductionPipelineTests.ProductionServicePropagatesSourceContextToProducedArtifacts [10 ms]
  Passed LLMGameCreator.Tests.Design.GeneratorPlanDraftArtifactProductionPipelineTests.ValidationPolicyMapsOnlyWarningsAndErrorsToValidationResults [< 1 ms]
  Passed LLMGameCreator.Tests.Design.GeneratorPlanDraftArtifactProductionPipelineTests.ProducerCreatesKnownContractSpecificPayloads [1 ms]
  Passed LLMGameCreator.Tests.Design.GeneratorPlanDraftArtifactProductionPipelineTests.ArtifactServiceSupportsCustomBatchAndMarkdownArtifactIds [28 ms]
  Passed LLMGameCreator.Tests.Design.GeneratorPlanDraftArtifactProductionPipelineTests.ProducerCreatesGenericPayloadForUnknownKind [< 1 ms]
  Passed LLMGameCreator.Tests.Design.GeneratorPlanDraftArtifactProductionPipelineTests.ValidatorReportsMissingSchemaVersionAsWarning [< 1 ms]
  Passed LLMGameCreator.Tests.Design.GeneratorPlanDraftArtifactProductionPipelineTests.ValidatorReportsBlockedArtifactWithoutRepairRequestAsWarning [< 1 ms]
  Passed LLMGameCreator.Tests.Design.GeneratorPlanDraftArtifactProductionPipelineTests.ProducerCreatesBlockedEnvelopeForBlockedItemWhenBlockedProductionDisabled [1 ms]
  Passed LLMGameCreator.Tests.Design.GeneratorPlanDraftArtifactProductionPipelineTests.ValidatorReportsDuplicateArtifactIdsAsError [< 1 ms]
  Passed LLMGameCreator.Tests.Design.GeneratorPlanDraftArtifactProductionPipelineTests.ProducerCreatesGameProfileDraftJson [< 1 ms]
  Passed LLMGameCreator.Tests.Design.GeneratorPlanDraftArtifactProductionPipelineTests.ValidatorAcceptsValidProductionBatch [< 1 ms]
  Passed LLMGameCreator.Tests.Design.GeneratorPlanDraftArtifactProductionPipelineTests.ArtifactServiceSavesBatchMarkdownAndProducedArtifacts [28 ms]
  Passed LLMGameCreator.Tests.Design.GeneratorPlanDraftArtifactProductionPipelineTests.ServiceProducesArtifactsFromQueueResult [< 1 ms]
  Passed LLMGameCreator.Tests.Design.GeneratorPlanDraftArtifactProductionPipelineTests.MarkdownRendererTruncatesLongJsonPreview [< 1 ms]
[xUnit.net 00:00:00.84]   Finished:    LLMGameCreator.Tests
  Passed LLMGameCreator.Tests.Design.GeneratorPlanDraftArtifactProductionPipelineTests.ProducedJsonIsValidJson [< 1 ms]
  Passed LLMGameCreator.Tests.Design.GeneratorPlanDraftArtifactProductionPipelineTests.ArtifactServiceSkipsMarkdownWhenRenderingDisabled [23 ms]
  Passed LLMGameCreator.Tests.Design.GeneratorPlanDraftArtifactProductionPipelineTests.ServiceKeepsBlockedItemsBlocked [< 1 ms]
  Passed LLMGameCreator.Tests.Design.GeneratorPlanDraftArtifactProductionPipelineTests.ReaderWorksWhenMarkdownMissing [24 ms]
  Passed LLMGameCreator.Tests.Design.GeneratorPlanDraftArtifactProductionPipelineTests.ArtifactServiceSavesValidationResultsForBatchAndProducedArtifacts [36 ms]
Results File: C:\Users\endim\LLMGameCreator\.devflow\runs\goal150b-complete-suite-refined\trx\shard-0365.trx

Test Run Successful.
Total tests: 32
     Passed: 32
 Total time: 1,2059 Seconds
