Test run for C:\Users\endim\LLMGameCreator\tests\LLMGameCreator.Tests\bin\Debug\net8.0-windows\LLMGameCreator.Tests.dll (.NETCoreApp,Version=v8.0)
A total of 1 test files matched the specified pattern.
C:\Users\endim\LLMGameCreator\tests\LLMGameCreator.Tests\bin\Debug\net8.0-windows\LLMGameCreator.Tests.dll
[xUnit.net 00:00:00.00] xUnit.net VSTest Adapter v2.8.2+699d445a1a (64-bit .NET 8.0.26)
[xUnit.net 00:00:00.16]   Discovering: LLMGameCreator.Tests
[xUnit.net 00:00:00.35]   Discovered:  LLMGameCreator.Tests
[xUnit.net 00:00:00.36]   Starting:    LLMGameCreator.Tests
[xUnit.net 00:00:00.49]       Assert.Equal() Failure: Strings differ
[xUnit.net 00:00:00.49]                  ↓ (pos 0)
[xUnit.net 00:00:00.49]       Expected: "GREEN"
[xUnit.net 00:00:00.49]       Actual:   "BLOCKED"
[xUnit.net 00:00:00.49]                  ↑ (pos 0)
[xUnit.net 00:00:00.49]       Stack Trace:
[xUnit.net 00:00:00.49]         C:\Users\endim\LLMGameCreator\tests\LLMGameCreator.Tests\ProductSmoke\OfflineGeoworldAcceptedAlphaBaselineReviewProductSmokeTests.cs(16,0): at LLMGameCreator.Tests.ProductSmoke.OfflineGeoworldAcceptedAlphaBaselineReviewProductSmokeTests.ProductSmokeWritesBaselineArtifactsAndWorkspaceSurface()
[xUnit.net 00:00:00.49]         --- End of stack trace from previous location ---
[xUnit.net 00:00:00.50]   Finished:    LLMGameCreator.Tests
  Failed LLMGameCreator.Tests.ProductSmoke.OfflineGeoworldAcceptedAlphaBaselineReviewProductSmokeTests.ProductSmokeWritesBaselineArtifactsAndWorkspaceSurface [87 ms]
  Error Message:
   Assert.Equal() Failure: Strings differ
           ↓ (pos 0)
Expected: "GREEN"
Actual:   "BLOCKED"
           ↑ (pos 0)
  Stack Trace:
     at LLMGameCreator.Tests.ProductSmoke.OfflineGeoworldAcceptedAlphaBaselineReviewProductSmokeTests.ProductSmokeWritesBaselineArtifactsAndWorkspaceSurface() in C:\Users\endim\LLMGameCreator\tests\LLMGameCreator.Tests\ProductSmoke\OfflineGeoworldAcceptedAlphaBaselineReviewProductSmokeTests.cs:line 16
--- End of stack trace from previous location ---
Results File: C:\Users\endim\LLMGameCreator\.devflow\runs\goal150b-complete-suite-refined\trx\shard-0491.trx

Total tests: 1
     Failed: 1
 Total time: 0,9259 Seconds
