Test run for C:\Users\endim\LLMGameCreator\tests\LLMGameCreator.Tests\bin\Debug\net8.0-windows\LLMGameCreator.Tests.dll (.NETCoreApp,Version=v8.0)
A total of 1 test files matched the specified pattern.
C:\Users\endim\LLMGameCreator\tests\LLMGameCreator.Tests\bin\Debug\net8.0-windows\LLMGameCreator.Tests.dll
[xUnit.net 00:00:00.00] xUnit.net VSTest Adapter v2.8.2+699d445a1a (64-bit .NET 8.0.26)
[xUnit.net 00:00:00.14]   Discovering: LLMGameCreator.Tests
[xUnit.net 00:00:00.34]   Discovered:  LLMGameCreator.Tests
[xUnit.net 00:00:00.36]   Starting:    LLMGameCreator.Tests
[xUnit.net 00:00:00.68]       Assert.Contains() Failure: Sub-string not found
[xUnit.net 00:00:00.68]       String:    "# CONTEXT_INDEX.md\r\n\r\nPurpose: reduce rep"···
[xUnit.net 00:00:00.68]       Not found: "goal150b_independent_audit_then_bundled_h"···
[xUnit.net 00:00:00.68]       Stack Trace:
[xUnit.net 00:00:00.68]         C:\Users\endim\LLMGameCreator\tests\LLMGameCreator.Tests\Application\RichPackageAssemblyCoverageAudit\RichPackageAssemblyCoverageAuditAcceptanceTests.cs(174,0): at LLMGameCreator.Tests.Application.RichPackageAssemblyCoverageAudit.RichPackageAssemblyCoverageAuditAcceptanceTests.CurrentStateKeepsGoal024RecordAfterLaterGoalHandoff()
[xUnit.net 00:00:00.68]            at System.RuntimeMethodHandle.InvokeMethod(Object target, Void** arguments, Signature sig, Boolean isConstructor)
[xUnit.net 00:00:00.68]            at System.Reflection.MethodBaseInvoker.InvokeWithNoArgs(Object obj, BindingFlags invokeAttr)
[xUnit.net 00:00:00.68]   Finished:    LLMGameCreator.Tests
  Passed LLMGameCreator.Tests.Application.RichPackageAssemblyCoverageAudit.RichPackageAssemblyCoverageAuditAcceptanceTests.NextSlicePlanIsRecommendationOnly [92 ms]
  Passed LLMGameCreator.Tests.Application.RichPackageAssemblyCoverageAudit.RichPackageAssemblyCoverageAuditAcceptanceTests.FutureRequiredAndBlockedGapsArePreserved [8 ms]
  Passed LLMGameCreator.Tests.Application.RichPackageAssemblyCoverageAudit.RichPackageAssemblyCoverageAuditAcceptanceTests.WrittenReportRoundTripsManualGate [57 ms]
  Passed LLMGameCreator.Tests.Application.RichPackageAssemblyCoverageAudit.RichPackageAssemblyCoverageAuditAcceptanceTests.BuildsDeterministicCoverageAuditArtifacts [62 ms]
  Passed LLMGameCreator.Tests.Application.RichPackageAssemblyCoverageAudit.RichPackageAssemblyCoverageAuditAcceptanceTests.RejectsMissingGateMissingInputsAndMutationClaims [16 ms]
  Passed LLMGameCreator.Tests.Application.RichPackageAssemblyCoverageAudit.RichPackageAssemblyCoverageAuditAcceptanceTests.InvalidFakeLeakMatrixRejectsRequiredScenarios [15 ms]
  Passed LLMGameCreator.Tests.Application.RichPackageAssemblyCoverageAudit.RichPackageAssemblyCoverageAuditAcceptanceTests.CoverageDomainsArePresentAndEvidenceBacked [8 ms]
  Failed LLMGameCreator.Tests.Application.RichPackageAssemblyCoverageAudit.RichPackageAssemblyCoverageAuditAcceptanceTests.CurrentStateKeepsGoal024RecordAfterLaterGoalHandoff [22 ms]
  Error Message:
   Assert.Contains() Failure: Sub-string not found
String:    "# CONTEXT_INDEX.md\r\n\r\nPurpose: reduce rep"···
Not found: "goal150b_independent_audit_then_bundled_h"···
  Stack Trace:
     at LLMGameCreator.Tests.Application.RichPackageAssemblyCoverageAudit.RichPackageAssemblyCoverageAuditAcceptanceTests.CurrentStateKeepsGoal024RecordAfterLaterGoalHandoff() in C:\Users\endim\LLMGameCreator\tests\LLMGameCreator.Tests\Application\RichPackageAssemblyCoverageAudit\RichPackageAssemblyCoverageAuditAcceptanceTests.cs:line 174
   at System.RuntimeMethodHandle.InvokeMethod(Object target, Void** arguments, Signature sig, Boolean isConstructor)
   at System.Reflection.MethodBaseInvoker.InvokeWithNoArgs(Object obj, BindingFlags invokeAttr)
Results File: C:\Users\endim\LLMGameCreator\.devflow\runs\goal150b-complete-suite-refined\trx\shard-0205.trx

Total tests: 8
     Passed: 7
     Failed: 1
 Total time: 1,0851 Seconds
