Test run for C:\Users\endim\LLMGameCreator\tests\LLMGameCreator.Tests\bin\Debug\net8.0-windows\LLMGameCreator.Tests.dll (.NETCoreApp,Version=v8.0)
A total of 1 test files matched the specified pattern.
C:\Users\endim\LLMGameCreator\tests\LLMGameCreator.Tests\bin\Debug\net8.0-windows\LLMGameCreator.Tests.dll
[xUnit.net 00:00:00.00] xUnit.net VSTest Adapter v2.8.2+699d445a1a (64-bit .NET 8.0.26)
[xUnit.net 00:00:00.17]   Discovering: LLMGameCreator.Tests
[xUnit.net 00:00:00.37]   Discovered:  LLMGameCreator.Tests
[xUnit.net 00:00:00.38]   Starting:    LLMGameCreator.Tests
  Passed LLMGameCreator.Tests.Design.GeneratorPlanCapabilitySelectionServiceTests.SaveAndReadLatestSelectionArtifact [146 ms]
  Passed LLMGameCreator.Tests.Design.GeneratorPlanCapabilitySelectionServiceTests.BuildSelectionPreservesComposableSelectionsAndKeepsHybridCombatNonFatal [10 ms]
  Passed LLMGameCreator.Tests.Design.GeneratorPlanCapabilitySelectionServiceTests.CoreAtlasPlanningHelpExplainsRequiredTechnicalGenerationBase [10 ms]
  Passed LLMGameCreator.Tests.Design.GeneratorPlanCapabilitySelectionServiceTests.StrictPromptIncludesComposableArraysOnlyWhenPresent [7 ms]
  Passed LLMGameCreator.Tests.Design.GeneratorPlanCapabilitySelectionServiceTests.HelpCatalogReturnsRussianMetadataAndSafeFallback [< 1 ms]
  Passed LLMGameCreator.Tests.Design.GeneratorPlanCapabilitySelectionServiceTests.BuildSelectionRejectsUnknownPresentationMode [5 ms]
  Passed LLMGameCreator.Tests.Design.GeneratorPlanCapabilitySelectionServiceTests.DiagnosticCategoryDisplayNameUsesRussianMeaning(category: "info", expectedText: "Информация") [< 1 ms]
  Passed LLMGameCreator.Tests.Design.GeneratorPlanCapabilitySelectionServiceTests.DiagnosticCategoryDisplayNameUsesRussianMeaning(category: "risky", expectedText: "есть риск") [< 1 ms]
  Passed LLMGameCreator.Tests.Design.GeneratorPlanCapabilitySelectionServiceTests.DiagnosticCategoryDisplayNameUsesRussianMeaning(category: "impossible", expectedText: "Нельзя совместить") [< 1 ms]
  Passed LLMGameCreator.Tests.Design.GeneratorPlanCapabilitySelectionServiceTests.DiagnosticCategoryDisplayNameUsesRussianMeaning(category: "unsupported_yet", expectedText: "Идея возможна") [< 1 ms]
  Passed LLMGameCreator.Tests.Design.GeneratorPlanCapabilitySelectionServiceTests.BuildSelectionWarnsForMissingFutureContractsButDoesNotFail [5 ms]
  Passed LLMGameCreator.Tests.Design.GeneratorPlanCapabilitySelectionServiceTests.BuildSelectionAcceptsKnownFirstPersonGridPartyBlobShape [5 ms]
  Passed LLMGameCreator.Tests.Design.GeneratorPlanCapabilitySelectionServiceTests.DiagnosticCategoryMappingUsesUserFacingCategories(code: "capability_selection.missing_artifact_contract", expectedCategory: "unsupported_yet") [< 1 ms]
  Passed LLMGameCreator.Tests.Design.GeneratorPlanCapabilitySelectionServiceTests.DiagnosticCategoryMappingUsesUserFacingCategories(code: "capability_selection.variant_not_recommended", expectedCategory: "risky") [< 1 ms]
  Passed LLMGameCreator.Tests.Design.GeneratorPlanCapabilitySelectionServiceTests.DiagnosticCategoryMappingUsesUserFacingCategories(code: "capability_selection.incompatible_presentation_wor"···, expectedCategory: "impossible") [< 1 ms]
  Passed LLMGameCreator.Tests.Design.GeneratorPlanCapabilitySelectionServiceTests.DiagnosticCategoryMappingUsesUserFacingCategories(code: "capability_selection.capability_gap", expectedCategory: "unsupported_yet") [< 1 ms]
  Passed LLMGameCreator.Tests.Design.GeneratorPlanCapabilitySelectionServiceTests.DiagnosticCategoryMappingUsesUserFacingCategories(code: "capability_selection.loaded", expectedCategory: "info") [< 1 ms]
  Passed LLMGameCreator.Tests.Design.GeneratorPlanCapabilitySelectionServiceTests.BuildSelectionResolvesFeatureBundleContractsValidatorsAndRuntimeTargets [5 ms]
[xUnit.net 00:00:00.65]   Finished:    LLMGameCreator.Tests
  Passed LLMGameCreator.Tests.Design.GeneratorPlanCapabilitySelectionServiceTests.BuildSelectionWarnsWhenActorOrCombatIsNotRecommended [4 ms]
  Passed LLMGameCreator.Tests.Design.GeneratorPlanCapabilitySelectionServiceTests.BuildSelectionRejectsIncompatiblePresentationWorldCombination [6 ms]
  Passed LLMGameCreator.Tests.Design.GeneratorPlanCapabilitySelectionServiceTests.NewSelectionJsonRoundTripsComposableArrays [1 ms]
  Passed LLMGameCreator.Tests.Design.GeneratorPlanCapabilitySelectionServiceTests.OldSelectionJsonDeserializesWithEmptyComposableArrays [1 ms]
  Passed LLMGameCreator.Tests.Design.GeneratorPlanCapabilitySelectionServiceTests.AtlasReaderParsesCurrentAtlasFiles [6 ms]
Results File: C:\Users\endim\LLMGameCreator\.devflow\runs\goal150b-complete-suite-refined\trx\shard-0363.trx

Test Run Successful.
Total tests: 23
     Passed: 23
 Total time: 1,0398 Seconds
