Test run for C:\Users\endim\LLMGameCreator\tests\LLMGameCreator.Tests\bin\Debug\net8.0-windows\LLMGameCreator.Tests.dll (.NETCoreApp,Version=v8.0)
A total of 1 test files matched the specified pattern.
C:\Users\endim\LLMGameCreator\tests\LLMGameCreator.Tests\bin\Debug\net8.0-windows\LLMGameCreator.Tests.dll
[xUnit.net 00:00:00.00] xUnit.net VSTest Adapter v2.8.2+699d445a1a (64-bit .NET 8.0.26)
[xUnit.net 00:00:00.17]   Discovering: LLMGameCreator.Tests
[xUnit.net 00:00:00.36]   Discovered:  LLMGameCreator.Tests
[xUnit.net 00:00:00.38]   Starting:    LLMGameCreator.Tests
  Passed LLMGameCreator.Tests.Application.Gameplay.RulePackCombatFactionSocialWorkTheftAcceptanceTests.SuccessfulRealDeltaForWrongTargetCannotSatisfyRuntimeEvidence [448 ms]
  Passed LLMGameCreator.Tests.Application.Gameplay.RulePackCombatFactionSocialWorkTheftAcceptanceTests.ValidScenariosProveExactBindingsRealRuntimeCommandsAndFullStateSaveLoad [110 ms]
  Passed LLMGameCreator.Tests.Application.Gameplay.RulePackCombatFactionSocialWorkTheftAcceptanceTests.BuildsStableAcceptedRulePackCombatFactionSocialWorkTheftArtifacts [175 ms]
  Passed LLMGameCreator.Tests.Application.Gameplay.RulePackCombatFactionSocialWorkTheftAcceptanceTests.ValidScenarioFamiliesCoverCombatFactionSocialWorkTheftAndCombinedLoop [82 ms]
  Passed LLMGameCreator.Tests.Application.Gameplay.RulePackCombatFactionSocialWorkTheftAcceptanceTests.ValidScenariosExposeSequentialIsolationEvidenceAndInjectedLeakIsConcrete [76 ms]
  Passed LLMGameCreator.Tests.Application.Gameplay.RulePackCombatFactionSocialWorkTheftAcceptanceTests.ExternalFakeAdapterCannotSatisfyAcceptance [17 ms]
  Passed LLMGameCreator.Tests.Application.Gameplay.RulePackCombatFactionSocialWorkTheftAcceptanceTests.InvalidScenariosAreRejectedByStableCausalDiagnosticsOrRuntimeFailures [73 ms]
[xUnit.net 00:00:01.50]   Finished:    LLMGameCreator.Tests
  Passed LLMGameCreator.Tests.Application.Gameplay.RulePackCombatFactionSocialWorkTheftAcceptanceTests.RemovingInjectedLeakMakesExpectedInvalidMatrixFail [80 ms]
  Passed LLMGameCreator.Tests.Application.Gameplay.RulePackCombatFactionSocialWorkTheftAcceptanceTests.DefaultUnavailableAdapterCannotSatisfyAcceptance [19 ms]
Results File: C:\Users\endim\LLMGameCreator\.devflow\runs\goal150b-complete-suite-refined\trx\shard-0095.trx

Test Run Successful.
Total tests: 9
     Passed: 9
 Total time: 1,9026 Seconds
