Test run for C:\Users\endim\LLMGameCreator\tests\LLMGameCreator.Tests\bin\Debug\net8.0-windows\LLMGameCreator.Tests.dll (.NETCoreApp,Version=v8.0)
A total of 1 test files matched the specified pattern.
C:\Users\endim\LLMGameCreator\tests\LLMGameCreator.Tests\bin\Debug\net8.0-windows\LLMGameCreator.Tests.dll
[xUnit.net 00:00:00.00] xUnit.net VSTest Adapter v2.8.2+699d445a1a (64-bit .NET 8.0.26)
[xUnit.net 00:00:00.15]   Discovering: LLMGameCreator.Tests
[xUnit.net 00:00:00.38]   Discovered:  LLMGameCreator.Tests
[xUnit.net 00:00:00.39]   Starting:    LLMGameCreator.Tests
  Passed LLMGameCreator.Tests.Scripting.PrototypeLuaStaticAnalyzerTests.AnalyzerRejectsForbiddenTokens(source: "require('x')", code: "lua.prototype.forbidden_loader") [6 ms]
  Passed LLMGameCreator.Tests.Scripting.PrototypeLuaStaticAnalyzerTests.AnalyzerRejectsForbiddenTokens(source: "debug.traceback()", code: "lua.prototype.forbidden_api") [< 1 ms]
  Passed LLMGameCreator.Tests.Scripting.PrototypeLuaStaticAnalyzerTests.AnalyzerRejectsForbiddenTokens(source: "load('return 1')", code: "lua.prototype.forbidden_loader") [< 1 ms]
  Passed LLMGameCreator.Tests.Scripting.PrototypeLuaStaticAnalyzerTests.AnalyzerRejectsForbiddenTokens(source: "package.path = 'x'", code: "lua.prototype.forbidden_package") [< 1 ms]
  Passed LLMGameCreator.Tests.Scripting.PrototypeLuaStaticAnalyzerTests.AnalyzerRejectsForbiddenTokens(source: "io.open('x')", code: "lua.prototype.forbidden_api") [< 1 ms]
  Passed LLMGameCreator.Tests.Scripting.PrototypeLuaStaticAnalyzerTests.AnalyzerRejectsForbiddenTokens(source: "math.random()", code: "lua.prototype.forbidden_random") [< 1 ms]
  Passed LLMGameCreator.Tests.Scripting.PrototypeLuaStaticAnalyzerTests.AnalyzerRejectsForbiddenTokens(source: "dofile('x.lua')", code: "lua.prototype.forbidden_loader") [< 1 ms]
  Passed LLMGameCreator.Tests.Scripting.PrototypeLuaStaticAnalyzerTests.AnalyzerRejectsForbiddenTokens(source: "os.execute('x')", code: "lua.prototype.forbidden_api") [< 1 ms]
  Passed LLMGameCreator.Tests.Scripting.PrototypeLuaStaticAnalyzerTests.AnalyzerRejectsForbiddenTokens(source: "loadfile('x.lua')", code: "lua.prototype.forbidden_loader") [< 1 ms]
[xUnit.net 00:00:00.45]   Finished:    LLMGameCreator.Tests
  Passed LLMGameCreator.Tests.Scripting.PrototypeLuaStaticAnalyzerTests.AnalyzerAllowsNormalDataExtendAndIgnoresCommentsAndStrings [< 1 ms]
Results File: C:\Users\endim\LLMGameCreator\.devflow\runs\goal150b-complete-suite-refined\trx\shard-0590.trx

Test Run Successful.
Total tests: 10
     Passed: 10
 Total time: 0,8329 Seconds
