Test run for C:\Users\endim\LLMGameCreator\tests\LLMGameCreator.Tests\bin\Debug\net8.0-windows\LLMGameCreator.Tests.dll (.NETCoreApp,Version=v8.0)
A total of 1 test files matched the specified pattern.
C:\Users\endim\LLMGameCreator\tests\LLMGameCreator.Tests\bin\Debug\net8.0-windows\LLMGameCreator.Tests.dll
[xUnit.net 00:00:00.00] xUnit.net VSTest Adapter v2.8.2+699d445a1a (64-bit .NET 8.0.26)
[xUnit.net 00:00:00.16]   Discovering: LLMGameCreator.Tests
[xUnit.net 00:00:00.35]   Discovered:  LLMGameCreator.Tests
[xUnit.net 00:00:00.36]   Starting:    LLMGameCreator.Tests
  Passed LLMGameCreator.Tests.Design.GeneratorLibraryRegistryTests.SqliteDesignDatabaseCreatesSchema [46 ms]
  Passed LLMGameCreator.Tests.Design.GeneratorLibraryRegistryTests.RegistryStoresUnknownFieldsAsMetadata [83 ms]
  Passed LLMGameCreator.Tests.Design.GeneratorLibraryRegistryTests.GeneratorLibraryImporterIgnoresSchemaExampleManifest [23 ms]
  Passed LLMGameCreator.Tests.Design.GeneratorLibraryRegistryTests.GeneratorLibraryImporterNormalizesManifestVariants [26 ms]
  Passed LLMGameCreator.Tests.Design.GeneratorLibraryRegistryTests.RegistryCanQueryModulesByCapability [63 ms]
  Passed LLMGameCreator.Tests.Design.GeneratorLibraryRegistryTests.ImporterDoesNotExecuteLua [24 ms]
  Passed LLMGameCreator.Tests.Design.GeneratorLibraryRegistryTests.SecondImportRemovesStaleRegistrySnapshotRows [42 ms]
  Passed LLMGameCreator.Tests.Design.GeneratorLibraryRegistryTests.GeneratorLibraryImportIsIdempotent [45 ms]
  Passed LLMGameCreator.Tests.Design.GeneratorLibraryRegistryTests.GeneratorLibraryImporterImportsBatch001To004Manifests [30 ms]
[xUnit.net 00:00:00.85]   Finished:    LLMGameCreator.Tests
  Passed LLMGameCreator.Tests.Design.GeneratorLibraryRegistryTests.CleanImportClearsOldImportIssues [34 ms]
  Passed LLMGameCreator.Tests.Design.GeneratorLibraryRegistryTests.GeneratorLibraryImporterReportsInvalidManifest [22 ms]
Results File: C:\Users\endim\LLMGameCreator\.devflow\runs\goal150b-complete-suite-refined\trx\shard-0362.trx

Test Run Successful.
Total tests: 11
     Passed: 11
 Total time: 1,2442 Seconds
