Test run for C:\Users\endim\LLMGameCreator\tests\LLMGameCreator.Tests\bin\Debug\net8.0-windows\LLMGameCreator.Tests.dll (.NETCoreApp,Version=v8.0)
A total of 1 test files matched the specified pattern.
C:\Users\endim\LLMGameCreator\tests\LLMGameCreator.Tests\bin\Debug\net8.0-windows\LLMGameCreator.Tests.dll
[xUnit.net 00:00:00.00] xUnit.net VSTest Adapter v2.8.2+699d445a1a (64-bit .NET 8.0.26)
[xUnit.net 00:00:00.14]   Discovering: LLMGameCreator.Tests
[xUnit.net 00:00:00.34]   Discovered:  LLMGameCreator.Tests
[xUnit.net 00:00:00.35]   Starting:    LLMGameCreator.Tests
[xUnit.net 00:00:01.89]       Assert.True() Failure
[xUnit.net 00:00:01.89]       Expected: True
[xUnit.net 00:00:01.89]       Actual:   False
[xUnit.net 00:00:01.89]       Stack Trace:
[xUnit.net 00:00:01.89]         C:\Users\endim\LLMGameCreator\tests\LLMGameCreator.Tests\Application\OfflineGeoworldVisualCacheUnityHandoff\OfflineGeoworldVisualCacheUnityHandoffTests.cs(117,0): at LLMGameCreator.Tests.Application.OfflineGeoworldVisualCacheUnityHandoff.OfflineGeoworldVisualCacheUnityHandoffTests.WorkspaceSurfacesOfflineGeoworldHandoffGroupAndProofs()
[xUnit.net 00:00:01.89]         --- End of stack trace from previous location ---
[xUnit.net 00:00:02.07]   Finished:    LLMGameCreator.Tests
  Failed LLMGameCreator.Tests.Application.OfflineGeoworldVisualCacheUnityHandoff.OfflineGeoworldVisualCacheUnityHandoffTests.WorkspaceSurfacesOfflineGeoworldHandoffGroupAndProofs [1 s]
  Error Message:
   Assert.True() Failure
Expected: True
Actual:   False
  Stack Trace:
     at LLMGameCreator.Tests.Application.OfflineGeoworldVisualCacheUnityHandoff.OfflineGeoworldVisualCacheUnityHandoffTests.WorkspaceSurfacesOfflineGeoworldHandoffGroupAndProofs() in C:\Users\endim\LLMGameCreator\tests\LLMGameCreator.Tests\Application\OfflineGeoworldVisualCacheUnityHandoff\OfflineGeoworldVisualCacheUnityHandoffTests.cs:line 117
--- End of stack trace from previous location ---
  Passed LLMGameCreator.Tests.Application.OfflineGeoworldVisualCacheUnityHandoff.OfflineGeoworldVisualCacheUnityHandoffTests.SimulatedReadProofAndNegativeProofCoverRequiredUnityHandoffRisks [104 ms]
  Passed LLMGameCreator.Tests.Application.OfflineGeoworldVisualCacheUnityHandoff.OfflineGeoworldVisualCacheUnityHandoffTests.ServiceBuildsVisualCachePackagesAndUnityPayloadFromGoal099Artifacts [76 ms]
Results File: C:\Users\endim\LLMGameCreator\.devflow\runs\goal150b-complete-suite-refined\trx\shard-0183.trx

Total tests: 3
     Passed: 2
     Failed: 1
 Total time: 2,5181 Seconds
