Test run for C:\Users\endim\LLMGameCreator\tests\LLMGameCreator.Tests\bin\Debug\net8.0-windows\LLMGameCreator.Tests.dll (.NETCoreApp,Version=v8.0)
A total of 1 test files matched the specified pattern.
C:\Users\endim\LLMGameCreator\tests\LLMGameCreator.Tests\bin\Debug\net8.0-windows\LLMGameCreator.Tests.dll
[xUnit.net 00:00:00.00] xUnit.net VSTest Adapter v2.8.2+699d445a1a (64-bit .NET 8.0.26)
[xUnit.net 00:00:00.15]   Discovering: LLMGameCreator.Tests
[xUnit.net 00:00:00.34]   Discovered:  LLMGameCreator.Tests
[xUnit.net 00:00:00.35]   Starting:    LLMGameCreator.Tests
[xUnit.net 00:00:00.74]       Assert.Equal() Failure: Strings differ
[xUnit.net 00:00:00.74]                  ↓ (pos 0)
[xUnit.net 00:00:00.74]       Expected: "GREEN"
[xUnit.net 00:00:00.74]       Actual:   "BLOCKED"
[xUnit.net 00:00:00.74]                  ↑ (pos 0)
[xUnit.net 00:00:00.74]       Stack Trace:
[xUnit.net 00:00:00.74]         C:\Users\endim\LLMGameCreator\tests\LLMGameCreator.Tests\Application\AcceptedAlphaUnityPlayableProjection\AcceptedAlphaUnityPlayableProjectionTests.cs(14,0): at LLMGameCreator.Tests.Application.AcceptedAlphaUnityPlayableProjection.AcceptedAlphaUnityPlayableProjectionTests.RepositoryProjectionBuildIsGreenAndUsesAcceptedBaseline()
[xUnit.net 00:00:00.74]            at System.RuntimeMethodHandle.InvokeMethod(Object target, Void** arguments, Signature sig, Boolean isConstructor)
[xUnit.net 00:00:00.74]            at System.Reflection.MethodBaseInvoker.InvokeWithNoArgs(Object obj, BindingFlags invokeAttr)
  Passed LLMGameCreator.Tests.Application.AcceptedAlphaUnityPlayableProjection.AcceptedAlphaUnityPlayableProjectionTests.Goal125GenericPackageSystemsSourceScanFindsProjectionOnlySystemsLoop [178 ms]
  Passed LLMGameCreator.Tests.Application.AcceptedAlphaUnityPlayableProjection.AcceptedAlphaUnityPlayableProjectionTests.Goal124GenericPackageLoopSourceScanFindsStateLoopWindowBatchmodeAndSampleQuest [26 ms]
  Passed LLMGameCreator.Tests.Application.AcceptedAlphaUnityPlayableProjection.AcceptedAlphaUnityPlayableProjectionTests.MaterialWarningHotfixSourceScanRejectsMaterialInstantiatingAccessors [27 ms]
  Passed LLMGameCreator.Tests.Application.AcceptedAlphaUnityPlayableProjection.AcceptedAlphaUnityPlayableProjectionTests.Goal122ActionLoopSourceScanFindsProjectionStateWindowPolishBatchmodeAndSmokeFields [7 ms]
  Passed LLMGameCreator.Tests.Application.AcceptedAlphaUnityPlayableProjection.AcceptedAlphaUnityPlayableProjectionTests.Goal128ParameterizedGamePackageRunnerScansRunnerUnitySourcesAndResultWhenPresent [22 ms]
  Passed LLMGameCreator.Tests.Application.AcceptedAlphaUnityPlayableProjection.AcceptedAlphaUnityPlayableProjectionTests.Goal127UnityProjectionVerificationRunnerScansScriptsAndGoal126Evidence [17 ms]
  Passed LLMGameCreator.Tests.Application.AcceptedAlphaUnityPlayableProjection.AcceptedAlphaUnityPlayableProjectionTests.ProjectionScopeRejectsManualRuntimeSchemaProviderLuaAndUnityPayloadMutation [31 ms]
  Passed LLMGameCreator.Tests.Application.AcceptedAlphaUnityPlayableProjection.AcceptedAlphaUnityPlayableProjectionTests.Goal120UsabilitySourceScanFindsLegendDescriptorsSelectionAndCleanupContract [25 ms]
  Failed LLMGameCreator.Tests.Application.AcceptedAlphaUnityPlayableProjection.AcceptedAlphaUnityPlayableProjectionTests.RepositoryProjectionBuildIsGreenAndUsesAcceptedBaseline [5 ms]
  Error Message:
   Assert.Equal() Failure: Strings differ
           ↓ (pos 0)
Expected: "GREEN"
Actual:   "BLOCKED"
           ↑ (pos 0)
  Stack Trace:
     at LLMGameCreator.Tests.Application.AcceptedAlphaUnityPlayableProjection.AcceptedAlphaUnityPlayableProjectionTests.RepositoryProjectionBuildIsGreenAndUsesAcceptedBaseline() in C:\Users\endim\LLMGameCreator\tests\LLMGameCreator.Tests\Application\AcceptedAlphaUnityPlayableProjection\AcceptedAlphaUnityPlayableProjectionTests.cs:line 14
   at System.RuntimeMethodHandle.InvokeMethod(Object target, Void** arguments, Signature sig, Boolean isConstructor)
   at System.Reflection.MethodBaseInvoker.InvokeWithNoArgs(Object obj, BindingFlags invokeAttr)
[xUnit.net 00:00:00.90]   Finished:    LLMGameCreator.Tests
  Passed LLMGameCreator.Tests.Application.AcceptedAlphaUnityPlayableProjection.AcceptedAlphaUnityPlayableProjectionTests.Goal126GenericPackageFullPlaythroughSourceScanFindsOneClickBatchmodeAndTranscript [76 ms]
  Passed LLMGameCreator.Tests.Application.AcceptedAlphaUnityPlayableProjection.AcceptedAlphaUnityPlayableProjectionTests.Goal121FullVerificationSourceScanFindsOneClickDrilldownBatchmodeAndSmokeFields [5 ms]
  Passed LLMGameCreator.Tests.Application.AcceptedAlphaUnityPlayableProjection.AcceptedAlphaUnityPlayableProjectionTests.Goal123GenericPackageProjectionSourceScanFindsAdapterWindowBatchmodeAndSamplePackage [10 ms]
  Passed LLMGameCreator.Tests.Application.AcceptedAlphaUnityPlayableProjection.AcceptedAlphaUnityPlayableProjectionTests.Goal129GamePackageCandidateMatrixBuildsCandidatesAndScansMatrixWhenPresent [63 ms]
Results File: C:\Users\endim\LLMGameCreator\.devflow\runs\goal150b-complete-suite-refined\trx\shard-0001.trx

Total tests: 13
     Passed: 12
     Failed: 1
 Total time: 1,2793 Seconds
