Test run for C:\Users\endim\LLMGameCreator\tests\LLMGameCreator.Tests\bin\Debug\net8.0-windows\LLMGameCreator.Tests.dll (.NETCoreApp,Version=v8.0)
A total of 1 test files matched the specified pattern.
C:\Users\endim\LLMGameCreator\tests\LLMGameCreator.Tests\bin\Debug\net8.0-windows\LLMGameCreator.Tests.dll
[xUnit.net 00:00:00.00] xUnit.net VSTest Adapter v2.8.2+699d445a1a (64-bit .NET 8.0.26)
[xUnit.net 00:00:00.14]   Discovering: LLMGameCreator.Tests
[xUnit.net 00:00:00.33]   Discovered:  LLMGameCreator.Tests
[xUnit.net 00:00:00.34]   Starting:    LLMGameCreator.Tests
[xUnit.net 00:00:01.62]       Assert.True() Failure
[xUnit.net 00:00:01.62]       Expected: True
[xUnit.net 00:00:01.62]       Actual:   False
[xUnit.net 00:00:01.62]       Stack Trace:
[xUnit.net 00:00:01.62]         C:\Users\endim\LLMGameCreator\tests\LLMGameCreator.Tests\Application\VisualWorldStreamPreviewWorkspace\VisualWorldStreamPreviewWorkspaceGoal117Tests.cs(30,0): at LLMGameCreator.Tests.Application.VisualWorldStreamPreviewWorkspace.VisualWorldStreamPreviewWorkspaceGoal117Tests.Goal117ContinuationSelectionSurfacesInWorkspaceAndUiBinding()
[xUnit.net 00:00:01.62]            at System.RuntimeMethodHandle.InvokeMethod(Object target, Void** arguments, Signature sig, Boolean isConstructor)
[xUnit.net 00:00:01.62]            at System.Reflection.MethodBaseInvoker.InvokeWithNoArgs(Object obj, BindingFlags invokeAttr)
[xUnit.net 00:00:01.62]   Finished:    LLMGameCreator.Tests
  Failed LLMGameCreator.Tests.Application.VisualWorldStreamPreviewWorkspace.VisualWorldStreamPreviewWorkspaceGoal117Tests.Goal117ContinuationSelectionSurfacesInWorkspaceAndUiBinding [1 s]
  Error Message:
   Assert.True() Failure
Expected: True
Actual:   False
  Stack Trace:
     at LLMGameCreator.Tests.Application.VisualWorldStreamPreviewWorkspace.VisualWorldStreamPreviewWorkspaceGoal117Tests.Goal117ContinuationSelectionSurfacesInWorkspaceAndUiBinding() in C:\Users\endim\LLMGameCreator\tests\LLMGameCreator.Tests\Application\VisualWorldStreamPreviewWorkspace\VisualWorldStreamPreviewWorkspaceGoal117Tests.cs:line 30
   at System.RuntimeMethodHandle.InvokeMethod(Object target, Void** arguments, Signature sig, Boolean isConstructor)
   at System.Reflection.MethodBaseInvoker.InvokeWithNoArgs(Object obj, BindingFlags invokeAttr)
Results File: C:\Users\endim\LLMGameCreator\.devflow\runs\goal150b-complete-suite-refined\trx\shard-0311.trx

Total tests: 1
     Failed: 1
 Total time: 2,0429 Seconds
