Test run for C:\Users\endim\LLMGameCreator\tests\LLMGameCreator.Tests\bin\Debug\net8.0-windows\LLMGameCreator.Tests.dll (.NETCoreApp,Version=v8.0)
A total of 1 test files matched the specified pattern.
C:\Users\endim\LLMGameCreator\tests\LLMGameCreator.Tests\bin\Debug\net8.0-windows\LLMGameCreator.Tests.dll
[xUnit.net 00:00:00.00] xUnit.net VSTest Adapter v2.8.2+699d445a1a (64-bit .NET 8.0.26)
[xUnit.net 00:00:00.16]   Discovering: LLMGameCreator.Tests
[xUnit.net 00:00:00.36]   Discovered:  LLMGameCreator.Tests
[xUnit.net 00:00:00.37]   Starting:    LLMGameCreator.Tests
[xUnit.net 00:00:00.69]       Assert.True() Failure
[xUnit.net 00:00:00.69]       Expected: True
[xUnit.net 00:00:00.69]       Actual:   False
[xUnit.net 00:00:00.69]       Stack Trace:
[xUnit.net 00:00:00.69]         C:\Users\endim\LLMGameCreator\tests\LLMGameCreator.Tests\ProductSmoke\OfflineGeoworldSessionPersistenceReplayProductSmokeTests.cs(42,0): at LLMGameCreator.Tests.ProductSmoke.OfflineGeoworldSessionPersistenceReplayProductSmokeTests.Goal106OfflineGeoworldSessionPersistenceReplayProductSmoke()
[xUnit.net 00:00:00.69]         --- End of stack trace from previous location ---
[xUnit.net 00:00:00.69]   Finished:    LLMGameCreator.Tests
  Failed LLMGameCreator.Tests.ProductSmoke.OfflineGeoworldSessionPersistenceReplayProductSmokeTests.Goal106OfflineGeoworldSessionPersistenceReplayProductSmoke [279 ms]
  Error Message:
   Assert.True() Failure
Expected: True
Actual:   False
  Stack Trace:
     at LLMGameCreator.Tests.ProductSmoke.OfflineGeoworldSessionPersistenceReplayProductSmokeTests.Goal106OfflineGeoworldSessionPersistenceReplayProductSmoke() in C:\Users\endim\LLMGameCreator\tests\LLMGameCreator.Tests\ProductSmoke\OfflineGeoworldSessionPersistenceReplayProductSmokeTests.cs:line 42
--- End of stack trace from previous location ---
Results File: C:\Users\endim\LLMGameCreator\.devflow\runs\goal150b-complete-suite-refined\trx\shard-0504.trx

Total tests: 1
     Failed: 1
 Total time: 1,1771 Seconds
