Test run for C:\Users\endim\LLMGameCreator\tests\LLMGameCreator.Tests\bin\Debug\net8.0-windows\LLMGameCreator.Tests.dll (.NETCoreApp,Version=v8.0)
A total of 1 test files matched the specified pattern.
C:\Users\endim\LLMGameCreator\tests\LLMGameCreator.Tests\bin\Debug\net8.0-windows\LLMGameCreator.Tests.dll
[xUnit.net 00:00:00.00] xUnit.net VSTest Adapter v2.8.2+699d445a1a (64-bit .NET 8.0.26)
[xUnit.net 00:00:00.16]   Discovering: LLMGameCreator.Tests
[xUnit.net 00:00:00.37]   Discovered:  LLMGameCreator.Tests
[xUnit.net 00:00:00.38]   Starting:    LLMGameCreator.Tests
  Passed LLMGameCreator.Tests.Application.VisualWorldStreamPreviewWorkspace.VisualWorldStreamPreviewWorkspaceGoal144Tests.WinFormsGoal144SurfaceIsInteractiveInProcessOnly [3 ms]
[xUnit.net 00:00:01.66]       goal101.quality_gate:passed=false
[xUnit.net 00:00:01.66]       goal103.quality_gate:passed=false
[xUnit.net 00:00:01.66]       goal104.quality_gate:passed=false
[xUnit.net 00:00:01.66]       goal105.quality_gate:passed=false
[xUnit.net 00:00:01.66]       goal106.quality_gate:passed=false
[xUnit.net 00:00:01.66]       goal107.quality_gate:passed=false
[xUnit.net 00:00:01.66]       goal108.alpha_slice.full_slice_simulated_proof:passed=false
[xUnit.net 00:00:01.66]       goal108.alpha_slice.quality_gate:passed=false
[xUnit.net 00:00:01.66]       goal109.alpha_export.quality_gate:passed=false
[xUnit.net 00:00:01.66]       goal116.manual_gate.human_accepted:humanAccepted=false
[xUnit.net 00:00:01.66]       goal116.manual_gate.quality_gate:passed=false
[xUnit.net 00:00:01.66]       goal117.continuation.quality_gate:passed=false
[xUnit.net 00:00:01.66]       goal118.baseline.quality_gate:passed=false
[xUnit.net 00:00:01.66]       goal118.baseline.ready:acceptedBaselineReady=false
[xUnit.net 00:00:01.66]       Stack Trace:
[xUnit.net 00:00:01.66]         C:\Users\endim\LLMGameCreator\tests\LLMGameCreator.Tests\Application\VisualWorldStreamPreviewWorkspace\VisualWorldStreamPreviewWorkspaceGoal144Tests.cs(14,0): at LLMGameCreator.Tests.Application.VisualWorldStreamPreviewWorkspace.VisualWorldStreamPreviewWorkspaceGoal144Tests.RealWorkspaceKeepsHistoricalProofsGreen()
[xUnit.net 00:00:01.66]            at System.RuntimeMethodHandle.InvokeMethod(Object target, Void** arguments, Signature sig, Boolean isConstructor)
[xUnit.net 00:00:01.66]            at System.Reflection.MethodBaseInvoker.InvokeWithNoArgs(Object obj, BindingFlags invokeAttr)
[xUnit.net 00:00:01.66]   Finished:    LLMGameCreator.Tests
  Failed LLMGameCreator.Tests.Application.VisualWorldStreamPreviewWorkspace.VisualWorldStreamPreviewWorkspaceGoal144Tests.RealWorkspaceKeepsHistoricalProofsGreen [1 s]
  Error Message:
   goal101.quality_gate:passed=false
goal103.quality_gate:passed=false
goal104.quality_gate:passed=false
goal105.quality_gate:passed=false
goal106.quality_gate:passed=false
goal107.quality_gate:passed=false
goal108.alpha_slice.full_slice_simulated_proof:passed=false
goal108.alpha_slice.quality_gate:passed=false
goal109.alpha_export.quality_gate:passed=false
goal116.manual_gate.human_accepted:humanAccepted=false
goal116.manual_gate.quality_gate:passed=false
goal117.continuation.quality_gate:passed=false
goal118.baseline.quality_gate:passed=false
goal118.baseline.ready:acceptedBaselineReady=false
  Stack Trace:
     at LLMGameCreator.Tests.Application.VisualWorldStreamPreviewWorkspace.VisualWorldStreamPreviewWorkspaceGoal144Tests.RealWorkspaceKeepsHistoricalProofsGreen() in C:\Users\endim\LLMGameCreator\tests\LLMGameCreator.Tests\Application\VisualWorldStreamPreviewWorkspace\VisualWorldStreamPreviewWorkspaceGoal144Tests.cs:line 14
   at System.RuntimeMethodHandle.InvokeMethod(Object target, Void** arguments, Signature sig, Boolean isConstructor)
   at System.Reflection.MethodBaseInvoker.InvokeWithNoArgs(Object obj, BindingFlags invokeAttr)
Results File: C:\Users\endim\LLMGameCreator\.devflow\runs\goal150b-complete-suite-refined\trx\shard-0336.trx

Total tests: 2
     Passed: 1
     Failed: 1
 Total time: 2,1050 Seconds
