Test run for C:\Users\endim\LLMGameCreator\tests\LLMGameCreator.Tests\bin\Debug\net8.0-windows\LLMGameCreator.Tests.dll (.NETCoreApp,Version=v8.0)
A total of 1 test files matched the specified pattern.
C:\Users\endim\LLMGameCreator\tests\LLMGameCreator.Tests\bin\Debug\net8.0-windows\LLMGameCreator.Tests.dll
[xUnit.net 00:00:00.00] xUnit.net VSTest Adapter v2.8.2+699d445a1a (64-bit .NET 8.0.26)
[xUnit.net 00:00:00.14]   Discovering: LLMGameCreator.Tests
[xUnit.net 00:00:00.33]   Discovered:  LLMGameCreator.Tests
[xUnit.net 00:00:00.34]   Starting:    LLMGameCreator.Tests
[xUnit.net 00:00:01.08]       Assert.Contains() Failure: Sub-string not found
[xUnit.net 00:00:01.08]       String:    "# CONTEXT_INDEX.md\r\n\r\nPurpose: reduce rep"···
[xUnit.net 00:00:01.08]       Not found: "goal150b_independent_audit_then_bundled_h"···
[xUnit.net 00:00:01.08]       Stack Trace:
[xUnit.net 00:00:01.08]         C:\Users\endim\LLMGameCreator\tests\LLMGameCreator.Tests\Devflow\DevelopmentComplexityStabilizationTests.cs(156,0): at LLMGameCreator.Tests.Devflow.DevelopmentComplexityStabilizationTests.StateDocsRecordGoal022AcceptedBeforeGoal023()
[xUnit.net 00:00:01.08]            at System.RuntimeMethodHandle.InvokeMethod(Object target, Void** arguments, Signature sig, Boolean isConstructor)
[xUnit.net 00:00:01.08]            at System.Reflection.MethodBaseInvoker.InvokeWithNoArgs(Object obj, BindingFlags invokeAttr)
  Passed LLMGameCreator.Tests.Devflow.DevelopmentComplexityStabilizationTests.QueueDocsPutCapabilitySelectionAfterStabilizationGoal [15 ms]
  Passed LLMGameCreator.Tests.Devflow.DevelopmentComplexityStabilizationTests.ArtifactScopePolicyJsonParsesAndContainsRequiredClasses [8 ms]
  Passed LLMGameCreator.Tests.Devflow.DevelopmentComplexityStabilizationTests.ArtifactScopeGuardAcceptsDeclaredCurrentGoalPaths [623 ms]
  Passed LLMGameCreator.Tests.Devflow.DevelopmentComplexityStabilizationTests.CheckAllScriptSetsAndRestoresProductSmokeArtifactEnvironmentVariables [< 1 ms]
  Failed LLMGameCreator.Tests.Devflow.DevelopmentComplexityStabilizationTests.StateDocsRecordGoal022AcceptedBeforeGoal023 [54 ms]
  Error Message:
   Assert.Contains() Failure: Sub-string not found
String:    "# CONTEXT_INDEX.md\r\n\r\nPurpose: reduce rep"···
Not found: "goal150b_independent_audit_then_bundled_h"···
  Stack Trace:
     at LLMGameCreator.Tests.Devflow.DevelopmentComplexityStabilizationTests.StateDocsRecordGoal022AcceptedBeforeGoal023() in C:\Users\endim\LLMGameCreator\tests\LLMGameCreator.Tests\Devflow\DevelopmentComplexityStabilizationTests.cs:line 156
   at System.RuntimeMethodHandle.InvokeMethod(Object target, Void** arguments, Signature sig, Boolean isConstructor)
   at System.Reflection.MethodBaseInvoker.InvokeWithNoArgs(Object obj, BindingFlags invokeAttr)
  Passed LLMGameCreator.Tests.Devflow.DevelopmentComplexityStabilizationTests.ArtifactScopeGuardRejectsTrackedHeavyOutputWhenFailOnTrackedIgnoredIsSet [666 ms]
  Passed LLMGameCreator.Tests.Devflow.DevelopmentComplexityStabilizationTests.WritesDeterministicStabilizationArtifactsWithRequiredManualGate [11 s]
[xUnit.net 00:00:17.55]   Finished:    LLMGameCreator.Tests
  Passed LLMGameCreator.Tests.Devflow.DevelopmentComplexityStabilizationTests.ArtifactScopeGuardRejectsLegacyAndForbiddenMutations [4 s]
Results File: C:\Users\endim\LLMGameCreator\.devflow\runs\goal150b-complete-suite-refined\trx\shard-0387.trx

Total tests: 8
     Passed: 7
     Failed: 1
 Total time: 17,9127 Seconds
