Test run for C:\Users\endim\LLMGameCreator\tests\LLMGameCreator.Tests\bin\Debug\net8.0-windows\LLMGameCreator.Tests.dll (.NETCoreApp,Version=v8.0)
A total of 1 test files matched the specified pattern.
C:\Users\endim\LLMGameCreator\tests\LLMGameCreator.Tests\bin\Debug\net8.0-windows\LLMGameCreator.Tests.dll
[xUnit.net 00:00:00.00] xUnit.net VSTest Adapter v2.8.2+699d445a1a (64-bit .NET 8.0.26)
[xUnit.net 00:00:00.14]   Discovering: LLMGameCreator.Tests
[xUnit.net 00:00:00.34]   Discovered:  LLMGameCreator.Tests
[xUnit.net 00:00:00.35]   Starting:    LLMGameCreator.Tests
  Passed LLMGameCreator.Tests.Design.GeneratorPlanGamePackageAssemblyPipelineTests.EndToEndProductionApprovalAssemblyPersistenceAndLatestReader [295 ms]
  Passed LLMGameCreator.Tests.Design.GeneratorPlanGamePackageAssemblyPipelineTests.AssemblerMapsQuestStepsAndMechanicNameFallback [16 ms]
  Passed LLMGameCreator.Tests.Design.GeneratorPlanGamePackageAssemblyPipelineTests.ServiceIsDeterministicForSameArtifactsAndApplyTimestamp [4 ms]
  Passed LLMGameCreator.Tests.Design.GeneratorPlanGamePackageAssemblyPipelineTests.ReaderParsesApprovedArtifactSetWithJsonContentAndRejectsInvalidJson [1 ms]
  Passed LLMGameCreator.Tests.Design.GeneratorPlanGamePackageAssemblyPipelineTests.GamePackageAssemblyMapsAllExpandedStrictContractSections [8 ms]
  Passed LLMGameCreator.Tests.Design.GeneratorPlanGamePackageAssemblyPipelineTests.ServiceMapsStrictBaselineArtifactsToGeneratedContentAndProvenance [11 ms]
  Passed LLMGameCreator.Tests.Design.GeneratorPlanGamePackageAssemblyPipelineTests.ArtifactServiceSupportsCustomIdsSkipsMarkdownAndReaderReturnsLatestArtifacts [26 ms]
  Passed LLMGameCreator.Tests.Design.GeneratorPlanGamePackageAssemblyPipelineTests.ValidatorAndPolicyReportInputPackageAndExportIssues [4 ms]
  Passed LLMGameCreator.Tests.Design.GeneratorPlanGamePackageAssemblyPipelineTests.MarkdownRendererRendersSummaryEscapesCellsAndTruncatesPackageJson [< 1 ms]
[xUnit.net 00:00:00.81]   Finished:    LLMGameCreator.Tests
  Passed LLMGameCreator.Tests.Design.GeneratorPlanGamePackageAssemblyPipelineTests.AssemblerWarnsForSemanticUnknownAndInvalidArtifactJson [1 ms]
  Passed LLMGameCreator.Tests.Design.GeneratorPlanGamePackageAssemblyPipelineTests.ArtifactServiceSavesAssemblyPackageDraftMarkdownValidationAndIsIdempotent [42 ms]
  Passed LLMGameCreator.Tests.Design.GeneratorPlanGamePackageAssemblyPipelineTests.ServiceReportsDuplicateIdsAndPreservesUnknownContracts [2 ms]
  Passed LLMGameCreator.Tests.Design.GeneratorPlanGamePackageAssemblyPipelineTests.AssemblerCreatesBaselineValidPackageAndMapsKnownArtifacts [1 ms]
  Passed LLMGameCreator.Tests.Design.GeneratorPlanGamePackageAssemblyPipelineTests.ServiceAssemblesValidatesSerializesExportsAndCanSkipMarkdown [11 ms]
Results File: C:\Users\endim\LLMGameCreator\.devflow\runs\goal150b-complete-suite-refined\trx\shard-0371.trx

Test Run Successful.
Total tests: 14
     Passed: 14
 Total time: 1,1802 Seconds
