Test run for C:\Users\endim\LLMGameCreator\tests\LLMGameCreator.Tests\bin\Debug\net8.0-windows\LLMGameCreator.Tests.dll (.NETCoreApp,Version=v8.0)
A total of 1 test files matched the specified pattern.
C:\Users\endim\LLMGameCreator\tests\LLMGameCreator.Tests\bin\Debug\net8.0-windows\LLMGameCreator.Tests.dll
[xUnit.net 00:00:00.00] xUnit.net VSTest Adapter v2.8.2+699d445a1a (64-bit .NET 8.0.26)
[xUnit.net 00:00:00.16]   Discovering: LLMGameCreator.Tests
[xUnit.net 00:00:00.35]   Discovered:  LLMGameCreator.Tests
[xUnit.net 00:00:00.36]   Starting:    LLMGameCreator.Tests
[xUnit.net 00:00:00.62]       Assert.True() Failure
[xUnit.net 00:00:00.62]       Expected: True
[xUnit.net 00:00:00.62]       Actual:   False
[xUnit.net 00:00:00.62]       Stack Trace:
[xUnit.net 00:00:00.62]         C:\Users\endim\LLMGameCreator\tests\LLMGameCreator.Tests\Application\OfflineGeoworldUnityPreviewRunner\OfflineGeoworldUnityPreviewRunnerTests.cs(19,0): at LLMGameCreator.Tests.Application.OfflineGeoworldUnityPreviewRunner.OfflineGeoworldUnityPreviewRunnerTests.ServiceBuildsPreviewCommandsPayloadAndEvidenceFromGoal100Artifacts()
[xUnit.net 00:00:00.62]         --- End of stack trace from previous location ---
  Failed LLMGameCreator.Tests.Application.OfflineGeoworldUnityPreviewRunner.OfflineGeoworldUnityPreviewRunnerTests.ServiceBuildsPreviewCommandsPayloadAndEvidenceFromGoal100Artifacts [209 ms]
  Error Message:
   Assert.True() Failure
Expected: True
Actual:   False
  Stack Trace:
     at LLMGameCreator.Tests.Application.OfflineGeoworldUnityPreviewRunner.OfflineGeoworldUnityPreviewRunnerTests.ServiceBuildsPreviewCommandsPayloadAndEvidenceFromGoal100Artifacts() in C:\Users\endim\LLMGameCreator\tests\LLMGameCreator.Tests\Application\OfflineGeoworldUnityPreviewRunner\OfflineGeoworldUnityPreviewRunnerTests.cs:line 19
--- End of stack trace from previous location ---
[xUnit.net 00:00:02.03]       Assert.True() Failure
[xUnit.net 00:00:02.03]       Expected: True
[xUnit.net 00:00:02.03]       Actual:   False
[xUnit.net 00:00:02.03]       Stack Trace:
[xUnit.net 00:00:02.03]         C:\Users\endim\LLMGameCreator\tests\LLMGameCreator.Tests\Application\OfflineGeoworldUnityPreviewRunner\OfflineGeoworldUnityPreviewRunnerTests.cs(110,0): at LLMGameCreator.Tests.Application.OfflineGeoworldUnityPreviewRunner.OfflineGeoworldUnityPreviewRunnerTests.UnityScriptInventoryAndWorkspaceGroupAreReal()
[xUnit.net 00:00:02.03]         --- End of stack trace from previous location ---
[xUnit.net 00:00:02.27]       Assert.True() Failure
[xUnit.net 00:00:02.27]       Expected: True
[xUnit.net 00:00:02.27]       Actual:   False
[xUnit.net 00:00:02.27]       Stack Trace:
[xUnit.net 00:00:02.27]         C:\Users\endim\LLMGameCreator\tests\LLMGameCreator.Tests\Application\OfflineGeoworldUnityPreviewRunner\OfflineGeoworldUnityPreviewRunnerTests.cs(140,0): at LLMGameCreator.Tests.Application.OfflineGeoworldUnityPreviewRunner.OfflineGeoworldUnityPreviewRunnerTests.EvidenceIsDeterministicAndSourceHealthClean()
[xUnit.net 00:00:02.27]         --- End of stack trace from previous location ---
[xUnit.net 00:00:02.28]   Finished:    LLMGameCreator.Tests
  Failed LLMGameCreator.Tests.Application.OfflineGeoworldUnityPreviewRunner.OfflineGeoworldUnityPreviewRunnerTests.UnityScriptInventoryAndWorkspaceGroupAreReal [1 s]
  Error Message:
   Assert.True() Failure
Expected: True
Actual:   False
  Stack Trace:
     at LLMGameCreator.Tests.Application.OfflineGeoworldUnityPreviewRunner.OfflineGeoworldUnityPreviewRunnerTests.UnityScriptInventoryAndWorkspaceGroupAreReal() in C:\Users\endim\LLMGameCreator\tests\LLMGameCreator.Tests\Application\OfflineGeoworldUnityPreviewRunner\OfflineGeoworldUnityPreviewRunnerTests.cs:line 110
--- End of stack trace from previous location ---
  Passed LLMGameCreator.Tests.Application.OfflineGeoworldUnityPreviewRunner.OfflineGeoworldUnityPreviewRunnerTests.SimulatedCommandProofAndNegativeProofCoverRequiredRisks [100 ms]
  Failed LLMGameCreator.Tests.Application.OfflineGeoworldUnityPreviewRunner.OfflineGeoworldUnityPreviewRunnerTests.EvidenceIsDeterministicAndSourceHealthClean [145 ms]
  Error Message:
   Assert.True() Failure
Expected: True
Actual:   False
  Stack Trace:
     at LLMGameCreator.Tests.Application.OfflineGeoworldUnityPreviewRunner.OfflineGeoworldUnityPreviewRunnerTests.EvidenceIsDeterministicAndSourceHealthClean() in C:\Users\endim\LLMGameCreator\tests\LLMGameCreator.Tests\Application\OfflineGeoworldUnityPreviewRunner\OfflineGeoworldUnityPreviewRunnerTests.cs:line 140
--- End of stack trace from previous location ---
Results File: C:\Users\endim\LLMGameCreator\.devflow\runs\goal150b-complete-suite-refined\trx\shard-0182.trx

Total tests: 4
     Passed: 1
     Failed: 3
 Total time: 2,6862 Seconds
