Test run for C:\Users\endim\LLMGameCreator\tests\LLMGameCreator.Tests\bin\Debug\net8.0-windows\LLMGameCreator.Tests.dll (.NETCoreApp,Version=v8.0)
A total of 1 test files matched the specified pattern.
C:\Users\endim\LLMGameCreator\tests\LLMGameCreator.Tests\bin\Debug\net8.0-windows\LLMGameCreator.Tests.dll
[xUnit.net 00:00:00.00] xUnit.net VSTest Adapter v2.8.2+699d445a1a (64-bit .NET 8.0.26)
[xUnit.net 00:00:00.16]   Discovering: LLMGameCreator.Tests
[xUnit.net 00:00:00.38]   Discovered:  LLMGameCreator.Tests
[xUnit.net 00:00:00.39]   Starting:    LLMGameCreator.Tests
  Passed LLMGameCreator.Tests.Application.AlphaBuild.AlphaRunnableBuildAcceptanceTests.AlphaStateRemainsInsideGoal013WithoutStartingGoal014 [2 s]
  Passed LLMGameCreator.Tests.Application.AlphaBuild.AlphaRunnableBuildAcceptanceTests.PlayLoopLogParserAcceptsValidLogTiedToSelectedReportEvidence [1 s]
  Passed LLMGameCreator.Tests.Application.AlphaBuild.AlphaRunnableBuildAcceptanceTests.DetectsRepositoryUnityProjectAndRealAssetsBuildEntrypoint [1 s]
  Passed LLMGameCreator.Tests.Application.AlphaBuild.AlphaRunnableBuildAcceptanceTests.BuildsStableAlphaBlockerArtifactsFromAcceptedEvidence [2 s]
  Passed LLMGameCreator.Tests.Application.AlphaBuild.AlphaRunnableBuildAcceptanceTests.RemovingExpectationOnlyMutationMakesExpectedInvalidMatrixFail [1 s]
  Passed LLMGameCreator.Tests.Application.AlphaBuild.AlphaRunnableBuildAcceptanceTests.BuildOutputValidationAcceptsPhysicalExecutableAndStagedStreamingAssets [2 s]
  Passed LLMGameCreator.Tests.Application.AlphaBuild.AlphaRunnableBuildAcceptanceTests.PlayLoopLogParserRejectsMissingLog [1 s]
  Passed LLMGameCreator.Tests.Application.AlphaBuild.AlphaRunnableBuildAcceptanceTests.PlayLoopLogParserRejectsWrongPackageAndHashes [1 s]
  Passed LLMGameCreator.Tests.Application.AlphaBuild.AlphaRunnableBuildAcceptanceTests.GeneratedAlphaArtifactsUseCompactWindowsFriendlyPaths [1 s]
  Passed LLMGameCreator.Tests.Application.AlphaBuild.AlphaRunnableBuildAcceptanceTests.NonUnityCSharpFileWithBuildCommandTextDoesNotSatisfyRepositoryBuildPath [1 s]
  Passed LLMGameCreator.Tests.Application.AlphaBuild.AlphaRunnableBuildAcceptanceTests.PlayLoopLogParserRejectsMissingCommandExecutionAndStateFlags [1 s]
[xUnit.net 00:00:17.83]   Finished:    LLMGameCreator.Tests
  Passed LLMGameCreator.Tests.Application.AlphaBuild.AlphaRunnableBuildAcceptanceTests.InvalidFakeLeakAndExpectationOnlyScenariosAreRejectedCausally [1 s]
Results File: C:\Users\endim\LLMGameCreator\.devflow\runs\goal150b-complete-suite-refined\trx\shard-0019.trx

Test Run Successful.
Total tests: 12
     Passed: 12
 Total time: 18,2445 Seconds
