Test run for C:\Users\endim\LLMGameCreator\tests\LLMGameCreator.Tests\bin\Debug\net8.0-windows\LLMGameCreator.Tests.dll (.NETCoreApp,Version=v8.0)
A total of 1 test files matched the specified pattern.
C:\Users\endim\LLMGameCreator\tests\LLMGameCreator.Tests\bin\Debug\net8.0-windows\LLMGameCreator.Tests.dll
[xUnit.net 00:00:00.00] xUnit.net VSTest Adapter v2.8.2+699d445a1a (64-bit .NET 8.0.26)
[xUnit.net 00:00:00.15]   Discovering: LLMGameCreator.Tests
[xUnit.net 00:00:00.34]   Discovered:  LLMGameCreator.Tests
[xUnit.net 00:00:00.35]   Starting:    LLMGameCreator.Tests
[xUnit.net 00:00:00.46]       Assert.Equal() Failure: Strings differ
[xUnit.net 00:00:00.46]                  ↓ (pos 0)
[xUnit.net 00:00:00.46]       Expected: "GREEN"
[xUnit.net 00:00:00.46]       Actual:   "BLOCKED"
[xUnit.net 00:00:00.46]                  ↑ (pos 0)
[xUnit.net 00:00:00.46]       Stack Trace:
[xUnit.net 00:00:00.46]         C:\Users\endim\LLMGameCreator\tests\LLMGameCreator.Tests\Application\OfflineGeoworldAlphaManualGateAcceptanceRecord\OfflineGeoworldAlphaManualGateAcceptanceRecordTests.cs(15,0): at LLMGameCreator.Tests.Application.OfflineGeoworldAlphaManualGateAcceptanceRecord.OfflineGeoworldAlphaManualGateAcceptanceRecordTests.RepositoryManualGateAcceptanceRecordIsGreenAndDoesNotEmbedManualInput()
[xUnit.net 00:00:00.46]            at System.RuntimeMethodHandle.InvokeMethod(Object target, Void** arguments, Signature sig, Boolean isConstructor)
[xUnit.net 00:00:00.46]            at System.Reflection.MethodBaseInvoker.InvokeWithNoArgs(Object obj, BindingFlags invokeAttr)
[xUnit.net 00:00:00.48]   Finished:    LLMGameCreator.Tests
  Passed LLMGameCreator.Tests.Application.OfflineGeoworldAlphaManualGateAcceptanceRecord.OfflineGeoworldAlphaManualGateAcceptanceRecordTests.MissingGoal115SnapshotBlocksAcceptance [64 ms]
  Failed LLMGameCreator.Tests.Application.OfflineGeoworldAlphaManualGateAcceptanceRecord.OfflineGeoworldAlphaManualGateAcceptanceRecordTests.RepositoryManualGateAcceptanceRecordIsGreenAndDoesNotEmbedManualInput [8 ms]
  Error Message:
   Assert.Equal() Failure: Strings differ
           ↓ (pos 0)
Expected: "GREEN"
Actual:   "BLOCKED"
           ↑ (pos 0)
  Stack Trace:
     at LLMGameCreator.Tests.Application.OfflineGeoworldAlphaManualGateAcceptanceRecord.OfflineGeoworldAlphaManualGateAcceptanceRecordTests.RepositoryManualGateAcceptanceRecordIsGreenAndDoesNotEmbedManualInput() in C:\Users\endim\LLMGameCreator\tests\LLMGameCreator.Tests\Application\OfflineGeoworldAlphaManualGateAcceptanceRecord\OfflineGeoworldAlphaManualGateAcceptanceRecordTests.cs:line 15
   at System.RuntimeMethodHandle.InvokeMethod(Object target, Void** arguments, Signature sig, Boolean isConstructor)
   at System.Reflection.MethodBaseInvoker.InvokeWithNoArgs(Object obj, BindingFlags invokeAttr)
  Passed LLMGameCreator.Tests.Application.OfflineGeoworldAlphaManualGateAcceptanceRecord.OfflineGeoworldAlphaManualGateAcceptanceRecordTests.NonGreenGoal115SnapshotBlocksAcceptance [18 ms]
  Passed LLMGameCreator.Tests.Application.OfflineGeoworldAlphaManualGateAcceptanceRecord.OfflineGeoworldAlphaManualGateAcceptanceRecordTests.ManualHashMismatchBlocksAcceptance [4 ms]
  Passed LLMGameCreator.Tests.Application.OfflineGeoworldAlphaManualGateAcceptanceRecord.OfflineGeoworldAlphaManualGateAcceptanceRecordTests.NegativeProofRejectsManualInputAndForbiddenPathSamples [2 ms]
Results File: C:\Users\endim\LLMGameCreator\.devflow\runs\goal150b-complete-suite-refined\trx\shard-0169.trx

Total tests: 5
     Passed: 4
     Failed: 1
 Total time: 0,9026 Seconds
