Test run for C:\Users\endim\LLMGameCreator\tests\LLMGameCreator.Tests\bin\Debug\net8.0-windows\LLMGameCreator.Tests.dll (.NETCoreApp,Version=v8.0)
A total of 1 test files matched the specified pattern.
C:\Users\endim\LLMGameCreator\tests\LLMGameCreator.Tests\bin\Debug\net8.0-windows\LLMGameCreator.Tests.dll
[xUnit.net 00:00:00.00] xUnit.net VSTest Adapter v2.8.2+699d445a1a (64-bit .NET 8.0.26)
[xUnit.net 00:00:00.14]   Discovering: LLMGameCreator.Tests
[xUnit.net 00:00:00.32]   Discovered:  LLMGameCreator.Tests
[xUnit.net 00:00:00.33]   Starting:    LLMGameCreator.Tests
  Passed LLMGameCreator.Tests.Design.GeneratorPlanPreviewPipelineTests.ValidatorAcceptsCompletePlanWithoutErrors [8 ms]
  Passed LLMGameCreator.Tests.Design.GeneratorPlanPreviewPipelineTests.ValidatorReportsRequiredErrorsAndWarningsDeterministically [1 ms]
  Passed LLMGameCreator.Tests.Design.GeneratorPlanPreviewPipelineTests.ArtifactServiceSavesArtifactsValidationResultsAndSupportsIdempotenceCustomIdsAndNoMarkdown [136 ms]
  Passed LLMGameCreator.Tests.Design.GeneratorPlanPreviewPipelineTests.LoaderHandlesMissingOptionalFieldsWithoutThrowing [10 ms]
  Passed LLMGameCreator.Tests.Design.GeneratorPlanPreviewPipelineTests.MarkdownRendererRendersSummaryStepsDiagnosticsAndEscapesCells [9 ms]
  Passed LLMGameCreator.Tests.Design.GeneratorPlanPreviewPipelineTests.LoaderLoadsValidExampleAndOrdersStepsDeterministically [10 ms]
  Passed LLMGameCreator.Tests.Design.GeneratorPlanPreviewPipelineTests.MarkdownRendererHandlesEmptySteps [< 1 ms]
  Passed LLMGameCreator.Tests.Design.GeneratorPlanPreviewPipelineTests.ReaderReturnsEmptySavedArtifactsAndMissingMarkdown [19 ms]
  Passed LLMGameCreator.Tests.Design.GeneratorPlanPreviewPipelineTests.LoaderReturnsInvalidJsonDiagnostic [3 ms]
[xUnit.net 00:00:00.59]   Finished:    LLMGameCreator.Tests
  Passed LLMGameCreator.Tests.Design.GeneratorPlanPreviewPipelineTests.PreviewServiceReturnsOkWarningsAndFailedWithoutPersistingArtifacts [4 ms]
Results File: C:\Users\endim\LLMGameCreator\.devflow\runs\goal150b-complete-suite-refined\trx\shard-0374.trx

Test Run Successful.
Total tests: 10
     Passed: 10
 Total time: 0,9566 Seconds
