Test run for C:\Users\endim\LLMGameCreator\tests\LLMGameCreator.Tests\bin\Debug\net8.0-windows\LLMGameCreator.Tests.dll (.NETCoreApp,Version=v8.0)
A total of 1 test files matched the specified pattern.
C:\Users\endim\LLMGameCreator\tests\LLMGameCreator.Tests\bin\Debug\net8.0-windows\LLMGameCreator.Tests.dll
[xUnit.net 00:00:00.00] xUnit.net VSTest Adapter v2.8.2+699d445a1a (64-bit .NET 8.0.26)
[xUnit.net 00:00:00.15]   Discovering: LLMGameCreator.Tests
[xUnit.net 00:00:00.35]   Discovered:  LLMGameCreator.Tests
[xUnit.net 00:00:00.36]   Starting:    LLMGameCreator.Tests
  Passed LLMGameCreator.Tests.Application.CandidateNavigationPathfinding.CandidateNavigationRouteGraphPlannerTests.BidirectionalEdgeCanBeUsedBackward [22 ms]
  Passed LLMGameCreator.Tests.Application.CandidateNavigationPathfinding.CandidateNavigationRouteGraphPlannerTests.SourceNodeAndEdgeOrderDoesNotAffectResult [1 ms]
  Passed LLMGameCreator.Tests.Application.CandidateNavigationPathfinding.CandidateNavigationRouteGraphPlannerTests.BlockedNodeAndOverlayPreventTraversal [< 1 ms]
  Passed LLMGameCreator.Tests.Application.CandidateNavigationPathfinding.CandidateNavigationRouteGraphPlannerTests.BlockedStartAndGoalReturnSpecificStatuses [< 1 ms]
  Passed LLMGameCreator.Tests.Application.CandidateNavigationPathfinding.CandidateNavigationRouteGraphPlannerTests.DirectedEdgeCannotBeUsedBackward [< 1 ms]
  Passed LLMGameCreator.Tests.Application.CandidateNavigationPathfinding.CandidateNavigationRouteGraphPlannerTests.RepeatedIdenticalRequestReturnsIdenticalStatusCostAndSteps [< 1 ms]
  Passed LLMGameCreator.Tests.Application.CandidateNavigationPathfinding.CandidateNavigationRouteGraphPlannerTests.MaxExpandedNodesReturnsSearchLimitReached [< 1 ms]
  Passed LLMGameCreator.Tests.Application.CandidateNavigationPathfinding.CandidateNavigationRouteGraphPlannerTests.InvalidGraphCasesReturnInvalidGraph(graph: CandidateNavigationRouteGraph { Nodes = System.Collections.Generic.List`1[LLMGameCreator.Application.Design.CandidateNavigationPathfinding.CandidateNavigationRouteGraphNode], Edges = System.Collections.Generic.List`1[LLMGameCreator.Application.Design.CandidateNavigationPathfinding.CandidateNavigationRouteGraphEdge] }) [< 1 ms]
  Passed LLMGameCreator.Tests.Application.CandidateNavigationPathfinding.CandidateNavigationRouteGraphPlannerTests.InvalidGraphCasesReturnInvalidGraph(graph: CandidateNavigationRouteGraph { Nodes = System.Collections.Generic.List`1[LLMGameCreator.Application.Design.CandidateNavigationPathfinding.CandidateNavigationRouteGraphNode], Edges = System.Collections.Generic.List`1[LLMGameCreator.Application.Design.CandidateNavigationPathfinding.CandidateNavigationRouteGraphEdge] }) [< 1 ms]
  Passed LLMGameCreator.Tests.Application.CandidateNavigationPathfinding.CandidateNavigationRouteGraphPlannerTests.InvalidGraphCasesReturnInvalidGraph(graph: CandidateNavigationRouteGraph { Nodes = System.Collections.Generic.List`1[LLMGameCreator.Application.Design.CandidateNavigationPathfinding.CandidateNavigationRouteGraphNode], Edges = System.Collections.Generic.List`1[LLMGameCreator.Application.Design.CandidateNavigationPathfinding.CandidateNavigationRouteGraphEdge] }) [< 1 ms]
[xUnit.net 00:00:00.44]   Finished:    LLMGameCreator.Tests
  Passed LLMGameCreator.Tests.Application.CandidateNavigationPathfinding.CandidateNavigationRouteGraphPlannerTests.InvalidGraphCasesReturnInvalidGraph(graph: CandidateNavigationRouteGraph { Nodes = System.Collections.Generic.List`1[LLMGameCreator.Application.Design.CandidateNavigationPathfinding.CandidateNavigationRouteGraphNode], Edges = System.Collections.Generic.List`1[LLMGameCreator.Application.Design.CandidateNavigationPathfinding.CandidateNavigationRouteGraphEdge] }) [< 1 ms]
  Passed LLMGameCreator.Tests.Application.CandidateNavigationPathfinding.CandidateNavigationRouteGraphPlannerTests.SimpleRoadGraphReturnsDeterministicRouteAndCost [< 1 ms]
  Passed LLMGameCreator.Tests.Application.CandidateNavigationPathfinding.CandidateNavigationRouteGraphPlannerTests.HazardOverlayPenaltyAvoidsHazardousRouteWhenAlternativeIsCheaper [< 1 ms]
  Passed LLMGameCreator.Tests.Application.CandidateNavigationPathfinding.CandidateNavigationRouteGraphPlannerTests.RouteKindOverrideAndOverlayOverrideResolveEffectiveCost [2 ms]
  Passed LLMGameCreator.Tests.Application.CandidateNavigationPathfinding.CandidateNavigationRouteGraphPlannerTests.UnknownRouteKindAndOverlayUseBaseBehavior [< 1 ms]
  Passed LLMGameCreator.Tests.Application.CandidateNavigationPathfinding.CandidateNavigationRouteGraphPlannerTests.ChoosesCheaperRoadRouteOverShorterExpensiveTrail [< 1 ms]
  Passed LLMGameCreator.Tests.Application.CandidateNavigationPathfinding.CandidateNavigationRouteGraphPlannerTests.DisconnectedGraphReturnsNoPath [< 1 ms]
  Passed LLMGameCreator.Tests.Application.CandidateNavigationPathfinding.CandidateNavigationRouteGraphPlannerTests.MissingStartAndGoalReturnSpecificStatuses [< 1 ms]
  Passed LLMGameCreator.Tests.Application.CandidateNavigationPathfinding.CandidateNavigationRouteGraphPlannerTests.BlockedRouteKindForcesDetour [< 1 ms]
Results File: C:\Users\endim\LLMGameCreator\.devflow\runs\goal150b-complete-suite-refined\trx\shard-0024.trx

Test Run Successful.
Total tests: 19
     Passed: 19
 Total time: 0,8128 Seconds
