Test run for C:\Users\endim\LLMGameCreator\tests\LLMGameCreator.Tests\bin\Debug\net8.0-windows\LLMGameCreator.Tests.dll (.NETCoreApp,Version=v8.0)
A total of 1 test files matched the specified pattern.
C:\Users\endim\LLMGameCreator\tests\LLMGameCreator.Tests\bin\Debug\net8.0-windows\LLMGameCreator.Tests.dll
[xUnit.net 00:00:00.00] xUnit.net VSTest Adapter v2.8.2+699d445a1a (64-bit .NET 8.0.26)
[xUnit.net 00:00:00.14]   Discovering: LLMGameCreator.Tests
[xUnit.net 00:00:00.33]   Discovered:  LLMGameCreator.Tests
[xUnit.net 00:00:00.34]   Starting:    LLMGameCreator.Tests
  Passed LLMGameCreator.Tests.Application.SchemaDrivenCampaignAuthoringReviewWorkspace.SchemaDrivenCampaignAuthoringReviewWorkspaceTests.InvalidMatrixMatchesExpectations [143 ms]
  Passed LLMGameCreator.Tests.Application.SchemaDrivenCampaignAuthoringReviewWorkspace.SchemaDrivenCampaignAuthoringReviewWorkspaceTests.WinFormsUserControlsCanBeConstructedAndBound [184 ms]
  Passed LLMGameCreator.Tests.Application.SchemaDrivenCampaignAuthoringReviewWorkspace.SchemaDrivenCampaignAuthoringReviewWorkspaceTests.ProvenanceLedgerDistinguishesManualAutoQuarantinedAccepted [55 ms]
  Passed LLMGameCreator.Tests.Application.SchemaDrivenCampaignAuthoringReviewWorkspace.SchemaDrivenCampaignAuthoringReviewWorkspaceTests.SourceWorkspaceLoadsNineRowsAndRequiredSources [36 ms]
  Passed LLMGameCreator.Tests.Application.SchemaDrivenCampaignAuthoringReviewWorkspace.SchemaDrivenCampaignAuthoringReviewWorkspaceTests.UiBindingContractReferencesValidSchemaGroupsAndFields [38 ms]
  Passed LLMGameCreator.Tests.Application.SchemaDrivenCampaignAuthoringReviewWorkspace.SchemaDrivenCampaignAuthoringReviewWorkspaceTests.QualityGateScansCompositionRootAndReadabilityMetrics [40 ms]
  Passed LLMGameCreator.Tests.Application.SchemaDrivenCampaignAuthoringReviewWorkspace.SchemaDrivenCampaignAuthoringReviewWorkspaceTests.AuthoringActionPlanIsDeterministic [75 ms]
  Passed LLMGameCreator.Tests.Application.SchemaDrivenCampaignAuthoringReviewWorkspace.SchemaDrivenCampaignAuthoringReviewWorkspaceTests.DynamicSchemaHasRequiredPanelGroups [38 ms]
  Passed LLMGameCreator.Tests.Application.SchemaDrivenCampaignAuthoringReviewWorkspace.SchemaDrivenCampaignAuthoringReviewWorkspaceTests.EvidenceWriterCreatesAllRequiredFiles [56 ms]
[xUnit.net 00:00:01.07]   Finished:    LLMGameCreator.Tests
  Passed LLMGameCreator.Tests.Application.SchemaDrivenCampaignAuthoringReviewWorkspace.SchemaDrivenCampaignAuthoringReviewWorkspaceTests.QualityGateRejectsTooFewLinesForSizeWithoutLongLine [14 ms]
Results File: C:\Users\endim\LLMGameCreator\.devflow\runs\goal150b-complete-suite-refined\trx\shard-0223.trx

Test Run Successful.
Total tests: 10
     Passed: 10
 Total time: 1,5299 Seconds
