Test run for C:\Users\endim\LLMGameCreator\tests\LLMGameCreator.Tests\bin\Debug\net8.0-windows\LLMGameCreator.Tests.dll (.NETCoreApp,Version=v8.0)
A total of 1 test files matched the specified pattern.
C:\Users\endim\LLMGameCreator\tests\LLMGameCreator.Tests\bin\Debug\net8.0-windows\LLMGameCreator.Tests.dll
[xUnit.net 00:00:00.00] xUnit.net VSTest Adapter v2.8.2+699d445a1a (64-bit .NET 8.0.26)
[xUnit.net 00:00:00.16]   Discovering: LLMGameCreator.Tests
[xUnit.net 00:00:00.36]   Discovered:  LLMGameCreator.Tests
[xUnit.net 00:00:00.37]   Starting:    LLMGameCreator.Tests
[xUnit.net 00:00:01.49]       Assert.True() Failure
[xUnit.net 00:00:01.49]       Expected: True
[xUnit.net 00:00:01.49]       Actual:   False
[xUnit.net 00:00:01.49]       Stack Trace:
[xUnit.net 00:00:01.49]         C:\Users\endim\LLMGameCreator\tests\LLMGameCreator.Tests\ProductSmoke\OfflineGeoworldUnityEditorPreviewToolProductSmokeTests.cs(231,0): at LLMGameCreator.Tests.ProductSmoke.OfflineGeoworldUnityEditorPreviewToolProductSmokeTests.Goal102BActualUnityEditorSourceReformatProductSmoke()
[xUnit.net 00:00:01.49]         --- End of stack trace from previous location ---
[xUnit.net 00:00:01.83]       Assert.True() Failure
[xUnit.net 00:00:01.83]       Expected: True
[xUnit.net 00:00:01.83]       Actual:   False
[xUnit.net 00:00:01.83]       Stack Trace:
[xUnit.net 00:00:01.83]         C:\Users\endim\LLMGameCreator\tests\LLMGameCreator.Tests\ProductSmoke\OfflineGeoworldUnityEditorPreviewToolProductSmokeTests.cs(43,0): at LLMGameCreator.Tests.ProductSmoke.OfflineGeoworldUnityEditorPreviewToolProductSmokeTests.Goal102OfflineGeoworldUnityEditorPreviewToolProductSmoke()
[xUnit.net 00:00:01.83]         --- End of stack trace from previous location ---
[xUnit.net 00:00:01.83]   Finished:    LLMGameCreator.Tests
  Failed LLMGameCreator.Tests.ProductSmoke.OfflineGeoworldUnityEditorPreviewToolProductSmokeTests.Goal102BActualUnityEditorSourceReformatProductSmoke [1 s]
  Error Message:
   Assert.True() Failure
Expected: True
Actual:   False
  Stack Trace:
     at LLMGameCreator.Tests.ProductSmoke.OfflineGeoworldUnityEditorPreviewToolProductSmokeTests.Goal102BActualUnityEditorSourceReformatProductSmoke() in C:\Users\endim\LLMGameCreator\tests\LLMGameCreator.Tests\ProductSmoke\OfflineGeoworldUnityEditorPreviewToolProductSmokeTests.cs:line 231
--- End of stack trace from previous location ---
  Passed LLMGameCreator.Tests.ProductSmoke.OfflineGeoworldUnityEditorPreviewToolProductSmokeTests.Goal102AUnityEditorSourceFormatGuardProductSmoke [196 ms]
  Failed LLMGameCreator.Tests.ProductSmoke.OfflineGeoworldUnityEditorPreviewToolProductSmokeTests.Goal102OfflineGeoworldUnityEditorPreviewToolProductSmoke [140 ms]
  Error Message:
   Assert.True() Failure
Expected: True
Actual:   False
  Stack Trace:
     at LLMGameCreator.Tests.ProductSmoke.OfflineGeoworldUnityEditorPreviewToolProductSmokeTests.Goal102OfflineGeoworldUnityEditorPreviewToolProductSmoke() in C:\Users\endim\LLMGameCreator\tests\LLMGameCreator.Tests\ProductSmoke\OfflineGeoworldUnityEditorPreviewToolProductSmokeTests.cs:line 43
--- End of stack trace from previous location ---
Results File: C:\Users\endim\LLMGameCreator\.devflow\runs\goal150b-complete-suite-refined\trx\shard-0505.trx

Total tests: 3
     Passed: 1
     Failed: 2
 Total time: 2,2556 Seconds
