Test run for C:\Users\endim\LLMGameCreator\tests\LLMGameCreator.Tests\bin\Debug\net8.0-windows\LLMGameCreator.Tests.dll (.NETCoreApp,Version=v8.0)
A total of 1 test files matched the specified pattern.
C:\Users\endim\LLMGameCreator\tests\LLMGameCreator.Tests\bin\Debug\net8.0-windows\LLMGameCreator.Tests.dll
[xUnit.net 00:00:00.00] xUnit.net VSTest Adapter v2.8.2+699d445a1a (64-bit .NET 8.0.26)
[xUnit.net 00:00:00.15]   Discovering: LLMGameCreator.Tests
[xUnit.net 00:00:00.36]   Discovered:  LLMGameCreator.Tests
[xUnit.net 00:00:00.37]   Starting:    LLMGameCreator.Tests
[xUnit.net 00:00:00.85]   Finished:    LLMGameCreator.Tests
  Passed LLMGameCreator.Tests.Application.PackageAssemblyDialogueQuests.PackageAssemblyDialogueQuestsAcceptanceTests.WrittenReportRoundTripsManualGateAndHasNoTopLevelErrors [296 ms]
  Passed LLMGameCreator.Tests.Application.PackageAssemblyDialogueQuests.PackageAssemblyDialogueQuestsAcceptanceTests.CurrentStatePreservesGoal026AcceptedBeforeLaterPackageAssemblyGoals [15 ms]
  Passed LLMGameCreator.Tests.Application.PackageAssemblyDialogueQuests.PackageAssemblyDialogueQuestsAcceptanceTests.AssemblerMapsQuestStagesDialogueNodesAndQuestLinkedChoicesWithoutSchemaChanges [5 ms]
  Passed LLMGameCreator.Tests.Application.PackageAssemblyDialogueQuests.PackageAssemblyDialogueQuestsAcceptanceTests.RealAndSyntheticConsumersProduceQuestStagesDialogueNodesAndChoices [7 ms]
  Passed LLMGameCreator.Tests.Application.PackageAssemblyDialogueQuests.PackageAssemblyDialogueQuestsAcceptanceTests.BuildsDeterministicDialogueQuestArtifacts [70 ms]
  Passed LLMGameCreator.Tests.Application.PackageAssemblyDialogueQuests.PackageAssemblyDialogueQuestsAcceptanceTests.InvalidMatrixRejectsRequiredScenarios [7 ms]
  Passed LLMGameCreator.Tests.Application.PackageAssemblyDialogueQuests.PackageAssemblyDialogueQuestsAcceptanceTests.RejectsMissingEvidenceAndAntiOverfitFailure [33 ms]
Results File: C:\Users\endim\LLMGameCreator\.devflow\runs\goal150b-complete-suite-refined\trx\shard-0186.trx

Test Run Successful.
Total tests: 7
     Passed: 7
 Total time: 1,2885 Seconds
