Test run for C:\Users\endim\LLMGameCreator\tests\LLMGameCreator.Tests\bin\Debug\net8.0-windows\LLMGameCreator.Tests.dll (.NETCoreApp,Version=v8.0)
A total of 1 test files matched the specified pattern.
C:\Users\endim\LLMGameCreator\tests\LLMGameCreator.Tests\bin\Debug\net8.0-windows\LLMGameCreator.Tests.dll
[xUnit.net 00:00:00.00] xUnit.net VSTest Adapter v2.8.2+699d445a1a (64-bit .NET 8.0.26)
[xUnit.net 00:00:00.15]   Discovering: LLMGameCreator.Tests
[xUnit.net 00:00:00.34]   Discovered:  LLMGameCreator.Tests
[xUnit.net 00:00:00.35]   Starting:    LLMGameCreator.Tests
  Passed LLMGameCreator.Tests.Application.World.ConnectedWorldTravelAcceptanceTests.BuildsStableAcceptedConnectedWorldTravelArtifacts [136 ms]
  Passed LLMGameCreator.Tests.Application.World.ConnectedWorldTravelAcceptanceTests.VariableMapsHaveDistinctExactDimensionsOrSignatures [8 ms]
  Passed LLMGameCreator.Tests.Application.World.ConnectedWorldTravelAcceptanceTests.SaveLoadRestoresExactTravelWorldAndChunkEvidence [10 ms]
  Passed LLMGameCreator.Tests.Application.World.ConnectedWorldTravelAcceptanceTests.GraphReachabilityCoversAllRequiredRegions [5 ms]
  Passed LLMGameCreator.Tests.Application.World.ConnectedWorldTravelAcceptanceTests.BoundedChunkIdsAreDeterministicAndRuntimeDeltasPersist [15 ms]
  Passed LLMGameCreator.Tests.Application.World.ConnectedWorldTravelAcceptanceTests.ValidRouteStepsReferenceConnectionsAndDestinationMapBindings [6 ms]
  Passed LLMGameCreator.Tests.Application.World.ConnectedWorldTravelAcceptanceTests.TravelRuntimeChangesCurrentRegionAndMapThroughRuntimeOwnedState [17 ms]
  Passed LLMGameCreator.Tests.Application.World.ConnectedWorldTravelAcceptanceTests.RuntimeDeltasAreNotAcceptedAsSourcePackageContent [7 ms]
  Passed LLMGameCreator.Tests.Application.World.ConnectedWorldTravelAcceptanceTests.InvalidTravelIsRejectedWithoutWeakeningValidScenarioAcceptance [4 ms]
[xUnit.net 00:00:00.63]   Finished:    LLMGameCreator.Tests
  Passed LLMGameCreator.Tests.Application.World.ConnectedWorldTravelAcceptanceTests.InvalidScenariosAreRejectedByStableDiagnosticsAndDoNotExecuteRuntime [6 ms]
Results File: C:\Users\endim\LLMGameCreator\.devflow\runs\goal150b-complete-suite-refined\trx\shard-0340.trx

Test Run Successful.
Total tests: 10
     Passed: 10
 Total time: 1,0141 Seconds
