Test run for C:\Users\endim\LLMGameCreator\tests\LLMGameCreator.Tests\bin\Debug\net8.0-windows\LLMGameCreator.Tests.dll (.NETCoreApp,Version=v8.0)
A total of 1 test files matched the specified pattern.
C:\Users\endim\LLMGameCreator\tests\LLMGameCreator.Tests\bin\Debug\net8.0-windows\LLMGameCreator.Tests.dll
[xUnit.net 00:00:00.00] xUnit.net VSTest Adapter v2.8.2+699d445a1a (64-bit .NET 8.0.26)
[xUnit.net 00:00:00.14]   Discovering: LLMGameCreator.Tests
[xUnit.net 00:00:00.34]   Discovered:  LLMGameCreator.Tests
[xUnit.net 00:00:00.36]   Starting:    LLMGameCreator.Tests
  Passed LLMGameCreator.Tests.RuntimeUnifiedBridgeTests.UnifiedStart_CreatesMapAndGameplayState [20 ms]
  Passed LLMGameCreator.Tests.RuntimeUnifiedBridgeTests.UseItem_AppliesResourceStatusFlagAndNonConsumableIsKept [19 ms]
  Passed LLMGameCreator.Tests.RuntimeUnifiedBridgeTests.InteractCommand_CanTriggerInteractionRouteFromMapComponent [4 ms]
  Passed LLMGameCreator.Tests.RuntimeUnifiedBridgeTests.Interaction_AppliesEffectsAndUnknownFailsCleanly [< 1 ms]
  Passed LLMGameCreator.Tests.RuntimeUnifiedBridgeTests.Runtime_DoesNotMutateGamePackageDefinitions [83 ms]
  Passed LLMGameCreator.Tests.RuntimeUnifiedBridgeTests.UnifiedWait_TicksGameplayRuntime [3 ms]
  Passed LLMGameCreator.Tests.RuntimeUnifiedBridgeTests.UnifiedGameplayCommand_RoutesThroughGameplayRuntimeAndKeepsMapState [2 ms]
  Passed LLMGameCreator.Tests.RuntimeUnifiedBridgeTests.UnifiedMove_RoutesThroughLegacyRuntimeAndKeepsGameplayState [13 ms]
  Passed LLMGameCreator.Tests.RuntimeUnifiedBridgeTests.UseItem_FailsWithoutItemAndDoesNotMutate [< 1 ms]
[xUnit.net 00:00:00.57]   Finished:    LLMGameCreator.Tests
  Passed LLMGameCreator.Tests.RuntimeUnifiedBridgeTests.UseItem_ConditionsFailWithoutMutation [1 ms]
  Passed LLMGameCreator.Tests.RuntimeUnifiedBridgeTests.RuntimeStateSerializer_RoundtripsStateAndUnifiedSessionWithoutPackageDefinitions [25 ms]
Results File: C:\Users\endim\LLMGameCreator\.devflow\runs\goal150b-complete-suite-refined\trx\shard-0587.trx

Test Run Successful.
Total tests: 11
     Passed: 11
 Total time: 0,9528 Seconds
