Test run for C:\Users\endim\LLMGameCreator\tests\LLMGameCreator.Tests\bin\Debug\net8.0-windows\LLMGameCreator.Tests.dll (.NETCoreApp,Version=v8.0)
A total of 1 test files matched the specified pattern.
C:\Users\endim\LLMGameCreator\tests\LLMGameCreator.Tests\bin\Debug\net8.0-windows\LLMGameCreator.Tests.dll
[xUnit.net 00:00:00.00] xUnit.net VSTest Adapter v2.8.2+699d445a1a (64-bit .NET 8.0.26)
[xUnit.net 00:00:00.15]   Discovering: LLMGameCreator.Tests
[xUnit.net 00:00:00.33]   Discovered:  LLMGameCreator.Tests
[xUnit.net 00:00:00.34]   Starting:    LLMGameCreator.Tests
[xUnit.net 00:00:00.77]   Finished:    LLMGameCreator.Tests
  Passed LLMGameCreator.Tests.Application.PackageAssemblyWorldEntities.PackageAssemblyWorldEntitiesAcceptanceTests.WrittenReportRoundTripsManualGateAndHasNoTopLevelErrors [266 ms]
  Passed LLMGameCreator.Tests.Application.PackageAssemblyWorldEntities.PackageAssemblyWorldEntitiesAcceptanceTests.RealAndSyntheticConsumersProduceMapsPrototypesAndPlacements [20 ms]
  Passed LLMGameCreator.Tests.Application.PackageAssemblyWorldEntities.PackageAssemblyWorldEntitiesAcceptanceTests.CurrentStateKeepsGoal025RecordAfterLaterGoalHandoff [7 ms]
  Passed LLMGameCreator.Tests.Application.PackageAssemblyWorldEntities.PackageAssemblyWorldEntitiesAcceptanceTests.InvalidMatrixRejectsRequiredScenarios [11 ms]
  Passed LLMGameCreator.Tests.Application.PackageAssemblyWorldEntities.PackageAssemblyWorldEntitiesAcceptanceTests.BuildsDeterministicWorldEntityArtifacts [58 ms]
  Passed LLMGameCreator.Tests.Application.PackageAssemblyWorldEntities.PackageAssemblyWorldEntitiesAcceptanceTests.RejectsMissingEvidenceAndAntiOverfitFailure [27 ms]
  Passed LLMGameCreator.Tests.Application.PackageAssemblyWorldEntities.PackageAssemblyWorldEntitiesAcceptanceTests.AssemblerMapsExplicitEntityAndNpcPlacementsWithoutSchemaChanges [1 ms]
Results File: C:\Users\endim\LLMGameCreator\.devflow\runs\goal150b-complete-suite-refined\trx\shard-0188.trx

Test Run Successful.
Total tests: 7
     Passed: 7
 Total time: 1,2233 Seconds
