Test run for C:\Users\endim\LLMGameCreator\tests\LLMGameCreator.Tests\bin\Debug\net8.0-windows\LLMGameCreator.Tests.dll (.NETCoreApp,Version=v8.0)
A total of 1 test files matched the specified pattern.
C:\Users\endim\LLMGameCreator\tests\LLMGameCreator.Tests\bin\Debug\net8.0-windows\LLMGameCreator.Tests.dll
[xUnit.net 00:00:00.00] xUnit.net VSTest Adapter v2.8.2+699d445a1a (64-bit .NET 8.0.26)
[xUnit.net 00:00:00.14]   Discovering: LLMGameCreator.Tests
[xUnit.net 00:00:00.33]   Discovered:  LLMGameCreator.Tests
[xUnit.net 00:00:00.34]   Starting:    LLMGameCreator.Tests
[xUnit.net 00:00:00.59]   Finished:    LLMGameCreator.Tests
  Passed LLMGameCreator.Tests.Design.GeneratorPlanDraftExecutionPipelineTests.PlannerCreatesDeterministicDraftPlanStepIdsArtifactsAndApproval [12 ms]
  Passed LLMGameCreator.Tests.Design.GeneratorPlanDraftExecutionPipelineTests.PlannerMarksStepsBlockedWhenExecutionContractsAreMissingAndCanDisableApproval [1 ms]
  Passed LLMGameCreator.Tests.Design.GeneratorPlanDraftExecutionPipelineTests.ValidatorAcceptsValidPlanAndReportsErrorsWarningsDeterministically [2 ms]
  Passed LLMGameCreator.Tests.Design.GeneratorPlanDraftExecutionPipelineTests.ValidatorReportsNoStepsAndPolicyMapsWarningsOnly [15 ms]
  Passed LLMGameCreator.Tests.Design.GeneratorPlanDraftExecutionPipelineTests.ServiceCreatesDraftFromPreviewAndExamplePathAndCanSkipMarkdown [22 ms]
  Passed LLMGameCreator.Tests.Design.GeneratorPlanDraftExecutionPipelineTests.ServiceReturnsInvalidWhenPreviewInvalid [4 ms]
  Passed LLMGameCreator.Tests.Design.GeneratorPlanDraftExecutionPipelineTests.ReaderReturnsEmptySavedArtifactsAndWorksWhenMarkdownMissing [73 ms]
  Passed LLMGameCreator.Tests.Design.GeneratorPlanDraftExecutionPipelineTests.MarkdownRendererRendersSummaryStepsDiagnosticsAndEscapesCells [10 ms]
  Passed LLMGameCreator.Tests.Design.GeneratorPlanDraftExecutionPipelineTests.ArtifactServiceSavesResultMarkdownValidationAndSupportsIdempotenceCustomIdsAndNoMarkdown [60 ms]
Results File: C:\Users\endim\LLMGameCreator\.devflow\runs\goal150b-complete-suite-refined\trx\shard-0368.trx

Test Run Successful.
Total tests: 9
     Passed: 9
 Total time: 0,9861 Seconds
