Test run for C:\Users\endim\LLMGameCreator\tests\LLMGameCreator.Tests\bin\Debug\net8.0-windows\LLMGameCreator.Tests.dll (.NETCoreApp,Version=v8.0)
A total of 1 test files matched the specified pattern.
C:\Users\endim\LLMGameCreator\tests\LLMGameCreator.Tests\bin\Debug\net8.0-windows\LLMGameCreator.Tests.dll
[xUnit.net 00:00:00.00] xUnit.net VSTest Adapter v2.8.2+699d445a1a (64-bit .NET 8.0.26)
[xUnit.net 00:00:00.15]   Discovering: LLMGameCreator.Tests
[xUnit.net 00:00:00.35]   Discovered:  LLMGameCreator.Tests
[xUnit.net 00:00:00.36]   Starting:    LLMGameCreator.Tests
[xUnit.net 00:00:02.07]       Assert.DoesNotContain() Failure: Filter matched in collection
[xUnit.net 00:00:02.07]                    ↓ (pos 0)
[xUnit.net 00:00:02.07]       Collection: [VisualWorldPreviewDiagnostic { Severity = error, Code = goal092.proof.failed, Target = goal101.quality_gate, Message = Required visual preview proof is missing or did not pass. }, VisualWorldPreviewDiagnostic { Severity = error, Code = goal092.proof.failed, Target = goal101.quality_gate, Message = Required visual preview proof is missing or did not pass. }, VisualWorldPreviewDiagnostic { Severity = error, Code = goal092.proof.failed, Target = goal103.quality_gate, Message = Required visual preview proof is missing or did not pass. }, VisualWorldPreviewDiagnostic { Severity = error, Code = goal092.proof.failed, Target = goal103.quality_gate, Message = Required visual preview proof is missing or did not pass. }, VisualWorldPreviewDiagnostic { Severity = error, Code = goal092.proof.failed, Target = goal104.quality_gate, Message = Required visual preview proof is missing or did not pass. }, ···]
[xUnit.net 00:00:02.07]       Stack Trace:
[xUnit.net 00:00:02.07]         C:\Users\endim\LLMGameCreator\tests\LLMGameCreator.Tests\Application\VisualWorldStreamPreviewWorkspace\VisualWorldStreamPreviewWorkspaceServiceTests.cs(48,0): at LLMGameCreator.Tests.Application.VisualWorldStreamPreviewWorkspace.VisualWorldStreamPreviewWorkspaceServiceTests.ServiceLoadsRealGoal086Through108Artifacts()
[xUnit.net 00:00:02.07]            at System.RuntimeMethodHandle.InvokeMethod(Object target, Void** arguments, Signature sig, Boolean isConstructor)
[xUnit.net 00:00:02.07]            at System.Reflection.MethodBaseInvoker.InvokeWithNoArgs(Object obj, BindingFlags invokeAttr)
  Failed LLMGameCreator.Tests.Application.VisualWorldStreamPreviewWorkspace.VisualWorldStreamPreviewWorkspaceServiceTests.ServiceLoadsRealGoal086Through108Artifacts [1 s]
  Error Message:
   Assert.DoesNotContain() Failure: Filter matched in collection
             ↓ (pos 0)
Collection: [VisualWorldPreviewDiagnostic { Severity = error, Code = goal092.proof.failed, Target = goal101.quality_gate, Message = Required visual preview proof is missing or did not pass. }, VisualWorldPreviewDiagnostic { Severity = error, Code = goal092.proof.failed, Target = goal101.quality_gate, Message = Required visual preview proof is missing or did not pass. }, VisualWorldPreviewDiagnostic { Severity = error, Code = goal092.proof.failed, Target = goal103.quality_gate, Message = Required visual preview proof is missing or did not pass. }, VisualWorldPreviewDiagnostic { Severity = error, Code = goal092.proof.failed, Target = goal103.quality_gate, Message = Required visual preview proof is missing or did not pass. }, VisualWorldPreviewDiagnostic { Severity = error, Code = goal092.proof.failed, Target = goal104.quality_gate, Message = Required visual preview proof is missing or did not pass. }, ···]
  Stack Trace:
     at LLMGameCreator.Tests.Application.VisualWorldStreamPreviewWorkspace.VisualWorldStreamPreviewWorkspaceServiceTests.ServiceLoadsRealGoal086Through108Artifacts() in C:\Users\endim\LLMGameCreator\tests\LLMGameCreator.Tests\Application\VisualWorldStreamPreviewWorkspace\VisualWorldStreamPreviewWorkspaceServiceTests.cs:line 48
   at System.RuntimeMethodHandle.InvokeMethod(Object target, Void** arguments, Signature sig, Boolean isConstructor)
   at System.Reflection.MethodBaseInvoker.InvokeWithNoArgs(Object obj, BindingFlags invokeAttr)
  Passed LLMGameCreator.Tests.Application.VisualWorldStreamPreviewWorkspace.VisualWorldStreamPreviewWorkspaceServiceTests.CurrentGoal092NamespaceHasNoFilesOver1000LogicalLines [61 ms]
  Passed LLMGameCreator.Tests.Application.VisualWorldStreamPreviewWorkspace.VisualWorldStreamPreviewWorkspaceServiceTests.OfflineGeoworldHandoffGroupSurfacesGoal100PackagesPayloadAndProofs [788 ms]
  Passed LLMGameCreator.Tests.Application.VisualWorldStreamPreviewWorkspace.VisualWorldStreamPreviewWorkspaceServiceTests.GeoworldGroupSurfacesGoal099OfflineBundleGraphAndPrefetch [800 ms]
[xUnit.net 00:00:04.61]       Assert.Contains() Failure: Sub-string not found
[xUnit.net 00:00:04.61]       String:    "id: goal_101_offline_geoworld_unity_previ"···
[xUnit.net 00:00:04.61]       Not found: "offlineGeoworldUnityPreviewQualityGatePas"···
[xUnit.net 00:00:04.61]       Stack Trace:
[xUnit.net 00:00:04.61]         C:\Users\endim\LLMGameCreator\tests\LLMGameCreator.Tests\Application\VisualWorldStreamPreviewWorkspace\VisualWorldStreamPreviewWorkspaceServiceTests.cs(609,0): at LLMGameCreator.Tests.Application.VisualWorldStreamPreviewWorkspace.VisualWorldStreamPreviewWorkspaceServiceTests.<>c__DisplayClass16_0.<WinFormsWorkspaceCanBindApplicationResult>b__0()
[xUnit.net 00:00:04.61]         C:\Users\endim\LLMGameCreator\tests\LLMGameCreator.Tests\Application\VisualWorldStreamPreviewWorkspace\VisualWorldStreamPreviewWorkspaceServiceTests.cs(737,0): at LLMGameCreator.Tests.Application.VisualWorldStreamPreviewWorkspace.VisualWorldStreamPreviewWorkspaceServiceTests.<>c__DisplayClass19_0.<RunSta>b__0()
[xUnit.net 00:00:04.61]         --- End of stack trace from previous location ---
[xUnit.net 00:00:04.61]         C:\Users\endim\LLMGameCreator\tests\LLMGameCreator.Tests\Application\VisualWorldStreamPreviewWorkspace\VisualWorldStreamPreviewWorkspaceServiceTests.cs(749,0): at LLMGameCreator.Tests.Application.VisualWorldStreamPreviewWorkspace.VisualWorldStreamPreviewWorkspaceServiceTests.RunSta(Action action)
[xUnit.net 00:00:04.61]         C:\Users\endim\LLMGameCreator\tests\LLMGameCreator.Tests\Application\VisualWorldStreamPreviewWorkspace\VisualWorldStreamPreviewWorkspaceServiceTests.cs(505,0): at LLMGameCreator.Tests.Application.VisualWorldStreamPreviewWorkspace.VisualWorldStreamPreviewWorkspaceServiceTests.WinFormsWorkspaceCanBindApplicationResult()
[xUnit.net 00:00:04.61]            at System.RuntimeMethodHandle.InvokeMethod(Object target, Void** arguments, Signature sig, Boolean isConstructor)
[xUnit.net 00:00:04.61]            at System.Reflection.MethodBaseInvoker.InvokeWithNoArgs(Object obj, BindingFlags invokeAttr)
[xUnit.net 00:00:04.64]       Assert.NotNull() Failure: Value is null
[xUnit.net 00:00:04.64]       Stack Trace:
[xUnit.net 00:00:04.64]         C:\Users\endim\LLMGameCreator\tests\LLMGameCreator.Tests\Application\VisualWorldStreamPreviewWorkspace\VisualWorldStreamPreviewWorkspaceServiceTests.cs(760,0): at LLMGameCreator.Tests.Application.VisualWorldStreamPreviewWorkspace.VisualWorldStreamPreviewWorkspaceServiceTests.RequiredPrivateField[T](Object owner, String fieldName)
[xUnit.net 00:00:04.64]         C:\Users\endim\LLMGameCreator\tests\LLMGameCreator.Tests\Application\VisualWorldStreamPreviewWorkspace\VisualWorldStreamPreviewWorkspaceServiceTests.cs(708,0): at LLMGameCreator.Tests.Application.VisualWorldStreamPreviewWorkspace.VisualWorldStreamPreviewWorkspaceServiceTests.<>c.<WorkspaceActivationLoadsAndBindsRealArtifacts>b__17_0()
[xUnit.net 00:00:04.64]         C:\Users\endim\LLMGameCreator\tests\LLMGameCreator.Tests\Application\VisualWorldStreamPreviewWorkspace\VisualWorldStreamPreviewWorkspaceServiceTests.cs(737,0): at LLMGameCreator.Tests.Application.VisualWorldStreamPreviewWorkspace.VisualWorldStreamPreviewWorkspaceServiceTests.<>c__DisplayClass19_0.<RunSta>b__0()
[xUnit.net 00:00:04.64]         --- End of stack trace from previous location ---
[xUnit.net 00:00:04.64]         C:\Users\endim\LLMGameCreator\tests\LLMGameCreator.Tests\Application\VisualWorldStreamPreviewWorkspace\VisualWorldStreamPreviewWorkspaceServiceTests.cs(749,0): at LLMGameCreator.Tests.Application.VisualWorldStreamPreviewWorkspace.VisualWorldStreamPreviewWorkspaceServiceTests.RunSta(Action action)
[xUnit.net 00:00:04.64]         C:\Users\endim\LLMGameCreator\tests\LLMGameCreator.Tests\Application\VisualWorldStreamPreviewWorkspace\VisualWorldStreamPreviewWorkspaceServiceTests.cs(702,0): at LLMGameCreator.Tests.Application.VisualWorldStreamPreviewWorkspace.VisualWorldStreamPreviewWorkspaceServiceTests.WorkspaceActivationLoadsAndBindsRealArtifacts()
[xUnit.net 00:00:04.64]            at System.RuntimeMethodHandle.InvokeMethod(Object target, Void** arguments, Signature sig, Boolean isConstructor)
[xUnit.net 00:00:04.64]            at System.Reflection.MethodBaseInvoker.InvokeWithNoArgs(Object obj, BindingFlags invokeAttr)
  Failed LLMGameCreator.Tests.Application.VisualWorldStreamPreviewWorkspace.VisualWorldStreamPreviewWorkspaceServiceTests.WinFormsWorkspaceCanBindApplicationResult [892 ms]
  Error Message:
   Assert.Contains() Failure: Sub-string not found
String:    "id: goal_101_offline_geoworld_unity_previ"···
Not found: "offlineGeoworldUnityPreviewQualityGatePas"···
  Stack Trace:
     at LLMGameCreator.Tests.Application.VisualWorldStreamPreviewWorkspace.VisualWorldStreamPreviewWorkspaceServiceTests.<>c__DisplayClass16_0.<WinFormsWorkspaceCanBindApplicationResult>b__0() in C:\Users\endim\LLMGameCreator\tests\LLMGameCreator.Tests\Application\VisualWorldStreamPreviewWorkspace\VisualWorldStreamPreviewWorkspaceServiceTests.cs:line 609
   at LLMGameCreator.Tests.Application.VisualWorldStreamPreviewWorkspace.VisualWorldStreamPreviewWorkspaceServiceTests.<>c__DisplayClass19_0.<RunSta>b__0() in C:\Users\endim\LLMGameCreator\tests\LLMGameCreator.Tests\Application\VisualWorldStreamPreviewWorkspace\VisualWorldStreamPreviewWorkspaceServiceTests.cs:line 737
--- End of stack trace from previous location ---
   at LLMGameCreator.Tests.Application.VisualWorldStreamPreviewWorkspace.VisualWorldStreamPreviewWorkspaceServiceTests.RunSta(Action action) in C:\Users\endim\LLMGameCreator\tests\LLMGameCreator.Tests\Application\VisualWorldStreamPreviewWorkspace\VisualWorldStreamPreviewWorkspaceServiceTests.cs:line 749
   at LLMGameCreator.Tests.Application.VisualWorldStreamPreviewWorkspace.VisualWorldStreamPreviewWorkspaceServiceTests.WinFormsWorkspaceCanBindApplicationResult() in C:\Users\endim\LLMGameCreator\tests\LLMGameCreator.Tests\Application\VisualWorldStreamPreviewWorkspace\VisualWorldStreamPreviewWorkspaceServiceTests.cs:line 505
   at System.RuntimeMethodHandle.InvokeMethod(Object target, Void** arguments, Signature sig, Boolean isConstructor)
   at System.Reflection.MethodBaseInvoker.InvokeWithNoArgs(Object obj, BindingFlags invokeAttr)
  Failed LLMGameCreator.Tests.Application.VisualWorldStreamPreviewWorkspace.VisualWorldStreamPreviewWorkspaceServiceTests.WorkspaceActivationLoadsAndBindsRealArtifacts [30 ms]
  Error Message:
   Assert.NotNull() Failure: Value is null
  Stack Trace:
     at LLMGameCreator.Tests.Application.VisualWorldStreamPreviewWorkspace.VisualWorldStreamPreviewWorkspaceServiceTests.RequiredPrivateField[T](Object owner, String fieldName) in C:\Users\endim\LLMGameCreator\tests\LLMGameCreator.Tests\Application\VisualWorldStreamPreviewWorkspace\VisualWorldStreamPreviewWorkspaceServiceTests.cs:line 760
   at LLMGameCreator.Tests.Application.VisualWorldStreamPreviewWorkspace.VisualWorldStreamPreviewWorkspaceServiceTests.<>c.<WorkspaceActivationLoadsAndBindsRealArtifacts>b__17_0() in C:\Users\endim\LLMGameCreator\tests\LLMGameCreator.Tests\Application\VisualWorldStreamPreviewWorkspace\VisualWorldStreamPreviewWorkspaceServiceTests.cs:line 708
   at LLMGameCreator.Tests.Application.VisualWorldStreamPreviewWorkspace.VisualWorldStreamPreviewWorkspaceServiceTests.<>c__DisplayClass19_0.<RunSta>b__0() in C:\Users\endim\LLMGameCreator\tests\LLMGameCreator.Tests\Application\VisualWorldStreamPreviewWorkspace\VisualWorldStreamPreviewWorkspaceServiceTests.cs:line 737
--- End of stack trace from previous location ---
   at LLMGameCreator.Tests.Application.VisualWorldStreamPreviewWorkspace.VisualWorldStreamPreviewWorkspaceServiceTests.RunSta(Action action) in C:\Users\endim\LLMGameCreator\tests\LLMGameCreator.Tests\Application\VisualWorldStreamPreviewWorkspace\VisualWorldStreamPreviewWorkspaceServiceTests.cs:line 749
   at LLMGameCreator.Tests.Application.VisualWorldStreamPreviewWorkspace.VisualWorldStreamPreviewWorkspaceServiceTests.WorkspaceActivationLoadsAndBindsRealArtifacts() in C:\Users\endim\LLMGameCreator\tests\LLMGameCreator.Tests\Application\VisualWorldStreamPreviewWorkspace\VisualWorldStreamPreviewWorkspaceServiceTests.cs:line 702
   at System.RuntimeMethodHandle.InvokeMethod(Object target, Void** arguments, Signature sig, Boolean isConstructor)
   at System.Reflection.MethodBaseInvoker.InvokeWithNoArgs(Object obj, BindingFlags invokeAttr)
  Passed LLMGameCreator.Tests.Application.VisualWorldStreamPreviewWorkspace.VisualWorldStreamPreviewWorkspaceServiceTests.WorkspaceQualityGateRecordsSourceHealthBackstop [679 ms]
  Passed LLMGameCreator.Tests.Application.VisualWorldStreamPreviewWorkspace.VisualWorldStreamPreviewWorkspaceServiceTests.SvgEntriesAreRelativeTextSafePreviewPaths [627 ms]
  Passed LLMGameCreator.Tests.Application.VisualWorldStreamPreviewWorkspace.VisualWorldStreamPreviewWorkspaceServiceTests.UnityHandoffGroupSurfacesGoal095PayloadProbeAndReadinessProof [622 ms]
  Passed LLMGameCreator.Tests.Application.VisualWorldStreamPreviewWorkspace.VisualWorldStreamPreviewWorkspaceServiceTests.SourceHealthScannerRejectsSyntheticOver1000LineSource [1 ms]
  Passed LLMGameCreator.Tests.Application.VisualWorldStreamPreviewWorkspace.VisualWorldStreamPreviewWorkspaceServiceTests.MissingArtifactScenarioProducesDiagnosticsNotFakeGreen [289 ms]
  Passed LLMGameCreator.Tests.Application.VisualWorldStreamPreviewWorkspace.VisualWorldStreamPreviewWorkspaceServiceTests.Goal091StreamWindowSvgEntriesAreVisibleInCatalog [608 ms]
[xUnit.net 00:00:08.09]       Assert.True() Failure
[xUnit.net 00:00:08.09]       Expected: True
[xUnit.net 00:00:08.09]       Actual:   False
[xUnit.net 00:00:08.09]       Stack Trace:
[xUnit.net 00:00:08.09]         C:\Users\endim\LLMGameCreator\tests\LLMGameCreator.Tests\Application\VisualWorldStreamPreviewWorkspace\VisualWorldStreamPreviewWorkspaceGoal103Tests.cs(30,0): at LLMGameCreator.Tests.Application.VisualWorldStreamPreviewWorkspace.VisualWorldStreamPreviewWorkspaceServiceTests.OfflineGeoworldPlayModeTravelGroupSurfacesGoal103Readiness()
[xUnit.net 00:00:08.09]            at System.RuntimeMethodHandle.InvokeMethod(Object target, Void** arguments, Signature sig, Boolean isConstructor)
[xUnit.net 00:00:08.09]            at System.Reflection.MethodBaseInvoker.InvokeWithNoArgs(Object obj, BindingFlags invokeAttr)
[xUnit.net 00:00:08.73]       Assert.True() Failure
[xUnit.net 00:00:08.73]       Expected: True
[xUnit.net 00:00:08.73]       Actual:   False
[xUnit.net 00:00:08.73]       Stack Trace:
[xUnit.net 00:00:08.73]         C:\Users\endim\LLMGameCreator\tests\LLMGameCreator.Tests\Application\VisualWorldStreamPreviewWorkspace\VisualWorldStreamPreviewWorkspaceServiceTests.cs(390,0): at LLMGameCreator.Tests.Application.VisualWorldStreamPreviewWorkspace.VisualWorldStreamPreviewWorkspaceServiceTests.Goal091Goal093Goal095Goal099Goal100Goal101Goal102AndGoal103ProofStatusesSurfaceRequiredProofs()
[xUnit.net 00:00:08.73]            at System.RuntimeMethodHandle.InvokeMethod(Object target, Void** arguments, Signature sig, Boolean isConstructor)
[xUnit.net 00:00:08.73]            at System.Reflection.MethodBaseInvoker.InvokeWithNoArgs(Object obj, BindingFlags invokeAttr)
  Failed LLMGameCreator.Tests.Application.VisualWorldStreamPreviewWorkspace.VisualWorldStreamPreviewWorkspaceServiceTests.OfflineGeoworldPlayModeTravelGroupSurfacesGoal103Readiness [621 ms]
  Error Message:
   Assert.True() Failure
Expected: True
Actual:   False
  Stack Trace:
     at LLMGameCreator.Tests.Application.VisualWorldStreamPreviewWorkspace.VisualWorldStreamPreviewWorkspaceServiceTests.OfflineGeoworldPlayModeTravelGroupSurfacesGoal103Readiness() in C:\Users\endim\LLMGameCreator\tests\LLMGameCreator.Tests\Application\VisualWorldStreamPreviewWorkspace\VisualWorldStreamPreviewWorkspaceGoal103Tests.cs:line 30
   at System.RuntimeMethodHandle.InvokeMethod(Object target, Void** arguments, Signature sig, Boolean isConstructor)
   at System.Reflection.MethodBaseInvoker.InvokeWithNoArgs(Object obj, BindingFlags invokeAttr)
  Failed LLMGameCreator.Tests.Application.VisualWorldStreamPreviewWorkspace.VisualWorldStreamPreviewWorkspaceServiceTests.Goal091Goal093Goal095Goal099Goal100Goal101Goal102AndGoal103ProofStatusesSurfaceRequiredProofs [645 ms]
  Error Message:
   Assert.True() Failure
Expected: True
Actual:   False
  Stack Trace:
     at LLMGameCreator.Tests.Application.VisualWorldStreamPreviewWorkspace.VisualWorldStreamPreviewWorkspaceServiceTests.Goal091Goal093Goal095Goal099Goal100Goal101Goal102AndGoal103ProofStatusesSurfaceRequiredProofs() in C:\Users\endim\LLMGameCreator\tests\LLMGameCreator.Tests\Application\VisualWorldStreamPreviewWorkspace\VisualWorldStreamPreviewWorkspaceServiceTests.cs:line 390
   at System.RuntimeMethodHandle.InvokeMethod(Object target, Void** arguments, Signature sig, Boolean isConstructor)
   at System.Reflection.MethodBaseInvoker.InvokeWithNoArgs(Object obj, BindingFlags invokeAttr)
[xUnit.net 00:00:10.03]       Assert.True() Failure
[xUnit.net 00:00:10.03]       Expected: True
[xUnit.net 00:00:10.03]       Actual:   False
[xUnit.net 00:00:10.03]       Stack Trace:
[xUnit.net 00:00:10.03]         C:\Users\endim\LLMGameCreator\tests\LLMGameCreator.Tests\Application\VisualWorldStreamPreviewWorkspace\VisualWorldStreamPreviewWorkspaceServiceTests.cs(249,0): at LLMGameCreator.Tests.Application.VisualWorldStreamPreviewWorkspace.VisualWorldStreamPreviewWorkspaceServiceTests.OfflineGeoworldUnityPreviewGroupSurfacesGoal101CommandsPayloadScriptsAndProofs()
[xUnit.net 00:00:10.03]            at System.RuntimeMethodHandle.InvokeMethod(Object target, Void** arguments, Signature sig, Boolean isConstructor)
[xUnit.net 00:00:10.03]            at System.Reflection.MethodBaseInvoker.InvokeWithNoArgs(Object obj, BindingFlags invokeAttr)
  Passed LLMGameCreator.Tests.Application.VisualWorldStreamPreviewWorkspace.VisualWorldStreamPreviewWorkspaceServiceTests.OfflineGeoworldUnityEditorPreviewGroupSurfacesGoal102EditorToolReadiness [608 ms]
  Failed LLMGameCreator.Tests.Application.VisualWorldStreamPreviewWorkspace.VisualWorldStreamPreviewWorkspaceServiceTests.OfflineGeoworldUnityPreviewGroupSurfacesGoal101CommandsPayloadScriptsAndProofs [683 ms]
  Error Message:
   Assert.True() Failure
Expected: True
Actual:   False
  Stack Trace:
     at LLMGameCreator.Tests.Application.VisualWorldStreamPreviewWorkspace.VisualWorldStreamPreviewWorkspaceServiceTests.OfflineGeoworldUnityPreviewGroupSurfacesGoal101CommandsPayloadScriptsAndProofs() in C:\Users\endim\LLMGameCreator\tests\LLMGameCreator.Tests\Application\VisualWorldStreamPreviewWorkspace\VisualWorldStreamPreviewWorkspaceServiceTests.cs:line 249
   at System.RuntimeMethodHandle.InvokeMethod(Object target, Void** arguments, Signature sig, Boolean isConstructor)
   at System.Reflection.MethodBaseInvoker.InvokeWithNoArgs(Object obj, BindingFlags invokeAttr)
  Passed LLMGameCreator.Tests.Application.VisualWorldStreamPreviewWorkspace.VisualWorldStreamPreviewWorkspaceServiceTests.SourceHealthScannerRejectsZeroLfCrOnlyAndMinifiedSamples [< 1 ms]
[xUnit.net 00:00:10.64]   Finished:    LLMGameCreator.Tests
  Passed LLMGameCreator.Tests.Application.VisualWorldStreamPreviewWorkspace.VisualWorldStreamPreviewWorkspaceServiceTests.CacheExportGroupSurfacesGoal093PackagesAndRuntimeHandoffSidecar [606 ms]
Results File: C:\Users\endim\LLMGameCreator\.devflow\runs\goal150b-complete-suite-refined\trx\shard-0339.trx

Total tests: 18
     Passed: 12
     Failed: 6
 Total time: 11,1278 Seconds
