Test run for C:\Users\endim\LLMGameCreator\tests\LLMGameCreator.Tests\bin\Debug\net8.0-windows\LLMGameCreator.Tests.dll (.NETCoreApp,Version=v8.0)
A total of 1 test files matched the specified pattern.
C:\Users\endim\LLMGameCreator\tests\LLMGameCreator.Tests\bin\Debug\net8.0-windows\LLMGameCreator.Tests.dll
[xUnit.net 00:00:00.00] xUnit.net VSTest Adapter v2.8.2+699d445a1a (64-bit .NET 8.0.26)
[xUnit.net 00:00:00.14]   Discovering: LLMGameCreator.Tests
[xUnit.net 00:00:00.33]   Discovered:  LLMGameCreator.Tests
[xUnit.net 00:00:00.34]   Starting:    LLMGameCreator.Tests
[xUnit.net 00:00:01.27]   Finished:    LLMGameCreator.Tests
  Passed LLMGameCreator.Tests.Design.GeneratorPlanExampleTemplateCatalogTests.TemplateCatalogTemplatesAreValidJson [11 ms]
  Passed LLMGameCreator.Tests.Design.GeneratorPlanExampleTemplateCatalogTests.TemplateServiceRejectsUnknownTemplate [2 ms]
  Passed LLMGameCreator.Tests.Design.GeneratorPlanExampleTemplateCatalogTests.TemplateCatalogTemplatesHaveUniqueIdsAndFileNames [3 ms]
  Passed LLMGameCreator.Tests.Design.GeneratorPlanExampleTemplateCatalogTests.TemplateCatalogListsAtLeastFiveTemplates [2 ms]
  Passed LLMGameCreator.Tests.Design.GeneratorPlanExampleTemplateCatalogTests.OneClickExportTemplateProducesMeaningfulTitleAndQuest [397 ms]
  Passed LLMGameCreator.Tests.Design.GeneratorPlanExampleTemplateCatalogTests.TemplateServiceMaterializesSelectedTemplateAndDoesNotOverwriteWhenOverwriteFalse [2 ms]
  Passed LLMGameCreator.Tests.Design.GeneratorPlanExampleTemplateCatalogTests.TemplateCatalogTemplatesCanPreview [40 ms]
  Passed LLMGameCreator.Tests.Design.GeneratorPlanExampleTemplateCatalogTests.OneClickExportCanExportEachBuiltInTemplate [428 ms]
Results File: C:\Users\endim\LLMGameCreator\.devflow\runs\goal150b-complete-suite-refined\trx\shard-0370.trx

Test Run Successful.
Total tests: 8
     Passed: 8
 Total time: 1,6658 Seconds
