Test run for C:\Users\endim\LLMGameCreator\tests\LLMGameCreator.Tests\bin\Debug\net8.0-windows\LLMGameCreator.Tests.dll (.NETCoreApp,Version=v8.0)
A total of 1 test files matched the specified pattern.
C:\Users\endim\LLMGameCreator\tests\LLMGameCreator.Tests\bin\Debug\net8.0-windows\LLMGameCreator.Tests.dll
[xUnit.net 00:00:00.00] xUnit.net VSTest Adapter v2.8.2+699d445a1a (64-bit .NET 8.0.26)
[xUnit.net 00:00:00.15]   Discovering: LLMGameCreator.Tests
[xUnit.net 00:00:00.36]   Discovered:  LLMGameCreator.Tests
[xUnit.net 00:00:00.37]   Starting:    LLMGameCreator.Tests
[xUnit.net 00:00:00.53]       Assert.Equal() Failure: Strings differ
[xUnit.net 00:00:00.53]                  ↓ (pos 0)
[xUnit.net 00:00:00.53]       Expected: "GREEN"
[xUnit.net 00:00:00.53]       Actual:   "BLOCKED"
[xUnit.net 00:00:00.53]                  ↑ (pos 0)
[xUnit.net 00:00:00.54]       Stack Trace:
[xUnit.net 00:00:00.54]         C:\Users\endim\LLMGameCreator\tests\LLMGameCreator.Tests\Application\OfflineGeoworldAcceptedAlphaBaselineReview\OfflineGeoworldAcceptedAlphaBaselineReviewTests.cs(16,0): at LLMGameCreator.Tests.Application.OfflineGeoworldAcceptedAlphaBaselineReview.OfflineGeoworldAcceptedAlphaBaselineReviewTests.RepositoryBaselineReviewIsGreenAndReady()
[xUnit.net 00:00:00.54]            at System.RuntimeMethodHandle.InvokeMethod(Object target, Void** arguments, Signature sig, Boolean isConstructor)
[xUnit.net 00:00:00.54]            at System.Reflection.MethodBaseInvoker.InvokeWithNoArgs(Object obj, BindingFlags invokeAttr)
[xUnit.net 00:00:00.55]   Finished:    LLMGameCreator.Tests
  Passed LLMGameCreator.Tests.Application.OfflineGeoworldAcceptedAlphaBaselineReview.OfflineGeoworldAcceptedAlphaBaselineReviewTests.NegativeProofRejectsForbiddenBaselineExpansion [82 ms]
  Passed LLMGameCreator.Tests.Application.OfflineGeoworldAcceptedAlphaBaselineReview.OfflineGeoworldAcceptedAlphaBaselineReviewTests.BaselineReviewDoesNotRequireLocalManualResultToExist [24 ms]
  Failed LLMGameCreator.Tests.Application.OfflineGeoworldAcceptedAlphaBaselineReview.OfflineGeoworldAcceptedAlphaBaselineReviewTests.RepositoryBaselineReviewIsGreenAndReady [6 ms]
  Error Message:
   Assert.Equal() Failure: Strings differ
           ↓ (pos 0)
Expected: "GREEN"
Actual:   "BLOCKED"
           ↑ (pos 0)
  Stack Trace:
     at LLMGameCreator.Tests.Application.OfflineGeoworldAcceptedAlphaBaselineReview.OfflineGeoworldAcceptedAlphaBaselineReviewTests.RepositoryBaselineReviewIsGreenAndReady() in C:\Users\endim\LLMGameCreator\tests\LLMGameCreator.Tests\Application\OfflineGeoworldAcceptedAlphaBaselineReview\OfflineGeoworldAcceptedAlphaBaselineReviewTests.cs:line 16
   at System.RuntimeMethodHandle.InvokeMethod(Object target, Void** arguments, Signature sig, Boolean isConstructor)
   at System.Reflection.MethodBaseInvoker.InvokeWithNoArgs(Object obj, BindingFlags invokeAttr)
  Passed LLMGameCreator.Tests.Application.OfflineGeoworldAcceptedAlphaBaselineReview.OfflineGeoworldAcceptedAlphaBaselineReviewTests.MissingGoal116AcceptedEvidenceBlocksBaselineReview [15 ms]
Results File: C:\Users\endim\LLMGameCreator\.devflow\runs\goal150b-complete-suite-refined\trx\shard-0166.trx

Total tests: 4
     Passed: 3
     Failed: 1
 Total time: 0,9829 Seconds
