Test run for C:\Users\endim\LLMGameCreator\tests\LLMGameCreator.Tests\bin\Debug\net8.0-windows\LLMGameCreator.Tests.dll (.NETCoreApp,Version=v8.0)
A total of 1 test files matched the specified pattern.
C:\Users\endim\LLMGameCreator\tests\LLMGameCreator.Tests\bin\Debug\net8.0-windows\LLMGameCreator.Tests.dll
[xUnit.net 00:00:00.00] xUnit.net VSTest Adapter v2.8.2+699d445a1a (64-bit .NET 8.0.26)
[xUnit.net 00:00:00.17]   Discovering: LLMGameCreator.Tests
[xUnit.net 00:00:00.38]   Discovered:  LLMGameCreator.Tests
[xUnit.net 00:00:00.39]   Starting:    LLMGameCreator.Tests
  Passed LLMGameCreator.Tests.Application.OfflineGeoworldUnityEditorPreviewTool.OfflineGeoworldUnityEditorPreviewToolTests.SourceFormatGuardRejectsZeroLfCrOnlyAndExtremeLine [8 ms]
  Passed LLMGameCreator.Tests.Application.OfflineGeoworldUnityEditorPreviewTool.OfflineGeoworldUnityEditorPreviewToolTests.ActualUnityEditorSourceReformatEvidenceBlocksWhenActualHeadBlobIsAlreadyReadable [624 ms]
  Passed LLMGameCreator.Tests.Application.OfflineGeoworldUnityEditorPreviewTool.OfflineGeoworldUnityEditorPreviewToolTests.SourceFormatGuardRejectsActualEditorWindowOneLineSample [< 1 ms]
[xUnit.net 00:00:02.55]       Assert.True() Failure
[xUnit.net 00:00:02.55]       Expected: True
[xUnit.net 00:00:02.55]       Actual:   False
[xUnit.net 00:00:02.55]       Stack Trace:
[xUnit.net 00:00:02.55]         C:\Users\endim\LLMGameCreator\tests\LLMGameCreator.Tests\Application\OfflineGeoworldUnityEditorPreviewTool\OfflineGeoworldUnityEditorPreviewToolTests.cs(107,0): at LLMGameCreator.Tests.Application.OfflineGeoworldUnityEditorPreviewTool.OfflineGeoworldUnityEditorPreviewToolTests.WorkspaceGroupSurfacesEditorToolReadiness()
[xUnit.net 00:00:02.55]         --- End of stack trace from previous location ---
  Failed LLMGameCreator.Tests.Application.OfflineGeoworldUnityEditorPreviewTool.OfflineGeoworldUnityEditorPreviewToolTests.WorkspaceGroupSurfacesEditorToolReadiness [1 s]
  Error Message:
   Assert.True() Failure
Expected: True
Actual:   False
  Stack Trace:
     at LLMGameCreator.Tests.Application.OfflineGeoworldUnityEditorPreviewTool.OfflineGeoworldUnityEditorPreviewToolTests.WorkspaceGroupSurfacesEditorToolReadiness() in C:\Users\endim\LLMGameCreator\tests\LLMGameCreator.Tests\Application\OfflineGeoworldUnityEditorPreviewTool\OfflineGeoworldUnityEditorPreviewToolTests.cs:line 107
--- End of stack trace from previous location ---
[xUnit.net 00:00:03.46]       Assert.True() Failure
[xUnit.net 00:00:03.46]       Expected: True
[xUnit.net 00:00:03.46]       Actual:   False
[xUnit.net 00:00:03.46]       Stack Trace:
[xUnit.net 00:00:03.46]         C:\Users\endim\LLMGameCreator\tests\LLMGameCreator.Tests\Application\OfflineGeoworldUnityEditorPreviewTool\OfflineGeoworldUnityEditorPreviewToolTests.cs(146,0): at LLMGameCreator.Tests.Application.OfflineGeoworldUnityEditorPreviewTool.OfflineGeoworldUnityEditorPreviewToolTests.EvidenceIsDeterministicAndSourceHealthClean()
[xUnit.net 00:00:03.46]         --- End of stack trace from previous location ---
[xUnit.net 00:00:03.51]       Assert.True() Failure
[xUnit.net 00:00:03.51]       Expected: True
[xUnit.net 00:00:03.51]       Actual:   False
[xUnit.net 00:00:03.51]       Stack Trace:
[xUnit.net 00:00:03.51]         C:\Users\endim\LLMGameCreator\tests\LLMGameCreator.Tests\Application\OfflineGeoworldUnityEditorPreviewTool\OfflineGeoworldUnityEditorPreviewToolTests.cs(20,0): at LLMGameCreator.Tests.Application.OfflineGeoworldUnityEditorPreviewTool.OfflineGeoworldUnityEditorPreviewToolTests.ServiceBuildsEditorToolReadinessEvidenceFromGoal101Payload()
[xUnit.net 00:00:03.51]         --- End of stack trace from previous location ---
[xUnit.net 00:00:03.52]   Finished:    LLMGameCreator.Tests
  Passed LLMGameCreator.Tests.Application.OfflineGeoworldUnityEditorPreviewTool.OfflineGeoworldUnityEditorPreviewToolTests.SourceFormatGuardEvidenceIsDeterministicAndKeepsAlphaRuntimeBootstrapUnchanged [752 ms]
  Passed LLMGameCreator.Tests.Application.OfflineGeoworldUnityEditorPreviewTool.OfflineGeoworldUnityEditorPreviewToolTests.SimulatedActionProofAndNegativeProofCoverRequiredRisks [52 ms]
  Passed LLMGameCreator.Tests.Application.OfflineGeoworldUnityEditorPreviewTool.OfflineGeoworldUnityEditorPreviewToolTests.SourceFormatGuardRejectsSyntheticOneLineCSharp [< 1 ms]
  Failed LLMGameCreator.Tests.Application.OfflineGeoworldUnityEditorPreviewTool.OfflineGeoworldUnityEditorPreviewToolTests.EvidenceIsDeterministicAndSourceHealthClean [104 ms]
  Error Message:
   Assert.True() Failure
Expected: True
Actual:   False
  Stack Trace:
     at LLMGameCreator.Tests.Application.OfflineGeoworldUnityEditorPreviewTool.OfflineGeoworldUnityEditorPreviewToolTests.EvidenceIsDeterministicAndSourceHealthClean() in C:\Users\endim\LLMGameCreator\tests\LLMGameCreator.Tests\Application\OfflineGeoworldUnityEditorPreviewTool\OfflineGeoworldUnityEditorPreviewToolTests.cs:line 146
--- End of stack trace from previous location ---
  Failed LLMGameCreator.Tests.Application.OfflineGeoworldUnityEditorPreviewTool.OfflineGeoworldUnityEditorPreviewToolTests.ServiceBuildsEditorToolReadinessEvidenceFromGoal101Payload [50 ms]
  Error Message:
   Assert.True() Failure
Expected: True
Actual:   False
  Stack Trace:
     at LLMGameCreator.Tests.Application.OfflineGeoworldUnityEditorPreviewTool.OfflineGeoworldUnityEditorPreviewToolTests.ServiceBuildsEditorToolReadinessEvidenceFromGoal101Payload() in C:\Users\endim\LLMGameCreator\tests\LLMGameCreator.Tests\Application\OfflineGeoworldUnityEditorPreviewTool\OfflineGeoworldUnityEditorPreviewToolTests.cs:line 20
--- End of stack trace from previous location ---
  Passed LLMGameCreator.Tests.Application.OfflineGeoworldUnityEditorPreviewTool.OfflineGeoworldUnityEditorPreviewToolTests.SourceFormatGuardAcceptsRepairedEditorWindow [< 1 ms]
Results File: C:\Users\endim\LLMGameCreator\.devflow\runs\goal150b-complete-suite-refined\trx\shard-0180.trx

Total tests: 10
     Passed: 7
     Failed: 3
 Total time: 3,9396 Seconds
