<?xml version="1.0" encoding="utf-8"?>
<TestRun id="bbc1f01d-dae0-41a8-845e-cdaf85d9d812" name="endim@DESKTOP-SM838SH 2026-07-12 13:57:03" runUser="DESKTOP-SM838SH\endim" xmlns="http://microsoft.com/schemas/VisualStudio/TeamTest/2010">
  <Times creation="2026-07-12T13:57:03.8467997+03:00" queuing="2026-07-12T13:57:03.8467999+03:00" start="2026-07-12T13:57:02.8128828+03:00" finish="2026-07-12T13:57:03.8560475+03:00" />
  <TestSettings name="default" id="b791f0ac-31f5-4708-867f-eb711e7ab79e">
    <Deployment runDeploymentRoot="endim_DESKTOP-SM838SH_2026-07-12_13_57_03" />
  </TestSettings>
  <Results>
    <UnitTestResult executionId="26cb66b7-5e0c-4fbc-bd26-63750bfcfc98" testId="e49ce122-d827-f395-fd9c-3a9a14fd823e" testName="LLMGameCreator.Tests.ProjectLifecycleTests.CreateAsync_WritesLoadableAndValidPackageWithRequiredFolders" computerName="DESKTOP-SM838SH" duration="00:00:00.0111928" startTime="2026-07-12T13:57:03.7367158+03:00" endTime="2026-07-12T13:57:03.7367161+03:00" testType="13cdc9d9-ddb5-4fa4-a97d-d965ccfc6d4b" outcome="Passed" testListId="8c84fa94-04c1-424b-9868-57a2d4851a1d" relativeResultsDirectory="26cb66b7-5e0c-4fbc-bd26-63750bfcfc98" />
    <UnitTestResult executionId="fdbf840d-08a6-478a-b605-b739a9fa46bb" testId="4cda97a0-b1e8-66d8-b498-f290eef35859" testName="LLMGameCreator.Tests.ProjectLifecycleTests.ListAsync_ReturnsCreatedValidGame" computerName="DESKTOP-SM838SH" duration="00:00:00.1231217" startTime="2026-07-12T13:57:03.7116448+03:00" endTime="2026-07-12T13:57:03.7116610+03:00" testType="13cdc9d9-ddb5-4fa4-a97d-d965ccfc6d4b" outcome="Passed" testListId="8c84fa94-04c1-424b-9868-57a2d4851a1d" relativeResultsDirectory="fdbf840d-08a6-478a-b605-b739a9fa46bb" />
    <UnitTestResult executionId="57fa876c-ee78-485e-aafb-91ea55c7e06c" testId="e84b5d75-c475-61ff-b0d6-5d0cfbef6183" testName="LLMGameCreator.Tests.ProjectLifecycleTests.CurrentGamePackageService_SaveAsync_PersistsCurrentPackage" computerName="DESKTOP-SM838SH" duration="00:00:00.0209024" startTime="2026-07-12T13:57:03.7579321+03:00" endTime="2026-07-12T13:57:03.7579324+03:00" testType="13cdc9d9-ddb5-4fa4-a97d-d965ccfc6d4b" outcome="Passed" testListId="8c84fa94-04c1-424b-9868-57a2d4851a1d" relativeResultsDirectory="57fa876c-ee78-485e-aafb-91ea55c7e06c" />
    <UnitTestResult executionId="7c779d84-3d56-40cf-9ee2-36ba4e850d33" testId="b4fb9d6b-6cbd-005c-c574-6c8ac4367c5c" testName="LLMGameCreator.Tests.ProjectLifecycleTests.ListAsync_ReturnsInvalidSummaryForCorruptedPackage" computerName="DESKTOP-SM838SH" duration="00:00:00.0098701" startTime="2026-07-12T13:57:03.7251186+03:00" endTime="2026-07-12T13:57:03.7251190+03:00" testType="13cdc9d9-ddb5-4fa4-a97d-d965ccfc6d4b" outcome="Passed" testListId="8c84fa94-04c1-424b-9868-57a2d4851a1d" relativeResultsDirectory="7c779d84-3d56-40cf-9ee2-36ba4e850d33" />
    <UnitTestResult executionId="fea8d3bd-82c9-4bea-993e-1f3894bfa0bd" testId="87e38882-2e9a-90fb-5306-96adbda477e6" testName="LLMGameCreator.Tests.ProjectLifecycleTests.CreateAsync_RejectsPathTraversalAndExistingFolder" computerName="DESKTOP-SM838SH" duration="00:00:00.0025395" startTime="2026-07-12T13:57:03.7149972+03:00" endTime="2026-07-12T13:57:03.7149974+03:00" testType="13cdc9d9-ddb5-4fa4-a97d-d965ccfc6d4b" outcome="Passed" testListId="8c84fa94-04c1-424b-9868-57a2d4851a1d" relativeResultsDirectory="fea8d3bd-82c9-4bea-993e-1f3894bfa0bd" />
  </Results>
  <TestDefinitions>
    <UnitTest name="LLMGameCreator.Tests.ProjectLifecycleTests.ListAsync_ReturnsInvalidSummaryForCorruptedPackage" storage="c:\users\endim\llmgamecreator\tests\llmgamecreator.tests\bin\debug\net8.0-windows\llmgamecreator.tests.dll" id="b4fb9d6b-6cbd-005c-c574-6c8ac4367c5c">
      <Execution id="7c779d84-3d56-40cf-9ee2-36ba4e850d33" />
      <TestMethod codeBase="C:\Users\endim\LLMGameCreator\tests\LLMGameCreator.Tests\bin\Debug\net8.0-windows\LLMGameCreator.Tests.dll" adapterTypeName="executor://xunit/VsTestRunner2/netcoreapp" className="LLMGameCreator.Tests.ProjectLifecycleTests" name="ListAsync_ReturnsInvalidSummaryForCorruptedPackage" />
    </UnitTest>
    <UnitTest name="LLMGameCreator.Tests.ProjectLifecycleTests.ListAsync_ReturnsCreatedValidGame" storage="c:\users\endim\llmgamecreator\tests\llmgamecreator.tests\bin\debug\net8.0-windows\llmgamecreator.tests.dll" id="4cda97a0-b1e8-66d8-b498-f290eef35859">
      <Execution id="fdbf840d-08a6-478a-b605-b739a9fa46bb" />
      <TestMethod codeBase="C:\Users\endim\LLMGameCreator\tests\LLMGameCreator.Tests\bin\Debug\net8.0-windows\LLMGameCreator.Tests.dll" adapterTypeName="executor://xunit/VsTestRunner2/netcoreapp" className="LLMGameCreator.Tests.ProjectLifecycleTests" name="ListAsync_ReturnsCreatedValidGame" />
    </UnitTest>
    <UnitTest name="LLMGameCreator.Tests.ProjectLifecycleTests.CreateAsync_WritesLoadableAndValidPackageWithRequiredFolders" storage="c:\users\endim\llmgamecreator\tests\llmgamecreator.tests\bin\debug\net8.0-windows\llmgamecreator.tests.dll" id="e49ce122-d827-f395-fd9c-3a9a14fd823e">
      <Execution id="26cb66b7-5e0c-4fbc-bd26-63750bfcfc98" />
      <TestMethod codeBase="C:\Users\endim\LLMGameCreator\tests\LLMGameCreator.Tests\bin\Debug\net8.0-windows\LLMGameCreator.Tests.dll" adapterTypeName="executor://xunit/VsTestRunner2/netcoreapp" className="LLMGameCreator.Tests.ProjectLifecycleTests" name="CreateAsync_WritesLoadableAndValidPackageWithRequiredFolders" />
    </UnitTest>
    <UnitTest name="LLMGameCreator.Tests.ProjectLifecycleTests.CurrentGamePackageService_SaveAsync_PersistsCurrentPackage" storage="c:\users\endim\llmgamecreator\tests\llmgamecreator.tests\bin\debug\net8.0-windows\llmgamecreator.tests.dll" id="e84b5d75-c475-61ff-b0d6-5d0cfbef6183">
      <Execution id="57fa876c-ee78-485e-aafb-91ea55c7e06c" />
      <TestMethod codeBase="C:\Users\endim\LLMGameCreator\tests\LLMGameCreator.Tests\bin\Debug\net8.0-windows\LLMGameCreator.Tests.dll" adapterTypeName="executor://xunit/VsTestRunner2/netcoreapp" className="LLMGameCreator.Tests.ProjectLifecycleTests" name="CurrentGamePackageService_SaveAsync_PersistsCurrentPackage" />
    </UnitTest>
    <UnitTest name="LLMGameCreator.Tests.ProjectLifecycleTests.CreateAsync_RejectsPathTraversalAndExistingFolder" storage="c:\users\endim\llmgamecreator\tests\llmgamecreator.tests\bin\debug\net8.0-windows\llmgamecreator.tests.dll" id="87e38882-2e9a-90fb-5306-96adbda477e6">
      <Execution id="fea8d3bd-82c9-4bea-993e-1f3894bfa0bd" />
      <TestMethod codeBase="C:\Users\endim\LLMGameCreator\tests\LLMGameCreator.Tests\bin\Debug\net8.0-windows\LLMGameCreator.Tests.dll" adapterTypeName="executor://xunit/VsTestRunner2/netcoreapp" className="LLMGameCreator.Tests.ProjectLifecycleTests" name="CreateAsync_RejectsPathTraversalAndExistingFolder" />
    </UnitTest>
  </TestDefinitions>
  <TestEntries>
    <TestEntry testId="e49ce122-d827-f395-fd9c-3a9a14fd823e" executionId="26cb66b7-5e0c-4fbc-bd26-63750bfcfc98" testListId="8c84fa94-04c1-424b-9868-57a2d4851a1d" />
    <TestEntry testId="4cda97a0-b1e8-66d8-b498-f290eef35859" executionId="fdbf840d-08a6-478a-b605-b739a9fa46bb" testListId="8c84fa94-04c1-424b-9868-57a2d4851a1d" />
    <TestEntry testId="e84b5d75-c475-61ff-b0d6-5d0cfbef6183" executionId="57fa876c-ee78-485e-aafb-91ea55c7e06c" testListId="8c84fa94-04c1-424b-9868-57a2d4851a1d" />
    <TestEntry testId="b4fb9d6b-6cbd-005c-c574-6c8ac4367c5c" executionId="7c779d84-3d56-40cf-9ee2-36ba4e850d33" testListId="8c84fa94-04c1-424b-9868-57a2d4851a1d" />
    <TestEntry testId="87e38882-2e9a-90fb-5306-96adbda477e6" executionId="fea8d3bd-82c9-4bea-993e-1f3894bfa0bd" testListId="8c84fa94-04c1-424b-9868-57a2d4851a1d" />
  </TestEntries>
  <TestLists>
    <TestList name="Results Not in a List" id="8c84fa94-04c1-424b-9868-57a2d4851a1d" />
    <TestList name="All Loaded Results" id="19431567-8539-422a-85d7-44ee4e166bda" />
  </TestLists>
  <ResultSummary outcome="Completed">
    <Counters total="5" executed="5" passed="5" failed="0" error="0" timeout="0" aborted="0" inconclusive="0" passedButRunAborted="0" notRunnable="0" notExecuted="0" disconnected="0" warning="0" completed="0" inProgress="0" pending="0" />
    <Output>
      <StdOut>[xUnit.net 00:00:00.00] xUnit.net VSTest Adapter v2.8.2+699d445a1a (64-bit .NET 8.0.26)&#xD;
[xUnit.net 00:00:00.16]   Discovering: LLMGameCreator.Tests&#xD;
[xUnit.net 00:00:00.35]   Discovered:  LLMGameCreator.Tests&#xD;
[xUnit.net 00:00:00.36]   Starting:    LLMGameCreator.Tests&#xD;
[xUnit.net 00:00:00.58]   Finished:    LLMGameCreator.Tests&#xD;
</StdOut>
    </Output>
  </ResultSummary>
</TestRun>