<?xml version="1.0" encoding="utf-8"?>
<TestRun id="4d5efe8b-ed4f-40fa-985e-534c96a54cd1" name="endim@DESKTOP-SM838SH 2026-07-12 13:01:42" runUser="DESKTOP-SM838SH\endim" xmlns="http://microsoft.com/schemas/VisualStudio/TeamTest/2010">
  <Times creation="2026-07-12T13:01:42.3503737+03:00" queuing="2026-07-12T13:01:42.3503739+03:00" start="2026-07-12T13:01:41.4919195+03:00" finish="2026-07-12T13:01:42.3558715+03:00" />
  <TestSettings name="default" id="7ad26a23-5709-47e3-86ef-23c3f24d1d14">
    <Deployment runDeploymentRoot="endim_DESKTOP-SM838SH_2026-07-12_13_01_42" />
  </TestSettings>
  <Results>
    <UnitTestResult executionId="e2e39141-374a-43a7-9f90-92dd02aa5183" testId="a2b87958-b3b8-d0d2-b945-64686d11eac4" testName="LLMGameCreator.Tests.Application.CombatMagicAbilityBossEncounterMatrix.CombatMagicSourceLoadingTests.SourceLoaderConsumesGoal060ThroughGoal067EvidenceAndPreflightHandoff" computerName="DESKTOP-SM838SH" duration="00:00:00.0640550" startTime="2026-07-12T13:01:42.2646683+03:00" endTime="2026-07-12T13:01:42.2646848+03:00" testType="13cdc9d9-ddb5-4fa4-a97d-d965ccfc6d4b" outcome="Passed" testListId="8c84fa94-04c1-424b-9868-57a2d4851a1d" relativeResultsDirectory="e2e39141-374a-43a7-9f90-92dd02aa5183" />
  </Results>
  <TestDefinitions>
    <UnitTest name="LLMGameCreator.Tests.Application.CombatMagicAbilityBossEncounterMatrix.CombatMagicSourceLoadingTests.SourceLoaderConsumesGoal060ThroughGoal067EvidenceAndPreflightHandoff" storage="c:\users\endim\llmgamecreator\tests\llmgamecreator.tests\bin\debug\net8.0-windows\llmgamecreator.tests.dll" id="a2b87958-b3b8-d0d2-b945-64686d11eac4">
      <Execution id="e2e39141-374a-43a7-9f90-92dd02aa5183" />
      <TestMethod codeBase="C:\Users\endim\LLMGameCreator\tests\LLMGameCreator.Tests\bin\Debug\net8.0-windows\LLMGameCreator.Tests.dll" adapterTypeName="executor://xunit/VsTestRunner2/netcoreapp" className="LLMGameCreator.Tests.Application.CombatMagicAbilityBossEncounterMatrix.CombatMagicSourceLoadingTests" name="SourceLoaderConsumesGoal060ThroughGoal067EvidenceAndPreflightHandoff" />
    </UnitTest>
  </TestDefinitions>
  <TestEntries>
    <TestEntry testId="a2b87958-b3b8-d0d2-b945-64686d11eac4" executionId="e2e39141-374a-43a7-9f90-92dd02aa5183" testListId="8c84fa94-04c1-424b-9868-57a2d4851a1d" />
  </TestEntries>
  <TestLists>
    <TestList name="Results Not in a List" id="8c84fa94-04c1-424b-9868-57a2d4851a1d" />
    <TestList name="All Loaded Results" id="19431567-8539-422a-85d7-44ee4e166bda" />
  </TestLists>
  <ResultSummary outcome="Completed">
    <Counters total="1" executed="1" passed="1" failed="0" error="0" timeout="0" aborted="0" inconclusive="0" passedButRunAborted="0" notRunnable="0" notExecuted="0" disconnected="0" warning="0" completed="0" inProgress="0" pending="0" />
    <Output>
      <StdOut>[xUnit.net 00:00:00.00] xUnit.net VSTest Adapter v2.8.2+699d445a1a (64-bit .NET 8.0.26)&#xD;
[xUnit.net 00:00:00.14]   Discovering: LLMGameCreator.Tests&#xD;
[xUnit.net 00:00:00.33]   Discovered:  LLMGameCreator.Tests&#xD;
[xUnit.net 00:00:00.34]   Starting:    LLMGameCreator.Tests&#xD;
[xUnit.net 00:00:00.44]   Finished:    LLMGameCreator.Tests&#xD;
</StdOut>
    </Output>
  </ResultSummary>
</TestRun>