<?xml version="1.0" encoding="utf-8"?>
<TestRun id="df9dd45c-d46e-4b41-baf8-752038f1fb1d" name="endim@DESKTOP-SM838SH 2026-07-12 13:26:55" runUser="DESKTOP-SM838SH\endim" xmlns="http://microsoft.com/schemas/VisualStudio/TeamTest/2010">
  <Times creation="2026-07-12T13:26:55.1690865+03:00" queuing="2026-07-12T13:26:55.1690867+03:00" start="2026-07-12T13:26:54.3587367+03:00" finish="2026-07-12T13:26:55.1750980+03:00" />
  <TestSettings name="default" id="84e59404-fb07-44f4-ad6e-56922ab56be3">
    <Deployment runDeploymentRoot="endim_DESKTOP-SM838SH_2026-07-12_13_26_55" />
  </TestSettings>
  <Results>
    <UnitTestResult executionId="3079c39b-1937-4fee-b97f-43c0d59a5231" testId="19e71a3f-f73f-5b0a-18de-721a9a28737b" testName="LLMGameCreator.Tests.Design.AtlasRegistryMarkdownReportRendererTests.RenderHandlesEmptySections" computerName="DESKTOP-SM838SH" duration="00:00:00.0143240" startTime="2026-07-12T13:26:55.0835190+03:00" endTime="2026-07-12T13:26:55.0835357+03:00" testType="13cdc9d9-ddb5-4fa4-a97d-d965ccfc6d4b" outcome="Passed" testListId="8c84fa94-04c1-424b-9868-57a2d4851a1d" relativeResultsDirectory="3079c39b-1937-4fee-b97f-43c0d59a5231" />
    <UnitTestResult executionId="137d498d-fc41-4798-bd89-f291722a7070" testId="a15f1125-2d0f-b636-ce1f-c95db0ba8c6e" testName="LLMGameCreator.Tests.Design.AtlasRegistryMarkdownReportRendererTests.RenderIncludesSummaryDocumentsExamplesAndDiagnostics" computerName="DESKTOP-SM838SH" duration="00:00:00.0025672" startTime="2026-07-12T13:26:55.0858342+03:00" endTime="2026-07-12T13:26:55.0858343+03:00" testType="13cdc9d9-ddb5-4fa4-a97d-d965ccfc6d4b" outcome="Passed" testListId="8c84fa94-04c1-424b-9868-57a2d4851a1d" relativeResultsDirectory="137d498d-fc41-4798-bd89-f291722a7070" />
    <UnitTestResult executionId="18c3bcf5-df81-40c3-b006-00328e1fdd0a" testId="221c7333-c38a-3642-e470-f80ce314e002" testName="LLMGameCreator.Tests.Design.AtlasRegistryMarkdownReportRendererTests.RenderEscapesMarkdownTablePipesAndNewlines" computerName="DESKTOP-SM838SH" duration="00:00:00.0002174" startTime="2026-07-12T13:26:55.0860697+03:00" endTime="2026-07-12T13:26:55.0860698+03:00" testType="13cdc9d9-ddb5-4fa4-a97d-d965ccfc6d4b" outcome="Passed" testListId="8c84fa94-04c1-424b-9868-57a2d4851a1d" relativeResultsDirectory="18c3bcf5-df81-40c3-b006-00328e1fdd0a" />
  </Results>
  <TestDefinitions>
    <UnitTest name="LLMGameCreator.Tests.Design.AtlasRegistryMarkdownReportRendererTests.RenderEscapesMarkdownTablePipesAndNewlines" storage="c:\users\endim\llmgamecreator\tests\llmgamecreator.tests\bin\debug\net8.0-windows\llmgamecreator.tests.dll" id="221c7333-c38a-3642-e470-f80ce314e002">
      <Execution id="18c3bcf5-df81-40c3-b006-00328e1fdd0a" />
      <TestMethod codeBase="C:\Users\endim\LLMGameCreator\tests\LLMGameCreator.Tests\bin\Debug\net8.0-windows\LLMGameCreator.Tests.dll" adapterTypeName="executor://xunit/VsTestRunner2/netcoreapp" className="LLMGameCreator.Tests.Design.AtlasRegistryMarkdownReportRendererTests" name="RenderEscapesMarkdownTablePipesAndNewlines" />
    </UnitTest>
    <UnitTest name="LLMGameCreator.Tests.Design.AtlasRegistryMarkdownReportRendererTests.RenderHandlesEmptySections" storage="c:\users\endim\llmgamecreator\tests\llmgamecreator.tests\bin\debug\net8.0-windows\llmgamecreator.tests.dll" id="19e71a3f-f73f-5b0a-18de-721a9a28737b">
      <Execution id="3079c39b-1937-4fee-b97f-43c0d59a5231" />
      <TestMethod codeBase="C:\Users\endim\LLMGameCreator\tests\LLMGameCreator.Tests\bin\Debug\net8.0-windows\LLMGameCreator.Tests.dll" adapterTypeName="executor://xunit/VsTestRunner2/netcoreapp" className="LLMGameCreator.Tests.Design.AtlasRegistryMarkdownReportRendererTests" name="RenderHandlesEmptySections" />
    </UnitTest>
    <UnitTest name="LLMGameCreator.Tests.Design.AtlasRegistryMarkdownReportRendererTests.RenderIncludesSummaryDocumentsExamplesAndDiagnostics" storage="c:\users\endim\llmgamecreator\tests\llmgamecreator.tests\bin\debug\net8.0-windows\llmgamecreator.tests.dll" id="a15f1125-2d0f-b636-ce1f-c95db0ba8c6e">
      <Execution id="137d498d-fc41-4798-bd89-f291722a7070" />
      <TestMethod codeBase="C:\Users\endim\LLMGameCreator\tests\LLMGameCreator.Tests\bin\Debug\net8.0-windows\LLMGameCreator.Tests.dll" adapterTypeName="executor://xunit/VsTestRunner2/netcoreapp" className="LLMGameCreator.Tests.Design.AtlasRegistryMarkdownReportRendererTests" name="RenderIncludesSummaryDocumentsExamplesAndDiagnostics" />
    </UnitTest>
  </TestDefinitions>
  <TestEntries>
    <TestEntry testId="19e71a3f-f73f-5b0a-18de-721a9a28737b" executionId="3079c39b-1937-4fee-b97f-43c0d59a5231" testListId="8c84fa94-04c1-424b-9868-57a2d4851a1d" />
    <TestEntry testId="a15f1125-2d0f-b636-ce1f-c95db0ba8c6e" executionId="137d498d-fc41-4798-bd89-f291722a7070" testListId="8c84fa94-04c1-424b-9868-57a2d4851a1d" />
    <TestEntry testId="221c7333-c38a-3642-e470-f80ce314e002" executionId="18c3bcf5-df81-40c3-b006-00328e1fdd0a" testListId="8c84fa94-04c1-424b-9868-57a2d4851a1d" />
  </TestEntries>
  <TestLists>
    <TestList name="Results Not in a List" id="8c84fa94-04c1-424b-9868-57a2d4851a1d" />
    <TestList name="All Loaded Results" id="19431567-8539-422a-85d7-44ee4e166bda" />
  </TestLists>
  <ResultSummary outcome="Completed">
    <Counters total="3" executed="3" passed="3" failed="0" error="0" timeout="0" aborted="0" inconclusive="0" passedButRunAborted="0" notRunnable="0" notExecuted="0" disconnected="0" warning="0" completed="0" inProgress="0" pending="0" />
    <Output>
      <StdOut>[xUnit.net 00:00:00.00] xUnit.net VSTest Adapter v2.8.2+699d445a1a (64-bit .NET 8.0.26)&#xD;
[xUnit.net 00:00:00.14]   Discovering: LLMGameCreator.Tests&#xD;
[xUnit.net 00:00:00.32]   Discovered:  LLMGameCreator.Tests&#xD;
[xUnit.net 00:00:00.33]   Starting:    LLMGameCreator.Tests&#xD;
[xUnit.net 00:00:00.38]   Finished:    LLMGameCreator.Tests&#xD;
</StdOut>
    </Output>
  </ResultSummary>
</TestRun>