<?xml version="1.0" encoding="utf-8"?>
<TestRun id="b091d158-8a12-423d-b0e3-b95ec9fd28eb" name="endim@DESKTOP-SM838SH 2026-07-12 13:27:06" runUser="DESKTOP-SM838SH\endim" xmlns="http://microsoft.com/schemas/VisualStudio/TeamTest/2010">
  <Times creation="2026-07-12T13:27:06.2165064+03:00" queuing="2026-07-12T13:27:06.2165067+03:00" start="2026-07-12T13:27:05.2510393+03:00" finish="2026-07-12T13:27:06.2781314+03:00" />
  <TestSettings name="default" id="294ba12d-e61b-4d6b-a660-b79325c56634">
    <Deployment runDeploymentRoot="endim_DESKTOP-SM838SH_2026-07-12_13_27_06" />
  </TestSettings>
  <Results>
    <UnitTestResult executionId="81d7a11c-a763-412f-affd-a3eaf4af48e3" testId="6dddc877-cc02-f211-c822-6e4f96ee5dba" testName="LLMGameCreator.Tests.Design.GamePackagePatchServiceTests.ApplyCreatesAuditArtifactAndResultRows" computerName="DESKTOP-SM838SH" duration="00:00:00.0054598" startTime="2026-07-12T13:27:06.2295614+03:00" endTime="2026-07-12T13:27:06.2295616+03:00" testType="13cdc9d9-ddb5-4fa4-a97d-d965ccfc6d4b" outcome="Passed" testListId="8c84fa94-04c1-424b-9868-57a2d4851a1d" relativeResultsDirectory="81d7a11c-a763-412f-affd-a3eaf4af48e3" />
    <UnitTestResult executionId="c17c3228-364f-4b31-b0ff-57ab8b452356" testId="8a777a44-6298-475a-6778-31aac29c3d70" testName="LLMGameCreator.Tests.Design.GamePackagePatchServiceTests.ApplySavesPackageOnlyWhenDryRunAndPostValidationPass" computerName="DESKTOP-SM838SH" duration="00:00:00.1651724" startTime="2026-07-12T13:27:06.1230963+03:00" endTime="2026-07-12T13:27:06.1231114+03:00" testType="13cdc9d9-ddb5-4fa4-a97d-d965ccfc6d4b" outcome="Passed" testListId="8c84fa94-04c1-424b-9868-57a2d4851a1d" relativeResultsDirectory="c17c3228-364f-4b31-b0ff-57ab8b452356" />
    <UnitTestResult executionId="b49c147a-c442-4b09-83fd-5976209771a0" testId="3fabb285-298e-43ae-aa6c-a2ae2603f6b5" testName="LLMGameCreator.Tests.Design.GamePackagePatchServiceTests.PatchParserRejectsDuplicateOperationTarget" computerName="DESKTOP-SM838SH" duration="00:00:00.0006340" startTime="2026-07-12T13:27:06.2236331+03:00" endTime="2026-07-12T13:27:06.2236331+03:00" testType="13cdc9d9-ddb5-4fa4-a97d-d965ccfc6d4b" outcome="Passed" testListId="8c84fa94-04c1-424b-9868-57a2d4851a1d" relativeResultsDirectory="b49c147a-c442-4b09-83fd-5976209771a0" />
    <UnitTestResult executionId="6db58684-3535-408e-b37c-0eed9766f03f" testId="cb919da2-be19-5e8c-1c89-23d3662bd3c5" testName="LLMGameCreator.Tests.Design.GamePackagePatchServiceTests.CreatePatchArtifactFromPreviewRejectsNonPreviewArtifact" computerName="DESKTOP-SM838SH" duration="00:00:00.0004972" startTime="2026-07-12T13:27:06.1714235+03:00" endTime="2026-07-12T13:27:06.1714236+03:00" testType="13cdc9d9-ddb5-4fa4-a97d-d965ccfc6d4b" outcome="Passed" testListId="8c84fa94-04c1-424b-9868-57a2d4851a1d" relativeResultsDirectory="6db58684-3535-408e-b37c-0eed9766f03f" />
    <UnitTestResult executionId="25be01f6-843f-4b8c-b8d0-474ca428afc2" testId="859ca1f8-ce5e-02f4-006c-f6290803692f" testName="LLMGameCreator.Tests.Design.GamePackagePatchServiceTests.ApplyDoesNotWriteFilesOutsidePackageJsonAndBackups" computerName="DESKTOP-SM838SH" duration="00:00:00.0185862" startTime="2026-07-12T13:27:06.2124202+03:00" endTime="2026-07-12T13:27:06.2124205+03:00" testType="13cdc9d9-ddb5-4fa4-a97d-d965ccfc6d4b" outcome="Passed" testListId="8c84fa94-04c1-424b-9868-57a2d4851a1d" relativeResultsDirectory="25be01f6-843f-4b8c-b8d0-474ca428afc2" />
    <UnitTestResult executionId="6bc66225-9120-45ae-a5e9-1c375e921d8e" testId="bace7dbe-2e6d-3a36-3c17-bab2e1d21e6a" testName="LLMGameCreator.Tests.Design.GamePackagePatchServiceTests.ApplyDoesNotExecuteGeneratorModules" computerName="DESKTOP-SM838SH" duration="00:00:00.0064299" startTime="2026-07-12T13:27:06.1923863+03:00" endTime="2026-07-12T13:27:06.1923864+03:00" testType="13cdc9d9-ddb5-4fa4-a97d-d965ccfc6d4b" outcome="Passed" testListId="8c84fa94-04c1-424b-9868-57a2d4851a1d" relativeResultsDirectory="6bc66225-9120-45ae-a5e9-1c375e921d8e" />
    <UnitTestResult executionId="cfce6856-6f28-425c-97c3-57877265815a" testId="5517ff9d-ad06-18be-477c-0c1991e11990" testName="LLMGameCreator.Tests.Design.GamePackagePatchServiceTests.PatchParserAcceptsValidGamePackagePatchV1" computerName="DESKTOP-SM838SH" duration="00:00:00.0009481" startTime="2026-07-12T13:27:06.1934616+03:00" endTime="2026-07-12T13:27:06.1934617+03:00" testType="13cdc9d9-ddb5-4fa4-a97d-d965ccfc6d4b" outcome="Passed" testListId="8c84fa94-04c1-424b-9868-57a2d4851a1d" relativeResultsDirectory="cfce6856-6f28-425c-97c3-57877265815a" />
    <UnitTestResult executionId="1eda118a-9aad-4191-844c-e73d98a3d91a" testId="f8b452f1-fede-3679-ab3c-07ad92b2280e" testName="LLMGameCreator.Tests.Design.GamePackagePatchServiceTests.PatchParserRejectsUnknownOperationType" computerName="DESKTOP-SM838SH" duration="00:00:00.0005155" startTime="2026-07-12T13:27:06.2238749+03:00" endTime="2026-07-12T13:27:06.2238750+03:00" testType="13cdc9d9-ddb5-4fa4-a97d-d965ccfc6d4b" outcome="Passed" testListId="8c84fa94-04c1-424b-9868-57a2d4851a1d" relativeResultsDirectory="1eda118a-9aad-4191-844c-e73d98a3d91a" />
    <UnitTestResult executionId="65c1fc5b-b882-4beb-a445-b25f97cfedcf" testId="514e0d36-9548-4612-1145-3f6b1615a2a8" testName="LLMGameCreator.Tests.Design.GamePackagePatchServiceTests.DryRunRejectsManifestStartMapIdThatDoesNotExistAfterPatch" computerName="DESKTOP-SM838SH" duration="00:00:00.0018843" startTime="2026-07-12T13:27:06.2143777+03:00" endTime="2026-07-12T13:27:06.2143780+03:00" testType="13cdc9d9-ddb5-4fa4-a97d-d965ccfc6d4b" outcome="Passed" testListId="8c84fa94-04c1-424b-9868-57a2d4851a1d" relativeResultsDirectory="65c1fc5b-b882-4beb-a445-b25f97cfedcf" />
    <UnitTestResult executionId="d69137a5-3ca0-4c91-9be8-da1d002ebfe6" testId="7f38ec6c-f7a5-380c-1ed1-0afb8c381dbe" testName="LLMGameCreator.Tests.Design.GamePackagePatchServiceTests.PatchParserRejectsDeleteOperation" computerName="DESKTOP-SM838SH" duration="00:00:00.0005042" startTime="2026-07-12T13:27:06.1924511+03:00" endTime="2026-07-12T13:27:06.1924511+03:00" testType="13cdc9d9-ddb5-4fa4-a97d-d965ccfc6d4b" outcome="Passed" testListId="8c84fa94-04c1-424b-9868-57a2d4851a1d" relativeResultsDirectory="d69137a5-3ca0-4c91-9be8-da1d002ebfe6" />
    <UnitTestResult executionId="022981ff-a213-458a-8129-8dad2f913cbb" testId="002e1f23-a03d-25e7-6213-1c46d8637c53" testName="LLMGameCreator.Tests.Design.GamePackagePatchServiceTests.ApplyDoesNotExecuteLua" computerName="DESKTOP-SM838SH" duration="00:00:00.0080052" startTime="2026-07-12T13:27:06.1924198+03:00" endTime="2026-07-12T13:27:06.1924198+03:00" testType="13cdc9d9-ddb5-4fa4-a97d-d965ccfc6d4b" outcome="Passed" testListId="8c84fa94-04c1-424b-9868-57a2d4851a1d" relativeResultsDirectory="022981ff-a213-458a-8129-8dad2f913cbb" />
    <UnitTestResult executionId="9844f669-2bda-4eab-ac86-347ba84bfe1c" testId="468029b8-2a8d-5c41-6699-0f39a8e681f3" testName="LLMGameCreator.Tests.Design.GamePackagePatchServiceTests.DryRunUpdateTilePrototypeProducesUpdateDiffAndDoesNotMutateCurrentPackage" computerName="DESKTOP-SM838SH" duration="00:00:00.0009593" startTime="2026-07-12T13:27:06.1636400+03:00" endTime="2026-07-12T13:27:06.1636401+03:00" testType="13cdc9d9-ddb5-4fa4-a97d-d965ccfc6d4b" outcome="Passed" testListId="8c84fa94-04c1-424b-9868-57a2d4851a1d" relativeResultsDirectory="9844f669-2bda-4eab-ac86-347ba84bfe1c" />
    <UnitTestResult executionId="7a421343-2ad8-4a81-a1bf-8b72f4f02d22" testId="c9fcb0fc-6e38-f5b4-a1b9-51f81945dfda" testName="LLMGameCreator.Tests.Design.GamePackagePatchServiceTests.ApplyRestoresInMemoryPackageIfPostValidationFails" computerName="DESKTOP-SM838SH" duration="00:00:00.0054025" startTime="2026-07-12T13:27:06.2226366+03:00" endTime="2026-07-12T13:27:06.2226368+03:00" testType="13cdc9d9-ddb5-4fa4-a97d-d965ccfc6d4b" outcome="Passed" testListId="8c84fa94-04c1-424b-9868-57a2d4851a1d" relativeResultsDirectory="7a421343-2ad8-4a81-a1bf-8b72f4f02d22" />
    <UnitTestResult executionId="ed8583c1-2c15-4376-9a06-7e28ddb80305" testId="a352fb1b-45ff-ca32-c4c9-2826b2713496" testName="LLMGameCreator.Tests.Design.GamePackagePatchServiceTests.DryRunAddRecipeProducesReadableDiffAndDoesNotMutateCurrentPackage" computerName="DESKTOP-SM838SH" duration="00:00:00.0181800" startTime="2026-07-12T13:27:06.1465957+03:00" endTime="2026-07-12T13:27:06.1465960+03:00" testType="13cdc9d9-ddb5-4fa4-a97d-d965ccfc6d4b" outcome="Passed" testListId="8c84fa94-04c1-424b-9868-57a2d4851a1d" relativeResultsDirectory="ed8583c1-2c15-4376-9a06-7e28ddb80305" />
    <UnitTestResult executionId="9357ff61-db13-4457-8bec-a27a3ef306c5" testId="c5aa0be6-0dac-2a9f-b833-607637cc5ee3" testName="LLMGameCreator.Tests.Design.GamePackagePatchServiceTests.ApplyCreatesRollbackSnapshotBeforeSave" computerName="DESKTOP-SM838SH" duration="00:00:00.0056594" startTime="2026-07-12T13:27:06.1695783+03:00" endTime="2026-07-12T13:27:06.1695787+03:00" testType="13cdc9d9-ddb5-4fa4-a97d-d965ccfc6d4b" outcome="Passed" testListId="8c84fa94-04c1-424b-9868-57a2d4851a1d" relativeResultsDirectory="9357ff61-db13-4457-8bec-a27a3ef306c5" />
    <UnitTestResult executionId="b6ec56bf-9b3c-4fa6-a3c3-df0b0289e3b8" testId="b932708f-126b-5c01-4ed5-072988dc6aba" testName="LLMGameCreator.Tests.Design.GamePackagePatchServiceTests.CreatePatchArtifactFromPreviewRejectsPreviewWithoutPackageOperations" computerName="DESKTOP-SM838SH" duration="00:00:00.0025044" startTime="2026-07-12T13:27:06.1283387+03:00" endTime="2026-07-12T13:27:06.1283388+03:00" testType="13cdc9d9-ddb5-4fa4-a97d-d965ccfc6d4b" outcome="Passed" testListId="8c84fa94-04c1-424b-9868-57a2d4851a1d" relativeResultsDirectory="b6ec56bf-9b3c-4fa6-a3c3-df0b0289e3b8" />
    <UnitTestResult executionId="3e237fb8-ea6b-4305-996b-6113bc1b4efc" testId="748be72d-c403-050c-3f2d-7aaa7d9cf252" testName="LLMGameCreator.Tests.Design.GamePackagePatchServiceTests.DryRunAddTilePrototypeProducesAddDiffAndDoesNotMutateCurrentPackage" computerName="DESKTOP-SM838SH" duration="00:00:00.0012478" startTime="2026-07-12T13:27:06.1708874+03:00" endTime="2026-07-12T13:27:06.1708875+03:00" testType="13cdc9d9-ddb5-4fa4-a97d-d965ccfc6d4b" outcome="Passed" testListId="8c84fa94-04c1-424b-9868-57a2d4851a1d" relativeResultsDirectory="3e237fb8-ea6b-4305-996b-6113bc1b4efc" />
    <UnitTestResult executionId="9248f183-ce2a-42fd-89cf-e9fe2a226c5c" testId="268478ec-02f5-77cb-9860-f23aeaef78c3" testName="LLMGameCreator.Tests.Design.GamePackagePatchServiceTests.DryRunRejectsMapStartPositionOutsideBounds" computerName="DESKTOP-SM838SH" duration="00:00:00.0019781" startTime="2026-07-12T13:27:06.1258200+03:00" endTime="2026-07-12T13:27:06.1258200+03:00" testType="13cdc9d9-ddb5-4fa4-a97d-d965ccfc6d4b" outcome="Passed" testListId="8c84fa94-04c1-424b-9868-57a2d4851a1d" relativeResultsDirectory="9248f183-ce2a-42fd-89cf-e9fe2a226c5c" />
    <UnitTestResult executionId="163015dd-7a76-4088-9cd2-527d1af6d0b5" testId="a64f3505-16a0-520c-38ed-e9ccbb9d9a20" testName="LLMGameCreator.Tests.Design.GamePackagePatchServiceTests.DryRunAddMapAllowsDefaultTileFromEarlierPatchOperation" computerName="DESKTOP-SM838SH" duration="00:00:00.0024112" startTime="2026-07-12T13:27:06.2168842+03:00" endTime="2026-07-12T13:27:06.2168844+03:00" testType="13cdc9d9-ddb5-4fa4-a97d-d965ccfc6d4b" outcome="Passed" testListId="8c84fa94-04c1-424b-9868-57a2d4851a1d" relativeResultsDirectory="163015dd-7a76-4088-9cd2-527d1af6d0b5" />
    <UnitTestResult executionId="33c47c7f-99d3-439b-919b-67328303fdec" testId="88fb08be-2ef9-2666-8cb7-c32c002e34c3" testName="LLMGameCreator.Tests.Design.GamePackagePatchServiceTests.ApplyDoesNotCallLlm" computerName="DESKTOP-SM838SH" duration="00:00:00.0048554" startTime="2026-07-12T13:27:06.1922679+03:00" endTime="2026-07-12T13:27:06.1922679+03:00" testType="13cdc9d9-ddb5-4fa4-a97d-d965ccfc6d4b" outcome="Passed" testListId="8c84fa94-04c1-424b-9868-57a2d4851a1d" relativeResultsDirectory="33c47c7f-99d3-439b-919b-67328303fdec" />
    <UnitTestResult executionId="27ce4db1-7b57-4d8d-8c12-78d6a7347081" testId="54b7a936-213e-030d-5a0c-058a1b70f182" testName="LLMGameCreator.Tests.Design.GamePackagePatchServiceTests.CreatePatchArtifactFromPreviewExtractsExplicitPackageOperations" computerName="DESKTOP-SM838SH" duration="00:00:00.0159287" startTime="2026-07-12T13:27:06.1626253+03:00" endTime="2026-07-12T13:27:06.1626257+03:00" testType="13cdc9d9-ddb5-4fa4-a97d-d965ccfc6d4b" outcome="Passed" testListId="8c84fa94-04c1-424b-9868-57a2d4851a1d" relativeResultsDirectory="27ce4db1-7b57-4d8d-8c12-78d6a7347081" />
  </Results>
  <TestDefinitions>
    <UnitTest name="LLMGameCreator.Tests.Design.GamePackagePatchServiceTests.PatchParserRejectsDuplicateOperationTarget" storage="c:\users\endim\llmgamecreator\tests\llmgamecreator.tests\bin\debug\net8.0-windows\llmgamecreator.tests.dll" id="3fabb285-298e-43ae-aa6c-a2ae2603f6b5">
      <Execution id="b49c147a-c442-4b09-83fd-5976209771a0" />
      <TestMethod codeBase="C:\Users\endim\LLMGameCreator\tests\LLMGameCreator.Tests\bin\Debug\net8.0-windows\LLMGameCreator.Tests.dll" adapterTypeName="executor://xunit/VsTestRunner2/netcoreapp" className="LLMGameCreator.Tests.Design.GamePackagePatchServiceTests" name="PatchParserRejectsDuplicateOperationTarget" />
    </UnitTest>
    <UnitTest name="LLMGameCreator.Tests.Design.GamePackagePatchServiceTests.ApplySavesPackageOnlyWhenDryRunAndPostValidationPass" storage="c:\users\endim\llmgamecreator\tests\llmgamecreator.tests\bin\debug\net8.0-windows\llmgamecreator.tests.dll" id="8a777a44-6298-475a-6778-31aac29c3d70">
      <Execution id="c17c3228-364f-4b31-b0ff-57ab8b452356" />
      <TestMethod codeBase="C:\Users\endim\LLMGameCreator\tests\LLMGameCreator.Tests\bin\Debug\net8.0-windows\LLMGameCreator.Tests.dll" adapterTypeName="executor://xunit/VsTestRunner2/netcoreapp" className="LLMGameCreator.Tests.Design.GamePackagePatchServiceTests" name="ApplySavesPackageOnlyWhenDryRunAndPostValidationPass" />
    </UnitTest>
    <UnitTest name="LLMGameCreator.Tests.Design.GamePackagePatchServiceTests.ApplyDoesNotExecuteLua" storage="c:\users\endim\llmgamecreator\tests\llmgamecreator.tests\bin\debug\net8.0-windows\llmgamecreator.tests.dll" id="002e1f23-a03d-25e7-6213-1c46d8637c53">
      <Execution id="022981ff-a213-458a-8129-8dad2f913cbb" />
      <TestMethod codeBase="C:\Users\endim\LLMGameCreator\tests\LLMGameCreator.Tests\bin\Debug\net8.0-windows\LLMGameCreator.Tests.dll" adapterTypeName="executor://xunit/VsTestRunner2/netcoreapp" className="LLMGameCreator.Tests.Design.GamePackagePatchServiceTests" name="ApplyDoesNotExecuteLua" />
    </UnitTest>
    <UnitTest name="LLMGameCreator.Tests.Design.GamePackagePatchServiceTests.PatchParserRejectsUnknownOperationType" storage="c:\users\endim\llmgamecreator\tests\llmgamecreator.tests\bin\debug\net8.0-windows\llmgamecreator.tests.dll" id="f8b452f1-fede-3679-ab3c-07ad92b2280e">
      <Execution id="1eda118a-9aad-4191-844c-e73d98a3d91a" />
      <TestMethod codeBase="C:\Users\endim\LLMGameCreator\tests\LLMGameCreator.Tests\bin\Debug\net8.0-windows\LLMGameCreator.Tests.dll" adapterTypeName="executor://xunit/VsTestRunner2/netcoreapp" className="LLMGameCreator.Tests.Design.GamePackagePatchServiceTests" name="PatchParserRejectsUnknownOperationType" />
    </UnitTest>
    <UnitTest name="LLMGameCreator.Tests.Design.GamePackagePatchServiceTests.ApplyCreatesAuditArtifactAndResultRows" storage="c:\users\endim\llmgamecreator\tests\llmgamecreator.tests\bin\debug\net8.0-windows\llmgamecreator.tests.dll" id="6dddc877-cc02-f211-c822-6e4f96ee5dba">
      <Execution id="81d7a11c-a763-412f-affd-a3eaf4af48e3" />
      <TestMethod codeBase="C:\Users\endim\LLMGameCreator\tests\LLMGameCreator.Tests\bin\Debug\net8.0-windows\LLMGameCreator.Tests.dll" adapterTypeName="executor://xunit/VsTestRunner2/netcoreapp" className="LLMGameCreator.Tests.Design.GamePackagePatchServiceTests" name="ApplyCreatesAuditArtifactAndResultRows" />
    </UnitTest>
    <UnitTest name="LLMGameCreator.Tests.Design.GamePackagePatchServiceTests.DryRunAddRecipeProducesReadableDiffAndDoesNotMutateCurrentPackage" storage="c:\users\endim\llmgamecreator\tests\llmgamecreator.tests\bin\debug\net8.0-windows\llmgamecreator.tests.dll" id="a352fb1b-45ff-ca32-c4c9-2826b2713496">
      <Execution id="ed8583c1-2c15-4376-9a06-7e28ddb80305" />
      <TestMethod codeBase="C:\Users\endim\LLMGameCreator\tests\LLMGameCreator.Tests\bin\Debug\net8.0-windows\LLMGameCreator.Tests.dll" adapterTypeName="executor://xunit/VsTestRunner2/netcoreapp" className="LLMGameCreator.Tests.Design.GamePackagePatchServiceTests" name="DryRunAddRecipeProducesReadableDiffAndDoesNotMutateCurrentPackage" />
    </UnitTest>
    <UnitTest name="LLMGameCreator.Tests.Design.GamePackagePatchServiceTests.DryRunUpdateTilePrototypeProducesUpdateDiffAndDoesNotMutateCurrentPackage" storage="c:\users\endim\llmgamecreator\tests\llmgamecreator.tests\bin\debug\net8.0-windows\llmgamecreator.tests.dll" id="468029b8-2a8d-5c41-6699-0f39a8e681f3">
      <Execution id="9844f669-2bda-4eab-ac86-347ba84bfe1c" />
      <TestMethod codeBase="C:\Users\endim\LLMGameCreator\tests\LLMGameCreator.Tests\bin\Debug\net8.0-windows\LLMGameCreator.Tests.dll" adapterTypeName="executor://xunit/VsTestRunner2/netcoreapp" className="LLMGameCreator.Tests.Design.GamePackagePatchServiceTests" name="DryRunUpdateTilePrototypeProducesUpdateDiffAndDoesNotMutateCurrentPackage" />
    </UnitTest>
    <UnitTest name="LLMGameCreator.Tests.Design.GamePackagePatchServiceTests.CreatePatchArtifactFromPreviewRejectsPreviewWithoutPackageOperations" storage="c:\users\endim\llmgamecreator\tests\llmgamecreator.tests\bin\debug\net8.0-windows\llmgamecreator.tests.dll" id="b932708f-126b-5c01-4ed5-072988dc6aba">
      <Execution id="b6ec56bf-9b3c-4fa6-a3c3-df0b0289e3b8" />
      <TestMethod codeBase="C:\Users\endim\LLMGameCreator\tests\LLMGameCreator.Tests\bin\Debug\net8.0-windows\LLMGameCreator.Tests.dll" adapterTypeName="executor://xunit/VsTestRunner2/netcoreapp" className="LLMGameCreator.Tests.Design.GamePackagePatchServiceTests" name="CreatePatchArtifactFromPreviewRejectsPreviewWithoutPackageOperations" />
    </UnitTest>
    <UnitTest name="LLMGameCreator.Tests.Design.GamePackagePatchServiceTests.DryRunRejectsMapStartPositionOutsideBounds" storage="c:\users\endim\llmgamecreator\tests\llmgamecreator.tests\bin\debug\net8.0-windows\llmgamecreator.tests.dll" id="268478ec-02f5-77cb-9860-f23aeaef78c3">
      <Execution id="9248f183-ce2a-42fd-89cf-e9fe2a226c5c" />
      <TestMethod codeBase="C:\Users\endim\LLMGameCreator\tests\LLMGameCreator.Tests\bin\Debug\net8.0-windows\LLMGameCreator.Tests.dll" adapterTypeName="executor://xunit/VsTestRunner2/netcoreapp" className="LLMGameCreator.Tests.Design.GamePackagePatchServiceTests" name="DryRunRejectsMapStartPositionOutsideBounds" />
    </UnitTest>
    <UnitTest name="LLMGameCreator.Tests.Design.GamePackagePatchServiceTests.CreatePatchArtifactFromPreviewRejectsNonPreviewArtifact" storage="c:\users\endim\llmgamecreator\tests\llmgamecreator.tests\bin\debug\net8.0-windows\llmgamecreator.tests.dll" id="cb919da2-be19-5e8c-1c89-23d3662bd3c5">
      <Execution id="6db58684-3535-408e-b37c-0eed9766f03f" />
      <TestMethod codeBase="C:\Users\endim\LLMGameCreator\tests\LLMGameCreator.Tests\bin\Debug\net8.0-windows\LLMGameCreator.Tests.dll" adapterTypeName="executor://xunit/VsTestRunner2/netcoreapp" className="LLMGameCreator.Tests.Design.GamePackagePatchServiceTests" name="CreatePatchArtifactFromPreviewRejectsNonPreviewArtifact" />
    </UnitTest>
    <UnitTest name="LLMGameCreator.Tests.Design.GamePackagePatchServiceTests.DryRunAddMapAllowsDefaultTileFromEarlierPatchOperation" storage="c:\users\endim\llmgamecreator\tests\llmgamecreator.tests\bin\debug\net8.0-windows\llmgamecreator.tests.dll" id="a64f3505-16a0-520c-38ed-e9ccbb9d9a20">
      <Execution id="163015dd-7a76-4088-9cd2-527d1af6d0b5" />
      <TestMethod codeBase="C:\Users\endim\LLMGameCreator\tests\LLMGameCreator.Tests\bin\Debug\net8.0-windows\LLMGameCreator.Tests.dll" adapterTypeName="executor://xunit/VsTestRunner2/netcoreapp" className="LLMGameCreator.Tests.Design.GamePackagePatchServiceTests" name="DryRunAddMapAllowsDefaultTileFromEarlierPatchOperation" />
    </UnitTest>
    <UnitTest name="LLMGameCreator.Tests.Design.GamePackagePatchServiceTests.DryRunRejectsManifestStartMapIdThatDoesNotExistAfterPatch" storage="c:\users\endim\llmgamecreator\tests\llmgamecreator.tests\bin\debug\net8.0-windows\llmgamecreator.tests.dll" id="514e0d36-9548-4612-1145-3f6b1615a2a8">
      <Execution id="65c1fc5b-b882-4beb-a445-b25f97cfedcf" />
      <TestMethod codeBase="C:\Users\endim\LLMGameCreator\tests\LLMGameCreator.Tests\bin\Debug\net8.0-windows\LLMGameCreator.Tests.dll" adapterTypeName="executor://xunit/VsTestRunner2/netcoreapp" className="LLMGameCreator.Tests.Design.GamePackagePatchServiceTests" name="DryRunRejectsManifestStartMapIdThatDoesNotExistAfterPatch" />
    </UnitTest>
    <UnitTest name="LLMGameCreator.Tests.Design.GamePackagePatchServiceTests.ApplyDoesNotWriteFilesOutsidePackageJsonAndBackups" storage="c:\users\endim\llmgamecreator\tests\llmgamecreator.tests\bin\debug\net8.0-windows\llmgamecreator.tests.dll" id="859ca1f8-ce5e-02f4-006c-f6290803692f">
      <Execution id="25be01f6-843f-4b8c-b8d0-474ca428afc2" />
      <TestMethod codeBase="C:\Users\endim\LLMGameCreator\tests\LLMGameCreator.Tests\bin\Debug\net8.0-windows\LLMGameCreator.Tests.dll" adapterTypeName="executor://xunit/VsTestRunner2/netcoreapp" className="LLMGameCreator.Tests.Design.GamePackagePatchServiceTests" name="ApplyDoesNotWriteFilesOutsidePackageJsonAndBackups" />
    </UnitTest>
    <UnitTest name="LLMGameCreator.Tests.Design.GamePackagePatchServiceTests.ApplyDoesNotExecuteGeneratorModules" storage="c:\users\endim\llmgamecreator\tests\llmgamecreator.tests\bin\debug\net8.0-windows\llmgamecreator.tests.dll" id="bace7dbe-2e6d-3a36-3c17-bab2e1d21e6a">
      <Execution id="6bc66225-9120-45ae-a5e9-1c375e921d8e" />
      <TestMethod codeBase="C:\Users\endim\LLMGameCreator\tests\LLMGameCreator.Tests\bin\Debug\net8.0-windows\LLMGameCreator.Tests.dll" adapterTypeName="executor://xunit/VsTestRunner2/netcoreapp" className="LLMGameCreator.Tests.Design.GamePackagePatchServiceTests" name="ApplyDoesNotExecuteGeneratorModules" />
    </UnitTest>
    <UnitTest name="LLMGameCreator.Tests.Design.GamePackagePatchServiceTests.PatchParserAcceptsValidGamePackagePatchV1" storage="c:\users\endim\llmgamecreator\tests\llmgamecreator.tests\bin\debug\net8.0-windows\llmgamecreator.tests.dll" id="5517ff9d-ad06-18be-477c-0c1991e11990">
      <Execution id="cfce6856-6f28-425c-97c3-57877265815a" />
      <TestMethod codeBase="C:\Users\endim\LLMGameCreator\tests\LLMGameCreator.Tests\bin\Debug\net8.0-windows\LLMGameCreator.Tests.dll" adapterTypeName="executor://xunit/VsTestRunner2/netcoreapp" className="LLMGameCreator.Tests.Design.GamePackagePatchServiceTests" name="PatchParserAcceptsValidGamePackagePatchV1" />
    </UnitTest>
    <UnitTest name="LLMGameCreator.Tests.Design.GamePackagePatchServiceTests.ApplyDoesNotCallLlm" storage="c:\users\endim\llmgamecreator\tests\llmgamecreator.tests\bin\debug\net8.0-windows\llmgamecreator.tests.dll" id="88fb08be-2ef9-2666-8cb7-c32c002e34c3">
      <Execution id="33c47c7f-99d3-439b-919b-67328303fdec" />
      <TestMethod codeBase="C:\Users\endim\LLMGameCreator\tests\LLMGameCreator.Tests\bin\Debug\net8.0-windows\LLMGameCreator.Tests.dll" adapterTypeName="executor://xunit/VsTestRunner2/netcoreapp" className="LLMGameCreator.Tests.Design.GamePackagePatchServiceTests" name="ApplyDoesNotCallLlm" />
    </UnitTest>
    <UnitTest name="LLMGameCreator.Tests.Design.GamePackagePatchServiceTests.DryRunAddTilePrototypeProducesAddDiffAndDoesNotMutateCurrentPackage" storage="c:\users\endim\llmgamecreator\tests\llmgamecreator.tests\bin\debug\net8.0-windows\llmgamecreator.tests.dll" id="748be72d-c403-050c-3f2d-7aaa7d9cf252">
      <Execution id="3e237fb8-ea6b-4305-996b-6113bc1b4efc" />
      <TestMethod codeBase="C:\Users\endim\LLMGameCreator\tests\LLMGameCreator.Tests\bin\Debug\net8.0-windows\LLMGameCreator.Tests.dll" adapterTypeName="executor://xunit/VsTestRunner2/netcoreapp" className="LLMGameCreator.Tests.Design.GamePackagePatchServiceTests" name="DryRunAddTilePrototypeProducesAddDiffAndDoesNotMutateCurrentPackage" />
    </UnitTest>
    <UnitTest name="LLMGameCreator.Tests.Design.GamePackagePatchServiceTests.ApplyRestoresInMemoryPackageIfPostValidationFails" storage="c:\users\endim\llmgamecreator\tests\llmgamecreator.tests\bin\debug\net8.0-windows\llmgamecreator.tests.dll" id="c9fcb0fc-6e38-f5b4-a1b9-51f81945dfda">
      <Execution id="7a421343-2ad8-4a81-a1bf-8b72f4f02d22" />
      <TestMethod codeBase="C:\Users\endim\LLMGameCreator\tests\LLMGameCreator.Tests\bin\Debug\net8.0-windows\LLMGameCreator.Tests.dll" adapterTypeName="executor://xunit/VsTestRunner2/netcoreapp" className="LLMGameCreator.Tests.Design.GamePackagePatchServiceTests" name="ApplyRestoresInMemoryPackageIfPostValidationFails" />
    </UnitTest>
    <UnitTest name="LLMGameCreator.Tests.Design.GamePackagePatchServiceTests.PatchParserRejectsDeleteOperation" storage="c:\users\endim\llmgamecreator\tests\llmgamecreator.tests\bin\debug\net8.0-windows\llmgamecreator.tests.dll" id="7f38ec6c-f7a5-380c-1ed1-0afb8c381dbe">
      <Execution id="d69137a5-3ca0-4c91-9be8-da1d002ebfe6" />
      <TestMethod codeBase="C:\Users\endim\LLMGameCreator\tests\LLMGameCreator.Tests\bin\Debug\net8.0-windows\LLMGameCreator.Tests.dll" adapterTypeName="executor://xunit/VsTestRunner2/netcoreapp" className="LLMGameCreator.Tests.Design.GamePackagePatchServiceTests" name="PatchParserRejectsDeleteOperation" />
    </UnitTest>
    <UnitTest name="LLMGameCreator.Tests.Design.GamePackagePatchServiceTests.ApplyCreatesRollbackSnapshotBeforeSave" storage="c:\users\endim\llmgamecreator\tests\llmgamecreator.tests\bin\debug\net8.0-windows\llmgamecreator.tests.dll" id="c5aa0be6-0dac-2a9f-b833-607637cc5ee3">
      <Execution id="9357ff61-db13-4457-8bec-a27a3ef306c5" />
      <TestMethod codeBase="C:\Users\endim\LLMGameCreator\tests\LLMGameCreator.Tests\bin\Debug\net8.0-windows\LLMGameCreator.Tests.dll" adapterTypeName="executor://xunit/VsTestRunner2/netcoreapp" className="LLMGameCreator.Tests.Design.GamePackagePatchServiceTests" name="ApplyCreatesRollbackSnapshotBeforeSave" />
    </UnitTest>
    <UnitTest name="LLMGameCreator.Tests.Design.GamePackagePatchServiceTests.CreatePatchArtifactFromPreviewExtractsExplicitPackageOperations" storage="c:\users\endim\llmgamecreator\tests\llmgamecreator.tests\bin\debug\net8.0-windows\llmgamecreator.tests.dll" id="54b7a936-213e-030d-5a0c-058a1b70f182">
      <Execution id="27ce4db1-7b57-4d8d-8c12-78d6a7347081" />
      <TestMethod codeBase="C:\Users\endim\LLMGameCreator\tests\LLMGameCreator.Tests\bin\Debug\net8.0-windows\LLMGameCreator.Tests.dll" adapterTypeName="executor://xunit/VsTestRunner2/netcoreapp" className="LLMGameCreator.Tests.Design.GamePackagePatchServiceTests" name="CreatePatchArtifactFromPreviewExtractsExplicitPackageOperations" />
    </UnitTest>
  </TestDefinitions>
  <TestEntries>
    <TestEntry testId="6dddc877-cc02-f211-c822-6e4f96ee5dba" executionId="81d7a11c-a763-412f-affd-a3eaf4af48e3" testListId="8c84fa94-04c1-424b-9868-57a2d4851a1d" />
    <TestEntry testId="8a777a44-6298-475a-6778-31aac29c3d70" executionId="c17c3228-364f-4b31-b0ff-57ab8b452356" testListId="8c84fa94-04c1-424b-9868-57a2d4851a1d" />
    <TestEntry testId="3fabb285-298e-43ae-aa6c-a2ae2603f6b5" executionId="b49c147a-c442-4b09-83fd-5976209771a0" testListId="8c84fa94-04c1-424b-9868-57a2d4851a1d" />
    <TestEntry testId="cb919da2-be19-5e8c-1c89-23d3662bd3c5" executionId="6db58684-3535-408e-b37c-0eed9766f03f" testListId="8c84fa94-04c1-424b-9868-57a2d4851a1d" />
    <TestEntry testId="859ca1f8-ce5e-02f4-006c-f6290803692f" executionId="25be01f6-843f-4b8c-b8d0-474ca428afc2" testListId="8c84fa94-04c1-424b-9868-57a2d4851a1d" />
    <TestEntry testId="bace7dbe-2e6d-3a36-3c17-bab2e1d21e6a" executionId="6bc66225-9120-45ae-a5e9-1c375e921d8e" testListId="8c84fa94-04c1-424b-9868-57a2d4851a1d" />
    <TestEntry testId="5517ff9d-ad06-18be-477c-0c1991e11990" executionId="cfce6856-6f28-425c-97c3-57877265815a" testListId="8c84fa94-04c1-424b-9868-57a2d4851a1d" />
    <TestEntry testId="f8b452f1-fede-3679-ab3c-07ad92b2280e" executionId="1eda118a-9aad-4191-844c-e73d98a3d91a" testListId="8c84fa94-04c1-424b-9868-57a2d4851a1d" />
    <TestEntry testId="514e0d36-9548-4612-1145-3f6b1615a2a8" executionId="65c1fc5b-b882-4beb-a445-b25f97cfedcf" testListId="8c84fa94-04c1-424b-9868-57a2d4851a1d" />
    <TestEntry testId="7f38ec6c-f7a5-380c-1ed1-0afb8c381dbe" executionId="d69137a5-3ca0-4c91-9be8-da1d002ebfe6" testListId="8c84fa94-04c1-424b-9868-57a2d4851a1d" />
    <TestEntry testId="002e1f23-a03d-25e7-6213-1c46d8637c53" executionId="022981ff-a213-458a-8129-8dad2f913cbb" testListId="8c84fa94-04c1-424b-9868-57a2d4851a1d" />
    <TestEntry testId="468029b8-2a8d-5c41-6699-0f39a8e681f3" executionId="9844f669-2bda-4eab-ac86-347ba84bfe1c" testListId="8c84fa94-04c1-424b-9868-57a2d4851a1d" />
    <TestEntry testId="c9fcb0fc-6e38-f5b4-a1b9-51f81945dfda" executionId="7a421343-2ad8-4a81-a1bf-8b72f4f02d22" testListId="8c84fa94-04c1-424b-9868-57a2d4851a1d" />
    <TestEntry testId="a352fb1b-45ff-ca32-c4c9-2826b2713496" executionId="ed8583c1-2c15-4376-9a06-7e28ddb80305" testListId="8c84fa94-04c1-424b-9868-57a2d4851a1d" />
    <TestEntry testId="c5aa0be6-0dac-2a9f-b833-607637cc5ee3" executionId="9357ff61-db13-4457-8bec-a27a3ef306c5" testListId="8c84fa94-04c1-424b-9868-57a2d4851a1d" />
    <TestEntry testId="b932708f-126b-5c01-4ed5-072988dc6aba" executionId="b6ec56bf-9b3c-4fa6-a3c3-df0b0289e3b8" testListId="8c84fa94-04c1-424b-9868-57a2d4851a1d" />
    <TestEntry testId="748be72d-c403-050c-3f2d-7aaa7d9cf252" executionId="3e237fb8-ea6b-4305-996b-6113bc1b4efc" testListId="8c84fa94-04c1-424b-9868-57a2d4851a1d" />
    <TestEntry testId="268478ec-02f5-77cb-9860-f23aeaef78c3" executionId="9248f183-ce2a-42fd-89cf-e9fe2a226c5c" testListId="8c84fa94-04c1-424b-9868-57a2d4851a1d" />
    <TestEntry testId="a64f3505-16a0-520c-38ed-e9ccbb9d9a20" executionId="163015dd-7a76-4088-9cd2-527d1af6d0b5" testListId="8c84fa94-04c1-424b-9868-57a2d4851a1d" />
    <TestEntry testId="88fb08be-2ef9-2666-8cb7-c32c002e34c3" executionId="33c47c7f-99d3-439b-919b-67328303fdec" testListId="8c84fa94-04c1-424b-9868-57a2d4851a1d" />
    <TestEntry testId="54b7a936-213e-030d-5a0c-058a1b70f182" executionId="27ce4db1-7b57-4d8d-8c12-78d6a7347081" testListId="8c84fa94-04c1-424b-9868-57a2d4851a1d" />
  </TestEntries>
  <TestLists>
    <TestList name="Results Not in a List" id="8c84fa94-04c1-424b-9868-57a2d4851a1d" />
    <TestList name="All Loaded Results" id="19431567-8539-422a-85d7-44ee4e166bda" />
  </TestLists>
  <ResultSummary outcome="Completed">
    <Counters total="21" executed="21" passed="21" failed="0" error="0" timeout="0" aborted="0" inconclusive="0" passedButRunAborted="0" notRunnable="0" notExecuted="0" disconnected="0" warning="0" completed="0" inProgress="0" pending="0" />
    <Output>
      <StdOut>[xUnit.net 00:00:00.00] xUnit.net VSTest Adapter v2.8.2+699d445a1a (64-bit .NET 8.0.26)&#xD;
[xUnit.net 00:00:00.14]   Discovering: LLMGameCreator.Tests&#xD;
[xUnit.net 00:00:00.32]   Discovered:  LLMGameCreator.Tests&#xD;
[xUnit.net 00:00:00.34]   Starting:    LLMGameCreator.Tests&#xD;
[xUnit.net 00:00:00.65]   Finished:    LLMGameCreator.Tests&#xD;
</StdOut>
    </Output>
  </ResultSummary>
</TestRun>