<?xml version="1.0" encoding="utf-8"?>
<TestRun id="f7ec5315-b526-447e-9693-35d28f64996b" name="endim@DESKTOP-SM838SH 2026-07-12 13:26:36" runUser="DESKTOP-SM838SH\endim" xmlns="http://microsoft.com/schemas/VisualStudio/TeamTest/2010">
  <Times creation="2026-07-12T13:26:36.2372574+03:00" queuing="2026-07-12T13:26:36.2372578+03:00" start="2026-07-12T13:26:35.2751661+03:00" finish="2026-07-12T13:26:36.2421000+03:00" />
  <TestSettings name="default" id="ba9425d0-7ea1-4b5c-b6ec-53ae3d31894c">
    <Deployment runDeploymentRoot="endim_DESKTOP-SM838SH_2026-07-12_13_26_36" />
  </TestSettings>
  <Results>
    <UnitTestResult executionId="9f163a76-39de-46f3-964d-4903a34b19e9" testId="49a15de5-50a5-b8f8-ad55-a4f5b03dc102" testName="LLMGameCreator.Tests.Application.WorldEventWeatherDayNightCrisisMatrix.WorldEventInvalidMatrixTests.InvalidFakeLeakMatrixCoversRequiredCases" computerName="DESKTOP-SM838SH" duration="00:00:00.1707081" startTime="2026-07-12T13:26:36.1516611+03:00" endTime="2026-07-12T13:26:36.1516864+03:00" testType="13cdc9d9-ddb5-4fa4-a97d-d965ccfc6d4b" outcome="Passed" testListId="8c84fa94-04c1-424b-9868-57a2d4851a1d" relativeResultsDirectory="9f163a76-39de-46f3-964d-4903a34b19e9" />
  </Results>
  <TestDefinitions>
    <UnitTest name="LLMGameCreator.Tests.Application.WorldEventWeatherDayNightCrisisMatrix.WorldEventInvalidMatrixTests.InvalidFakeLeakMatrixCoversRequiredCases" storage="c:\users\endim\llmgamecreator\tests\llmgamecreator.tests\bin\debug\net8.0-windows\llmgamecreator.tests.dll" id="49a15de5-50a5-b8f8-ad55-a4f5b03dc102">
      <Execution id="9f163a76-39de-46f3-964d-4903a34b19e9" />
      <TestMethod codeBase="C:\Users\endim\LLMGameCreator\tests\LLMGameCreator.Tests\bin\Debug\net8.0-windows\LLMGameCreator.Tests.dll" adapterTypeName="executor://xunit/VsTestRunner2/netcoreapp" className="LLMGameCreator.Tests.Application.WorldEventWeatherDayNightCrisisMatrix.WorldEventInvalidMatrixTests" name="InvalidFakeLeakMatrixCoversRequiredCases" />
    </UnitTest>
  </TestDefinitions>
  <TestEntries>
    <TestEntry testId="49a15de5-50a5-b8f8-ad55-a4f5b03dc102" executionId="9f163a76-39de-46f3-964d-4903a34b19e9" testListId="8c84fa94-04c1-424b-9868-57a2d4851a1d" />
  </TestEntries>
  <TestLists>
    <TestList name="Results Not in a List" id="8c84fa94-04c1-424b-9868-57a2d4851a1d" />
    <TestList name="All Loaded Results" id="19431567-8539-422a-85d7-44ee4e166bda" />
  </TestLists>
  <ResultSummary outcome="Completed">
    <Counters total="1" executed="1" passed="1" failed="0" error="0" timeout="0" aborted="0" inconclusive="0" passedButRunAborted="0" notRunnable="0" notExecuted="0" disconnected="0" warning="0" completed="0" inProgress="0" pending="0" />
    <Output>
      <StdOut>[xUnit.net 00:00:00.00] xUnit.net VSTest Adapter v2.8.2+699d445a1a (64-bit .NET 8.0.26)&#xD;
[xUnit.net 00:00:00.14]   Discovering: LLMGameCreator.Tests&#xD;
[xUnit.net 00:00:00.33]   Discovered:  LLMGameCreator.Tests&#xD;
[xUnit.net 00:00:00.34]   Starting:    LLMGameCreator.Tests&#xD;
[xUnit.net 00:00:00.54]   Finished:    LLMGameCreator.Tests&#xD;
</StdOut>
    </Output>
  </ResultSummary>
</TestRun>