<?xml version="1.0" encoding="utf-8"?>
<TestRun id="4826f0a4-629a-4673-b5b1-c6a2cd29ae19" name="endim@DESKTOP-SM838SH 2026-07-12 13:57:09" runUser="DESKTOP-SM838SH\endim" xmlns="http://microsoft.com/schemas/VisualStudio/TeamTest/2010">
  <Times creation="2026-07-12T13:57:09.6298588+03:00" queuing="2026-07-12T13:57:09.6298591+03:00" start="2026-07-12T13:57:08.5868947+03:00" finish="2026-07-12T13:57:09.6351022+03:00" />
  <TestSettings name="default" id="477f7252-a2b7-4ba0-ba86-c89d47085619">
    <Deployment runDeploymentRoot="endim_DESKTOP-SM838SH_2026-07-12_13_57_09" />
  </TestSettings>
  <Results>
    <UnitTestResult executionId="735fa066-9b9e-45f7-98f3-0bb317bd8cec" testId="f5e4d94f-fc79-3952-340d-c1c6695ba1fc" testName="LLMGameCreator.Tests.Runtime.CanonicalRuntimeSelectedCandidatePlaythroughServiceTests.SelectedCandidateRunsThroughCanonicalRuntimeAndReplays" computerName="DESKTOP-SM838SH" duration="00:00:00.2350278" startTime="2026-07-12T13:57:09.5374867+03:00" endTime="2026-07-12T13:57:09.5375027+03:00" testType="13cdc9d9-ddb5-4fa4-a97d-d965ccfc6d4b" outcome="Passed" testListId="8c84fa94-04c1-424b-9868-57a2d4851a1d" relativeResultsDirectory="735fa066-9b9e-45f7-98f3-0bb317bd8cec" />
  </Results>
  <TestDefinitions>
    <UnitTest name="LLMGameCreator.Tests.Runtime.CanonicalRuntimeSelectedCandidatePlaythroughServiceTests.SelectedCandidateRunsThroughCanonicalRuntimeAndReplays" storage="c:\users\endim\llmgamecreator\tests\llmgamecreator.tests\bin\debug\net8.0-windows\llmgamecreator.tests.dll" id="f5e4d94f-fc79-3952-340d-c1c6695ba1fc">
      <Execution id="735fa066-9b9e-45f7-98f3-0bb317bd8cec" />
      <TestMethod codeBase="C:\Users\endim\LLMGameCreator\tests\LLMGameCreator.Tests\bin\Debug\net8.0-windows\LLMGameCreator.Tests.dll" adapterTypeName="executor://xunit/VsTestRunner2/netcoreapp" className="LLMGameCreator.Tests.Runtime.CanonicalRuntimeSelectedCandidatePlaythroughServiceTests" name="SelectedCandidateRunsThroughCanonicalRuntimeAndReplays" />
    </UnitTest>
  </TestDefinitions>
  <TestEntries>
    <TestEntry testId="f5e4d94f-fc79-3952-340d-c1c6695ba1fc" executionId="735fa066-9b9e-45f7-98f3-0bb317bd8cec" testListId="8c84fa94-04c1-424b-9868-57a2d4851a1d" />
  </TestEntries>
  <TestLists>
    <TestList name="Results Not in a List" id="8c84fa94-04c1-424b-9868-57a2d4851a1d" />
    <TestList name="All Loaded Results" id="19431567-8539-422a-85d7-44ee4e166bda" />
  </TestLists>
  <ResultSummary outcome="Completed">
    <Counters total="1" executed="1" passed="1" failed="0" error="0" timeout="0" aborted="0" inconclusive="0" passedButRunAborted="0" notRunnable="0" notExecuted="0" disconnected="0" warning="0" completed="0" inProgress="0" pending="0" />
    <Output>
      <StdOut>[xUnit.net 00:00:00.00] xUnit.net VSTest Adapter v2.8.2+699d445a1a (64-bit .NET 8.0.26)&#xD;
[xUnit.net 00:00:00.14]   Discovering: LLMGameCreator.Tests&#xD;
[xUnit.net 00:00:00.33]   Discovered:  LLMGameCreator.Tests&#xD;
[xUnit.net 00:00:00.34]   Starting:    LLMGameCreator.Tests&#xD;
[xUnit.net 00:00:00.61]   Finished:    LLMGameCreator.Tests&#xD;
</StdOut>
    </Output>
  </ResultSummary>
</TestRun>