<?xml version="1.0" encoding="utf-8"?>
<TestRun id="228f010f-7d49-459a-83f7-cf80e907deed" name="endim@DESKTOP-SM838SH 2026-07-12 13:00:14" runUser="DESKTOP-SM838SH\endim" xmlns="http://microsoft.com/schemas/VisualStudio/TeamTest/2010">
  <Times creation="2026-07-12T13:00:14.4118079+03:00" queuing="2026-07-12T13:00:14.4118083+03:00" start="2026-07-12T13:00:13.4869977+03:00" finish="2026-07-12T13:00:14.4183878+03:00" />
  <TestSettings name="default" id="d34e0672-4eb2-44f9-8da0-34dc54ebc707">
    <Deployment runDeploymentRoot="endim_DESKTOP-SM838SH_2026-07-12_13_00_14" />
  </TestSettings>
  <Results>
    <UnitTestResult executionId="383409be-625d-41dc-9480-83eaf51918be" testId="c2d62937-8f66-eb5a-9b4f-6f743b944967" testName="LLMGameCreator.Tests.Application.AcceptedAlphaUnityPlayableProjection.FeatureModuleAuthoringScriptProof.Run_goal147_featuremodule_authoring_proof_when_requested" computerName="DESKTOP-SM838SH" duration="00:00:00.0036596" startTime="2026-07-12T13:00:14.3154726+03:00" endTime="2026-07-12T13:00:14.3154896+03:00" testType="13cdc9d9-ddb5-4fa4-a97d-d965ccfc6d4b" outcome="Passed" testListId="8c84fa94-04c1-424b-9868-57a2d4851a1d" relativeResultsDirectory="383409be-625d-41dc-9480-83eaf51918be" />
  </Results>
  <TestDefinitions>
    <UnitTest name="LLMGameCreator.Tests.Application.AcceptedAlphaUnityPlayableProjection.FeatureModuleAuthoringScriptProof.Run_goal147_featuremodule_authoring_proof_when_requested" storage="c:\users\endim\llmgamecreator\tests\llmgamecreator.tests\bin\debug\net8.0-windows\llmgamecreator.tests.dll" id="c2d62937-8f66-eb5a-9b4f-6f743b944967">
      <Execution id="383409be-625d-41dc-9480-83eaf51918be" />
      <TestMethod codeBase="C:\Users\endim\LLMGameCreator\tests\LLMGameCreator.Tests\bin\Debug\net8.0-windows\LLMGameCreator.Tests.dll" adapterTypeName="executor://xunit/VsTestRunner2/netcoreapp" className="LLMGameCreator.Tests.Application.AcceptedAlphaUnityPlayableProjection.FeatureModuleAuthoringScriptProof" name="Run_goal147_featuremodule_authoring_proof_when_requested" />
    </UnitTest>
  </TestDefinitions>
  <TestEntries>
    <TestEntry testId="c2d62937-8f66-eb5a-9b4f-6f743b944967" executionId="383409be-625d-41dc-9480-83eaf51918be" testListId="8c84fa94-04c1-424b-9868-57a2d4851a1d" />
  </TestEntries>
  <TestLists>
    <TestList name="Results Not in a List" id="8c84fa94-04c1-424b-9868-57a2d4851a1d" />
    <TestList name="All Loaded Results" id="19431567-8539-422a-85d7-44ee4e166bda" />
  </TestLists>
  <ResultSummary outcome="Completed">
    <Counters total="1" executed="1" passed="1" failed="0" error="0" timeout="0" aborted="0" inconclusive="0" passedButRunAborted="0" notRunnable="0" notExecuted="0" disconnected="0" warning="0" completed="0" inProgress="0" pending="0" />
    <Output>
      <StdOut>[xUnit.net 00:00:00.00] xUnit.net VSTest Adapter v2.8.2+699d445a1a (64-bit .NET 8.0.26)&#xD;
[xUnit.net 00:00:00.16]   Discovering: LLMGameCreator.Tests&#xD;
[xUnit.net 00:00:00.37]   Discovered:  LLMGameCreator.Tests&#xD;
[xUnit.net 00:00:00.38]   Starting:    LLMGameCreator.Tests&#xD;
[xUnit.net 00:00:00.42]   Finished:    LLMGameCreator.Tests&#xD;
</StdOut>
    </Output>
  </ResultSummary>
</TestRun>