<?xml version="1.0" encoding="utf-8"?>
<TestRun id="2085be19-5845-47db-b999-95135dfe9061" name="endim@DESKTOP-SM838SH 2026-07-12 13:29:22" runUser="DESKTOP-SM838SH\endim" xmlns="http://microsoft.com/schemas/VisualStudio/TeamTest/2010">
  <Times creation="2026-07-12T13:29:22.4047869+03:00" queuing="2026-07-12T13:29:22.4047872+03:00" start="2026-07-12T13:29:21.4668846+03:00" finish="2026-07-12T13:29:22.4141650+03:00" />
  <TestSettings name="default" id="e473ae0a-28ba-4e42-bfb2-5ea9da7ea3b4">
    <Deployment runDeploymentRoot="endim_DESKTOP-SM838SH_2026-07-12_13_29_22" />
  </TestSettings>
  <Results>
    <UnitTestResult executionId="2cc23815-d821-4e2b-92f2-dd9c3f555c70" testId="85be5c70-1ea8-b410-f16f-c48cca864cc0" testName="LLMGameCreator.Tests.PackageEditorServiceTests.UpdateManifest_ChangesCurrentPackageManifest" computerName="DESKTOP-SM838SH" duration="00:00:00.0001517" startTime="2026-07-12T13:29:22.2915862+03:00" endTime="2026-07-12T13:29:22.2915863+03:00" testType="13cdc9d9-ddb5-4fa4-a97d-d965ccfc6d4b" outcome="Passed" testListId="8c84fa94-04c1-424b-9868-57a2d4851a1d" relativeResultsDirectory="2cc23815-d821-4e2b-92f2-dd9c3f555c70" />
    <UnitTestResult executionId="ce316151-e05f-4154-9392-05d6110df925" testId="6fa90f5e-a689-2d99-00b3-83a03cbec0f3" testName="LLMGameCreator.Tests.PackageEditorServiceTests.GetSnapshot_WithoutCurrentPackage_ReturnsEmptyState" computerName="DESKTOP-SM838SH" duration="00:00:00.0019276" startTime="2026-07-12T13:29:22.2902868+03:00" endTime="2026-07-12T13:29:22.2902869+03:00" testType="13cdc9d9-ddb5-4fa4-a97d-d965ccfc6d4b" outcome="Passed" testListId="8c84fa94-04c1-424b-9868-57a2d4851a1d" relativeResultsDirectory="ce316151-e05f-4154-9392-05d6110df925" />
    <UnitTestResult executionId="b2a90e86-34d9-4362-afcf-e0e6f1258453" testId="69268710-1681-2437-f091-70a28fb1329a" testName="LLMGameCreator.Tests.PackageEditorServiceTests.RemoveMap_RejectsCurrentStartMap" computerName="DESKTOP-SM838SH" duration="00:00:00.0008020" startTime="2026-07-12T13:29:22.1817106+03:00" endTime="2026-07-12T13:29:22.1817106+03:00" testType="13cdc9d9-ddb5-4fa4-a97d-d965ccfc6d4b" outcome="Passed" testListId="8c84fa94-04c1-424b-9868-57a2d4851a1d" relativeResultsDirectory="b2a90e86-34d9-4362-afcf-e0e6f1258453" />
    <UnitTestResult executionId="1c2fac2a-d6d8-45b8-a6bb-8343c5b6d04d" testId="a8cb3a6d-1116-578a-cd88-8565f0b27caa" testName="LLMGameCreator.Tests.PackageEditorServiceTests.AddTilePrototype_AddsValidTileAndRejectsDuplicateId" computerName="DESKTOP-SM838SH" duration="00:00:00.0086973" startTime="2026-07-12T13:29:22.1791911+03:00" endTime="2026-07-12T13:29:22.1792071+03:00" testType="13cdc9d9-ddb5-4fa4-a97d-d965ccfc6d4b" outcome="Passed" testListId="8c84fa94-04c1-424b-9868-57a2d4851a1d" relativeResultsDirectory="1c2fac2a-d6d8-45b8-a6bb-8343c5b6d04d" />
    <UnitTestResult executionId="92c11ab7-0161-4665-8a57-e08ee4195747" testId="d22afe3c-f61b-bb59-7636-20db88d59e20" testName="LLMGameCreator.Tests.PackageEditorServiceTests.Validate_ReturnsExistingReportAndFormatterCanDisplayIt" computerName="DESKTOP-SM838SH" duration="00:00:00.0279341" startTime="2026-07-12T13:29:22.3195797+03:00" endTime="2026-07-12T13:29:22.3195800+03:00" testType="13cdc9d9-ddb5-4fa4-a97d-d965ccfc6d4b" outcome="Passed" testListId="8c84fa94-04c1-424b-9868-57a2d4851a1d" relativeResultsDirectory="92c11ab7-0161-4665-8a57-e08ee4195747" />
    <UnitTestResult executionId="503956f4-e3aa-46b0-85a3-27293e8081f3" testId="6026f156-86fe-8e01-1087-c9527c37c6df" testName="LLMGameCreator.Tests.PackageEditorServiceTests.SaveAsync_PersistsManifestEditsThroughCurrentPackageService" computerName="DESKTOP-SM838SH" duration="00:00:00.1029953" startTime="2026-07-12T13:29:22.2874732+03:00" endTime="2026-07-12T13:29:22.2874734+03:00" testType="13cdc9d9-ddb5-4fa4-a97d-d965ccfc6d4b" outcome="Passed" testListId="8c84fa94-04c1-424b-9868-57a2d4851a1d" relativeResultsDirectory="503956f4-e3aa-46b0-85a3-27293e8081f3" />
    <UnitTestResult executionId="21f526dc-a000-495b-9341-62166a3c07a7" testId="f58649ba-b153-a02f-95dc-63d4860d75a0" testName="LLMGameCreator.Tests.PackageEditorServiceTests.RemoveTilePrototype_RejectsTileUsedByMapDefaultTile" computerName="DESKTOP-SM838SH" duration="00:00:00.0008875" startTime="2026-07-12T13:29:22.1814869+03:00" endTime="2026-07-12T13:29:22.1814870+03:00" testType="13cdc9d9-ddb5-4fa4-a97d-d965ccfc6d4b" outcome="Passed" testListId="8c84fa94-04c1-424b-9868-57a2d4851a1d" relativeResultsDirectory="21f526dc-a000-495b-9341-62166a3c07a7" />
    <UnitTestResult executionId="7c0e3b2f-4280-43e9-85e5-403e73d66f3b" testId="999e2519-85f7-5bbd-ce8f-2eec1700b174" testName="LLMGameCreator.Tests.PackageEditorServiceTests.RemoveEntityPrototype_RejectsPrototypeUsedByMapEntity" computerName="DESKTOP-SM838SH" duration="00:00:00.0017709" startTime="2026-07-12T13:29:22.1825295+03:00" endTime="2026-07-12T13:29:22.1825295+03:00" testType="13cdc9d9-ddb5-4fa4-a97d-d965ccfc6d4b" outcome="Passed" testListId="8c84fa94-04c1-424b-9868-57a2d4851a1d" relativeResultsDirectory="7c0e3b2f-4280-43e9-85e5-403e73d66f3b" />
    <UnitTestResult executionId="db438937-be77-41e1-b2e7-03931c0c2d35" testId="30bf57da-5ad7-aea2-572d-08d96466314e" testName="LLMGameCreator.Tests.PackageEditorServiceTests.AddMap_AddsValidMapAndRejectsDuplicateId" computerName="DESKTOP-SM838SH" duration="00:00:00.0010944" startTime="2026-07-12T13:29:22.2914078+03:00" endTime="2026-07-12T13:29:22.2914079+03:00" testType="13cdc9d9-ddb5-4fa4-a97d-d965ccfc6d4b" outcome="Passed" testListId="8c84fa94-04c1-424b-9868-57a2d4851a1d" relativeResultsDirectory="db438937-be77-41e1-b2e7-03931c0c2d35" />
  </Results>
  <TestDefinitions>
    <UnitTest name="LLMGameCreator.Tests.PackageEditorServiceTests.Validate_ReturnsExistingReportAndFormatterCanDisplayIt" storage="c:\users\endim\llmgamecreator\tests\llmgamecreator.tests\bin\debug\net8.0-windows\llmgamecreator.tests.dll" id="d22afe3c-f61b-bb59-7636-20db88d59e20">
      <Execution id="92c11ab7-0161-4665-8a57-e08ee4195747" />
      <TestMethod codeBase="C:\Users\endim\LLMGameCreator\tests\LLMGameCreator.Tests\bin\Debug\net8.0-windows\LLMGameCreator.Tests.dll" adapterTypeName="executor://xunit/VsTestRunner2/netcoreapp" className="LLMGameCreator.Tests.PackageEditorServiceTests" name="Validate_ReturnsExistingReportAndFormatterCanDisplayIt" />
    </UnitTest>
    <UnitTest name="LLMGameCreator.Tests.PackageEditorServiceTests.AddMap_AddsValidMapAndRejectsDuplicateId" storage="c:\users\endim\llmgamecreator\tests\llmgamecreator.tests\bin\debug\net8.0-windows\llmgamecreator.tests.dll" id="30bf57da-5ad7-aea2-572d-08d96466314e">
      <Execution id="db438937-be77-41e1-b2e7-03931c0c2d35" />
      <TestMethod codeBase="C:\Users\endim\LLMGameCreator\tests\LLMGameCreator.Tests\bin\Debug\net8.0-windows\LLMGameCreator.Tests.dll" adapterTypeName="executor://xunit/VsTestRunner2/netcoreapp" className="LLMGameCreator.Tests.PackageEditorServiceTests" name="AddMap_AddsValidMapAndRejectsDuplicateId" />
    </UnitTest>
    <UnitTest name="LLMGameCreator.Tests.PackageEditorServiceTests.AddTilePrototype_AddsValidTileAndRejectsDuplicateId" storage="c:\users\endim\llmgamecreator\tests\llmgamecreator.tests\bin\debug\net8.0-windows\llmgamecreator.tests.dll" id="a8cb3a6d-1116-578a-cd88-8565f0b27caa">
      <Execution id="1c2fac2a-d6d8-45b8-a6bb-8343c5b6d04d" />
      <TestMethod codeBase="C:\Users\endim\LLMGameCreator\tests\LLMGameCreator.Tests\bin\Debug\net8.0-windows\LLMGameCreator.Tests.dll" adapterTypeName="executor://xunit/VsTestRunner2/netcoreapp" className="LLMGameCreator.Tests.PackageEditorServiceTests" name="AddTilePrototype_AddsValidTileAndRejectsDuplicateId" />
    </UnitTest>
    <UnitTest name="LLMGameCreator.Tests.PackageEditorServiceTests.UpdateManifest_ChangesCurrentPackageManifest" storage="c:\users\endim\llmgamecreator\tests\llmgamecreator.tests\bin\debug\net8.0-windows\llmgamecreator.tests.dll" id="85be5c70-1ea8-b410-f16f-c48cca864cc0">
      <Execution id="2cc23815-d821-4e2b-92f2-dd9c3f555c70" />
      <TestMethod codeBase="C:\Users\endim\LLMGameCreator\tests\LLMGameCreator.Tests\bin\Debug\net8.0-windows\LLMGameCreator.Tests.dll" adapterTypeName="executor://xunit/VsTestRunner2/netcoreapp" className="LLMGameCreator.Tests.PackageEditorServiceTests" name="UpdateManifest_ChangesCurrentPackageManifest" />
    </UnitTest>
    <UnitTest name="LLMGameCreator.Tests.PackageEditorServiceTests.GetSnapshot_WithoutCurrentPackage_ReturnsEmptyState" storage="c:\users\endim\llmgamecreator\tests\llmgamecreator.tests\bin\debug\net8.0-windows\llmgamecreator.tests.dll" id="6fa90f5e-a689-2d99-00b3-83a03cbec0f3">
      <Execution id="ce316151-e05f-4154-9392-05d6110df925" />
      <TestMethod codeBase="C:\Users\endim\LLMGameCreator\tests\LLMGameCreator.Tests\bin\Debug\net8.0-windows\LLMGameCreator.Tests.dll" adapterTypeName="executor://xunit/VsTestRunner2/netcoreapp" className="LLMGameCreator.Tests.PackageEditorServiceTests" name="GetSnapshot_WithoutCurrentPackage_ReturnsEmptyState" />
    </UnitTest>
    <UnitTest name="LLMGameCreator.Tests.PackageEditorServiceTests.SaveAsync_PersistsManifestEditsThroughCurrentPackageService" storage="c:\users\endim\llmgamecreator\tests\llmgamecreator.tests\bin\debug\net8.0-windows\llmgamecreator.tests.dll" id="6026f156-86fe-8e01-1087-c9527c37c6df">
      <Execution id="503956f4-e3aa-46b0-85a3-27293e8081f3" />
      <TestMethod codeBase="C:\Users\endim\LLMGameCreator\tests\LLMGameCreator.Tests\bin\Debug\net8.0-windows\LLMGameCreator.Tests.dll" adapterTypeName="executor://xunit/VsTestRunner2/netcoreapp" className="LLMGameCreator.Tests.PackageEditorServiceTests" name="SaveAsync_PersistsManifestEditsThroughCurrentPackageService" />
    </UnitTest>
    <UnitTest name="LLMGameCreator.Tests.PackageEditorServiceTests.RemoveEntityPrototype_RejectsPrototypeUsedByMapEntity" storage="c:\users\endim\llmgamecreator\tests\llmgamecreator.tests\bin\debug\net8.0-windows\llmgamecreator.tests.dll" id="999e2519-85f7-5bbd-ce8f-2eec1700b174">
      <Execution id="7c0e3b2f-4280-43e9-85e5-403e73d66f3b" />
      <TestMethod codeBase="C:\Users\endim\LLMGameCreator\tests\LLMGameCreator.Tests\bin\Debug\net8.0-windows\LLMGameCreator.Tests.dll" adapterTypeName="executor://xunit/VsTestRunner2/netcoreapp" className="LLMGameCreator.Tests.PackageEditorServiceTests" name="RemoveEntityPrototype_RejectsPrototypeUsedByMapEntity" />
    </UnitTest>
    <UnitTest name="LLMGameCreator.Tests.PackageEditorServiceTests.RemoveTilePrototype_RejectsTileUsedByMapDefaultTile" storage="c:\users\endim\llmgamecreator\tests\llmgamecreator.tests\bin\debug\net8.0-windows\llmgamecreator.tests.dll" id="f58649ba-b153-a02f-95dc-63d4860d75a0">
      <Execution id="21f526dc-a000-495b-9341-62166a3c07a7" />
      <TestMethod codeBase="C:\Users\endim\LLMGameCreator\tests\LLMGameCreator.Tests\bin\Debug\net8.0-windows\LLMGameCreator.Tests.dll" adapterTypeName="executor://xunit/VsTestRunner2/netcoreapp" className="LLMGameCreator.Tests.PackageEditorServiceTests" name="RemoveTilePrototype_RejectsTileUsedByMapDefaultTile" />
    </UnitTest>
    <UnitTest name="LLMGameCreator.Tests.PackageEditorServiceTests.RemoveMap_RejectsCurrentStartMap" storage="c:\users\endim\llmgamecreator\tests\llmgamecreator.tests\bin\debug\net8.0-windows\llmgamecreator.tests.dll" id="69268710-1681-2437-f091-70a28fb1329a">
      <Execution id="b2a90e86-34d9-4362-afcf-e0e6f1258453" />
      <TestMethod codeBase="C:\Users\endim\LLMGameCreator\tests\LLMGameCreator.Tests\bin\Debug\net8.0-windows\LLMGameCreator.Tests.dll" adapterTypeName="executor://xunit/VsTestRunner2/netcoreapp" className="LLMGameCreator.Tests.PackageEditorServiceTests" name="RemoveMap_RejectsCurrentStartMap" />
    </UnitTest>
  </TestDefinitions>
  <TestEntries>
    <TestEntry testId="85be5c70-1ea8-b410-f16f-c48cca864cc0" executionId="2cc23815-d821-4e2b-92f2-dd9c3f555c70" testListId="8c84fa94-04c1-424b-9868-57a2d4851a1d" />
    <TestEntry testId="6fa90f5e-a689-2d99-00b3-83a03cbec0f3" executionId="ce316151-e05f-4154-9392-05d6110df925" testListId="8c84fa94-04c1-424b-9868-57a2d4851a1d" />
    <TestEntry testId="69268710-1681-2437-f091-70a28fb1329a" executionId="b2a90e86-34d9-4362-afcf-e0e6f1258453" testListId="8c84fa94-04c1-424b-9868-57a2d4851a1d" />
    <TestEntry testId="a8cb3a6d-1116-578a-cd88-8565f0b27caa" executionId="1c2fac2a-d6d8-45b8-a6bb-8343c5b6d04d" testListId="8c84fa94-04c1-424b-9868-57a2d4851a1d" />
    <TestEntry testId="d22afe3c-f61b-bb59-7636-20db88d59e20" executionId="92c11ab7-0161-4665-8a57-e08ee4195747" testListId="8c84fa94-04c1-424b-9868-57a2d4851a1d" />
    <TestEntry testId="6026f156-86fe-8e01-1087-c9527c37c6df" executionId="503956f4-e3aa-46b0-85a3-27293e8081f3" testListId="8c84fa94-04c1-424b-9868-57a2d4851a1d" />
    <TestEntry testId="f58649ba-b153-a02f-95dc-63d4860d75a0" executionId="21f526dc-a000-495b-9341-62166a3c07a7" testListId="8c84fa94-04c1-424b-9868-57a2d4851a1d" />
    <TestEntry testId="999e2519-85f7-5bbd-ce8f-2eec1700b174" executionId="7c0e3b2f-4280-43e9-85e5-403e73d66f3b" testListId="8c84fa94-04c1-424b-9868-57a2d4851a1d" />
    <TestEntry testId="30bf57da-5ad7-aea2-572d-08d96466314e" executionId="db438937-be77-41e1-b2e7-03931c0c2d35" testListId="8c84fa94-04c1-424b-9868-57a2d4851a1d" />
  </TestEntries>
  <TestLists>
    <TestList name="Results Not in a List" id="8c84fa94-04c1-424b-9868-57a2d4851a1d" />
    <TestList name="All Loaded Results" id="19431567-8539-422a-85d7-44ee4e166bda" />
  </TestLists>
  <ResultSummary outcome="Completed">
    <Counters total="9" executed="9" passed="9" failed="0" error="0" timeout="0" aborted="0" inconclusive="0" passedButRunAborted="0" notRunnable="0" notExecuted="0" disconnected="0" warning="0" completed="0" inProgress="0" pending="0" />
    <Output>
      <StdOut>[xUnit.net 00:00:00.00] xUnit.net VSTest Adapter v2.8.2+699d445a1a (64-bit .NET 8.0.26)&#xD;
[xUnit.net 00:00:00.14]   Discovering: LLMGameCreator.Tests&#xD;
[xUnit.net 00:00:00.33]   Discovered:  LLMGameCreator.Tests&#xD;
[xUnit.net 00:00:00.34]   Starting:    LLMGameCreator.Tests&#xD;
[xUnit.net 00:00:00.52]   Finished:    LLMGameCreator.Tests&#xD;
</StdOut>
    </Output>
  </ResultSummary>
</TestRun>