<?xml version="1.0" encoding="utf-8"?>
<TestRun id="71c56057-e819-442e-b4a5-eb3036396bfc" name="endim@DESKTOP-SM838SH 2026-07-12 13:57:33" runUser="DESKTOP-SM838SH\endim" xmlns="http://microsoft.com/schemas/VisualStudio/TeamTest/2010">
  <Times creation="2026-07-12T13:57:33.0584184+03:00" queuing="2026-07-12T13:57:33.0584187+03:00" start="2026-07-12T13:57:32.1447518+03:00" finish="2026-07-12T13:57:33.0639521+03:00" />
  <TestSettings name="default" id="a91bbd0f-3bc9-4495-b623-9539c8c92616">
    <Deployment runDeploymentRoot="endim_DESKTOP-SM838SH_2026-07-12_13_57_33" />
  </TestSettings>
  <Results>
    <UnitTestResult executionId="19307705-04f9-4c07-9a00-e1643b1db543" testId="ffdf9344-b684-b1ed-f70f-af2294287b1d" testName="LLMGameCreator.Tests.RuntimeNarrativeTests.DialogueQuestFactionFlowIsRuntimeOnlyAndSnapshotFriendly" computerName="DESKTOP-SM838SH" duration="00:00:00.1362438" startTime="2026-07-12T13:57:32.9737354+03:00" endTime="2026-07-12T13:57:32.9737525+03:00" testType="13cdc9d9-ddb5-4fa4-a97d-d965ccfc6d4b" outcome="Passed" testListId="8c84fa94-04c1-424b-9868-57a2d4851a1d" relativeResultsDirectory="19307705-04f9-4c07-9a00-e1643b1db543" />
  </Results>
  <TestDefinitions>
    <UnitTest name="LLMGameCreator.Tests.RuntimeNarrativeTests.DialogueQuestFactionFlowIsRuntimeOnlyAndSnapshotFriendly" storage="c:\users\endim\llmgamecreator\tests\llmgamecreator.tests\bin\debug\net8.0-windows\llmgamecreator.tests.dll" id="ffdf9344-b684-b1ed-f70f-af2294287b1d">
      <Execution id="19307705-04f9-4c07-9a00-e1643b1db543" />
      <TestMethod codeBase="C:\Users\endim\LLMGameCreator\tests\LLMGameCreator.Tests\bin\Debug\net8.0-windows\LLMGameCreator.Tests.dll" adapterTypeName="executor://xunit/VsTestRunner2/netcoreapp" className="LLMGameCreator.Tests.RuntimeNarrativeTests" name="DialogueQuestFactionFlowIsRuntimeOnlyAndSnapshotFriendly" />
    </UnitTest>
  </TestDefinitions>
  <TestEntries>
    <TestEntry testId="ffdf9344-b684-b1ed-f70f-af2294287b1d" executionId="19307705-04f9-4c07-9a00-e1643b1db543" testListId="8c84fa94-04c1-424b-9868-57a2d4851a1d" />
  </TestEntries>
  <TestLists>
    <TestList name="Results Not in a List" id="8c84fa94-04c1-424b-9868-57a2d4851a1d" />
    <TestList name="All Loaded Results" id="19431567-8539-422a-85d7-44ee4e166bda" />
  </TestLists>
  <ResultSummary outcome="Completed">
    <Counters total="1" executed="1" passed="1" failed="0" error="0" timeout="0" aborted="0" inconclusive="0" passedButRunAborted="0" notRunnable="0" notExecuted="0" disconnected="0" warning="0" completed="0" inProgress="0" pending="0" />
    <Output>
      <StdOut>[xUnit.net 00:00:00.00] xUnit.net VSTest Adapter v2.8.2+699d445a1a (64-bit .NET 8.0.26)&#xD;
[xUnit.net 00:00:00.14]   Discovering: LLMGameCreator.Tests&#xD;
[xUnit.net 00:00:00.32]   Discovered:  LLMGameCreator.Tests&#xD;
[xUnit.net 00:00:00.33]   Starting:    LLMGameCreator.Tests&#xD;
[xUnit.net 00:00:00.50]   Finished:    LLMGameCreator.Tests&#xD;
</StdOut>
    </Output>
  </ResultSummary>
</TestRun>