<?xml version="1.0" encoding="utf-8"?>
<TestRun id="ab719f62-808d-4e62-8ddc-3b703986cd7c" name="endim@DESKTOP-SM838SH 2026-07-12 13:11:16" runUser="DESKTOP-SM838SH\endim" xmlns="http://microsoft.com/schemas/VisualStudio/TeamTest/2010">
  <Times creation="2026-07-12T13:11:16.8722673+03:00" queuing="2026-07-12T13:11:16.8722677+03:00" start="2026-07-12T13:11:15.7022243+03:00" finish="2026-07-12T13:11:16.8790556+03:00" />
  <TestSettings name="default" id="0c5130c6-bab4-4925-b5bd-90737790c8b7">
    <Deployment runDeploymentRoot="endim_DESKTOP-SM838SH_2026-07-12_13_11_16" />
  </TestSettings>
  <Results>
    <UnitTestResult executionId="e5d0b8b1-81e1-4297-8d33-df12fa01a5e8" testId="2cc99491-8e7b-c5fe-a1ad-f371b57a22c5" testName="LLMGameCreator.Tests.Application.RuntimePreview.RuntimeOwnedGoalProgressTests.RuntimeOwnedGoalProgressInitializesAndAdvancesFromInteraction" computerName="DESKTOP-SM838SH" duration="00:00:00.0045473" startTime="2026-07-12T13:11:16.7886016+03:00" endTime="2026-07-12T13:11:16.7886018+03:00" testType="13cdc9d9-ddb5-4fa4-a97d-d965ccfc6d4b" outcome="Passed" testListId="8c84fa94-04c1-424b-9868-57a2d4851a1d" relativeResultsDirectory="e5d0b8b1-81e1-4297-8d33-df12fa01a5e8" />
    <UnitTestResult executionId="0704b407-9af5-4668-a4a7-71e956a6fe24" testId="87b448e5-603e-5878-2ef4-cc245c8efb23" testName="LLMGameCreator.Tests.Application.RuntimePreview.RuntimeOwnedGoalProgressTests.RuntimeOwnedGoalProgressDoesNotSilentlyUsePreviewFallback" computerName="DESKTOP-SM838SH" duration="00:00:00.3562610" startTime="2026-07-12T13:11:16.7658720+03:00" endTime="2026-07-12T13:11:16.7658886+03:00" testType="13cdc9d9-ddb5-4fa4-a97d-d965ccfc6d4b" outcome="Passed" testListId="8c84fa94-04c1-424b-9868-57a2d4851a1d" relativeResultsDirectory="0704b407-9af5-4668-a4a7-71e956a6fe24" />
    <UnitTestResult executionId="53457518-c00d-4ee3-80b1-db5b502454de" testId="6341179e-3dd7-eaa8-2ebb-298db7f7ab92" testName="LLMGameCreator.Tests.Application.RuntimePreview.RuntimeOwnedGoalProgressTests.RuntimeOwnedGoalProgressSurvivesRuntimeStateSerialization" computerName="DESKTOP-SM838SH" duration="00:00:00.0181942" startTime="2026-07-12T13:11:16.7840052+03:00" endTime="2026-07-12T13:11:16.7840054+03:00" testType="13cdc9d9-ddb5-4fa4-a97d-d965ccfc6d4b" outcome="Passed" testListId="8c84fa94-04c1-424b-9868-57a2d4851a1d" relativeResultsDirectory="53457518-c00d-4ee3-80b1-db5b502454de" />
  </Results>
  <TestDefinitions>
    <UnitTest name="LLMGameCreator.Tests.Application.RuntimePreview.RuntimeOwnedGoalProgressTests.RuntimeOwnedGoalProgressInitializesAndAdvancesFromInteraction" storage="c:\users\endim\llmgamecreator\tests\llmgamecreator.tests\bin\debug\net8.0-windows\llmgamecreator.tests.dll" id="2cc99491-8e7b-c5fe-a1ad-f371b57a22c5">
      <Execution id="e5d0b8b1-81e1-4297-8d33-df12fa01a5e8" />
      <TestMethod codeBase="C:\Users\endim\LLMGameCreator\tests\LLMGameCreator.Tests\bin\Debug\net8.0-windows\LLMGameCreator.Tests.dll" adapterTypeName="executor://xunit/VsTestRunner2/netcoreapp" className="LLMGameCreator.Tests.Application.RuntimePreview.RuntimeOwnedGoalProgressTests" name="RuntimeOwnedGoalProgressInitializesAndAdvancesFromInteraction" />
    </UnitTest>
    <UnitTest name="LLMGameCreator.Tests.Application.RuntimePreview.RuntimeOwnedGoalProgressTests.RuntimeOwnedGoalProgressDoesNotSilentlyUsePreviewFallback" storage="c:\users\endim\llmgamecreator\tests\llmgamecreator.tests\bin\debug\net8.0-windows\llmgamecreator.tests.dll" id="87b448e5-603e-5878-2ef4-cc245c8efb23">
      <Execution id="0704b407-9af5-4668-a4a7-71e956a6fe24" />
      <TestMethod codeBase="C:\Users\endim\LLMGameCreator\tests\LLMGameCreator.Tests\bin\Debug\net8.0-windows\LLMGameCreator.Tests.dll" adapterTypeName="executor://xunit/VsTestRunner2/netcoreapp" className="LLMGameCreator.Tests.Application.RuntimePreview.RuntimeOwnedGoalProgressTests" name="RuntimeOwnedGoalProgressDoesNotSilentlyUsePreviewFallback" />
    </UnitTest>
    <UnitTest name="LLMGameCreator.Tests.Application.RuntimePreview.RuntimeOwnedGoalProgressTests.RuntimeOwnedGoalProgressSurvivesRuntimeStateSerialization" storage="c:\users\endim\llmgamecreator\tests\llmgamecreator.tests\bin\debug\net8.0-windows\llmgamecreator.tests.dll" id="6341179e-3dd7-eaa8-2ebb-298db7f7ab92">
      <Execution id="53457518-c00d-4ee3-80b1-db5b502454de" />
      <TestMethod codeBase="C:\Users\endim\LLMGameCreator\tests\LLMGameCreator.Tests\bin\Debug\net8.0-windows\LLMGameCreator.Tests.dll" adapterTypeName="executor://xunit/VsTestRunner2/netcoreapp" className="LLMGameCreator.Tests.Application.RuntimePreview.RuntimeOwnedGoalProgressTests" name="RuntimeOwnedGoalProgressSurvivesRuntimeStateSerialization" />
    </UnitTest>
  </TestDefinitions>
  <TestEntries>
    <TestEntry testId="2cc99491-8e7b-c5fe-a1ad-f371b57a22c5" executionId="e5d0b8b1-81e1-4297-8d33-df12fa01a5e8" testListId="8c84fa94-04c1-424b-9868-57a2d4851a1d" />
    <TestEntry testId="87b448e5-603e-5878-2ef4-cc245c8efb23" executionId="0704b407-9af5-4668-a4a7-71e956a6fe24" testListId="8c84fa94-04c1-424b-9868-57a2d4851a1d" />
    <TestEntry testId="6341179e-3dd7-eaa8-2ebb-298db7f7ab92" executionId="53457518-c00d-4ee3-80b1-db5b502454de" testListId="8c84fa94-04c1-424b-9868-57a2d4851a1d" />
  </TestEntries>
  <TestLists>
    <TestList name="Results Not in a List" id="8c84fa94-04c1-424b-9868-57a2d4851a1d" />
    <TestList name="All Loaded Results" id="19431567-8539-422a-85d7-44ee4e166bda" />
  </TestLists>
  <ResultSummary outcome="Completed">
    <Counters total="3" executed="3" passed="3" failed="0" error="0" timeout="0" aborted="0" inconclusive="0" passedButRunAborted="0" notRunnable="0" notExecuted="0" disconnected="0" warning="0" completed="0" inProgress="0" pending="0" />
    <Output>
      <StdOut>[xUnit.net 00:00:00.00] xUnit.net VSTest Adapter v2.8.2+699d445a1a (64-bit .NET 8.0.26)&#xD;
[xUnit.net 00:00:00.15]   Discovering: LLMGameCreator.Tests&#xD;
[xUnit.net 00:00:00.34]   Discovered:  LLMGameCreator.Tests&#xD;
[xUnit.net 00:00:00.35]   Starting:    LLMGameCreator.Tests&#xD;
[xUnit.net 00:00:00.76]   Finished:    LLMGameCreator.Tests&#xD;
</StdOut>
    </Output>
  </ResultSummary>
</TestRun>