<?xml version="1.0" encoding="utf-8"?>
<TestRun id="5c59f8d8-26dd-44f1-ac1c-b51f8a55d158" name="endim@DESKTOP-SM838SH 2026-07-12 13:57:24" runUser="DESKTOP-SM838SH\endim" xmlns="http://microsoft.com/schemas/VisualStudio/TeamTest/2010">
  <Times creation="2026-07-12T13:57:24.2746428+03:00" queuing="2026-07-12T13:57:24.2746430+03:00" start="2026-07-12T13:57:23.3598400+03:00" finish="2026-07-12T13:57:24.2802589+03:00" />
  <TestSettings name="default" id="a6fa6547-bfb2-4f24-9086-4047bd421ccd">
    <Deployment runDeploymentRoot="endim_DESKTOP-SM838SH_2026-07-12_13_57_24" />
  </TestSettings>
  <Results>
    <UnitTestResult executionId="11c69c25-a576-42fd-b093-a4934f6f51bc" testId="4ee124fc-547f-1b79-81c9-ca36356f27be" testName="LLMGameCreator.Tests.RuntimeContainerTests.OpenTakeAndDepositPreserveStackMetadata" computerName="DESKTOP-SM838SH" duration="00:00:00.0036348" startTime="2026-07-12T13:57:24.1887197+03:00" endTime="2026-07-12T13:57:24.1887198+03:00" testType="13cdc9d9-ddb5-4fa4-a97d-d965ccfc6d4b" outcome="Passed" testListId="8c84fa94-04c1-424b-9868-57a2d4851a1d" relativeResultsDirectory="11c69c25-a576-42fd-b093-a4934f6f51bc" />
    <UnitTestResult executionId="8296dc29-983f-4ea5-965d-54c2b0a60c55" testId="64c8ce87-2cf9-85dd-15bc-c98d9cd164c4" testName="LLMGameCreator.Tests.RuntimeContainerTests.MissingTakeDoesNotMutate" computerName="DESKTOP-SM838SH" duration="00:00:00.0629748" startTime="2026-07-12T13:57:24.1854236+03:00" endTime="2026-07-12T13:57:24.1854404+03:00" testType="13cdc9d9-ddb5-4fa4-a97d-d965ccfc6d4b" outcome="Passed" testListId="8c84fa94-04c1-424b-9868-57a2d4851a1d" relativeResultsDirectory="8296dc29-983f-4ea5-965d-54c2b0a60c55" />
  </Results>
  <TestDefinitions>
    <UnitTest name="LLMGameCreator.Tests.RuntimeContainerTests.MissingTakeDoesNotMutate" storage="c:\users\endim\llmgamecreator\tests\llmgamecreator.tests\bin\debug\net8.0-windows\llmgamecreator.tests.dll" id="64c8ce87-2cf9-85dd-15bc-c98d9cd164c4">
      <Execution id="8296dc29-983f-4ea5-965d-54c2b0a60c55" />
      <TestMethod codeBase="C:\Users\endim\LLMGameCreator\tests\LLMGameCreator.Tests\bin\Debug\net8.0-windows\LLMGameCreator.Tests.dll" adapterTypeName="executor://xunit/VsTestRunner2/netcoreapp" className="LLMGameCreator.Tests.RuntimeContainerTests" name="MissingTakeDoesNotMutate" />
    </UnitTest>
    <UnitTest name="LLMGameCreator.Tests.RuntimeContainerTests.OpenTakeAndDepositPreserveStackMetadata" storage="c:\users\endim\llmgamecreator\tests\llmgamecreator.tests\bin\debug\net8.0-windows\llmgamecreator.tests.dll" id="4ee124fc-547f-1b79-81c9-ca36356f27be">
      <Execution id="11c69c25-a576-42fd-b093-a4934f6f51bc" />
      <TestMethod codeBase="C:\Users\endim\LLMGameCreator\tests\LLMGameCreator.Tests\bin\Debug\net8.0-windows\LLMGameCreator.Tests.dll" adapterTypeName="executor://xunit/VsTestRunner2/netcoreapp" className="LLMGameCreator.Tests.RuntimeContainerTests" name="OpenTakeAndDepositPreserveStackMetadata" />
    </UnitTest>
  </TestDefinitions>
  <TestEntries>
    <TestEntry testId="4ee124fc-547f-1b79-81c9-ca36356f27be" executionId="11c69c25-a576-42fd-b093-a4934f6f51bc" testListId="8c84fa94-04c1-424b-9868-57a2d4851a1d" />
    <TestEntry testId="64c8ce87-2cf9-85dd-15bc-c98d9cd164c4" executionId="8296dc29-983f-4ea5-965d-54c2b0a60c55" testListId="8c84fa94-04c1-424b-9868-57a2d4851a1d" />
  </TestEntries>
  <TestLists>
    <TestList name="Results Not in a List" id="8c84fa94-04c1-424b-9868-57a2d4851a1d" />
    <TestList name="All Loaded Results" id="19431567-8539-422a-85d7-44ee4e166bda" />
  </TestLists>
  <ResultSummary outcome="Completed">
    <Counters total="2" executed="2" passed="2" failed="0" error="0" timeout="0" aborted="0" inconclusive="0" passedButRunAborted="0" notRunnable="0" notExecuted="0" disconnected="0" warning="0" completed="0" inProgress="0" pending="0" />
    <Output>
      <StdOut>[xUnit.net 00:00:00.00] xUnit.net VSTest Adapter v2.8.2+699d445a1a (64-bit .NET 8.0.26)&#xD;
[xUnit.net 00:00:00.16]   Discovering: LLMGameCreator.Tests&#xD;
[xUnit.net 00:00:00.37]   Discovered:  LLMGameCreator.Tests&#xD;
[xUnit.net 00:00:00.38]   Starting:    LLMGameCreator.Tests&#xD;
[xUnit.net 00:00:00.48]   Finished:    LLMGameCreator.Tests&#xD;
</StdOut>
    </Output>
  </ResultSummary>
</TestRun>