<?xml version="1.0" encoding="utf-8"?>
<TestRun id="17d243d4-0b0b-4cdb-94b8-c216d3a073d6" name="endim@DESKTOP-SM838SH 2026-07-12 13:24:32" runUser="DESKTOP-SM838SH\endim" xmlns="http://microsoft.com/schemas/VisualStudio/TeamTest/2010">
  <Times creation="2026-07-12T13:24:32.3681748+03:00" queuing="2026-07-12T13:24:32.3681750+03:00" start="2026-07-12T13:24:31.5422563+03:00" finish="2026-07-12T13:24:32.3736732+03:00" />
  <TestSettings name="default" id="4288ec8f-7a92-41fa-9945-28e08dec87d9">
    <Deployment runDeploymentRoot="endim_DESKTOP-SM838SH_2026-07-12_13_24_32" />
  </TestSettings>
  <Results>
    <UnitTestResult executionId="55e3b249-2e41-4208-b444-ffca1de6e88a" testId="c6abc87a-074d-ba45-f2bb-2e9d0e31a933" testName="LLMGameCreator.Tests.Application.VisualAssetContractRatingMetadata.VisualAssetContractRatingMetadataValidatorTests.NegativeProofRejectsUnsafeFakeAndMissingCases" computerName="DESKTOP-SM838SH" duration="00:00:00.0294839" startTime="2026-07-12T13:24:32.2818433+03:00" endTime="2026-07-12T13:24:32.2818605+03:00" testType="13cdc9d9-ddb5-4fa4-a97d-d965ccfc6d4b" outcome="Passed" testListId="8c84fa94-04c1-424b-9868-57a2d4851a1d" relativeResultsDirectory="55e3b249-2e41-4208-b444-ffca1de6e88a" />
    <UnitTestResult executionId="d9451081-6565-4f23-ae92-9c42bb3c87b8" testId="c902967e-2de6-20a1-cbcc-fcef2b4f4b7b" testName="LLMGameCreator.Tests.Application.VisualAssetContractRatingMetadata.VisualAssetContractRatingMetadataValidatorTests.DefaultMetadataOnlyContractPassesRequiredFixtureCoverage" computerName="DESKTOP-SM838SH" duration="00:00:00.0029082" startTime="2026-07-12T13:24:32.2843382+03:00" endTime="2026-07-12T13:24:32.2843383+03:00" testType="13cdc9d9-ddb5-4fa4-a97d-d965ccfc6d4b" outcome="Passed" testListId="8c84fa94-04c1-424b-9868-57a2d4851a1d" relativeResultsDirectory="d9451081-6565-4f23-ae92-9c42bb3c87b8" />
  </Results>
  <TestDefinitions>
    <UnitTest name="LLMGameCreator.Tests.Application.VisualAssetContractRatingMetadata.VisualAssetContractRatingMetadataValidatorTests.NegativeProofRejectsUnsafeFakeAndMissingCases" storage="c:\users\endim\llmgamecreator\tests\llmgamecreator.tests\bin\debug\net8.0-windows\llmgamecreator.tests.dll" id="c6abc87a-074d-ba45-f2bb-2e9d0e31a933">
      <Execution id="55e3b249-2e41-4208-b444-ffca1de6e88a" />
      <TestMethod codeBase="C:\Users\endim\LLMGameCreator\tests\LLMGameCreator.Tests\bin\Debug\net8.0-windows\LLMGameCreator.Tests.dll" adapterTypeName="executor://xunit/VsTestRunner2/netcoreapp" className="LLMGameCreator.Tests.Application.VisualAssetContractRatingMetadata.VisualAssetContractRatingMetadataValidatorTests" name="NegativeProofRejectsUnsafeFakeAndMissingCases" />
    </UnitTest>
    <UnitTest name="LLMGameCreator.Tests.Application.VisualAssetContractRatingMetadata.VisualAssetContractRatingMetadataValidatorTests.DefaultMetadataOnlyContractPassesRequiredFixtureCoverage" storage="c:\users\endim\llmgamecreator\tests\llmgamecreator.tests\bin\debug\net8.0-windows\llmgamecreator.tests.dll" id="c902967e-2de6-20a1-cbcc-fcef2b4f4b7b">
      <Execution id="d9451081-6565-4f23-ae92-9c42bb3c87b8" />
      <TestMethod codeBase="C:\Users\endim\LLMGameCreator\tests\LLMGameCreator.Tests\bin\Debug\net8.0-windows\LLMGameCreator.Tests.dll" adapterTypeName="executor://xunit/VsTestRunner2/netcoreapp" className="LLMGameCreator.Tests.Application.VisualAssetContractRatingMetadata.VisualAssetContractRatingMetadataValidatorTests" name="DefaultMetadataOnlyContractPassesRequiredFixtureCoverage" />
    </UnitTest>
  </TestDefinitions>
  <TestEntries>
    <TestEntry testId="c6abc87a-074d-ba45-f2bb-2e9d0e31a933" executionId="55e3b249-2e41-4208-b444-ffca1de6e88a" testListId="8c84fa94-04c1-424b-9868-57a2d4851a1d" />
    <TestEntry testId="c902967e-2de6-20a1-cbcc-fcef2b4f4b7b" executionId="d9451081-6565-4f23-ae92-9c42bb3c87b8" testListId="8c84fa94-04c1-424b-9868-57a2d4851a1d" />
  </TestEntries>
  <TestLists>
    <TestList name="Results Not in a List" id="8c84fa94-04c1-424b-9868-57a2d4851a1d" />
    <TestList name="All Loaded Results" id="19431567-8539-422a-85d7-44ee4e166bda" />
  </TestLists>
  <ResultSummary outcome="Completed">
    <Counters total="2" executed="2" passed="2" failed="0" error="0" timeout="0" aborted="0" inconclusive="0" passedButRunAborted="0" notRunnable="0" notExecuted="0" disconnected="0" warning="0" completed="0" inProgress="0" pending="0" />
    <Output>
      <StdOut>[xUnit.net 00:00:00.00] xUnit.net VSTest Adapter v2.8.2+699d445a1a (64-bit .NET 8.0.26)&#xD;
[xUnit.net 00:00:00.14]   Discovering: LLMGameCreator.Tests&#xD;
[xUnit.net 00:00:00.34]   Discovered:  LLMGameCreator.Tests&#xD;
[xUnit.net 00:00:00.35]   Starting:    LLMGameCreator.Tests&#xD;
[xUnit.net 00:00:00.41]   Finished:    LLMGameCreator.Tests&#xD;
</StdOut>
    </Output>
  </ResultSummary>
</TestRun>