<?xml version="1.0" encoding="utf-8"?>
<TestRun id="a3af4afc-1746-42a6-8b89-fb4cee62fdab" name="endim@DESKTOP-SM838SH 2026-07-12 13:12:34" runUser="DESKTOP-SM838SH\endim" xmlns="http://microsoft.com/schemas/VisualStudio/TeamTest/2010">
  <Times creation="2026-07-12T13:12:34.2985690+03:00" queuing="2026-07-12T13:12:34.2985692+03:00" start="2026-07-12T13:12:33.4972404+03:00" finish="2026-07-12T13:12:34.3051265+03:00" />
  <TestSettings name="default" id="a3180e9e-9282-44c8-b7bc-d785e589253d">
    <Deployment runDeploymentRoot="endim_DESKTOP-SM838SH_2026-07-12_13_12_34" />
  </TestSettings>
  <Results>
    <UnitTestResult executionId="9364dd9d-ff00-4d1b-af1d-bca620f757f1" testId="a5ccc98b-a669-48fe-9992-acff2579c139" testName="LLMGameCreator.Tests.Application.UnifiedGameProjectWorkspace.GameProjectSupportFileMaterializerTests.Goal148A_support_file_plan_records_generic_script_requirements_and_hashes" computerName="DESKTOP-SM838SH" duration="00:00:00.0129126" startTime="2026-07-12T13:12:34.2182060+03:00" endTime="2026-07-12T13:12:34.2182062+03:00" testType="13cdc9d9-ddb5-4fa4-a97d-d965ccfc6d4b" outcome="Passed" testListId="8c84fa94-04c1-424b-9868-57a2d4851a1d" relativeResultsDirectory="9364dd9d-ff00-4d1b-af1d-bca620f757f1" />
    <UnitTestResult executionId="a7f67aed-af7a-4117-ace1-b6fc3b3c7c56" testId="ec4e460d-20c9-d461-fbed-359ad15c5220" testName="LLMGameCreator.Tests.Application.UnifiedGameProjectWorkspace.GameProjectSupportFileMaterializerTests.Goal148A_support_file_plan_allows_equivalent_shared_target_but_rejects_duplicate_script_ids" computerName="DESKTOP-SM838SH" duration="00:00:00.0177484" startTime="2026-07-12T13:12:34.2023446+03:00" endTime="2026-07-12T13:12:34.2023618+03:00" testType="13cdc9d9-ddb5-4fa4-a97d-d965ccfc6d4b" outcome="Passed" testListId="8c84fa94-04c1-424b-9868-57a2d4851a1d" relativeResultsDirectory="a7f67aed-af7a-4117-ace1-b6fc3b3c7c56" />
    <UnitTestResult executionId="5b7be2f3-b42d-4854-ac55-897bd0cbc748" testId="74f5339a-4bd4-a9c9-5ddd-ce689180adef" testName="LLMGameCreator.Tests.Application.UnifiedGameProjectWorkspace.GameProjectSupportFileMaterializerTests.Goal148A_support_file_plan_rejects_rooted_traversal_source_escape_target_escape_and_duplicate_conflict" computerName="DESKTOP-SM838SH" duration="00:00:00.0032546" startTime="2026-07-12T13:12:34.2052457+03:00" endTime="2026-07-12T13:12:34.2052458+03:00" testType="13cdc9d9-ddb5-4fa4-a97d-d965ccfc6d4b" outcome="Passed" testListId="8c84fa94-04c1-424b-9868-57a2d4851a1d" relativeResultsDirectory="5b7be2f3-b42d-4854-ac55-897bd0cbc748" />
  </Results>
  <TestDefinitions>
    <UnitTest name="LLMGameCreator.Tests.Application.UnifiedGameProjectWorkspace.GameProjectSupportFileMaterializerTests.Goal148A_support_file_plan_records_generic_script_requirements_and_hashes" storage="c:\users\endim\llmgamecreator\tests\llmgamecreator.tests\bin\debug\net8.0-windows\llmgamecreator.tests.dll" id="a5ccc98b-a669-48fe-9992-acff2579c139">
      <Execution id="9364dd9d-ff00-4d1b-af1d-bca620f757f1" />
      <TestMethod codeBase="C:\Users\endim\LLMGameCreator\tests\LLMGameCreator.Tests\bin\Debug\net8.0-windows\LLMGameCreator.Tests.dll" adapterTypeName="executor://xunit/VsTestRunner2/netcoreapp" className="LLMGameCreator.Tests.Application.UnifiedGameProjectWorkspace.GameProjectSupportFileMaterializerTests" name="Goal148A_support_file_plan_records_generic_script_requirements_and_hashes" />
    </UnitTest>
    <UnitTest name="LLMGameCreator.Tests.Application.UnifiedGameProjectWorkspace.GameProjectSupportFileMaterializerTests.Goal148A_support_file_plan_allows_equivalent_shared_target_but_rejects_duplicate_script_ids" storage="c:\users\endim\llmgamecreator\tests\llmgamecreator.tests\bin\debug\net8.0-windows\llmgamecreator.tests.dll" id="ec4e460d-20c9-d461-fbed-359ad15c5220">
      <Execution id="a7f67aed-af7a-4117-ace1-b6fc3b3c7c56" />
      <TestMethod codeBase="C:\Users\endim\LLMGameCreator\tests\LLMGameCreator.Tests\bin\Debug\net8.0-windows\LLMGameCreator.Tests.dll" adapterTypeName="executor://xunit/VsTestRunner2/netcoreapp" className="LLMGameCreator.Tests.Application.UnifiedGameProjectWorkspace.GameProjectSupportFileMaterializerTests" name="Goal148A_support_file_plan_allows_equivalent_shared_target_but_rejects_duplicate_script_ids" />
    </UnitTest>
    <UnitTest name="LLMGameCreator.Tests.Application.UnifiedGameProjectWorkspace.GameProjectSupportFileMaterializerTests.Goal148A_support_file_plan_rejects_rooted_traversal_source_escape_target_escape_and_duplicate_conflict" storage="c:\users\endim\llmgamecreator\tests\llmgamecreator.tests\bin\debug\net8.0-windows\llmgamecreator.tests.dll" id="74f5339a-4bd4-a9c9-5ddd-ce689180adef">
      <Execution id="5b7be2f3-b42d-4854-ac55-897bd0cbc748" />
      <TestMethod codeBase="C:\Users\endim\LLMGameCreator\tests\LLMGameCreator.Tests\bin\Debug\net8.0-windows\LLMGameCreator.Tests.dll" adapterTypeName="executor://xunit/VsTestRunner2/netcoreapp" className="LLMGameCreator.Tests.Application.UnifiedGameProjectWorkspace.GameProjectSupportFileMaterializerTests" name="Goal148A_support_file_plan_rejects_rooted_traversal_source_escape_target_escape_and_duplicate_conflict" />
    </UnitTest>
  </TestDefinitions>
  <TestEntries>
    <TestEntry testId="a5ccc98b-a669-48fe-9992-acff2579c139" executionId="9364dd9d-ff00-4d1b-af1d-bca620f757f1" testListId="8c84fa94-04c1-424b-9868-57a2d4851a1d" />
    <TestEntry testId="ec4e460d-20c9-d461-fbed-359ad15c5220" executionId="a7f67aed-af7a-4117-ace1-b6fc3b3c7c56" testListId="8c84fa94-04c1-424b-9868-57a2d4851a1d" />
    <TestEntry testId="74f5339a-4bd4-a9c9-5ddd-ce689180adef" executionId="5b7be2f3-b42d-4854-ac55-897bd0cbc748" testListId="8c84fa94-04c1-424b-9868-57a2d4851a1d" />
  </TestEntries>
  <TestLists>
    <TestList name="Results Not in a List" id="8c84fa94-04c1-424b-9868-57a2d4851a1d" />
    <TestList name="All Loaded Results" id="19431567-8539-422a-85d7-44ee4e166bda" />
  </TestLists>
  <ResultSummary outcome="Completed">
    <Counters total="3" executed="3" passed="3" failed="0" error="0" timeout="0" aborted="0" inconclusive="0" passedButRunAborted="0" notRunnable="0" notExecuted="0" disconnected="0" warning="0" completed="0" inProgress="0" pending="0" />
    <Output>
      <StdOut>[xUnit.net 00:00:00.00] xUnit.net VSTest Adapter v2.8.2+699d445a1a (64-bit .NET 8.0.26)&#xD;
[xUnit.net 00:00:00.14]   Discovering: LLMGameCreator.Tests&#xD;
[xUnit.net 00:00:00.32]   Discovered:  LLMGameCreator.Tests&#xD;
[xUnit.net 00:00:00.33]   Starting:    LLMGameCreator.Tests&#xD;
[xUnit.net 00:00:00.40]   Finished:    LLMGameCreator.Tests&#xD;
</StdOut>
    </Output>
  </ResultSummary>
</TestRun>