<?xml version="1.0" encoding="utf-8"?>
<TestRun id="4107b8fa-8697-45ab-8d1a-e8f1a20bb71b" name="endim@DESKTOP-SM838SH 2026-07-12 13:57:29" runUser="DESKTOP-SM838SH\endim" xmlns="http://microsoft.com/schemas/VisualStudio/TeamTest/2010">
  <Times creation="2026-07-12T13:57:29.5675634+03:00" queuing="2026-07-12T13:57:29.5675636+03:00" start="2026-07-12T13:57:28.6965095+03:00" finish="2026-07-12T13:57:29.5966736+03:00" />
  <TestSettings name="default" id="0abc99d1-7f30-4217-968e-9293268bf3c4">
    <Deployment runDeploymentRoot="endim_DESKTOP-SM838SH_2026-07-12_13_57_29" />
  </TestSettings>
  <Results>
    <UnitTestResult executionId="b53468e9-9fea-42ec-8089-f6cc91ee9b36" testId="d80eaafe-f46d-8bdd-b713-e23d4b1f4960" testName="LLMGameCreator.Tests.RuntimeGameplayTests.ResourceNodeTick_ProducesConvertsClampsAndIncrementsTick" computerName="DESKTOP-SM838SH" duration="00:00:00.0096017" startTime="2026-07-12T13:57:29.4420540+03:00" endTime="2026-07-12T13:57:29.4420543+03:00" testType="13cdc9d9-ddb5-4fa4-a97d-d965ccfc6d4b" outcome="Passed" testListId="8c84fa94-04c1-424b-9868-57a2d4851a1d" relativeResultsDirectory="b53468e9-9fea-42ec-8089-f6cc91ee9b36" />
    <UnitTestResult executionId="9d3889e3-f138-401a-b46b-23d80720a46a" testId="99fde7b9-15f1-9ccb-e665-2bc39c61f5bb" testName="LLMGameCreator.Tests.RuntimeGameplayTests.Transaction_ConsumesCostsAndAppliesOutputsAtomically" computerName="DESKTOP-SM838SH" duration="00:00:00.0017131" startTime="2026-07-12T13:57:29.4458143+03:00" endTime="2026-07-12T13:57:29.4458144+03:00" testType="13cdc9d9-ddb5-4fa4-a97d-d965ccfc6d4b" outcome="Passed" testListId="8c84fa94-04c1-424b-9868-57a2d4851a1d" relativeResultsDirectory="9d3889e3-f138-401a-b46b-23d80720a46a" />
    <UnitTestResult executionId="cd38fa22-f748-4f92-98fc-f12818ed27d6" testId="f36c973a-c4ef-7e09-bf00-849326434e7e" testName="LLMGameCreator.Tests.RuntimeGameplayTests.InitialState_LoadsInventoriesResourcesAndDefaultPlayerInventory" computerName="DESKTOP-SM838SH" duration="00:00:00.0043113" startTime="2026-07-12T13:57:29.4194143+03:00" endTime="2026-07-12T13:57:29.4194148+03:00" testType="13cdc9d9-ddb5-4fa4-a97d-d965ccfc6d4b" outcome="Passed" testListId="8c84fa94-04c1-424b-9868-57a2d4851a1d" relativeResultsDirectory="cd38fa22-f748-4f92-98fc-f12818ed27d6" />
    <UnitTestResult executionId="4ccb96b3-1f12-40b4-bbea-c7d5d85f665b" testId="762ea7b1-1d7a-a804-08ab-70403c8fed9a" testName="LLMGameCreator.Tests.RuntimeGameplayTests.CraftRecipe_ConsumesInputsCostsAndAddsOutputsOrFailsWithoutMutation" computerName="DESKTOP-SM838SH" duration="00:00:00.0004786" startTime="2026-07-12T13:57:29.5247397+03:00" endTime="2026-07-12T13:57:29.5247398+03:00" testType="13cdc9d9-ddb5-4fa4-a97d-d965ccfc6d4b" outcome="Passed" testListId="8c84fa94-04c1-424b-9868-57a2d4851a1d" relativeResultsDirectory="4ccb96b3-1f12-40b4-bbea-c7d5d85f665b" />
    <UnitTestResult executionId="33963ce0-4650-4fcf-b848-b2461f135a1d" testId="03fa310a-d99a-9833-d83a-3cd5aa508716" testName="LLMGameCreator.Tests.RuntimeGameplayTests.LootRoll_IsDeterministicAndRespectsUniqueGlobalCount" computerName="DESKTOP-SM838SH" duration="00:00:00.0029691" startTime="2026-07-12T13:57:29.5439922+03:00" endTime="2026-07-12T13:57:29.5439923+03:00" testType="13cdc9d9-ddb5-4fa4-a97d-d965ccfc6d4b" outcome="Passed" testListId="8c84fa94-04c1-424b-9868-57a2d4851a1d" relativeResultsDirectory="33963ce0-4650-4fcf-b848-b2461f135a1d" />
    <UnitTestResult executionId="7cb2d1e9-0122-4890-996f-61f9ef6d4614" testId="67117ab5-81e5-b651-41df-56b920163c47" testName="LLMGameCreator.Tests.RuntimeGameplayTests.Runtime_DoesNotMutateGamePackageDefinitions" computerName="DESKTOP-SM838SH" duration="00:00:00.0770429" startTime="2026-07-12T13:57:29.5242175+03:00" endTime="2026-07-12T13:57:29.5242177+03:00" testType="13cdc9d9-ddb5-4fa4-a97d-d965ccfc6d4b" outcome="Passed" testListId="8c84fa94-04c1-424b-9868-57a2d4851a1d" relativeResultsDirectory="7cb2d1e9-0122-4890-996f-61f9ef6d4614" />
    <UnitTestResult executionId="b152814b-22b9-4d32-873a-fdc46025ea2d" testId="f8b069a9-f06c-1237-ade0-a7a3bf5bfb87" testName="LLMGameCreator.Tests.RuntimeGameplayTests.RequirementEvaluator_PassesFailsAndUnknownKindFails" computerName="DESKTOP-SM838SH" duration="00:00:00.0019533" startTime="2026-07-12T13:57:29.4440595+03:00" endTime="2026-07-12T13:57:29.4440597+03:00" testType="13cdc9d9-ddb5-4fa4-a97d-d965ccfc6d4b" outcome="Passed" testListId="8c84fa94-04c1-424b-9868-57a2d4851a1d" relativeResultsDirectory="b152814b-22b9-4d32-873a-fdc46025ea2d" />
    <UnitTestResult executionId="69bf4465-ce81-4578-8589-8b6e219ff4a6" testId="71f5df03-bfa5-5a8c-183f-5daf2d24c7b2" testName="LLMGameCreator.Tests.RuntimeGameplayTests.InitialState_OlderMinimalPackageCanInitialize" computerName="DESKTOP-SM838SH" duration="00:00:00.0113779" startTime="2026-07-12T13:57:29.4154435+03:00" endTime="2026-07-12T13:57:29.4154595+03:00" testType="13cdc9d9-ddb5-4fa4-a97d-d965ccfc6d4b" outcome="Passed" testListId="8c84fa94-04c1-424b-9868-57a2d4851a1d" relativeResultsDirectory="69bf4465-ce81-4578-8589-8b6e219ff4a6" />
    <UnitTestResult executionId="91c4f152-c1e8-4303-86a2-be35716b53e8" testId="49189324-d41c-109b-840d-e81bf7604a81" testName="LLMGameCreator.Tests.RuntimeGameplayTests.Dispatcher_RoutesCommandsAndUnknownCommandFailsCleanly" computerName="DESKTOP-SM838SH" duration="00:00:00.0012718" startTime="2026-07-12T13:57:29.4471178+03:00" endTime="2026-07-12T13:57:29.4471179+03:00" testType="13cdc9d9-ddb5-4fa4-a97d-d965ccfc6d4b" outcome="Passed" testListId="8c84fa94-04c1-424b-9868-57a2d4851a1d" relativeResultsDirectory="91c4f152-c1e8-4303-86a2-be35716b53e8" />
    <UnitTestResult executionId="6d15aaec-7485-4b88-b71a-636108cecab0" testId="29cf3952-71e0-583b-1390-3941037eb95b" testName="LLMGameCreator.Tests.RuntimeGameplayTests.CostsAndOutputs_AreAppliedAndFailedCostsDoNotMutate" computerName="DESKTOP-SM838SH" duration="00:00:00.0129321" startTime="2026-07-12T13:57:29.4323922+03:00" endTime="2026-07-12T13:57:29.4323925+03:00" testType="13cdc9d9-ddb5-4fa4-a97d-d965ccfc6d4b" outcome="Passed" testListId="8c84fa94-04c1-424b-9868-57a2d4851a1d" relativeResultsDirectory="6d15aaec-7485-4b88-b71a-636108cecab0" />
  </Results>
  <TestDefinitions>
    <UnitTest name="LLMGameCreator.Tests.RuntimeGameplayTests.RequirementEvaluator_PassesFailsAndUnknownKindFails" storage="c:\users\endim\llmgamecreator\tests\llmgamecreator.tests\bin\debug\net8.0-windows\llmgamecreator.tests.dll" id="f8b069a9-f06c-1237-ade0-a7a3bf5bfb87">
      <Execution id="b152814b-22b9-4d32-873a-fdc46025ea2d" />
      <TestMethod codeBase="C:\Users\endim\LLMGameCreator\tests\LLMGameCreator.Tests\bin\Debug\net8.0-windows\LLMGameCreator.Tests.dll" adapterTypeName="executor://xunit/VsTestRunner2/netcoreapp" className="LLMGameCreator.Tests.RuntimeGameplayTests" name="RequirementEvaluator_PassesFailsAndUnknownKindFails" />
    </UnitTest>
    <UnitTest name="LLMGameCreator.Tests.RuntimeGameplayTests.CostsAndOutputs_AreAppliedAndFailedCostsDoNotMutate" storage="c:\users\endim\llmgamecreator\tests\llmgamecreator.tests\bin\debug\net8.0-windows\llmgamecreator.tests.dll" id="29cf3952-71e0-583b-1390-3941037eb95b">
      <Execution id="6d15aaec-7485-4b88-b71a-636108cecab0" />
      <TestMethod codeBase="C:\Users\endim\LLMGameCreator\tests\LLMGameCreator.Tests\bin\Debug\net8.0-windows\LLMGameCreator.Tests.dll" adapterTypeName="executor://xunit/VsTestRunner2/netcoreapp" className="LLMGameCreator.Tests.RuntimeGameplayTests" name="CostsAndOutputs_AreAppliedAndFailedCostsDoNotMutate" />
    </UnitTest>
    <UnitTest name="LLMGameCreator.Tests.RuntimeGameplayTests.LootRoll_IsDeterministicAndRespectsUniqueGlobalCount" storage="c:\users\endim\llmgamecreator\tests\llmgamecreator.tests\bin\debug\net8.0-windows\llmgamecreator.tests.dll" id="03fa310a-d99a-9833-d83a-3cd5aa508716">
      <Execution id="33963ce0-4650-4fcf-b848-b2461f135a1d" />
      <TestMethod codeBase="C:\Users\endim\LLMGameCreator\tests\LLMGameCreator.Tests\bin\Debug\net8.0-windows\LLMGameCreator.Tests.dll" adapterTypeName="executor://xunit/VsTestRunner2/netcoreapp" className="LLMGameCreator.Tests.RuntimeGameplayTests" name="LootRoll_IsDeterministicAndRespectsUniqueGlobalCount" />
    </UnitTest>
    <UnitTest name="LLMGameCreator.Tests.RuntimeGameplayTests.Runtime_DoesNotMutateGamePackageDefinitions" storage="c:\users\endim\llmgamecreator\tests\llmgamecreator.tests\bin\debug\net8.0-windows\llmgamecreator.tests.dll" id="67117ab5-81e5-b651-41df-56b920163c47">
      <Execution id="7cb2d1e9-0122-4890-996f-61f9ef6d4614" />
      <TestMethod codeBase="C:\Users\endim\LLMGameCreator\tests\LLMGameCreator.Tests\bin\Debug\net8.0-windows\LLMGameCreator.Tests.dll" adapterTypeName="executor://xunit/VsTestRunner2/netcoreapp" className="LLMGameCreator.Tests.RuntimeGameplayTests" name="Runtime_DoesNotMutateGamePackageDefinitions" />
    </UnitTest>
    <UnitTest name="LLMGameCreator.Tests.RuntimeGameplayTests.InitialState_LoadsInventoriesResourcesAndDefaultPlayerInventory" storage="c:\users\endim\llmgamecreator\tests\llmgamecreator.tests\bin\debug\net8.0-windows\llmgamecreator.tests.dll" id="f36c973a-c4ef-7e09-bf00-849326434e7e">
      <Execution id="cd38fa22-f748-4f92-98fc-f12818ed27d6" />
      <TestMethod codeBase="C:\Users\endim\LLMGameCreator\tests\LLMGameCreator.Tests\bin\Debug\net8.0-windows\LLMGameCreator.Tests.dll" adapterTypeName="executor://xunit/VsTestRunner2/netcoreapp" className="LLMGameCreator.Tests.RuntimeGameplayTests" name="InitialState_LoadsInventoriesResourcesAndDefaultPlayerInventory" />
    </UnitTest>
    <UnitTest name="LLMGameCreator.Tests.RuntimeGameplayTests.ResourceNodeTick_ProducesConvertsClampsAndIncrementsTick" storage="c:\users\endim\llmgamecreator\tests\llmgamecreator.tests\bin\debug\net8.0-windows\llmgamecreator.tests.dll" id="d80eaafe-f46d-8bdd-b713-e23d4b1f4960">
      <Execution id="b53468e9-9fea-42ec-8089-f6cc91ee9b36" />
      <TestMethod codeBase="C:\Users\endim\LLMGameCreator\tests\LLMGameCreator.Tests\bin\Debug\net8.0-windows\LLMGameCreator.Tests.dll" adapterTypeName="executor://xunit/VsTestRunner2/netcoreapp" className="LLMGameCreator.Tests.RuntimeGameplayTests" name="ResourceNodeTick_ProducesConvertsClampsAndIncrementsTick" />
    </UnitTest>
    <UnitTest name="LLMGameCreator.Tests.RuntimeGameplayTests.Dispatcher_RoutesCommandsAndUnknownCommandFailsCleanly" storage="c:\users\endim\llmgamecreator\tests\llmgamecreator.tests\bin\debug\net8.0-windows\llmgamecreator.tests.dll" id="49189324-d41c-109b-840d-e81bf7604a81">
      <Execution id="91c4f152-c1e8-4303-86a2-be35716b53e8" />
      <TestMethod codeBase="C:\Users\endim\LLMGameCreator\tests\LLMGameCreator.Tests\bin\Debug\net8.0-windows\LLMGameCreator.Tests.dll" adapterTypeName="executor://xunit/VsTestRunner2/netcoreapp" className="LLMGameCreator.Tests.RuntimeGameplayTests" name="Dispatcher_RoutesCommandsAndUnknownCommandFailsCleanly" />
    </UnitTest>
    <UnitTest name="LLMGameCreator.Tests.RuntimeGameplayTests.Transaction_ConsumesCostsAndAppliesOutputsAtomically" storage="c:\users\endim\llmgamecreator\tests\llmgamecreator.tests\bin\debug\net8.0-windows\llmgamecreator.tests.dll" id="99fde7b9-15f1-9ccb-e665-2bc39c61f5bb">
      <Execution id="9d3889e3-f138-401a-b46b-23d80720a46a" />
      <TestMethod codeBase="C:\Users\endim\LLMGameCreator\tests\LLMGameCreator.Tests\bin\Debug\net8.0-windows\LLMGameCreator.Tests.dll" adapterTypeName="executor://xunit/VsTestRunner2/netcoreapp" className="LLMGameCreator.Tests.RuntimeGameplayTests" name="Transaction_ConsumesCostsAndAppliesOutputsAtomically" />
    </UnitTest>
    <UnitTest name="LLMGameCreator.Tests.RuntimeGameplayTests.CraftRecipe_ConsumesInputsCostsAndAddsOutputsOrFailsWithoutMutation" storage="c:\users\endim\llmgamecreator\tests\llmgamecreator.tests\bin\debug\net8.0-windows\llmgamecreator.tests.dll" id="762ea7b1-1d7a-a804-08ab-70403c8fed9a">
      <Execution id="4ccb96b3-1f12-40b4-bbea-c7d5d85f665b" />
      <TestMethod codeBase="C:\Users\endim\LLMGameCreator\tests\LLMGameCreator.Tests\bin\Debug\net8.0-windows\LLMGameCreator.Tests.dll" adapterTypeName="executor://xunit/VsTestRunner2/netcoreapp" className="LLMGameCreator.Tests.RuntimeGameplayTests" name="CraftRecipe_ConsumesInputsCostsAndAddsOutputsOrFailsWithoutMutation" />
    </UnitTest>
    <UnitTest name="LLMGameCreator.Tests.RuntimeGameplayTests.InitialState_OlderMinimalPackageCanInitialize" storage="c:\users\endim\llmgamecreator\tests\llmgamecreator.tests\bin\debug\net8.0-windows\llmgamecreator.tests.dll" id="71f5df03-bfa5-5a8c-183f-5daf2d24c7b2">
      <Execution id="69bf4465-ce81-4578-8589-8b6e219ff4a6" />
      <TestMethod codeBase="C:\Users\endim\LLMGameCreator\tests\LLMGameCreator.Tests\bin\Debug\net8.0-windows\LLMGameCreator.Tests.dll" adapterTypeName="executor://xunit/VsTestRunner2/netcoreapp" className="LLMGameCreator.Tests.RuntimeGameplayTests" name="InitialState_OlderMinimalPackageCanInitialize" />
    </UnitTest>
  </TestDefinitions>
  <TestEntries>
    <TestEntry testId="d80eaafe-f46d-8bdd-b713-e23d4b1f4960" executionId="b53468e9-9fea-42ec-8089-f6cc91ee9b36" testListId="8c84fa94-04c1-424b-9868-57a2d4851a1d" />
    <TestEntry testId="99fde7b9-15f1-9ccb-e665-2bc39c61f5bb" executionId="9d3889e3-f138-401a-b46b-23d80720a46a" testListId="8c84fa94-04c1-424b-9868-57a2d4851a1d" />
    <TestEntry testId="f36c973a-c4ef-7e09-bf00-849326434e7e" executionId="cd38fa22-f748-4f92-98fc-f12818ed27d6" testListId="8c84fa94-04c1-424b-9868-57a2d4851a1d" />
    <TestEntry testId="762ea7b1-1d7a-a804-08ab-70403c8fed9a" executionId="4ccb96b3-1f12-40b4-bbea-c7d5d85f665b" testListId="8c84fa94-04c1-424b-9868-57a2d4851a1d" />
    <TestEntry testId="03fa310a-d99a-9833-d83a-3cd5aa508716" executionId="33963ce0-4650-4fcf-b848-b2461f135a1d" testListId="8c84fa94-04c1-424b-9868-57a2d4851a1d" />
    <TestEntry testId="67117ab5-81e5-b651-41df-56b920163c47" executionId="7cb2d1e9-0122-4890-996f-61f9ef6d4614" testListId="8c84fa94-04c1-424b-9868-57a2d4851a1d" />
    <TestEntry testId="f8b069a9-f06c-1237-ade0-a7a3bf5bfb87" executionId="b152814b-22b9-4d32-873a-fdc46025ea2d" testListId="8c84fa94-04c1-424b-9868-57a2d4851a1d" />
    <TestEntry testId="71f5df03-bfa5-5a8c-183f-5daf2d24c7b2" executionId="69bf4465-ce81-4578-8589-8b6e219ff4a6" testListId="8c84fa94-04c1-424b-9868-57a2d4851a1d" />
    <TestEntry testId="49189324-d41c-109b-840d-e81bf7604a81" executionId="91c4f152-c1e8-4303-86a2-be35716b53e8" testListId="8c84fa94-04c1-424b-9868-57a2d4851a1d" />
    <TestEntry testId="29cf3952-71e0-583b-1390-3941037eb95b" executionId="6d15aaec-7485-4b88-b71a-636108cecab0" testListId="8c84fa94-04c1-424b-9868-57a2d4851a1d" />
  </TestEntries>
  <TestLists>
    <TestList name="Results Not in a List" id="8c84fa94-04c1-424b-9868-57a2d4851a1d" />
    <TestList name="All Loaded Results" id="19431567-8539-422a-85d7-44ee4e166bda" />
  </TestLists>
  <ResultSummary outcome="Completed">
    <Counters total="10" executed="10" passed="10" failed="0" error="0" timeout="0" aborted="0" inconclusive="0" passedButRunAborted="0" notRunnable="0" notExecuted="0" disconnected="0" warning="0" completed="0" inProgress="0" pending="0" />
    <Output>
      <StdOut>[xUnit.net 00:00:00.00] xUnit.net VSTest Adapter v2.8.2+699d445a1a (64-bit .NET 8.0.26)&#xD;
[xUnit.net 00:00:00.15]   Discovering: LLMGameCreator.Tests&#xD;
[xUnit.net 00:00:00.33]   Discovered:  LLMGameCreator.Tests&#xD;
[xUnit.net 00:00:00.34]   Starting:    LLMGameCreator.Tests&#xD;
[xUnit.net 00:00:00.51]   Finished:    LLMGameCreator.Tests&#xD;
</StdOut>
    </Output>
  </ResultSummary>
</TestRun>