<?xml version="1.0" encoding="utf-8"?>
<TestRun id="e2d9b2de-6f54-441e-83ad-7c6f2a0d052c" name="endim@DESKTOP-SM838SH 2026-07-12 13:46:49" runUser="DESKTOP-SM838SH\endim" xmlns="http://microsoft.com/schemas/VisualStudio/TeamTest/2010">
  <Times creation="2026-07-12T13:46:49.6480766+03:00" queuing="2026-07-12T13:46:49.6480768+03:00" start="2026-07-12T13:46:48.4026100+03:00" finish="2026-07-12T13:46:49.6533207+03:00" />
  <TestSettings name="default" id="ea5196d0-0aab-4372-b617-9ea507f64db5">
    <Deployment runDeploymentRoot="endim_DESKTOP-SM838SH_2026-07-12_13_46_49" />
  </TestSettings>
  <Results>
    <UnitTestResult executionId="78c95473-ab00-478e-b023-2a642cc44897" testId="49a60ba6-96b2-bf05-853d-0cb770c7be3a" testName="LLMGameCreator.Tests.ProductSmoke.UnityArchiveRequestPipelineProductSmokeTests.UnityArchiveRequestPipelineProductSmoke" computerName="DESKTOP-SM838SH" duration="00:00:00.4347334" startTime="2026-07-12T13:46:49.5634659+03:00" endTime="2026-07-12T13:46:49.5634843+03:00" testType="13cdc9d9-ddb5-4fa4-a97d-d965ccfc6d4b" outcome="Passed" testListId="8c84fa94-04c1-424b-9868-57a2d4851a1d" relativeResultsDirectory="78c95473-ab00-478e-b023-2a642cc44897" />
  </Results>
  <TestDefinitions>
    <UnitTest name="LLMGameCreator.Tests.ProductSmoke.UnityArchiveRequestPipelineProductSmokeTests.UnityArchiveRequestPipelineProductSmoke" storage="c:\users\endim\llmgamecreator\tests\llmgamecreator.tests\bin\debug\net8.0-windows\llmgamecreator.tests.dll" id="49a60ba6-96b2-bf05-853d-0cb770c7be3a">
      <Execution id="78c95473-ab00-478e-b023-2a642cc44897" />
      <TestMethod codeBase="C:\Users\endim\LLMGameCreator\tests\LLMGameCreator.Tests\bin\Debug\net8.0-windows\LLMGameCreator.Tests.dll" adapterTypeName="executor://xunit/VsTestRunner2/netcoreapp" className="LLMGameCreator.Tests.ProductSmoke.UnityArchiveRequestPipelineProductSmokeTests" name="UnityArchiveRequestPipelineProductSmoke" />
    </UnitTest>
  </TestDefinitions>
  <TestEntries>
    <TestEntry testId="49a60ba6-96b2-bf05-853d-0cb770c7be3a" executionId="78c95473-ab00-478e-b023-2a642cc44897" testListId="8c84fa94-04c1-424b-9868-57a2d4851a1d" />
  </TestEntries>
  <TestLists>
    <TestList name="Results Not in a List" id="8c84fa94-04c1-424b-9868-57a2d4851a1d" />
    <TestList name="All Loaded Results" id="19431567-8539-422a-85d7-44ee4e166bda" />
  </TestLists>
  <ResultSummary outcome="Completed">
    <Counters total="1" executed="1" passed="1" failed="0" error="0" timeout="0" aborted="0" inconclusive="0" passedButRunAborted="0" notRunnable="0" notExecuted="0" disconnected="0" warning="0" completed="0" inProgress="0" pending="0" />
    <Output>
      <StdOut>[xUnit.net 00:00:00.00] xUnit.net VSTest Adapter v2.8.2+699d445a1a (64-bit .NET 8.0.26)&#xD;
[xUnit.net 00:00:00.14]   Discovering: LLMGameCreator.Tests&#xD;
[xUnit.net 00:00:00.36]   Discovered:  LLMGameCreator.Tests&#xD;
[xUnit.net 00:00:00.36]   Starting:    LLMGameCreator.Tests&#xD;
[xUnit.net 00:00:00.84]   Finished:    LLMGameCreator.Tests&#xD;
</StdOut>
    </Output>
  </ResultSummary>
</TestRun>