<?xml version="1.0" encoding="utf-8"?>
<TestRun id="8bf0bdc1-67c2-455f-98ac-350fdded7ff4" name="endim@DESKTOP-SM838SH 2026-07-12 13:27:11" runUser="DESKTOP-SM838SH\endim" xmlns="http://microsoft.com/schemas/VisualStudio/TeamTest/2010">
  <Times creation="2026-07-12T13:27:11.8461214+03:00" queuing="2026-07-12T13:27:11.8461217+03:00" start="2026-07-12T13:27:10.6501545+03:00" finish="2026-07-12T13:27:11.9104874+03:00" />
  <TestSettings name="default" id="f70e7806-9bd0-472c-b149-e094cc78e1e7">
    <Deployment runDeploymentRoot="endim_DESKTOP-SM838SH_2026-07-12_13_27_11" />
  </TestSettings>
  <Results>
    <UnitTestResult executionId="0fa7f5d7-bb43-4351-86b9-5b3e2f8506ac" testId="d2f26027-d1ab-5745-9058-b948acec7721" testName="LLMGameCreator.Tests.Design.GeneratorLibraryRegistryTests.GeneratorLibraryImporterReportsInvalidManifest" computerName="DESKTOP-SM838SH" duration="00:00:00.0220654" startTime="2026-07-12T13:27:11.8584035+03:00" endTime="2026-07-12T13:27:11.8584038+03:00" testType="13cdc9d9-ddb5-4fa4-a97d-d965ccfc6d4b" outcome="Passed" testListId="8c84fa94-04c1-424b-9868-57a2d4851a1d" relativeResultsDirectory="0fa7f5d7-bb43-4351-86b9-5b3e2f8506ac" />
    <UnitTestResult executionId="11eb1591-0b62-4a9c-8d49-8916685a9d66" testId="b293e140-72ef-dc4f-b4f9-5f54125b702f" testName="LLMGameCreator.Tests.Design.GeneratorLibraryRegistryTests.SecondImportRemovesStaleRegistrySnapshotRows" computerName="DESKTOP-SM838SH" duration="00:00:00.0420287" startTime="2026-07-12T13:27:11.7246260+03:00" endTime="2026-07-12T13:27:11.7246263+03:00" testType="13cdc9d9-ddb5-4fa4-a97d-d965ccfc6d4b" outcome="Passed" testListId="8c84fa94-04c1-424b-9868-57a2d4851a1d" relativeResultsDirectory="11eb1591-0b62-4a9c-8d49-8916685a9d66" />
    <UnitTestResult executionId="efa0805d-eabc-46ed-9109-08103097e869" testId="bf17d6e8-0ace-5820-ff22-62137d4d32eb" testName="LLMGameCreator.Tests.Design.GeneratorLibraryRegistryTests.RegistryCanQueryModulesByCapability" computerName="DESKTOP-SM838SH" duration="00:00:00.0630340" startTime="2026-07-12T13:27:11.6575498+03:00" endTime="2026-07-12T13:27:11.6575500+03:00" testType="13cdc9d9-ddb5-4fa4-a97d-d965ccfc6d4b" outcome="Passed" testListId="8c84fa94-04c1-424b-9868-57a2d4851a1d" relativeResultsDirectory="efa0805d-eabc-46ed-9109-08103097e869" />
    <UnitTestResult executionId="30761d82-e7c8-46af-b793-6242558d0784" testId="f8b66387-2ea1-e74e-bf4c-7d9df31c5d4b" testName="LLMGameCreator.Tests.Design.GeneratorLibraryRegistryTests.GeneratorLibraryImporterNormalizesManifestVariants" computerName="DESKTOP-SM838SH" duration="00:00:00.0266309" startTime="2026-07-12T13:27:11.5942483+03:00" endTime="2026-07-12T13:27:11.5942486+03:00" testType="13cdc9d9-ddb5-4fa4-a97d-d965ccfc6d4b" outcome="Passed" testListId="8c84fa94-04c1-424b-9868-57a2d4851a1d" relativeResultsDirectory="30761d82-e7c8-46af-b793-6242558d0784" />
    <UnitTestResult executionId="e6f56bb3-4c71-470f-bcc7-0dc449af1727" testId="de40b774-8d2f-f8fa-b0ff-fe7d1e14490d" testName="LLMGameCreator.Tests.Design.GeneratorLibraryRegistryTests.SqliteDesignDatabaseCreatesSchema" computerName="DESKTOP-SM838SH" duration="00:00:00.0469145" startTime="2026-07-12T13:27:11.4574476+03:00" endTime="2026-07-12T13:27:11.4574626+03:00" testType="13cdc9d9-ddb5-4fa4-a97d-d965ccfc6d4b" outcome="Passed" testListId="8c84fa94-04c1-424b-9868-57a2d4851a1d" relativeResultsDirectory="e6f56bb3-4c71-470f-bcc7-0dc449af1727" />
    <UnitTestResult executionId="c484db16-f9a1-4195-9c90-e17cd1c6b190" testId="bdf86af0-e684-6693-504c-7ade0905c353" testName="LLMGameCreator.Tests.Design.GeneratorLibraryRegistryTests.GeneratorLibraryImporterImportsBatch001To004Manifests" computerName="DESKTOP-SM838SH" duration="00:00:00.0309653" startTime="2026-07-12T13:27:11.8012564+03:00" endTime="2026-07-12T13:27:11.8012566+03:00" testType="13cdc9d9-ddb5-4fa4-a97d-d965ccfc6d4b" outcome="Passed" testListId="8c84fa94-04c1-424b-9868-57a2d4851a1d" relativeResultsDirectory="c484db16-f9a1-4195-9c90-e17cd1c6b190" />
    <UnitTestResult executionId="5f6847dc-1d77-4e4c-a7a3-56f6c5c6de11" testId="8c264617-bcc6-44db-0fb8-6940bb9b6cd4" testName="LLMGameCreator.Tests.Design.GeneratorLibraryRegistryTests.GeneratorLibraryImportIsIdempotent" computerName="DESKTOP-SM838SH" duration="00:00:00.0450665" startTime="2026-07-12T13:27:11.7700187+03:00" endTime="2026-07-12T13:27:11.7700189+03:00" testType="13cdc9d9-ddb5-4fa4-a97d-d965ccfc6d4b" outcome="Passed" testListId="8c84fa94-04c1-424b-9868-57a2d4851a1d" relativeResultsDirectory="5f6847dc-1d77-4e4c-a7a3-56f6c5c6de11" />
    <UnitTestResult executionId="b95ce91f-7c50-40c6-8a01-ff9fb3773bae" testId="dbae298e-1cae-73f5-c160-1ba2a71dd995" testName="LLMGameCreator.Tests.Design.GeneratorLibraryRegistryTests.RegistryStoresUnknownFieldsAsMetadata" computerName="DESKTOP-SM838SH" duration="00:00:00.0833560" startTime="2026-07-12T13:27:11.5424757+03:00" endTime="2026-07-12T13:27:11.5424760+03:00" testType="13cdc9d9-ddb5-4fa4-a97d-d965ccfc6d4b" outcome="Passed" testListId="8c84fa94-04c1-424b-9868-57a2d4851a1d" relativeResultsDirectory="b95ce91f-7c50-40c6-8a01-ff9fb3773bae" />
    <UnitTestResult executionId="afe02029-6740-4f3b-ac74-627af748aa48" testId="43c2d1c0-6df3-1f42-5d56-6952023103df" testName="LLMGameCreator.Tests.Design.GeneratorLibraryRegistryTests.ImporterDoesNotExecuteLua" computerName="DESKTOP-SM838SH" duration="00:00:00.0244115" startTime="2026-07-12T13:27:11.6822774+03:00" endTime="2026-07-12T13:27:11.6822776+03:00" testType="13cdc9d9-ddb5-4fa4-a97d-d965ccfc6d4b" outcome="Passed" testListId="8c84fa94-04c1-424b-9868-57a2d4851a1d" relativeResultsDirectory="afe02029-6740-4f3b-ac74-627af748aa48" />
    <UnitTestResult executionId="ffef160c-48c2-4fbe-87ab-9e02b6440904" testId="9946a015-832e-4179-5d05-430d7d9c7726" testName="LLMGameCreator.Tests.Design.GeneratorLibraryRegistryTests.CleanImportClearsOldImportIssues" computerName="DESKTOP-SM838SH" duration="00:00:00.0345239" startTime="2026-07-12T13:27:11.8360164+03:00" endTime="2026-07-12T13:27:11.8360167+03:00" testType="13cdc9d9-ddb5-4fa4-a97d-d965ccfc6d4b" outcome="Passed" testListId="8c84fa94-04c1-424b-9868-57a2d4851a1d" relativeResultsDirectory="ffef160c-48c2-4fbe-87ab-9e02b6440904" />
    <UnitTestResult executionId="56f8526a-9013-45ab-9ad0-2dfceeee21d8" testId="75e9f037-04ed-f91c-686c-7fc6e1c07d48" testName="LLMGameCreator.Tests.Design.GeneratorLibraryRegistryTests.GeneratorLibraryImporterIgnoresSchemaExampleManifest" computerName="DESKTOP-SM838SH" duration="00:00:00.0232208" startTime="2026-07-12T13:27:11.5672624+03:00" endTime="2026-07-12T13:27:11.5672627+03:00" testType="13cdc9d9-ddb5-4fa4-a97d-d965ccfc6d4b" outcome="Passed" testListId="8c84fa94-04c1-424b-9868-57a2d4851a1d" relativeResultsDirectory="56f8526a-9013-45ab-9ad0-2dfceeee21d8" />
  </Results>
  <TestDefinitions>
    <UnitTest name="LLMGameCreator.Tests.Design.GeneratorLibraryRegistryTests.RegistryStoresUnknownFieldsAsMetadata" storage="c:\users\endim\llmgamecreator\tests\llmgamecreator.tests\bin\debug\net8.0-windows\llmgamecreator.tests.dll" id="dbae298e-1cae-73f5-c160-1ba2a71dd995">
      <Execution id="b95ce91f-7c50-40c6-8a01-ff9fb3773bae" />
      <TestMethod codeBase="C:\Users\endim\LLMGameCreator\tests\LLMGameCreator.Tests\bin\Debug\net8.0-windows\LLMGameCreator.Tests.dll" adapterTypeName="executor://xunit/VsTestRunner2/netcoreapp" className="LLMGameCreator.Tests.Design.GeneratorLibraryRegistryTests" name="RegistryStoresUnknownFieldsAsMetadata" />
    </UnitTest>
    <UnitTest name="LLMGameCreator.Tests.Design.GeneratorLibraryRegistryTests.RegistryCanQueryModulesByCapability" storage="c:\users\endim\llmgamecreator\tests\llmgamecreator.tests\bin\debug\net8.0-windows\llmgamecreator.tests.dll" id="bf17d6e8-0ace-5820-ff22-62137d4d32eb">
      <Execution id="efa0805d-eabc-46ed-9109-08103097e869" />
      <TestMethod codeBase="C:\Users\endim\LLMGameCreator\tests\LLMGameCreator.Tests\bin\Debug\net8.0-windows\LLMGameCreator.Tests.dll" adapterTypeName="executor://xunit/VsTestRunner2/netcoreapp" className="LLMGameCreator.Tests.Design.GeneratorLibraryRegistryTests" name="RegistryCanQueryModulesByCapability" />
    </UnitTest>
    <UnitTest name="LLMGameCreator.Tests.Design.GeneratorLibraryRegistryTests.CleanImportClearsOldImportIssues" storage="c:\users\endim\llmgamecreator\tests\llmgamecreator.tests\bin\debug\net8.0-windows\llmgamecreator.tests.dll" id="9946a015-832e-4179-5d05-430d7d9c7726">
      <Execution id="ffef160c-48c2-4fbe-87ab-9e02b6440904" />
      <TestMethod codeBase="C:\Users\endim\LLMGameCreator\tests\LLMGameCreator.Tests\bin\Debug\net8.0-windows\LLMGameCreator.Tests.dll" adapterTypeName="executor://xunit/VsTestRunner2/netcoreapp" className="LLMGameCreator.Tests.Design.GeneratorLibraryRegistryTests" name="CleanImportClearsOldImportIssues" />
    </UnitTest>
    <UnitTest name="LLMGameCreator.Tests.Design.GeneratorLibraryRegistryTests.GeneratorLibraryImporterNormalizesManifestVariants" storage="c:\users\endim\llmgamecreator\tests\llmgamecreator.tests\bin\debug\net8.0-windows\llmgamecreator.tests.dll" id="f8b66387-2ea1-e74e-bf4c-7d9df31c5d4b">
      <Execution id="30761d82-e7c8-46af-b793-6242558d0784" />
      <TestMethod codeBase="C:\Users\endim\LLMGameCreator\tests\LLMGameCreator.Tests\bin\Debug\net8.0-windows\LLMGameCreator.Tests.dll" adapterTypeName="executor://xunit/VsTestRunner2/netcoreapp" className="LLMGameCreator.Tests.Design.GeneratorLibraryRegistryTests" name="GeneratorLibraryImporterNormalizesManifestVariants" />
    </UnitTest>
    <UnitTest name="LLMGameCreator.Tests.Design.GeneratorLibraryRegistryTests.SecondImportRemovesStaleRegistrySnapshotRows" storage="c:\users\endim\llmgamecreator\tests\llmgamecreator.tests\bin\debug\net8.0-windows\llmgamecreator.tests.dll" id="b293e140-72ef-dc4f-b4f9-5f54125b702f">
      <Execution id="11eb1591-0b62-4a9c-8d49-8916685a9d66" />
      <TestMethod codeBase="C:\Users\endim\LLMGameCreator\tests\LLMGameCreator.Tests\bin\Debug\net8.0-windows\LLMGameCreator.Tests.dll" adapterTypeName="executor://xunit/VsTestRunner2/netcoreapp" className="LLMGameCreator.Tests.Design.GeneratorLibraryRegistryTests" name="SecondImportRemovesStaleRegistrySnapshotRows" />
    </UnitTest>
    <UnitTest name="LLMGameCreator.Tests.Design.GeneratorLibraryRegistryTests.SqliteDesignDatabaseCreatesSchema" storage="c:\users\endim\llmgamecreator\tests\llmgamecreator.tests\bin\debug\net8.0-windows\llmgamecreator.tests.dll" id="de40b774-8d2f-f8fa-b0ff-fe7d1e14490d">
      <Execution id="e6f56bb3-4c71-470f-bcc7-0dc449af1727" />
      <TestMethod codeBase="C:\Users\endim\LLMGameCreator\tests\LLMGameCreator.Tests\bin\Debug\net8.0-windows\LLMGameCreator.Tests.dll" adapterTypeName="executor://xunit/VsTestRunner2/netcoreapp" className="LLMGameCreator.Tests.Design.GeneratorLibraryRegistryTests" name="SqliteDesignDatabaseCreatesSchema" />
    </UnitTest>
    <UnitTest name="LLMGameCreator.Tests.Design.GeneratorLibraryRegistryTests.GeneratorLibraryImporterReportsInvalidManifest" storage="c:\users\endim\llmgamecreator\tests\llmgamecreator.tests\bin\debug\net8.0-windows\llmgamecreator.tests.dll" id="d2f26027-d1ab-5745-9058-b948acec7721">
      <Execution id="0fa7f5d7-bb43-4351-86b9-5b3e2f8506ac" />
      <TestMethod codeBase="C:\Users\endim\LLMGameCreator\tests\LLMGameCreator.Tests\bin\Debug\net8.0-windows\LLMGameCreator.Tests.dll" adapterTypeName="executor://xunit/VsTestRunner2/netcoreapp" className="LLMGameCreator.Tests.Design.GeneratorLibraryRegistryTests" name="GeneratorLibraryImporterReportsInvalidManifest" />
    </UnitTest>
    <UnitTest name="LLMGameCreator.Tests.Design.GeneratorLibraryRegistryTests.GeneratorLibraryImporterImportsBatch001To004Manifests" storage="c:\users\endim\llmgamecreator\tests\llmgamecreator.tests\bin\debug\net8.0-windows\llmgamecreator.tests.dll" id="bdf86af0-e684-6693-504c-7ade0905c353">
      <Execution id="c484db16-f9a1-4195-9c90-e17cd1c6b190" />
      <TestMethod codeBase="C:\Users\endim\LLMGameCreator\tests\LLMGameCreator.Tests\bin\Debug\net8.0-windows\LLMGameCreator.Tests.dll" adapterTypeName="executor://xunit/VsTestRunner2/netcoreapp" className="LLMGameCreator.Tests.Design.GeneratorLibraryRegistryTests" name="GeneratorLibraryImporterImportsBatch001To004Manifests" />
    </UnitTest>
    <UnitTest name="LLMGameCreator.Tests.Design.GeneratorLibraryRegistryTests.GeneratorLibraryImportIsIdempotent" storage="c:\users\endim\llmgamecreator\tests\llmgamecreator.tests\bin\debug\net8.0-windows\llmgamecreator.tests.dll" id="8c264617-bcc6-44db-0fb8-6940bb9b6cd4">
      <Execution id="5f6847dc-1d77-4e4c-a7a3-56f6c5c6de11" />
      <TestMethod codeBase="C:\Users\endim\LLMGameCreator\tests\LLMGameCreator.Tests\bin\Debug\net8.0-windows\LLMGameCreator.Tests.dll" adapterTypeName="executor://xunit/VsTestRunner2/netcoreapp" className="LLMGameCreator.Tests.Design.GeneratorLibraryRegistryTests" name="GeneratorLibraryImportIsIdempotent" />
    </UnitTest>
    <UnitTest name="LLMGameCreator.Tests.Design.GeneratorLibraryRegistryTests.ImporterDoesNotExecuteLua" storage="c:\users\endim\llmgamecreator\tests\llmgamecreator.tests\bin\debug\net8.0-windows\llmgamecreator.tests.dll" id="43c2d1c0-6df3-1f42-5d56-6952023103df">
      <Execution id="afe02029-6740-4f3b-ac74-627af748aa48" />
      <TestMethod codeBase="C:\Users\endim\LLMGameCreator\tests\LLMGameCreator.Tests\bin\Debug\net8.0-windows\LLMGameCreator.Tests.dll" adapterTypeName="executor://xunit/VsTestRunner2/netcoreapp" className="LLMGameCreator.Tests.Design.GeneratorLibraryRegistryTests" name="ImporterDoesNotExecuteLua" />
    </UnitTest>
    <UnitTest name="LLMGameCreator.Tests.Design.GeneratorLibraryRegistryTests.GeneratorLibraryImporterIgnoresSchemaExampleManifest" storage="c:\users\endim\llmgamecreator\tests\llmgamecreator.tests\bin\debug\net8.0-windows\llmgamecreator.tests.dll" id="75e9f037-04ed-f91c-686c-7fc6e1c07d48">
      <Execution id="56f8526a-9013-45ab-9ad0-2dfceeee21d8" />
      <TestMethod codeBase="C:\Users\endim\LLMGameCreator\tests\LLMGameCreator.Tests\bin\Debug\net8.0-windows\LLMGameCreator.Tests.dll" adapterTypeName="executor://xunit/VsTestRunner2/netcoreapp" className="LLMGameCreator.Tests.Design.GeneratorLibraryRegistryTests" name="GeneratorLibraryImporterIgnoresSchemaExampleManifest" />
    </UnitTest>
  </TestDefinitions>
  <TestEntries>
    <TestEntry testId="d2f26027-d1ab-5745-9058-b948acec7721" executionId="0fa7f5d7-bb43-4351-86b9-5b3e2f8506ac" testListId="8c84fa94-04c1-424b-9868-57a2d4851a1d" />
    <TestEntry testId="b293e140-72ef-dc4f-b4f9-5f54125b702f" executionId="11eb1591-0b62-4a9c-8d49-8916685a9d66" testListId="8c84fa94-04c1-424b-9868-57a2d4851a1d" />
    <TestEntry testId="bf17d6e8-0ace-5820-ff22-62137d4d32eb" executionId="efa0805d-eabc-46ed-9109-08103097e869" testListId="8c84fa94-04c1-424b-9868-57a2d4851a1d" />
    <TestEntry testId="f8b66387-2ea1-e74e-bf4c-7d9df31c5d4b" executionId="30761d82-e7c8-46af-b793-6242558d0784" testListId="8c84fa94-04c1-424b-9868-57a2d4851a1d" />
    <TestEntry testId="de40b774-8d2f-f8fa-b0ff-fe7d1e14490d" executionId="e6f56bb3-4c71-470f-bcc7-0dc449af1727" testListId="8c84fa94-04c1-424b-9868-57a2d4851a1d" />
    <TestEntry testId="bdf86af0-e684-6693-504c-7ade0905c353" executionId="c484db16-f9a1-4195-9c90-e17cd1c6b190" testListId="8c84fa94-04c1-424b-9868-57a2d4851a1d" />
    <TestEntry testId="8c264617-bcc6-44db-0fb8-6940bb9b6cd4" executionId="5f6847dc-1d77-4e4c-a7a3-56f6c5c6de11" testListId="8c84fa94-04c1-424b-9868-57a2d4851a1d" />
    <TestEntry testId="dbae298e-1cae-73f5-c160-1ba2a71dd995" executionId="b95ce91f-7c50-40c6-8a01-ff9fb3773bae" testListId="8c84fa94-04c1-424b-9868-57a2d4851a1d" />
    <TestEntry testId="43c2d1c0-6df3-1f42-5d56-6952023103df" executionId="afe02029-6740-4f3b-ac74-627af748aa48" testListId="8c84fa94-04c1-424b-9868-57a2d4851a1d" />
    <TestEntry testId="9946a015-832e-4179-5d05-430d7d9c7726" executionId="ffef160c-48c2-4fbe-87ab-9e02b6440904" testListId="8c84fa94-04c1-424b-9868-57a2d4851a1d" />
    <TestEntry testId="75e9f037-04ed-f91c-686c-7fc6e1c07d48" executionId="56f8526a-9013-45ab-9ad0-2dfceeee21d8" testListId="8c84fa94-04c1-424b-9868-57a2d4851a1d" />
  </TestEntries>
  <TestLists>
    <TestList name="Results Not in a List" id="8c84fa94-04c1-424b-9868-57a2d4851a1d" />
    <TestList name="All Loaded Results" id="19431567-8539-422a-85d7-44ee4e166bda" />
  </TestLists>
  <ResultSummary outcome="Completed">
    <Counters total="11" executed="11" passed="11" failed="0" error="0" timeout="0" aborted="0" inconclusive="0" passedButRunAborted="0" notRunnable="0" notExecuted="0" disconnected="0" warning="0" completed="0" inProgress="0" pending="0" />
    <Output>
      <StdOut>[xUnit.net 00:00:00.00] xUnit.net VSTest Adapter v2.8.2+699d445a1a (64-bit .NET 8.0.26)&#xD;
[xUnit.net 00:00:00.16]   Discovering: LLMGameCreator.Tests&#xD;
[xUnit.net 00:00:00.35]   Discovered:  LLMGameCreator.Tests&#xD;
[xUnit.net 00:00:00.36]   Starting:    LLMGameCreator.Tests&#xD;
[xUnit.net 00:00:00.85]   Finished:    LLMGameCreator.Tests&#xD;
</StdOut>
    </Output>
  </ResultSummary>
</TestRun>