<?xml version="1.0" encoding="utf-8"?>
<TestRun id="5fb4f382-ffb8-4d1a-9a59-aa5ed95a6570" name="endim@DESKTOP-SM838SH 2026-07-12 13:46:32" runUser="DESKTOP-SM838SH\endim" xmlns="http://microsoft.com/schemas/VisualStudio/TeamTest/2010">
  <Times creation="2026-07-12T13:46:32.6622238+03:00" queuing="2026-07-12T13:46:32.6622241+03:00" start="2026-07-12T13:45:58.6521799+03:00" finish="2026-07-12T13:46:32.8800303+03:00" />
  <TestSettings name="default" id="2a8309ed-cc2c-4647-9073-45f75346c5a8">
    <Deployment runDeploymentRoot="endim_DESKTOP-SM838SH_2026-07-12_13_46_32" />
  </TestSettings>
  <Results>
    <UnitTestResult executionId="2d1e220d-f736-4a6f-bf04-b920d3124225" testId="37912bae-44ab-f0e9-5201-82c4b0ba5160" testName="LLMGameCreator.Tests.ProductSmoke.UnityAlphaMultiFamilyPlayableLoopProductSmokeTests.UnityAlphaMultiFamilyPlayableLoopProductSmoke" computerName="DESKTOP-SM838SH" duration="00:00:33.1780238" startTime="2026-07-12T13:46:32.5945700+03:00" endTime="2026-07-12T13:46:32.5946065+03:00" testType="13cdc9d9-ddb5-4fa4-a97d-d965ccfc6d4b" outcome="Failed" testListId="8c84fa94-04c1-424b-9868-57a2d4851a1d" relativeResultsDirectory="2d1e220d-f736-4a6f-bf04-b920d3124225">
      <Output>
        <ErrorInfo>
          <Message>Assert.Contains() Failure: Item not found in collection&#xD;
Collection: ["GREEN", "BLOCKED"]&#xD;
Not found:  "FAILED"</Message>
          <StackTrace>   at LLMGameCreator.Tests.ProductSmoke.UnityAlphaMultiFamilyPlayableLoopProductSmokeTests.UnityAlphaMultiFamilyPlayableLoopProductSmoke() in C:\Users\endim\LLMGameCreator\tests\LLMGameCreator.Tests\ProductSmoke\UnityAlphaMultiFamilyPlayableLoopProductSmokeTests.cs:line 67&#xD;
--- End of stack trace from previous location ---</StackTrace>
        </ErrorInfo>
      </Output>
    </UnitTestResult>
  </Results>
  <TestDefinitions>
    <UnitTest name="LLMGameCreator.Tests.ProductSmoke.UnityAlphaMultiFamilyPlayableLoopProductSmokeTests.UnityAlphaMultiFamilyPlayableLoopProductSmoke" storage="c:\users\endim\llmgamecreator\tests\llmgamecreator.tests\bin\debug\net8.0-windows\llmgamecreator.tests.dll" id="37912bae-44ab-f0e9-5201-82c4b0ba5160">
      <Execution id="2d1e220d-f736-4a6f-bf04-b920d3124225" />
      <TestMethod codeBase="C:\Users\endim\LLMGameCreator\tests\LLMGameCreator.Tests\bin\Debug\net8.0-windows\LLMGameCreator.Tests.dll" adapterTypeName="executor://xunit/VsTestRunner2/netcoreapp" className="LLMGameCreator.Tests.ProductSmoke.UnityAlphaMultiFamilyPlayableLoopProductSmokeTests" name="UnityAlphaMultiFamilyPlayableLoopProductSmoke" />
    </UnitTest>
  </TestDefinitions>
  <TestEntries>
    <TestEntry testId="37912bae-44ab-f0e9-5201-82c4b0ba5160" executionId="2d1e220d-f736-4a6f-bf04-b920d3124225" testListId="8c84fa94-04c1-424b-9868-57a2d4851a1d" />
  </TestEntries>
  <TestLists>
    <TestList name="Results Not in a List" id="8c84fa94-04c1-424b-9868-57a2d4851a1d" />
    <TestList name="All Loaded Results" id="19431567-8539-422a-85d7-44ee4e166bda" />
  </TestLists>
  <ResultSummary outcome="Failed">
    <Counters total="1" executed="1" passed="0" failed="1" error="0" timeout="0" aborted="0" inconclusive="0" passedButRunAborted="0" notRunnable="0" notExecuted="0" disconnected="0" warning="0" completed="0" inProgress="0" pending="0" />
    <Output>
      <StdOut>[xUnit.net 00:00:00.00] xUnit.net VSTest Adapter v2.8.2+699d445a1a (64-bit .NET 8.0.26)&#xD;
[xUnit.net 00:00:00.15]   Discovering: LLMGameCreator.Tests&#xD;
[xUnit.net 00:00:00.36]   Discovered:  LLMGameCreator.Tests&#xD;
[xUnit.net 00:00:00.37]   Starting:    LLMGameCreator.Tests&#xD;
[xUnit.net 00:00:33.59]       Assert.Contains() Failure: Item not found in collection&#xD;
[xUnit.net 00:00:33.59]       Collection: ["GREEN", "BLOCKED"]&#xD;
[xUnit.net 00:00:33.59]       Not found:  "FAILED"&#xD;
[xUnit.net 00:00:33.59]       Stack Trace:&#xD;
[xUnit.net 00:00:33.59]         C:\Users\endim\LLMGameCreator\tests\LLMGameCreator.Tests\ProductSmoke\UnityAlphaMultiFamilyPlayableLoopProductSmokeTests.cs(67,0): at LLMGameCreator.Tests.ProductSmoke.UnityAlphaMultiFamilyPlayableLoopProductSmokeTests.UnityAlphaMultiFamilyPlayableLoopProductSmoke()&#xD;
[xUnit.net 00:00:33.59]         --- End of stack trace from previous location ---&#xD;
[xUnit.net 00:00:33.60]   Finished:    LLMGameCreator.Tests&#xD;
</StdOut>
    </Output>
    <RunInfos>
      <RunInfo computerName="DESKTOP-SM838SH" outcome="Error" timestamp="2026-07-12T13:46:32.5925948+03:00">
        <Text>[xUnit.net 00:00:33.59]     LLMGameCreator.Tests.ProductSmoke.UnityAlphaMultiFamilyPlayableLoopProductSmokeTests.UnityAlphaMultiFamilyPlayableLoopProductSmoke [FAIL]</Text>
      </RunInfo>
    </RunInfos>
  </ResultSummary>
</TestRun>