<?xml version="1.0" encoding="utf-8"?>
<TestRun id="ea1d8e23-0414-4b9f-83d3-ff802508fe58" name="endim@DESKTOP-SM838SH 2026-07-12 13:58:14" runUser="DESKTOP-SM838SH\endim" xmlns="http://microsoft.com/schemas/VisualStudio/TeamTest/2010">
  <Times creation="2026-07-12T13:58:14.8368073+03:00" queuing="2026-07-12T13:58:14.8368075+03:00" start="2026-07-12T13:58:13.2356258+03:00" finish="2026-07-12T13:58:15.0350034+03:00" />
  <TestSettings name="default" id="92765f76-bbbf-401b-8ed3-6a06e67a101f">
    <Deployment runDeploymentRoot="endim_DESKTOP-SM838SH_2026-07-12_13_58_14" />
  </TestSettings>
  <Results>
    <UnitTestResult executionId="f65572c4-8fa3-45b6-ab63-335a72b5dba1" testId="3d8f92f8-f101-c582-4036-81de36c04600" testName="LLMGameCreator.Tests.WinForms.UnityArchiveReviewPresenterTests.RunManualImportMissingManifestReportsStatus" computerName="DESKTOP-SM838SH" duration="00:00:00.0211780" startTime="2026-07-12T13:58:14.8417092+03:00" endTime="2026-07-12T13:58:14.8417094+03:00" testType="13cdc9d9-ddb5-4fa4-a97d-d965ccfc6d4b" outcome="Passed" testListId="8c84fa94-04c1-424b-9868-57a2d4851a1d" relativeResultsDirectory="f65572c4-8fa3-45b6-ab63-335a72b5dba1" />
    <UnitTestResult executionId="60470fb1-fe58-4095-828c-5e703abe22fb" testId="cca032d1-80c4-eda4-5e50-aa75be537f1c" testName="LLMGameCreator.Tests.WinForms.UnityArchiveReviewPresenterTests.CompositionRootRegistersArchiveReviewPage" computerName="DESKTOP-SM838SH" duration="00:00:00.4473644" startTime="2026-07-12T13:58:14.7799925+03:00" endTime="2026-07-12T13:58:14.7799928+03:00" testType="13cdc9d9-ddb5-4fa4-a97d-d965ccfc6d4b" outcome="Passed" testListId="8c84fa94-04c1-424b-9868-57a2d4851a1d" relativeResultsDirectory="60470fb1-fe58-4095-828c-5e703abe22fb" />
    <UnitTestResult executionId="e0cace14-475d-416e-88c4-872bf282e91b" testId="28152b14-60e9-20e2-8543-f2faf6c64cdf" testName="LLMGameCreator.Tests.WinForms.UnityArchiveReviewPresenterTests.UnityArchiveReviewPresenterOpenManualImportFolderReturnsReadyStatus" computerName="DESKTOP-SM838SH" duration="00:00:00.0033510" startTime="2026-07-12T13:58:14.7881215+03:00" endTime="2026-07-12T13:58:14.7881220+03:00" testType="13cdc9d9-ddb5-4fa4-a97d-d965ccfc6d4b" outcome="Passed" testListId="8c84fa94-04c1-424b-9868-57a2d4851a1d" relativeResultsDirectory="e0cace14-475d-416e-88c4-872bf282e91b" />
    <UnitTestResult executionId="5ba9af0b-cc22-4bb3-894c-79e2e725080a" testId="5524383f-4446-c4a7-559b-87598b28be78" testName="LLMGameCreator.Tests.WinForms.UnityArchiveReviewPresenterTests.PresenterReportsMissingSlotMetadataWithoutThrowing" computerName="DESKTOP-SM838SH" duration="00:00:00.0028479" startTime="2026-07-12T13:58:14.8636255+03:00" endTime="2026-07-12T13:58:14.8636262+03:00" testType="13cdc9d9-ddb5-4fa4-a97d-d965ccfc6d4b" outcome="Passed" testListId="8c84fa94-04c1-424b-9868-57a2d4851a1d" relativeResultsDirectory="5ba9af0b-cc22-4bb3-894c-79e2e725080a" />
    <UnitTestResult executionId="5e25e480-3a07-4a2a-a090-ab8245a5726c" testId="486546d5-65f2-e8f2-5ae1-ca26d7a3129e" testName="LLMGameCreator.Tests.WinForms.UnityArchiveReviewPresenterTests.PresenterDisplaysManualImportReportsWhenPresent" computerName="DESKTOP-SM838SH" duration="00:00:00.0119034" startTime="2026-07-12T13:58:14.8759642+03:00" endTime="2026-07-12T13:58:14.8759647+03:00" testType="13cdc9d9-ddb5-4fa4-a97d-d965ccfc6d4b" outcome="Passed" testListId="8c84fa94-04c1-424b-9868-57a2d4851a1d" relativeResultsDirectory="5e25e480-3a07-4a2a-a090-ab8245a5726c" />
    <UnitTestResult executionId="c926fcad-3bd1-46ad-834b-67f8efb04af5" testId="8aa68b24-79bd-3b4f-fdbd-7899d9d0dc89" testName="LLMGameCreator.Tests.WinForms.UnityArchiveReviewPresenterTests.PresenterReportsMissingArchive" computerName="DESKTOP-SM838SH" duration="00:00:00.0009539" startTime="2026-07-12T13:58:14.3325532+03:00" endTime="2026-07-12T13:58:14.3325533+03:00" testType="13cdc9d9-ddb5-4fa4-a97d-d965ccfc6d4b" outcome="Passed" testListId="8c84fa94-04c1-424b-9868-57a2d4851a1d" relativeResultsDirectory="c926fcad-3bd1-46ad-834b-67f8efb04af5" />
    <UnitTestResult executionId="ef374264-e779-40af-ad7b-a4d252ae49c3" testId="7a60bf61-83ff-977f-988c-fc6de896d9b9" testName="LLMGameCreator.Tests.WinForms.UnityArchiveReviewPresenterTests.PresenterHandlesInvalidJsonWithoutThrowing" computerName="DESKTOP-SM838SH" duration="00:00:00.0109319" startTime="2026-07-12T13:58:14.8144947+03:00" endTime="2026-07-12T13:58:14.8144948+03:00" testType="13cdc9d9-ddb5-4fa4-a97d-d965ccfc6d4b" outcome="Passed" testListId="8c84fa94-04c1-424b-9868-57a2d4851a1d" relativeResultsDirectory="ef374264-e779-40af-ad7b-a4d252ae49c3" />
    <UnitTestResult executionId="d802a358-c54e-43e2-a685-a305d5b69739" testId="3a4e83dd-ba98-9f29-0402-5f0a44e64deb" testName="LLMGameCreator.Tests.WinForms.UnityArchiveReviewPresenterTests.PresenterListsManualImportSlotsFromArchiveMetadata" computerName="DESKTOP-SM838SH" duration="00:00:00.0112598" startTime="2026-07-12T13:58:14.8606700+03:00" endTime="2026-07-12T13:58:14.8606703+03:00" testType="13cdc9d9-ddb5-4fa4-a97d-d965ccfc6d4b" outcome="Passed" testListId="8c84fa94-04c1-424b-9868-57a2d4851a1d" relativeResultsDirectory="d802a358-c54e-43e2-a685-a305d5b69739" />
    <UnitTestResult executionId="e72bccc2-0bed-46aa-a78f-4a5a702ff51b" testId="bb4a9b5f-9820-3018-516c-fc945474305d" testName="LLMGameCreator.Tests.WinForms.UnityArchiveReviewPresenterTests.SelectedSnapshotDetailStillUpdatesAfterRefresh" computerName="DESKTOP-SM838SH" duration="00:00:00.1671582" startTime="2026-07-12T13:58:14.1577875+03:00" endTime="2026-07-12T13:58:14.1578127+03:00" testType="13cdc9d9-ddb5-4fa4-a97d-d965ccfc6d4b" outcome="Passed" testListId="8c84fa94-04c1-424b-9868-57a2d4851a1d" relativeResultsDirectory="e72bccc2-0bed-46aa-a78f-4a5a702ff51b" />
    <UnitTestResult executionId="9a3d570c-4f9e-4340-aa46-85707dd59187" testId="819d16ca-bbff-86a2-02f2-9609789d54d3" testName="LLMGameCreator.Tests.WinForms.UnityArchiveReviewPresenterTests.PresenterReadsExistingReviewHistoryAndComparisonReports" computerName="DESKTOP-SM838SH" duration="00:00:00.0070643" startTime="2026-07-12T13:58:14.8490566+03:00" endTime="2026-07-12T13:58:14.8490568+03:00" testType="13cdc9d9-ddb5-4fa4-a97d-d965ccfc6d4b" outcome="Passed" testListId="8c84fa94-04c1-424b-9868-57a2d4851a1d" relativeResultsDirectory="9a3d570c-4f9e-4340-aa46-85707dd59187" />
    <UnitTestResult executionId="1b19779c-bd84-44d4-974a-a7ed10fb4486" testId="15d84adf-f963-10cc-800b-7c78fcdf0e2b" testName="LLMGameCreator.Tests.WinForms.UnityArchiveReviewPresenterTests.PresenterReportsMissingSelectedHistorySnapshotWithoutThrowing" computerName="DESKTOP-SM838SH" duration="00:00:00.0067836" startTime="2026-07-12T13:58:14.8829894+03:00" endTime="2026-07-12T13:58:14.8829897+03:00" testType="13cdc9d9-ddb5-4fa4-a97d-d965ccfc6d4b" outcome="Passed" testListId="8c84fa94-04c1-424b-9868-57a2d4851a1d" relativeResultsDirectory="1b19779c-bd84-44d4-974a-a7ed10fb4486" />
    <UnitTestResult executionId="bf831453-bbd2-42bf-967f-0108366915cf" testId="54223ea3-1867-884c-3e2f-3ac683e70fd8" testName="LLMGameCreator.Tests.WinForms.UnityArchiveReviewPresenterTests.UserControlCanBeConstructedWithoutRuntimeServices" computerName="DESKTOP-SM838SH" duration="00:00:00.0046305" startTime="2026-07-12T13:58:14.7846723+03:00" endTime="2026-07-12T13:58:14.7846726+03:00" testType="13cdc9d9-ddb5-4fa4-a97d-d965ccfc6d4b" outcome="Passed" testListId="8c84fa94-04c1-424b-9868-57a2d4851a1d" relativeResultsDirectory="bf831453-bbd2-42bf-967f-0108366915cf" />
    <UnitTestResult executionId="29b2849e-3660-481d-8fb0-1678ac356eb1" testId="2774b9b2-3a75-f49e-51e0-d996d8537717" testName="LLMGameCreator.Tests.WinForms.UnityArchiveReviewPresenterTests.SlotFilterShowsMissingAvailableInvalid" computerName="DESKTOP-SM838SH" duration="00:00:00.0152295" startTime="2026-07-12T13:58:14.8201303+03:00" endTime="2026-07-12T13:58:14.8201305+03:00" testType="13cdc9d9-ddb5-4fa4-a97d-d965ccfc6d4b" outcome="Passed" testListId="8c84fa94-04c1-424b-9868-57a2d4851a1d" relativeResultsDirectory="29b2849e-3660-481d-8fb0-1678ac356eb1" />
    <UnitTestResult executionId="94d7ed09-b639-4d3b-9ab8-706772899a5a" testId="e807b145-7d1b-2f77-ec7f-7be978ada723" testName="LLMGameCreator.Tests.WinForms.UnityArchiveReviewPresenterTests.PresenterReportsIndividuallyMissingFiles" computerName="DESKTOP-SM838SH" duration="00:00:00.0131215" startTime="2026-07-12T13:58:14.3315547+03:00" endTime="2026-07-12T13:58:14.3315549+03:00" testType="13cdc9d9-ddb5-4fa4-a97d-d965ccfc6d4b" outcome="Passed" testListId="8c84fa94-04c1-424b-9868-57a2d4851a1d" relativeResultsDirectory="94d7ed09-b639-4d3b-9ab8-706772899a5a" />
    <UnitTestResult executionId="568312c5-174c-4b5b-8ffa-1a161cfbd4ea" testId="13dcc755-24e7-cfb1-4e04-0ad0060ec873" testName="LLMGameCreator.Tests.WinForms.UnityArchiveReviewPresenterTests.PresenterLoadsSelectedHistorySnapshotJson" computerName="DESKTOP-SM838SH" duration="00:00:00.0072413" startTime="2026-07-12T13:58:14.1659747+03:00" endTime="2026-07-12T13:58:14.1659749+03:00" testType="13cdc9d9-ddb5-4fa4-a97d-d965ccfc6d4b" outcome="Passed" testListId="8c84fa94-04c1-424b-9868-57a2d4851a1d" relativeResultsDirectory="568312c5-174c-4b5b-8ffa-1a161cfbd4ea" />
    <UnitTestResult executionId="d54175dd-f3c6-4662-8d7c-9eeb0abcbe10" testId="d1a2664f-ec80-204a-308c-6adc3fdd42ff" testName="LLMGameCreator.Tests.WinForms.UnityArchiveReviewPresenterTests.PresenterInitializesWithoutProject" computerName="DESKTOP-SM838SH" duration="00:00:00.0004003" startTime="2026-07-12T13:58:14.8834408+03:00" endTime="2026-07-12T13:58:14.8834409+03:00" testType="13cdc9d9-ddb5-4fa4-a97d-d965ccfc6d4b" outcome="Passed" testListId="8c84fa94-04c1-424b-9868-57a2d4851a1d" relativeResultsDirectory="d54175dd-f3c6-4662-8d7c-9eeb0abcbe10" />
    <UnitTestResult executionId="006c71c6-33c6-428f-bb96-e0be6aa4da71" testId="545813c9-4f44-1d3a-0c6e-63ea93a8a73a" testName="LLMGameCreator.Tests.WinForms.UnityArchiveReviewPresenterTests.RunManualImportUsesExistingServiceAndRefreshesReports" computerName="DESKTOP-SM838SH" duration="00:00:00.1518730" startTime="2026-07-12T13:58:14.3180425+03:00" endTime="2026-07-12T13:58:14.3180427+03:00" testType="13cdc9d9-ddb5-4fa4-a97d-d965ccfc6d4b" outcome="Passed" testListId="8c84fa94-04c1-424b-9868-57a2d4851a1d" relativeResultsDirectory="006c71c6-33c6-428f-bb96-e0be6aa4da71" />
    <UnitTestResult executionId="eb3159ae-fa75-479f-bad9-fa6c900c8516" testId="2ba13dc5-0733-0e1b-9b42-75b8886c0bb4" testName="LLMGameCreator.Tests.WinForms.UnityArchiveReviewPresenterTests.PageExposesManualImportControls" computerName="DESKTOP-SM838SH" duration="00:00:00.0050029" startTime="2026-07-12T13:58:14.7932003+03:00" endTime="2026-07-12T13:58:14.7932005+03:00" testType="13cdc9d9-ddb5-4fa4-a97d-d965ccfc6d4b" outcome="Passed" testListId="8c84fa94-04c1-424b-9868-57a2d4851a1d" relativeResultsDirectory="eb3159ae-fa75-479f-bad9-fa6c900c8516" />
  </Results>
  <TestDefinitions>
    <UnitTest name="LLMGameCreator.Tests.WinForms.UnityArchiveReviewPresenterTests.PresenterReportsMissingSlotMetadataWithoutThrowing" storage="c:\users\endim\llmgamecreator\tests\llmgamecreator.tests\bin\debug\net8.0-windows\llmgamecreator.tests.dll" id="5524383f-4446-c4a7-559b-87598b28be78">
      <Execution id="5ba9af0b-cc22-4bb3-894c-79e2e725080a" />
      <TestMethod codeBase="C:\Users\endim\LLMGameCreator\tests\LLMGameCreator.Tests\bin\Debug\net8.0-windows\LLMGameCreator.Tests.dll" adapterTypeName="executor://xunit/VsTestRunner2/netcoreapp" className="LLMGameCreator.Tests.WinForms.UnityArchiveReviewPresenterTests" name="PresenterReportsMissingSlotMetadataWithoutThrowing" />
    </UnitTest>
    <UnitTest name="LLMGameCreator.Tests.WinForms.UnityArchiveReviewPresenterTests.SlotFilterShowsMissingAvailableInvalid" storage="c:\users\endim\llmgamecreator\tests\llmgamecreator.tests\bin\debug\net8.0-windows\llmgamecreator.tests.dll" id="2774b9b2-3a75-f49e-51e0-d996d8537717">
      <Execution id="29b2849e-3660-481d-8fb0-1678ac356eb1" />
      <TestMethod codeBase="C:\Users\endim\LLMGameCreator\tests\LLMGameCreator.Tests\bin\Debug\net8.0-windows\LLMGameCreator.Tests.dll" adapterTypeName="executor://xunit/VsTestRunner2/netcoreapp" className="LLMGameCreator.Tests.WinForms.UnityArchiveReviewPresenterTests" name="SlotFilterShowsMissingAvailableInvalid" />
    </UnitTest>
    <UnitTest name="LLMGameCreator.Tests.WinForms.UnityArchiveReviewPresenterTests.CompositionRootRegistersArchiveReviewPage" storage="c:\users\endim\llmgamecreator\tests\llmgamecreator.tests\bin\debug\net8.0-windows\llmgamecreator.tests.dll" id="cca032d1-80c4-eda4-5e50-aa75be537f1c">
      <Execution id="60470fb1-fe58-4095-828c-5e703abe22fb" />
      <TestMethod codeBase="C:\Users\endim\LLMGameCreator\tests\LLMGameCreator.Tests\bin\Debug\net8.0-windows\LLMGameCreator.Tests.dll" adapterTypeName="executor://xunit/VsTestRunner2/netcoreapp" className="LLMGameCreator.Tests.WinForms.UnityArchiveReviewPresenterTests" name="CompositionRootRegistersArchiveReviewPage" />
    </UnitTest>
    <UnitTest name="LLMGameCreator.Tests.WinForms.UnityArchiveReviewPresenterTests.UserControlCanBeConstructedWithoutRuntimeServices" storage="c:\users\endim\llmgamecreator\tests\llmgamecreator.tests\bin\debug\net8.0-windows\llmgamecreator.tests.dll" id="54223ea3-1867-884c-3e2f-3ac683e70fd8">
      <Execution id="bf831453-bbd2-42bf-967f-0108366915cf" />
      <TestMethod codeBase="C:\Users\endim\LLMGameCreator\tests\LLMGameCreator.Tests\bin\Debug\net8.0-windows\LLMGameCreator.Tests.dll" adapterTypeName="executor://xunit/VsTestRunner2/netcoreapp" className="LLMGameCreator.Tests.WinForms.UnityArchiveReviewPresenterTests" name="UserControlCanBeConstructedWithoutRuntimeServices" />
    </UnitTest>
    <UnitTest name="LLMGameCreator.Tests.WinForms.UnityArchiveReviewPresenterTests.PresenterHandlesInvalidJsonWithoutThrowing" storage="c:\users\endim\llmgamecreator\tests\llmgamecreator.tests\bin\debug\net8.0-windows\llmgamecreator.tests.dll" id="7a60bf61-83ff-977f-988c-fc6de896d9b9">
      <Execution id="ef374264-e779-40af-ad7b-a4d252ae49c3" />
      <TestMethod codeBase="C:\Users\endim\LLMGameCreator\tests\LLMGameCreator.Tests\bin\Debug\net8.0-windows\LLMGameCreator.Tests.dll" adapterTypeName="executor://xunit/VsTestRunner2/netcoreapp" className="LLMGameCreator.Tests.WinForms.UnityArchiveReviewPresenterTests" name="PresenterHandlesInvalidJsonWithoutThrowing" />
    </UnitTest>
    <UnitTest name="LLMGameCreator.Tests.WinForms.UnityArchiveReviewPresenterTests.PresenterReportsMissingArchive" storage="c:\users\endim\llmgamecreator\tests\llmgamecreator.tests\bin\debug\net8.0-windows\llmgamecreator.tests.dll" id="8aa68b24-79bd-3b4f-fdbd-7899d9d0dc89">
      <Execution id="c926fcad-3bd1-46ad-834b-67f8efb04af5" />
      <TestMethod codeBase="C:\Users\endim\LLMGameCreator\tests\LLMGameCreator.Tests\bin\Debug\net8.0-windows\LLMGameCreator.Tests.dll" adapterTypeName="executor://xunit/VsTestRunner2/netcoreapp" className="LLMGameCreator.Tests.WinForms.UnityArchiveReviewPresenterTests" name="PresenterReportsMissingArchive" />
    </UnitTest>
    <UnitTest name="LLMGameCreator.Tests.WinForms.UnityArchiveReviewPresenterTests.PresenterDisplaysManualImportReportsWhenPresent" storage="c:\users\endim\llmgamecreator\tests\llmgamecreator.tests\bin\debug\net8.0-windows\llmgamecreator.tests.dll" id="486546d5-65f2-e8f2-5ae1-ca26d7a3129e">
      <Execution id="5e25e480-3a07-4a2a-a090-ab8245a5726c" />
      <TestMethod codeBase="C:\Users\endim\LLMGameCreator\tests\LLMGameCreator.Tests\bin\Debug\net8.0-windows\LLMGameCreator.Tests.dll" adapterTypeName="executor://xunit/VsTestRunner2/netcoreapp" className="LLMGameCreator.Tests.WinForms.UnityArchiveReviewPresenterTests" name="PresenterDisplaysManualImportReportsWhenPresent" />
    </UnitTest>
    <UnitTest name="LLMGameCreator.Tests.WinForms.UnityArchiveReviewPresenterTests.UnityArchiveReviewPresenterOpenManualImportFolderReturnsReadyStatus" storage="c:\users\endim\llmgamecreator\tests\llmgamecreator.tests\bin\debug\net8.0-windows\llmgamecreator.tests.dll" id="28152b14-60e9-20e2-8543-f2faf6c64cdf">
      <Execution id="e0cace14-475d-416e-88c4-872bf282e91b" />
      <TestMethod codeBase="C:\Users\endim\LLMGameCreator\tests\LLMGameCreator.Tests\bin\Debug\net8.0-windows\LLMGameCreator.Tests.dll" adapterTypeName="executor://xunit/VsTestRunner2/netcoreapp" className="LLMGameCreator.Tests.WinForms.UnityArchiveReviewPresenterTests" name="UnityArchiveReviewPresenterOpenManualImportFolderReturnsReadyStatus" />
    </UnitTest>
    <UnitTest name="LLMGameCreator.Tests.WinForms.UnityArchiveReviewPresenterTests.PageExposesManualImportControls" storage="c:\users\endim\llmgamecreator\tests\llmgamecreator.tests\bin\debug\net8.0-windows\llmgamecreator.tests.dll" id="2ba13dc5-0733-0e1b-9b42-75b8886c0bb4">
      <Execution id="eb3159ae-fa75-479f-bad9-fa6c900c8516" />
      <TestMethod codeBase="C:\Users\endim\LLMGameCreator\tests\LLMGameCreator.Tests\bin\Debug\net8.0-windows\LLMGameCreator.Tests.dll" adapterTypeName="executor://xunit/VsTestRunner2/netcoreapp" className="LLMGameCreator.Tests.WinForms.UnityArchiveReviewPresenterTests" name="PageExposesManualImportControls" />
    </UnitTest>
    <UnitTest name="LLMGameCreator.Tests.WinForms.UnityArchiveReviewPresenterTests.RunManualImportMissingManifestReportsStatus" storage="c:\users\endim\llmgamecreator\tests\llmgamecreator.tests\bin\debug\net8.0-windows\llmgamecreator.tests.dll" id="3d8f92f8-f101-c582-4036-81de36c04600">
      <Execution id="f65572c4-8fa3-45b6-ab63-335a72b5dba1" />
      <TestMethod codeBase="C:\Users\endim\LLMGameCreator\tests\LLMGameCreator.Tests\bin\Debug\net8.0-windows\LLMGameCreator.Tests.dll" adapterTypeName="executor://xunit/VsTestRunner2/netcoreapp" className="LLMGameCreator.Tests.WinForms.UnityArchiveReviewPresenterTests" name="RunManualImportMissingManifestReportsStatus" />
    </UnitTest>
    <UnitTest name="LLMGameCreator.Tests.WinForms.UnityArchiveReviewPresenterTests.PresenterInitializesWithoutProject" storage="c:\users\endim\llmgamecreator\tests\llmgamecreator.tests\bin\debug\net8.0-windows\llmgamecreator.tests.dll" id="d1a2664f-ec80-204a-308c-6adc3fdd42ff">
      <Execution id="d54175dd-f3c6-4662-8d7c-9eeb0abcbe10" />
      <TestMethod codeBase="C:\Users\endim\LLMGameCreator\tests\LLMGameCreator.Tests\bin\Debug\net8.0-windows\LLMGameCreator.Tests.dll" adapterTypeName="executor://xunit/VsTestRunner2/netcoreapp" className="LLMGameCreator.Tests.WinForms.UnityArchiveReviewPresenterTests" name="PresenterInitializesWithoutProject" />
    </UnitTest>
    <UnitTest name="LLMGameCreator.Tests.WinForms.UnityArchiveReviewPresenterTests.PresenterLoadsSelectedHistorySnapshotJson" storage="c:\users\endim\llmgamecreator\tests\llmgamecreator.tests\bin\debug\net8.0-windows\llmgamecreator.tests.dll" id="13dcc755-24e7-cfb1-4e04-0ad0060ec873">
      <Execution id="568312c5-174c-4b5b-8ffa-1a161cfbd4ea" />
      <TestMethod codeBase="C:\Users\endim\LLMGameCreator\tests\LLMGameCreator.Tests\bin\Debug\net8.0-windows\LLMGameCreator.Tests.dll" adapterTypeName="executor://xunit/VsTestRunner2/netcoreapp" className="LLMGameCreator.Tests.WinForms.UnityArchiveReviewPresenterTests" name="PresenterLoadsSelectedHistorySnapshotJson" />
    </UnitTest>
    <UnitTest name="LLMGameCreator.Tests.WinForms.UnityArchiveReviewPresenterTests.RunManualImportUsesExistingServiceAndRefreshesReports" storage="c:\users\endim\llmgamecreator\tests\llmgamecreator.tests\bin\debug\net8.0-windows\llmgamecreator.tests.dll" id="545813c9-4f44-1d3a-0c6e-63ea93a8a73a">
      <Execution id="006c71c6-33c6-428f-bb96-e0be6aa4da71" />
      <TestMethod codeBase="C:\Users\endim\LLMGameCreator\tests\LLMGameCreator.Tests\bin\Debug\net8.0-windows\LLMGameCreator.Tests.dll" adapterTypeName="executor://xunit/VsTestRunner2/netcoreapp" className="LLMGameCreator.Tests.WinForms.UnityArchiveReviewPresenterTests" name="RunManualImportUsesExistingServiceAndRefreshesReports" />
    </UnitTest>
    <UnitTest name="LLMGameCreator.Tests.WinForms.UnityArchiveReviewPresenterTests.PresenterReadsExistingReviewHistoryAndComparisonReports" storage="c:\users\endim\llmgamecreator\tests\llmgamecreator.tests\bin\debug\net8.0-windows\llmgamecreator.tests.dll" id="819d16ca-bbff-86a2-02f2-9609789d54d3">
      <Execution id="9a3d570c-4f9e-4340-aa46-85707dd59187" />
      <TestMethod codeBase="C:\Users\endim\LLMGameCreator\tests\LLMGameCreator.Tests\bin\Debug\net8.0-windows\LLMGameCreator.Tests.dll" adapterTypeName="executor://xunit/VsTestRunner2/netcoreapp" className="LLMGameCreator.Tests.WinForms.UnityArchiveReviewPresenterTests" name="PresenterReadsExistingReviewHistoryAndComparisonReports" />
    </UnitTest>
    <UnitTest name="LLMGameCreator.Tests.WinForms.UnityArchiveReviewPresenterTests.SelectedSnapshotDetailStillUpdatesAfterRefresh" storage="c:\users\endim\llmgamecreator\tests\llmgamecreator.tests\bin\debug\net8.0-windows\llmgamecreator.tests.dll" id="bb4a9b5f-9820-3018-516c-fc945474305d">
      <Execution id="e72bccc2-0bed-46aa-a78f-4a5a702ff51b" />
      <TestMethod codeBase="C:\Users\endim\LLMGameCreator\tests\LLMGameCreator.Tests\bin\Debug\net8.0-windows\LLMGameCreator.Tests.dll" adapterTypeName="executor://xunit/VsTestRunner2/netcoreapp" className="LLMGameCreator.Tests.WinForms.UnityArchiveReviewPresenterTests" name="SelectedSnapshotDetailStillUpdatesAfterRefresh" />
    </UnitTest>
    <UnitTest name="LLMGameCreator.Tests.WinForms.UnityArchiveReviewPresenterTests.PresenterListsManualImportSlotsFromArchiveMetadata" storage="c:\users\endim\llmgamecreator\tests\llmgamecreator.tests\bin\debug\net8.0-windows\llmgamecreator.tests.dll" id="3a4e83dd-ba98-9f29-0402-5f0a44e64deb">
      <Execution id="d802a358-c54e-43e2-a685-a305d5b69739" />
      <TestMethod codeBase="C:\Users\endim\LLMGameCreator\tests\LLMGameCreator.Tests\bin\Debug\net8.0-windows\LLMGameCreator.Tests.dll" adapterTypeName="executor://xunit/VsTestRunner2/netcoreapp" className="LLMGameCreator.Tests.WinForms.UnityArchiveReviewPresenterTests" name="PresenterListsManualImportSlotsFromArchiveMetadata" />
    </UnitTest>
    <UnitTest name="LLMGameCreator.Tests.WinForms.UnityArchiveReviewPresenterTests.PresenterReportsMissingSelectedHistorySnapshotWithoutThrowing" storage="c:\users\endim\llmgamecreator\tests\llmgamecreator.tests\bin\debug\net8.0-windows\llmgamecreator.tests.dll" id="15d84adf-f963-10cc-800b-7c78fcdf0e2b">
      <Execution id="1b19779c-bd84-44d4-974a-a7ed10fb4486" />
      <TestMethod codeBase="C:\Users\endim\LLMGameCreator\tests\LLMGameCreator.Tests\bin\Debug\net8.0-windows\LLMGameCreator.Tests.dll" adapterTypeName="executor://xunit/VsTestRunner2/netcoreapp" className="LLMGameCreator.Tests.WinForms.UnityArchiveReviewPresenterTests" name="PresenterReportsMissingSelectedHistorySnapshotWithoutThrowing" />
    </UnitTest>
    <UnitTest name="LLMGameCreator.Tests.WinForms.UnityArchiveReviewPresenterTests.PresenterReportsIndividuallyMissingFiles" storage="c:\users\endim\llmgamecreator\tests\llmgamecreator.tests\bin\debug\net8.0-windows\llmgamecreator.tests.dll" id="e807b145-7d1b-2f77-ec7f-7be978ada723">
      <Execution id="94d7ed09-b639-4d3b-9ab8-706772899a5a" />
      <TestMethod codeBase="C:\Users\endim\LLMGameCreator\tests\LLMGameCreator.Tests\bin\Debug\net8.0-windows\LLMGameCreator.Tests.dll" adapterTypeName="executor://xunit/VsTestRunner2/netcoreapp" className="LLMGameCreator.Tests.WinForms.UnityArchiveReviewPresenterTests" name="PresenterReportsIndividuallyMissingFiles" />
    </UnitTest>
  </TestDefinitions>
  <TestEntries>
    <TestEntry testId="3d8f92f8-f101-c582-4036-81de36c04600" executionId="f65572c4-8fa3-45b6-ab63-335a72b5dba1" testListId="8c84fa94-04c1-424b-9868-57a2d4851a1d" />
    <TestEntry testId="cca032d1-80c4-eda4-5e50-aa75be537f1c" executionId="60470fb1-fe58-4095-828c-5e703abe22fb" testListId="8c84fa94-04c1-424b-9868-57a2d4851a1d" />
    <TestEntry testId="28152b14-60e9-20e2-8543-f2faf6c64cdf" executionId="e0cace14-475d-416e-88c4-872bf282e91b" testListId="8c84fa94-04c1-424b-9868-57a2d4851a1d" />
    <TestEntry testId="5524383f-4446-c4a7-559b-87598b28be78" executionId="5ba9af0b-cc22-4bb3-894c-79e2e725080a" testListId="8c84fa94-04c1-424b-9868-57a2d4851a1d" />
    <TestEntry testId="486546d5-65f2-e8f2-5ae1-ca26d7a3129e" executionId="5e25e480-3a07-4a2a-a090-ab8245a5726c" testListId="8c84fa94-04c1-424b-9868-57a2d4851a1d" />
    <TestEntry testId="8aa68b24-79bd-3b4f-fdbd-7899d9d0dc89" executionId="c926fcad-3bd1-46ad-834b-67f8efb04af5" testListId="8c84fa94-04c1-424b-9868-57a2d4851a1d" />
    <TestEntry testId="7a60bf61-83ff-977f-988c-fc6de896d9b9" executionId="ef374264-e779-40af-ad7b-a4d252ae49c3" testListId="8c84fa94-04c1-424b-9868-57a2d4851a1d" />
    <TestEntry testId="3a4e83dd-ba98-9f29-0402-5f0a44e64deb" executionId="d802a358-c54e-43e2-a685-a305d5b69739" testListId="8c84fa94-04c1-424b-9868-57a2d4851a1d" />
    <TestEntry testId="bb4a9b5f-9820-3018-516c-fc945474305d" executionId="e72bccc2-0bed-46aa-a78f-4a5a702ff51b" testListId="8c84fa94-04c1-424b-9868-57a2d4851a1d" />
    <TestEntry testId="819d16ca-bbff-86a2-02f2-9609789d54d3" executionId="9a3d570c-4f9e-4340-aa46-85707dd59187" testListId="8c84fa94-04c1-424b-9868-57a2d4851a1d" />
    <TestEntry testId="15d84adf-f963-10cc-800b-7c78fcdf0e2b" executionId="1b19779c-bd84-44d4-974a-a7ed10fb4486" testListId="8c84fa94-04c1-424b-9868-57a2d4851a1d" />
    <TestEntry testId="54223ea3-1867-884c-3e2f-3ac683e70fd8" executionId="bf831453-bbd2-42bf-967f-0108366915cf" testListId="8c84fa94-04c1-424b-9868-57a2d4851a1d" />
    <TestEntry testId="2774b9b2-3a75-f49e-51e0-d996d8537717" executionId="29b2849e-3660-481d-8fb0-1678ac356eb1" testListId="8c84fa94-04c1-424b-9868-57a2d4851a1d" />
    <TestEntry testId="e807b145-7d1b-2f77-ec7f-7be978ada723" executionId="94d7ed09-b639-4d3b-9ab8-706772899a5a" testListId="8c84fa94-04c1-424b-9868-57a2d4851a1d" />
    <TestEntry testId="13dcc755-24e7-cfb1-4e04-0ad0060ec873" executionId="568312c5-174c-4b5b-8ffa-1a161cfbd4ea" testListId="8c84fa94-04c1-424b-9868-57a2d4851a1d" />
    <TestEntry testId="d1a2664f-ec80-204a-308c-6adc3fdd42ff" executionId="d54175dd-f3c6-4662-8d7c-9eeb0abcbe10" testListId="8c84fa94-04c1-424b-9868-57a2d4851a1d" />
    <TestEntry testId="545813c9-4f44-1d3a-0c6e-63ea93a8a73a" executionId="006c71c6-33c6-428f-bb96-e0be6aa4da71" testListId="8c84fa94-04c1-424b-9868-57a2d4851a1d" />
    <TestEntry testId="2ba13dc5-0733-0e1b-9b42-75b8886c0bb4" executionId="eb3159ae-fa75-479f-bad9-fa6c900c8516" testListId="8c84fa94-04c1-424b-9868-57a2d4851a1d" />
  </TestEntries>
  <TestLists>
    <TestList name="Results Not in a List" id="8c84fa94-04c1-424b-9868-57a2d4851a1d" />
    <TestList name="All Loaded Results" id="19431567-8539-422a-85d7-44ee4e166bda" />
  </TestLists>
  <ResultSummary outcome="Completed">
    <Counters total="18" executed="18" passed="18" failed="0" error="0" timeout="0" aborted="0" inconclusive="0" passedButRunAborted="0" notRunnable="0" notExecuted="0" disconnected="0" warning="0" completed="0" inProgress="0" pending="0" />
    <Output>
      <StdOut>[xUnit.net 00:00:00.00] xUnit.net VSTest Adapter v2.8.2+699d445a1a (64-bit .NET 8.0.26)&#xD;
[xUnit.net 00:00:00.16]   Discovering: LLMGameCreator.Tests&#xD;
[xUnit.net 00:00:00.37]   Discovered:  LLMGameCreator.Tests&#xD;
[xUnit.net 00:00:00.38]   Starting:    LLMGameCreator.Tests&#xD;
[xUnit.net 00:00:01.32]   Finished:    LLMGameCreator.Tests&#xD;
</StdOut>
    </Output>
  </ResultSummary>
</TestRun>