<?xml version="1.0" encoding="utf-8"?>
<TestRun id="d9b0c0c6-8283-4b2c-8a41-bb6158a273e8" name="endim@DESKTOP-SM838SH 2026-07-12 13:10:41" runUser="DESKTOP-SM838SH\endim" xmlns="http://microsoft.com/schemas/VisualStudio/TeamTest/2010">
  <Times creation="2026-07-12T13:10:41.8896683+03:00" queuing="2026-07-12T13:10:41.8896685+03:00" start="2026-07-12T13:10:40.9075725+03:00" finish="2026-07-12T13:10:41.8967573+03:00" />
  <TestSettings name="default" id="90cf1679-7127-4d14-b067-010fbb805454">
    <Deployment runDeploymentRoot="endim_DESKTOP-SM838SH_2026-07-12_13_10_41" />
  </TestSettings>
  <Results>
    <UnitTestResult executionId="0adbb1f9-2012-4aad-ac30-5379501be2c6" testId="61623bc5-120d-931d-b856-c06a4d69aaed" testName="LLMGameCreator.Tests.Application.ProgrammaticNarrativeQuestDialogueEventMatrix.ProgrammaticNarrativeMatrixTests.BuildCreatesNineStateChangingNarrativeRowsWithoutFinalProse" computerName="DESKTOP-SM838SH" duration="00:00:00.1684743" startTime="2026-07-12T13:10:41.7784353+03:00" endTime="2026-07-12T13:10:41.7784516+03:00" testType="13cdc9d9-ddb5-4fa4-a97d-d965ccfc6d4b" outcome="Passed" testListId="8c84fa94-04c1-424b-9868-57a2d4851a1d" relativeResultsDirectory="0adbb1f9-2012-4aad-ac30-5379501be2c6" />
  </Results>
  <TestDefinitions>
    <UnitTest name="LLMGameCreator.Tests.Application.ProgrammaticNarrativeQuestDialogueEventMatrix.ProgrammaticNarrativeMatrixTests.BuildCreatesNineStateChangingNarrativeRowsWithoutFinalProse" storage="c:\users\endim\llmgamecreator\tests\llmgamecreator.tests\bin\debug\net8.0-windows\llmgamecreator.tests.dll" id="61623bc5-120d-931d-b856-c06a4d69aaed">
      <Execution id="0adbb1f9-2012-4aad-ac30-5379501be2c6" />
      <TestMethod codeBase="C:\Users\endim\LLMGameCreator\tests\LLMGameCreator.Tests\bin\Debug\net8.0-windows\LLMGameCreator.Tests.dll" adapterTypeName="executor://xunit/VsTestRunner2/netcoreapp" className="LLMGameCreator.Tests.Application.ProgrammaticNarrativeQuestDialogueEventMatrix.ProgrammaticNarrativeMatrixTests" name="BuildCreatesNineStateChangingNarrativeRowsWithoutFinalProse" />
    </UnitTest>
  </TestDefinitions>
  <TestEntries>
    <TestEntry testId="61623bc5-120d-931d-b856-c06a4d69aaed" executionId="0adbb1f9-2012-4aad-ac30-5379501be2c6" testListId="8c84fa94-04c1-424b-9868-57a2d4851a1d" />
  </TestEntries>
  <TestLists>
    <TestList name="Results Not in a List" id="8c84fa94-04c1-424b-9868-57a2d4851a1d" />
    <TestList name="All Loaded Results" id="19431567-8539-422a-85d7-44ee4e166bda" />
  </TestLists>
  <ResultSummary outcome="Completed">
    <Counters total="1" executed="1" passed="1" failed="0" error="0" timeout="0" aborted="0" inconclusive="0" passedButRunAborted="0" notRunnable="0" notExecuted="0" disconnected="0" warning="0" completed="0" inProgress="0" pending="0" />
    <Output>
      <StdOut>[xUnit.net 00:00:00.00] xUnit.net VSTest Adapter v2.8.2+699d445a1a (64-bit .NET 8.0.26)&#xD;
[xUnit.net 00:00:00.14]   Discovering: LLMGameCreator.Tests&#xD;
[xUnit.net 00:00:00.33]   Discovered:  LLMGameCreator.Tests&#xD;
[xUnit.net 00:00:00.34]   Starting:    LLMGameCreator.Tests&#xD;
[xUnit.net 00:00:00.54]   Finished:    LLMGameCreator.Tests&#xD;
</StdOut>
    </Output>
  </ResultSummary>
</TestRun>