<?xml version="1.0" encoding="utf-8"?>
<TestRun id="e8663e7b-132d-4279-b072-1cb480670edc" name="endim@DESKTOP-SM838SH 2026-07-12 13:52:21" runUser="DESKTOP-SM838SH\endim" xmlns="http://microsoft.com/schemas/VisualStudio/TeamTest/2010">
  <Times creation="2026-07-12T13:52:21.3718083+03:00" queuing="2026-07-12T13:52:21.3718087+03:00" start="2026-07-12T13:51:28.2029874+03:00" finish="2026-07-12T13:52:21.3767475+03:00" />
  <TestSettings name="default" id="2b081b68-7af3-4455-8cb8-1700c1cc49db">
    <Deployment runDeploymentRoot="endim_DESKTOP-SM838SH_2026-07-12_13_52_21" />
  </TestSettings>
  <Results>
    <UnitTestResult executionId="09a3eac0-2885-4f51-9cd3-13e269a372e8" testId="b0a64d2f-55b1-7957-b72e-b18426d1dc54" testName="LLMGameCreator.Tests.ProductSmoke.UnityQuestCompletionLoopSmokeTests.UnityQuestCompletionLoopProductSmoke" computerName="DESKTOP-SM838SH" duration="00:00:52.3924985" startTime="2026-07-12T13:52:21.3017193+03:00" endTime="2026-07-12T13:52:21.3017361+03:00" testType="13cdc9d9-ddb5-4fa4-a97d-d965ccfc6d4b" outcome="Passed" testListId="8c84fa94-04c1-424b-9868-57a2d4851a1d" relativeResultsDirectory="09a3eac0-2885-4f51-9cd3-13e269a372e8" />
  </Results>
  <TestDefinitions>
    <UnitTest name="LLMGameCreator.Tests.ProductSmoke.UnityQuestCompletionLoopSmokeTests.UnityQuestCompletionLoopProductSmoke" storage="c:\users\endim\llmgamecreator\tests\llmgamecreator.tests\bin\debug\net8.0-windows\llmgamecreator.tests.dll" id="b0a64d2f-55b1-7957-b72e-b18426d1dc54">
      <Execution id="09a3eac0-2885-4f51-9cd3-13e269a372e8" />
      <TestMethod codeBase="C:\Users\endim\LLMGameCreator\tests\LLMGameCreator.Tests\bin\Debug\net8.0-windows\LLMGameCreator.Tests.dll" adapterTypeName="executor://xunit/VsTestRunner2/netcoreapp" className="LLMGameCreator.Tests.ProductSmoke.UnityQuestCompletionLoopSmokeTests" name="UnityQuestCompletionLoopProductSmoke" />
    </UnitTest>
  </TestDefinitions>
  <TestEntries>
    <TestEntry testId="b0a64d2f-55b1-7957-b72e-b18426d1dc54" executionId="09a3eac0-2885-4f51-9cd3-13e269a372e8" testListId="8c84fa94-04c1-424b-9868-57a2d4851a1d" />
  </TestEntries>
  <TestLists>
    <TestList name="Results Not in a List" id="8c84fa94-04c1-424b-9868-57a2d4851a1d" />
    <TestList name="All Loaded Results" id="19431567-8539-422a-85d7-44ee4e166bda" />
  </TestLists>
  <ResultSummary outcome="Completed">
    <Counters total="1" executed="1" passed="1" failed="0" error="0" timeout="0" aborted="0" inconclusive="0" passedButRunAborted="0" notRunnable="0" notExecuted="0" disconnected="0" warning="0" completed="0" inProgress="0" pending="0" />
    <Output>
      <StdOut>[xUnit.net 00:00:00.00] xUnit.net VSTest Adapter v2.8.2+699d445a1a (64-bit .NET 8.0.26)&#xD;
[xUnit.net 00:00:00.14]   Discovering: LLMGameCreator.Tests&#xD;
[xUnit.net 00:00:00.32]   Discovered:  LLMGameCreator.Tests&#xD;
[xUnit.net 00:00:00.33]   Starting:    LLMGameCreator.Tests&#xD;
[xUnit.net 00:00:52.76]   Finished:    LLMGameCreator.Tests&#xD;
</StdOut>
    </Output>
  </ResultSummary>
</TestRun>