<?xml version="1.0" encoding="utf-8"?>
<TestRun id="47c72b65-0ab8-42c3-90a2-225c729d43c5" name="endim@DESKTOP-SM838SH 2026-07-12 13:56:07" runUser="DESKTOP-SM838SH\endim" xmlns="http://microsoft.com/schemas/VisualStudio/TeamTest/2010">
  <Times creation="2026-07-12T13:56:07.5422042+03:00" queuing="2026-07-12T13:56:07.5422046+03:00" start="2026-07-12T13:56:06.6580163+03:00" finish="2026-07-12T13:56:07.5485492+03:00" />
  <TestSettings name="default" id="a8fbe2c4-6d86-4011-84ca-fb81dd66fcab">
    <Deployment runDeploymentRoot="endim_DESKTOP-SM838SH_2026-07-12_13_56_07" />
  </TestSettings>
  <Results>
    <UnitTestResult executionId="109f0218-a804-44f6-9dac-d3f629c87572" testId="6d9bd82c-31c6-1bbb-550d-767b1d263bb2" testName="LLMGameCreator.Tests.ProductSmoke.UnitySafeModeCompileHotfixProductSmokeTests.Goal114UnitySafeModeCompileHotfixProductSmoke" computerName="DESKTOP-SM838SH" duration="00:00:00.0138247" startTime="2026-07-12T13:56:07.4546792+03:00" endTime="2026-07-12T13:56:07.4546965+03:00" testType="13cdc9d9-ddb5-4fa4-a97d-d965ccfc6d4b" outcome="Passed" testListId="8c84fa94-04c1-424b-9868-57a2d4851a1d" relativeResultsDirectory="109f0218-a804-44f6-9dac-d3f629c87572" />
  </Results>
  <TestDefinitions>
    <UnitTest name="LLMGameCreator.Tests.ProductSmoke.UnitySafeModeCompileHotfixProductSmokeTests.Goal114UnitySafeModeCompileHotfixProductSmoke" storage="c:\users\endim\llmgamecreator\tests\llmgamecreator.tests\bin\debug\net8.0-windows\llmgamecreator.tests.dll" id="6d9bd82c-31c6-1bbb-550d-767b1d263bb2">
      <Execution id="109f0218-a804-44f6-9dac-d3f629c87572" />
      <TestMethod codeBase="C:\Users\endim\LLMGameCreator\tests\LLMGameCreator.Tests\bin\Debug\net8.0-windows\LLMGameCreator.Tests.dll" adapterTypeName="executor://xunit/VsTestRunner2/netcoreapp" className="LLMGameCreator.Tests.ProductSmoke.UnitySafeModeCompileHotfixProductSmokeTests" name="Goal114UnitySafeModeCompileHotfixProductSmoke" />
    </UnitTest>
  </TestDefinitions>
  <TestEntries>
    <TestEntry testId="6d9bd82c-31c6-1bbb-550d-767b1d263bb2" executionId="109f0218-a804-44f6-9dac-d3f629c87572" testListId="8c84fa94-04c1-424b-9868-57a2d4851a1d" />
  </TestEntries>
  <TestLists>
    <TestList name="Results Not in a List" id="8c84fa94-04c1-424b-9868-57a2d4851a1d" />
    <TestList name="All Loaded Results" id="19431567-8539-422a-85d7-44ee4e166bda" />
  </TestLists>
  <ResultSummary outcome="Completed">
    <Counters total="1" executed="1" passed="1" failed="0" error="0" timeout="0" aborted="0" inconclusive="0" passedButRunAborted="0" notRunnable="0" notExecuted="0" disconnected="0" warning="0" completed="0" inProgress="0" pending="0" />
    <Output>
      <StdOut>[xUnit.net 00:00:00.00] xUnit.net VSTest Adapter v2.8.2+699d445a1a (64-bit .NET 8.0.26)&#xD;
[xUnit.net 00:00:00.15]   Discovering: LLMGameCreator.Tests&#xD;
[xUnit.net 00:00:00.36]   Discovered:  LLMGameCreator.Tests&#xD;
[xUnit.net 00:00:00.37]   Starting:    LLMGameCreator.Tests&#xD;
[xUnit.net 00:00:00.42]   Finished:    LLMGameCreator.Tests&#xD;
</StdOut>
    </Output>
  </ResultSummary>
</TestRun>