<?xml version="1.0" encoding="utf-8"?>
<TestRun id="44ad0012-d760-4bc2-9b19-c3eafb331054" name="endim@DESKTOP-SM838SH 2026-07-12 13:03:20" runUser="DESKTOP-SM838SH\endim" xmlns="http://microsoft.com/schemas/VisualStudio/TeamTest/2010">
  <Times creation="2026-07-12T13:03:20.9998917+03:00" queuing="2026-07-12T13:03:20.9998924+03:00" start="2026-07-12T13:03:19.7614466+03:00" finish="2026-07-12T13:03:21.0094885+03:00" />
  <TestSettings name="default" id="7120d0ac-1ccf-4caf-8d63-9003d756659f">
    <Deployment runDeploymentRoot="endim_DESKTOP-SM838SH_2026-07-12_13_03_20" />
  </TestSettings>
  <Results>
    <UnitTestResult executionId="255b9087-3611-4140-b969-31985ad4e5b5" testId="fa4aa6b4-8363-d7e5-b0c4-b4622998d1df" testName="LLMGameCreator.Tests.Application.FullCampaignPlayableReviewPackageRc.FullCampaignPlayableReviewPackageRcTests.PackageRowSelectionMatrixTiesRowsToPackageHashesAndMediaBindings" computerName="DESKTOP-SM838SH" duration="00:00:00.0165582" startTime="2026-07-12T13:03:20.8853818+03:00" endTime="2026-07-12T13:03:20.8853821+03:00" testType="13cdc9d9-ddb5-4fa4-a97d-d965ccfc6d4b" outcome="Passed" testListId="8c84fa94-04c1-424b-9868-57a2d4851a1d" relativeResultsDirectory="255b9087-3611-4140-b969-31985ad4e5b5" />
    <UnitTestResult executionId="29ed5d35-7f70-4a44-92b7-bf1935992776" testId="3974900c-7795-a435-01b4-ab136cecb60e" testName="LLMGameCreator.Tests.Application.FullCampaignPlayableReviewPackageRc.FullCampaignPlayableReviewPackageRcTests.ScriptManifestValidatesReviewPackageLocalScripts" computerName="DESKTOP-SM838SH" duration="00:00:00.1354596" startTime="2026-07-12T13:03:20.6932441+03:00" endTime="2026-07-12T13:03:20.6932609+03:00" testType="13cdc9d9-ddb5-4fa4-a97d-d965ccfc6d4b" outcome="Passed" testListId="8c84fa94-04c1-424b-9868-57a2d4851a1d" relativeResultsDirectory="29ed5d35-7f70-4a44-92b7-bf1935992776" />
    <UnitTestResult executionId="937dc6dd-e81c-445a-98a7-16d989c74982" testId="ef5b9e17-4e39-d727-1daf-78de0a34804c" testName="LLMGameCreator.Tests.Application.FullCampaignPlayableReviewPackageRc.FullCampaignPlayableReviewPackageRcTests.WriteAsyncEmitsRequiredArtifactsAndReviewPackageFiles" computerName="DESKTOP-SM838SH" duration="00:00:00.1208903" startTime="2026-07-12T13:03:20.8678679+03:00" endTime="2026-07-12T13:03:20.8678682+03:00" testType="13cdc9d9-ddb5-4fa4-a97d-d965ccfc6d4b" outcome="Passed" testListId="8c84fa94-04c1-424b-9868-57a2d4851a1d" relativeResultsDirectory="937dc6dd-e81c-445a-98a7-16d989c74982" />
    <UnitTestResult executionId="6fc2ba59-c6fd-42a2-b02f-0db4432d941c" testId="630a6b8f-aea3-2037-92b9-a15272558e6a" testName="LLMGameCreator.Tests.Application.FullCampaignPlayableReviewPackageRc.FullCampaignPlayableReviewPackageRcTests.SaveLoadReplayAuditIsBoundToPackageRowsAndHashes" computerName="DESKTOP-SM838SH" duration="00:00:00.0213082" startTime="2026-07-12T13:03:20.7292762+03:00" endTime="2026-07-12T13:03:20.7292764+03:00" testType="13cdc9d9-ddb5-4fa4-a97d-d965ccfc6d4b" outcome="Passed" testListId="8c84fa94-04c1-424b-9868-57a2d4851a1d" relativeResultsDirectory="6fc2ba59-c6fd-42a2-b02f-0db4432d941c" />
    <UnitTestResult executionId="8f8fb6cc-2e40-4093-80d6-f97daad7844a" testId="46c36c73-cca5-0531-98e0-746adca935a2" testName="LLMGameCreator.Tests.Application.FullCampaignPlayableReviewPackageRc.FullCampaignPlayableReviewPackageRcTests.SourceLoaderConsumesGoal060PackagesAndMediaProofChain" computerName="DESKTOP-SM838SH" duration="00:00:00.0125365" startTime="2026-07-12T13:03:20.8980403+03:00" endTime="2026-07-12T13:03:20.8980405+03:00" testType="13cdc9d9-ddb5-4fa4-a97d-d965ccfc6d4b" outcome="Passed" testListId="8c84fa94-04c1-424b-9868-57a2d4851a1d" relativeResultsDirectory="8f8fb6cc-2e40-4093-80d6-f97daad7844a" />
    <UnitTestResult executionId="58a2c767-c2da-43cd-9189-27d1306f455f" testId="51596c86-04ae-c5cc-4b32-5a3170d9c9ef" testName="LLMGameCreator.Tests.Application.FullCampaignPlayableReviewPackageRc.FullCampaignPlayableReviewPackageRcTests.BuildCreatesReviewPackageManifestAndInventoryForNineRows" computerName="DESKTOP-SM838SH" duration="00:00:00.0150006" startTime="2026-07-12T13:03:20.7079063+03:00" endTime="2026-07-12T13:03:20.7079065+03:00" testType="13cdc9d9-ddb5-4fa4-a97d-d965ccfc6d4b" outcome="Passed" testListId="8c84fa94-04c1-424b-9868-57a2d4851a1d" relativeResultsDirectory="58a2c767-c2da-43cd-9189-27d1306f455f" />
    <UnitTestResult executionId="c1105b6c-2b19-4521-9d90-a12356d0e686" testId="acce6251-b17d-1b28-f9a7-7bc755fd1c16" testName="LLMGameCreator.Tests.Application.FullCampaignPlayableReviewPackageRc.FullCampaignPlayableReviewPackageRcTests.UnityCommandPlanRequiresReviewPackageRcMarkersForEveryPackageRow" computerName="DESKTOP-SM838SH" duration="00:00:00.0152878" startTime="2026-07-12T13:03:20.9134246+03:00" endTime="2026-07-12T13:03:20.9134248+03:00" testType="13cdc9d9-ddb5-4fa4-a97d-d965ccfc6d4b" outcome="Passed" testListId="8c84fa94-04c1-424b-9868-57a2d4851a1d" relativeResultsDirectory="c1105b6c-2b19-4521-9d90-a12356d0e686" />
    <UnitTestResult executionId="1a99200a-1fee-4623-aa52-d0a553009599" testId="cce59247-3adb-1938-c144-b1cbde0a7988" testName="LLMGameCreator.Tests.Application.FullCampaignPlayableReviewPackageRc.FullCampaignPlayableReviewPackageRcTests.InvalidMatrixCoversRequiredFakeLeakCases" computerName="DESKTOP-SM838SH" duration="00:00:00.0152625" startTime="2026-07-12T13:03:20.7446025+03:00" endTime="2026-07-12T13:03:20.7446027+03:00" testType="13cdc9d9-ddb5-4fa4-a97d-d965ccfc6d4b" outcome="Passed" testListId="8c84fa94-04c1-424b-9868-57a2d4851a1d" relativeResultsDirectory="1a99200a-1fee-4623-aa52-d0a553009599" />
  </Results>
  <TestDefinitions>
    <UnitTest name="LLMGameCreator.Tests.Application.FullCampaignPlayableReviewPackageRc.FullCampaignPlayableReviewPackageRcTests.ScriptManifestValidatesReviewPackageLocalScripts" storage="c:\users\endim\llmgamecreator\tests\llmgamecreator.tests\bin\debug\net8.0-windows\llmgamecreator.tests.dll" id="3974900c-7795-a435-01b4-ab136cecb60e">
      <Execution id="29ed5d35-7f70-4a44-92b7-bf1935992776" />
      <TestMethod codeBase="C:\Users\endim\LLMGameCreator\tests\LLMGameCreator.Tests\bin\Debug\net8.0-windows\LLMGameCreator.Tests.dll" adapterTypeName="executor://xunit/VsTestRunner2/netcoreapp" className="LLMGameCreator.Tests.Application.FullCampaignPlayableReviewPackageRc.FullCampaignPlayableReviewPackageRcTests" name="ScriptManifestValidatesReviewPackageLocalScripts" />
    </UnitTest>
    <UnitTest name="LLMGameCreator.Tests.Application.FullCampaignPlayableReviewPackageRc.FullCampaignPlayableReviewPackageRcTests.SourceLoaderConsumesGoal060PackagesAndMediaProofChain" storage="c:\users\endim\llmgamecreator\tests\llmgamecreator.tests\bin\debug\net8.0-windows\llmgamecreator.tests.dll" id="46c36c73-cca5-0531-98e0-746adca935a2">
      <Execution id="8f8fb6cc-2e40-4093-80d6-f97daad7844a" />
      <TestMethod codeBase="C:\Users\endim\LLMGameCreator\tests\LLMGameCreator.Tests\bin\Debug\net8.0-windows\LLMGameCreator.Tests.dll" adapterTypeName="executor://xunit/VsTestRunner2/netcoreapp" className="LLMGameCreator.Tests.Application.FullCampaignPlayableReviewPackageRc.FullCampaignPlayableReviewPackageRcTests" name="SourceLoaderConsumesGoal060PackagesAndMediaProofChain" />
    </UnitTest>
    <UnitTest name="LLMGameCreator.Tests.Application.FullCampaignPlayableReviewPackageRc.FullCampaignPlayableReviewPackageRcTests.UnityCommandPlanRequiresReviewPackageRcMarkersForEveryPackageRow" storage="c:\users\endim\llmgamecreator\tests\llmgamecreator.tests\bin\debug\net8.0-windows\llmgamecreator.tests.dll" id="acce6251-b17d-1b28-f9a7-7bc755fd1c16">
      <Execution id="c1105b6c-2b19-4521-9d90-a12356d0e686" />
      <TestMethod codeBase="C:\Users\endim\LLMGameCreator\tests\LLMGameCreator.Tests\bin\Debug\net8.0-windows\LLMGameCreator.Tests.dll" adapterTypeName="executor://xunit/VsTestRunner2/netcoreapp" className="LLMGameCreator.Tests.Application.FullCampaignPlayableReviewPackageRc.FullCampaignPlayableReviewPackageRcTests" name="UnityCommandPlanRequiresReviewPackageRcMarkersForEveryPackageRow" />
    </UnitTest>
    <UnitTest name="LLMGameCreator.Tests.Application.FullCampaignPlayableReviewPackageRc.FullCampaignPlayableReviewPackageRcTests.PackageRowSelectionMatrixTiesRowsToPackageHashesAndMediaBindings" storage="c:\users\endim\llmgamecreator\tests\llmgamecreator.tests\bin\debug\net8.0-windows\llmgamecreator.tests.dll" id="fa4aa6b4-8363-d7e5-b0c4-b4622998d1df">
      <Execution id="255b9087-3611-4140-b969-31985ad4e5b5" />
      <TestMethod codeBase="C:\Users\endim\LLMGameCreator\tests\LLMGameCreator.Tests\bin\Debug\net8.0-windows\LLMGameCreator.Tests.dll" adapterTypeName="executor://xunit/VsTestRunner2/netcoreapp" className="LLMGameCreator.Tests.Application.FullCampaignPlayableReviewPackageRc.FullCampaignPlayableReviewPackageRcTests" name="PackageRowSelectionMatrixTiesRowsToPackageHashesAndMediaBindings" />
    </UnitTest>
    <UnitTest name="LLMGameCreator.Tests.Application.FullCampaignPlayableReviewPackageRc.FullCampaignPlayableReviewPackageRcTests.BuildCreatesReviewPackageManifestAndInventoryForNineRows" storage="c:\users\endim\llmgamecreator\tests\llmgamecreator.tests\bin\debug\net8.0-windows\llmgamecreator.tests.dll" id="51596c86-04ae-c5cc-4b32-5a3170d9c9ef">
      <Execution id="58a2c767-c2da-43cd-9189-27d1306f455f" />
      <TestMethod codeBase="C:\Users\endim\LLMGameCreator\tests\LLMGameCreator.Tests\bin\Debug\net8.0-windows\LLMGameCreator.Tests.dll" adapterTypeName="executor://xunit/VsTestRunner2/netcoreapp" className="LLMGameCreator.Tests.Application.FullCampaignPlayableReviewPackageRc.FullCampaignPlayableReviewPackageRcTests" name="BuildCreatesReviewPackageManifestAndInventoryForNineRows" />
    </UnitTest>
    <UnitTest name="LLMGameCreator.Tests.Application.FullCampaignPlayableReviewPackageRc.FullCampaignPlayableReviewPackageRcTests.WriteAsyncEmitsRequiredArtifactsAndReviewPackageFiles" storage="c:\users\endim\llmgamecreator\tests\llmgamecreator.tests\bin\debug\net8.0-windows\llmgamecreator.tests.dll" id="ef5b9e17-4e39-d727-1daf-78de0a34804c">
      <Execution id="937dc6dd-e81c-445a-98a7-16d989c74982" />
      <TestMethod codeBase="C:\Users\endim\LLMGameCreator\tests\LLMGameCreator.Tests\bin\Debug\net8.0-windows\LLMGameCreator.Tests.dll" adapterTypeName="executor://xunit/VsTestRunner2/netcoreapp" className="LLMGameCreator.Tests.Application.FullCampaignPlayableReviewPackageRc.FullCampaignPlayableReviewPackageRcTests" name="WriteAsyncEmitsRequiredArtifactsAndReviewPackageFiles" />
    </UnitTest>
    <UnitTest name="LLMGameCreator.Tests.Application.FullCampaignPlayableReviewPackageRc.FullCampaignPlayableReviewPackageRcTests.InvalidMatrixCoversRequiredFakeLeakCases" storage="c:\users\endim\llmgamecreator\tests\llmgamecreator.tests\bin\debug\net8.0-windows\llmgamecreator.tests.dll" id="cce59247-3adb-1938-c144-b1cbde0a7988">
      <Execution id="1a99200a-1fee-4623-aa52-d0a553009599" />
      <TestMethod codeBase="C:\Users\endim\LLMGameCreator\tests\LLMGameCreator.Tests\bin\Debug\net8.0-windows\LLMGameCreator.Tests.dll" adapterTypeName="executor://xunit/VsTestRunner2/netcoreapp" className="LLMGameCreator.Tests.Application.FullCampaignPlayableReviewPackageRc.FullCampaignPlayableReviewPackageRcTests" name="InvalidMatrixCoversRequiredFakeLeakCases" />
    </UnitTest>
    <UnitTest name="LLMGameCreator.Tests.Application.FullCampaignPlayableReviewPackageRc.FullCampaignPlayableReviewPackageRcTests.SaveLoadReplayAuditIsBoundToPackageRowsAndHashes" storage="c:\users\endim\llmgamecreator\tests\llmgamecreator.tests\bin\debug\net8.0-windows\llmgamecreator.tests.dll" id="630a6b8f-aea3-2037-92b9-a15272558e6a">
      <Execution id="6fc2ba59-c6fd-42a2-b02f-0db4432d941c" />
      <TestMethod codeBase="C:\Users\endim\LLMGameCreator\tests\LLMGameCreator.Tests\bin\Debug\net8.0-windows\LLMGameCreator.Tests.dll" adapterTypeName="executor://xunit/VsTestRunner2/netcoreapp" className="LLMGameCreator.Tests.Application.FullCampaignPlayableReviewPackageRc.FullCampaignPlayableReviewPackageRcTests" name="SaveLoadReplayAuditIsBoundToPackageRowsAndHashes" />
    </UnitTest>
  </TestDefinitions>
  <TestEntries>
    <TestEntry testId="fa4aa6b4-8363-d7e5-b0c4-b4622998d1df" executionId="255b9087-3611-4140-b969-31985ad4e5b5" testListId="8c84fa94-04c1-424b-9868-57a2d4851a1d" />
    <TestEntry testId="3974900c-7795-a435-01b4-ab136cecb60e" executionId="29ed5d35-7f70-4a44-92b7-bf1935992776" testListId="8c84fa94-04c1-424b-9868-57a2d4851a1d" />
    <TestEntry testId="ef5b9e17-4e39-d727-1daf-78de0a34804c" executionId="937dc6dd-e81c-445a-98a7-16d989c74982" testListId="8c84fa94-04c1-424b-9868-57a2d4851a1d" />
    <TestEntry testId="630a6b8f-aea3-2037-92b9-a15272558e6a" executionId="6fc2ba59-c6fd-42a2-b02f-0db4432d941c" testListId="8c84fa94-04c1-424b-9868-57a2d4851a1d" />
    <TestEntry testId="46c36c73-cca5-0531-98e0-746adca935a2" executionId="8f8fb6cc-2e40-4093-80d6-f97daad7844a" testListId="8c84fa94-04c1-424b-9868-57a2d4851a1d" />
    <TestEntry testId="51596c86-04ae-c5cc-4b32-5a3170d9c9ef" executionId="58a2c767-c2da-43cd-9189-27d1306f455f" testListId="8c84fa94-04c1-424b-9868-57a2d4851a1d" />
    <TestEntry testId="acce6251-b17d-1b28-f9a7-7bc755fd1c16" executionId="c1105b6c-2b19-4521-9d90-a12356d0e686" testListId="8c84fa94-04c1-424b-9868-57a2d4851a1d" />
    <TestEntry testId="cce59247-3adb-1938-c144-b1cbde0a7988" executionId="1a99200a-1fee-4623-aa52-d0a553009599" testListId="8c84fa94-04c1-424b-9868-57a2d4851a1d" />
  </TestEntries>
  <TestLists>
    <TestList name="Results Not in a List" id="8c84fa94-04c1-424b-9868-57a2d4851a1d" />
    <TestList name="All Loaded Results" id="19431567-8539-422a-85d7-44ee4e166bda" />
  </TestLists>
  <ResultSummary outcome="Completed">
    <Counters total="8" executed="8" passed="8" failed="0" error="0" timeout="0" aborted="0" inconclusive="0" passedButRunAborted="0" notRunnable="0" notExecuted="0" disconnected="0" warning="0" completed="0" inProgress="0" pending="0" />
    <Output>
      <StdOut>[xUnit.net 00:00:00.00] xUnit.net VSTest Adapter v2.8.2+699d445a1a (64-bit .NET 8.0.26)&#xD;
[xUnit.net 00:00:00.15]   Discovering: LLMGameCreator.Tests&#xD;
[xUnit.net 00:00:00.37]   Discovered:  LLMGameCreator.Tests&#xD;
[xUnit.net 00:00:00.38]   Starting:    LLMGameCreator.Tests&#xD;
[xUnit.net 00:00:00.78]   Finished:    LLMGameCreator.Tests&#xD;
</StdOut>
    </Output>
  </ResultSummary>
</TestRun>