<?xml version="1.0" encoding="utf-8"?>
<TestRun id="9213bc7b-f76c-4607-a025-7fbb612edf25" name="endim@DESKTOP-SM838SH 2026-07-12 13:10:11" runUser="DESKTOP-SM838SH\endim" xmlns="http://microsoft.com/schemas/VisualStudio/TeamTest/2010">
  <Times creation="2026-07-12T13:10:11.0437901+03:00" queuing="2026-07-12T13:10:11.0437903+03:00" start="2026-07-12T13:10:09.7160728+03:00" finish="2026-07-12T13:10:11.0525974+03:00" />
  <TestSettings name="default" id="0a77d114-f717-48bf-a8c0-0db2537248f5">
    <Deployment runDeploymentRoot="endim_DESKTOP-SM838SH_2026-07-12_13_10_11" />
  </TestSettings>
  <Results>
    <UnitTestResult executionId="0da972cd-0735-4d3b-8a90-e6c4bb609075" testId="6694b604-7795-9c11-9983-93cb220d22c6" testName="LLMGameCreator.Tests.Application.PackageAssemblyItemsEconomyCrafting.PackageAssemblyItemsEconomyCraftingAcceptanceTests.RejectsMissingEvidenceAndAntiOverfitFailure" computerName="DESKTOP-SM838SH" duration="00:00:00.0192215" startTime="2026-07-12T13:10:10.8464012+03:00" endTime="2026-07-12T13:10:10.8464017+03:00" testType="13cdc9d9-ddb5-4fa4-a97d-d965ccfc6d4b" outcome="Passed" testListId="8c84fa94-04c1-424b-9868-57a2d4851a1d" relativeResultsDirectory="0da972cd-0735-4d3b-8a90-e6c4bb609075" />
    <UnitTestResult executionId="189ee314-a90f-4efd-9d95-0c13079e606b" testId="3120cf3b-6610-5170-662d-ae0da3e03f03" testName="LLMGameCreator.Tests.Application.PackageAssemblyItemsEconomyCrafting.PackageAssemblyItemsEconomyCraftingAcceptanceTests.CurrentStatePreservesGoal027AcceptedBeforeLaterPackageAssemblyGoals" computerName="DESKTOP-SM838SH" duration="00:00:00.0041967" startTime="2026-07-12T13:10:10.8268803+03:00" endTime="2026-07-12T13:10:10.8268805+03:00" testType="13cdc9d9-ddb5-4fa4-a97d-d965ccfc6d4b" outcome="Passed" testListId="8c84fa94-04c1-424b-9868-57a2d4851a1d" relativeResultsDirectory="189ee314-a90f-4efd-9d95-0c13079e606b" />
    <UnitTestResult executionId="9a68d9ac-ff30-40ba-8565-96ff70023906" testId="9b377dfa-9bb0-93fc-c245-6435cc25a3bf" testName="LLMGameCreator.Tests.Application.PackageAssemblyItemsEconomyCrafting.PackageAssemblyItemsEconomyCraftingAcceptanceTests.BuildsDeterministicItemsEconomyCraftingArtifacts" computerName="DESKTOP-SM838SH" duration="00:00:00.0951864" startTime="2026-07-12T13:10:10.9527816+03:00" endTime="2026-07-12T13:10:10.9527819+03:00" testType="13cdc9d9-ddb5-4fa4-a97d-d965ccfc6d4b" outcome="Passed" testListId="8c84fa94-04c1-424b-9868-57a2d4851a1d" relativeResultsDirectory="9a68d9ac-ff30-40ba-8565-96ff70023906" />
    <UnitTestResult executionId="adb2a8ed-ee68-4bce-b83b-849eae8e3568" testId="c8311b1e-b7e3-021c-de25-5a2498420485" testName="LLMGameCreator.Tests.Application.PackageAssemblyItemsEconomyCrafting.PackageAssemblyItemsEconomyCraftingAcceptanceTests.AssemblerMapsItemsResourcesRecipesLootTransactionsInventoriesAndSlots" computerName="DESKTOP-SM838SH" duration="00:00:00.0017206" startTime="2026-07-12T13:10:10.8481514+03:00" endTime="2026-07-12T13:10:10.8481516+03:00" testType="13cdc9d9-ddb5-4fa4-a97d-d965ccfc6d4b" outcome="Passed" testListId="8c84fa94-04c1-424b-9868-57a2d4851a1d" relativeResultsDirectory="adb2a8ed-ee68-4bce-b83b-849eae8e3568" />
    <UnitTestResult executionId="0a9ee360-9fba-4ad7-b4b3-49cad05dca7f" testId="ac1d1ea9-b954-ea45-ed82-35498899721e" testName="LLMGameCreator.Tests.Application.PackageAssemblyItemsEconomyCrafting.PackageAssemblyItemsEconomyCraftingAcceptanceTests.WrittenReportRoundTripsManualGateAndHasNoTopLevelErrors" computerName="DESKTOP-SM838SH" duration="00:00:00.1018942" startTime="2026-07-12T13:10:10.8224237+03:00" endTime="2026-07-12T13:10:10.8224239+03:00" testType="13cdc9d9-ddb5-4fa4-a97d-d965ccfc6d4b" outcome="Passed" testListId="8c84fa94-04c1-424b-9868-57a2d4851a1d" relativeResultsDirectory="0a9ee360-9fba-4ad7-b4b3-49cad05dca7f" />
    <UnitTestResult executionId="027db05b-9722-470b-8d0a-a275aa1e431b" testId="fac5f4da-7fb5-8a4d-ac8a-d8c09954dc42" testName="LLMGameCreator.Tests.Application.PackageAssemblyItemsEconomyCrafting.PackageAssemblyItemsEconomyCraftingAcceptanceTests.InvalidMatrixRejectsRequiredScenarios" computerName="DESKTOP-SM838SH" duration="00:00:00.2093733" startTime="2026-07-12T13:10:10.7196437+03:00" endTime="2026-07-12T13:10:10.7196606+03:00" testType="13cdc9d9-ddb5-4fa4-a97d-d965ccfc6d4b" outcome="Passed" testListId="8c84fa94-04c1-424b-9868-57a2d4851a1d" relativeResultsDirectory="027db05b-9722-470b-8d0a-a275aa1e431b" />
    <UnitTestResult executionId="df77c3c9-cd37-4f84-b7bc-a565381574f1" testId="f346a980-1446-0f5c-a49d-77d20c8ffe80" testName="LLMGameCreator.Tests.Application.PackageAssemblyItemsEconomyCrafting.PackageAssemblyItemsEconomyCraftingAcceptanceTests.RealAndSyntheticConsumersProduceEconomyPackageRecords" computerName="DESKTOP-SM838SH" duration="00:00:00.0087667" startTime="2026-07-12T13:10:10.8572681+03:00" endTime="2026-07-12T13:10:10.8572685+03:00" testType="13cdc9d9-ddb5-4fa4-a97d-d965ccfc6d4b" outcome="Passed" testListId="8c84fa94-04c1-424b-9868-57a2d4851a1d" relativeResultsDirectory="df77c3c9-cd37-4f84-b7bc-a565381574f1" />
  </Results>
  <TestDefinitions>
    <UnitTest name="LLMGameCreator.Tests.Application.PackageAssemblyItemsEconomyCrafting.PackageAssemblyItemsEconomyCraftingAcceptanceTests.CurrentStatePreservesGoal027AcceptedBeforeLaterPackageAssemblyGoals" storage="c:\users\endim\llmgamecreator\tests\llmgamecreator.tests\bin\debug\net8.0-windows\llmgamecreator.tests.dll" id="3120cf3b-6610-5170-662d-ae0da3e03f03">
      <Execution id="189ee314-a90f-4efd-9d95-0c13079e606b" />
      <TestMethod codeBase="C:\Users\endim\LLMGameCreator\tests\LLMGameCreator.Tests\bin\Debug\net8.0-windows\LLMGameCreator.Tests.dll" adapterTypeName="executor://xunit/VsTestRunner2/netcoreapp" className="LLMGameCreator.Tests.Application.PackageAssemblyItemsEconomyCrafting.PackageAssemblyItemsEconomyCraftingAcceptanceTests" name="CurrentStatePreservesGoal027AcceptedBeforeLaterPackageAssemblyGoals" />
    </UnitTest>
    <UnitTest name="LLMGameCreator.Tests.Application.PackageAssemblyItemsEconomyCrafting.PackageAssemblyItemsEconomyCraftingAcceptanceTests.WrittenReportRoundTripsManualGateAndHasNoTopLevelErrors" storage="c:\users\endim\llmgamecreator\tests\llmgamecreator.tests\bin\debug\net8.0-windows\llmgamecreator.tests.dll" id="ac1d1ea9-b954-ea45-ed82-35498899721e">
      <Execution id="0a9ee360-9fba-4ad7-b4b3-49cad05dca7f" />
      <TestMethod codeBase="C:\Users\endim\LLMGameCreator\tests\LLMGameCreator.Tests\bin\Debug\net8.0-windows\LLMGameCreator.Tests.dll" adapterTypeName="executor://xunit/VsTestRunner2/netcoreapp" className="LLMGameCreator.Tests.Application.PackageAssemblyItemsEconomyCrafting.PackageAssemblyItemsEconomyCraftingAcceptanceTests" name="WrittenReportRoundTripsManualGateAndHasNoTopLevelErrors" />
    </UnitTest>
    <UnitTest name="LLMGameCreator.Tests.Application.PackageAssemblyItemsEconomyCrafting.PackageAssemblyItemsEconomyCraftingAcceptanceTests.InvalidMatrixRejectsRequiredScenarios" storage="c:\users\endim\llmgamecreator\tests\llmgamecreator.tests\bin\debug\net8.0-windows\llmgamecreator.tests.dll" id="fac5f4da-7fb5-8a4d-ac8a-d8c09954dc42">
      <Execution id="027db05b-9722-470b-8d0a-a275aa1e431b" />
      <TestMethod codeBase="C:\Users\endim\LLMGameCreator\tests\LLMGameCreator.Tests\bin\Debug\net8.0-windows\LLMGameCreator.Tests.dll" adapterTypeName="executor://xunit/VsTestRunner2/netcoreapp" className="LLMGameCreator.Tests.Application.PackageAssemblyItemsEconomyCrafting.PackageAssemblyItemsEconomyCraftingAcceptanceTests" name="InvalidMatrixRejectsRequiredScenarios" />
    </UnitTest>
    <UnitTest name="LLMGameCreator.Tests.Application.PackageAssemblyItemsEconomyCrafting.PackageAssemblyItemsEconomyCraftingAcceptanceTests.BuildsDeterministicItemsEconomyCraftingArtifacts" storage="c:\users\endim\llmgamecreator\tests\llmgamecreator.tests\bin\debug\net8.0-windows\llmgamecreator.tests.dll" id="9b377dfa-9bb0-93fc-c245-6435cc25a3bf">
      <Execution id="9a68d9ac-ff30-40ba-8565-96ff70023906" />
      <TestMethod codeBase="C:\Users\endim\LLMGameCreator\tests\LLMGameCreator.Tests\bin\Debug\net8.0-windows\LLMGameCreator.Tests.dll" adapterTypeName="executor://xunit/VsTestRunner2/netcoreapp" className="LLMGameCreator.Tests.Application.PackageAssemblyItemsEconomyCrafting.PackageAssemblyItemsEconomyCraftingAcceptanceTests" name="BuildsDeterministicItemsEconomyCraftingArtifacts" />
    </UnitTest>
    <UnitTest name="LLMGameCreator.Tests.Application.PackageAssemblyItemsEconomyCrafting.PackageAssemblyItemsEconomyCraftingAcceptanceTests.RejectsMissingEvidenceAndAntiOverfitFailure" storage="c:\users\endim\llmgamecreator\tests\llmgamecreator.tests\bin\debug\net8.0-windows\llmgamecreator.tests.dll" id="6694b604-7795-9c11-9983-93cb220d22c6">
      <Execution id="0da972cd-0735-4d3b-8a90-e6c4bb609075" />
      <TestMethod codeBase="C:\Users\endim\LLMGameCreator\tests\LLMGameCreator.Tests\bin\Debug\net8.0-windows\LLMGameCreator.Tests.dll" adapterTypeName="executor://xunit/VsTestRunner2/netcoreapp" className="LLMGameCreator.Tests.Application.PackageAssemblyItemsEconomyCrafting.PackageAssemblyItemsEconomyCraftingAcceptanceTests" name="RejectsMissingEvidenceAndAntiOverfitFailure" />
    </UnitTest>
    <UnitTest name="LLMGameCreator.Tests.Application.PackageAssemblyItemsEconomyCrafting.PackageAssemblyItemsEconomyCraftingAcceptanceTests.AssemblerMapsItemsResourcesRecipesLootTransactionsInventoriesAndSlots" storage="c:\users\endim\llmgamecreator\tests\llmgamecreator.tests\bin\debug\net8.0-windows\llmgamecreator.tests.dll" id="c8311b1e-b7e3-021c-de25-5a2498420485">
      <Execution id="adb2a8ed-ee68-4bce-b83b-849eae8e3568" />
      <TestMethod codeBase="C:\Users\endim\LLMGameCreator\tests\LLMGameCreator.Tests\bin\Debug\net8.0-windows\LLMGameCreator.Tests.dll" adapterTypeName="executor://xunit/VsTestRunner2/netcoreapp" className="LLMGameCreator.Tests.Application.PackageAssemblyItemsEconomyCrafting.PackageAssemblyItemsEconomyCraftingAcceptanceTests" name="AssemblerMapsItemsResourcesRecipesLootTransactionsInventoriesAndSlots" />
    </UnitTest>
    <UnitTest name="LLMGameCreator.Tests.Application.PackageAssemblyItemsEconomyCrafting.PackageAssemblyItemsEconomyCraftingAcceptanceTests.RealAndSyntheticConsumersProduceEconomyPackageRecords" storage="c:\users\endim\llmgamecreator\tests\llmgamecreator.tests\bin\debug\net8.0-windows\llmgamecreator.tests.dll" id="f346a980-1446-0f5c-a49d-77d20c8ffe80">
      <Execution id="df77c3c9-cd37-4f84-b7bc-a565381574f1" />
      <TestMethod codeBase="C:\Users\endim\LLMGameCreator\tests\LLMGameCreator.Tests\bin\Debug\net8.0-windows\LLMGameCreator.Tests.dll" adapterTypeName="executor://xunit/VsTestRunner2/netcoreapp" className="LLMGameCreator.Tests.Application.PackageAssemblyItemsEconomyCrafting.PackageAssemblyItemsEconomyCraftingAcceptanceTests" name="RealAndSyntheticConsumersProduceEconomyPackageRecords" />
    </UnitTest>
  </TestDefinitions>
  <TestEntries>
    <TestEntry testId="6694b604-7795-9c11-9983-93cb220d22c6" executionId="0da972cd-0735-4d3b-8a90-e6c4bb609075" testListId="8c84fa94-04c1-424b-9868-57a2d4851a1d" />
    <TestEntry testId="3120cf3b-6610-5170-662d-ae0da3e03f03" executionId="189ee314-a90f-4efd-9d95-0c13079e606b" testListId="8c84fa94-04c1-424b-9868-57a2d4851a1d" />
    <TestEntry testId="9b377dfa-9bb0-93fc-c245-6435cc25a3bf" executionId="9a68d9ac-ff30-40ba-8565-96ff70023906" testListId="8c84fa94-04c1-424b-9868-57a2d4851a1d" />
    <TestEntry testId="c8311b1e-b7e3-021c-de25-5a2498420485" executionId="adb2a8ed-ee68-4bce-b83b-849eae8e3568" testListId="8c84fa94-04c1-424b-9868-57a2d4851a1d" />
    <TestEntry testId="ac1d1ea9-b954-ea45-ed82-35498899721e" executionId="0a9ee360-9fba-4ad7-b4b3-49cad05dca7f" testListId="8c84fa94-04c1-424b-9868-57a2d4851a1d" />
    <TestEntry testId="fac5f4da-7fb5-8a4d-ac8a-d8c09954dc42" executionId="027db05b-9722-470b-8d0a-a275aa1e431b" testListId="8c84fa94-04c1-424b-9868-57a2d4851a1d" />
    <TestEntry testId="f346a980-1446-0f5c-a49d-77d20c8ffe80" executionId="df77c3c9-cd37-4f84-b7bc-a565381574f1" testListId="8c84fa94-04c1-424b-9868-57a2d4851a1d" />
  </TestEntries>
  <TestLists>
    <TestList name="Results Not in a List" id="8c84fa94-04c1-424b-9868-57a2d4851a1d" />
    <TestList name="All Loaded Results" id="19431567-8539-422a-85d7-44ee4e166bda" />
  </TestLists>
  <ResultSummary outcome="Completed">
    <Counters total="7" executed="7" passed="7" failed="0" error="0" timeout="0" aborted="0" inconclusive="0" passedButRunAborted="0" notRunnable="0" notExecuted="0" disconnected="0" warning="0" completed="0" inProgress="0" pending="0" />
    <Output>
      <StdOut>[xUnit.net 00:00:00.00] xUnit.net VSTest Adapter v2.8.2+699d445a1a (64-bit .NET 8.0.26)&#xD;
[xUnit.net 00:00:00.15]   Discovering: LLMGameCreator.Tests&#xD;
[xUnit.net 00:00:00.37]   Discovered:  LLMGameCreator.Tests&#xD;
[xUnit.net 00:00:00.38]   Starting:    LLMGameCreator.Tests&#xD;
[xUnit.net 00:00:00.86]   Finished:    LLMGameCreator.Tests&#xD;
</StdOut>
    </Output>
  </ResultSummary>
</TestRun>