<?xml version="1.0" encoding="utf-8"?>
<TestRun id="fe6f5638-0154-4ad2-9c35-b2032a485ba7" name="endim@DESKTOP-SM838SH 2026-07-12 13:57:05" runUser="DESKTOP-SM838SH\endim" xmlns="http://microsoft.com/schemas/VisualStudio/TeamTest/2010">
  <Times creation="2026-07-12T13:57:05.8974557+03:00" queuing="2026-07-12T13:57:05.8974559+03:00" start="2026-07-12T13:57:04.7929648+03:00" finish="2026-07-12T13:57:05.9021318+03:00" />
  <TestSettings name="default" id="448f3b9a-41e3-4845-b8e4-8540578eae42">
    <Deployment runDeploymentRoot="endim_DESKTOP-SM838SH_2026-07-12_13_57_05" />
  </TestSettings>
  <Results>
    <UnitTestResult executionId="280b99c1-5582-49ac-a4a6-5d5bdaa7ea35" testId="b0a25140-5815-6e3a-c520-49eaa8303788" testName="LLMGameCreator.Tests.Runtime.CanonicalRuntimePlayerCommandLoopServiceTests.SelectedCandidateRunsPlayerCommandLoopThroughRuntime" computerName="DESKTOP-SM838SH" duration="00:00:00.2299540" startTime="2026-07-12T13:57:05.8082239+03:00" endTime="2026-07-12T13:57:05.8082400+03:00" testType="13cdc9d9-ddb5-4fa4-a97d-d965ccfc6d4b" outcome="Passed" testListId="8c84fa94-04c1-424b-9868-57a2d4851a1d" relativeResultsDirectory="280b99c1-5582-49ac-a4a6-5d5bdaa7ea35" />
  </Results>
  <TestDefinitions>
    <UnitTest name="LLMGameCreator.Tests.Runtime.CanonicalRuntimePlayerCommandLoopServiceTests.SelectedCandidateRunsPlayerCommandLoopThroughRuntime" storage="c:\users\endim\llmgamecreator\tests\llmgamecreator.tests\bin\debug\net8.0-windows\llmgamecreator.tests.dll" id="b0a25140-5815-6e3a-c520-49eaa8303788">
      <Execution id="280b99c1-5582-49ac-a4a6-5d5bdaa7ea35" />
      <TestMethod codeBase="C:\Users\endim\LLMGameCreator\tests\LLMGameCreator.Tests\bin\Debug\net8.0-windows\LLMGameCreator.Tests.dll" adapterTypeName="executor://xunit/VsTestRunner2/netcoreapp" className="LLMGameCreator.Tests.Runtime.CanonicalRuntimePlayerCommandLoopServiceTests" name="SelectedCandidateRunsPlayerCommandLoopThroughRuntime" />
    </UnitTest>
  </TestDefinitions>
  <TestEntries>
    <TestEntry testId="b0a25140-5815-6e3a-c520-49eaa8303788" executionId="280b99c1-5582-49ac-a4a6-5d5bdaa7ea35" testListId="8c84fa94-04c1-424b-9868-57a2d4851a1d" />
  </TestEntries>
  <TestLists>
    <TestList name="Results Not in a List" id="8c84fa94-04c1-424b-9868-57a2d4851a1d" />
    <TestList name="All Loaded Results" id="19431567-8539-422a-85d7-44ee4e166bda" />
  </TestLists>
  <ResultSummary outcome="Completed">
    <Counters total="1" executed="1" passed="1" failed="0" error="0" timeout="0" aborted="0" inconclusive="0" passedButRunAborted="0" notRunnable="0" notExecuted="0" disconnected="0" warning="0" completed="0" inProgress="0" pending="0" />
    <Output>
      <StdOut>[xUnit.net 00:00:00.00] xUnit.net VSTest Adapter v2.8.2+699d445a1a (64-bit .NET 8.0.26)&#xD;
[xUnit.net 00:00:00.15]   Discovering: LLMGameCreator.Tests&#xD;
[xUnit.net 00:00:00.35]   Discovered:  LLMGameCreator.Tests&#xD;
[xUnit.net 00:00:00.36]   Starting:    LLMGameCreator.Tests&#xD;
[xUnit.net 00:00:00.62]   Finished:    LLMGameCreator.Tests&#xD;
</StdOut>
    </Output>
  </ResultSummary>
</TestRun>