<?xml version="1.0" encoding="utf-8"?>
<TestRun id="4e2fe960-f487-4f7c-9683-37d1756a7de6" name="endim@DESKTOP-SM838SH 2026-07-12 13:05:06" runUser="DESKTOP-SM838SH\endim" xmlns="http://microsoft.com/schemas/VisualStudio/TeamTest/2010">
  <Times creation="2026-07-12T13:05:06.1597415+03:00" queuing="2026-07-12T13:05:06.1597418+03:00" start="2026-07-12T13:05:05.2961731+03:00" finish="2026-07-12T13:05:06.1657673+03:00" />
  <TestSettings name="default" id="2f12e948-11de-46ae-8ea7-5fb33d14a942">
    <Deployment runDeploymentRoot="endim_DESKTOP-SM838SH_2026-07-12_13_05_06" />
  </TestSettings>
  <Results>
    <UnitTestResult executionId="c54e87ca-3982-4344-8c81-9e772794cca8" testId="661779c5-5ccc-ed79-e31b-b55306c15855" testName="LLMGameCreator.Tests.Application.LuaModuleManifestRegistry.LuaModuleManifestValidatorTests.DeniedHostApiGroupAsAllowedReturnsDiagnosticInsteadOfThrowing" computerName="DESKTOP-SM838SH" duration="00:00:00.0366263" startTime="2026-07-12T13:05:06.0555260+03:00" endTime="2026-07-12T13:05:06.0555421+03:00" testType="13cdc9d9-ddb5-4fa4-a97d-d965ccfc6d4b" outcome="Passed" testListId="8c84fa94-04c1-424b-9868-57a2d4851a1d" relativeResultsDirectory="c54e87ca-3982-4344-8c81-9e772794cca8" />
    <UnitTestResult executionId="45d08b9b-4562-4f68-8048-3ddda5350881" testId="962731d3-d1b2-ec87-2384-62c8cc9507ad" testName="LLMGameCreator.Tests.Application.LuaModuleManifestRegistry.LuaModuleManifestValidatorTests.InvalidMatrixCoversCausalFakeLeakAndBoundaryDiagnostics" computerName="DESKTOP-SM838SH" duration="00:00:00.0179154" startTime="2026-07-12T13:05:06.0731959+03:00" endTime="2026-07-12T13:05:06.0731962+03:00" testType="13cdc9d9-ddb5-4fa4-a97d-d965ccfc6d4b" outcome="Passed" testListId="8c84fa94-04c1-424b-9868-57a2d4851a1d" relativeResultsDirectory="45d08b9b-4562-4f68-8048-3ddda5350881" />
  </Results>
  <TestDefinitions>
    <UnitTest name="LLMGameCreator.Tests.Application.LuaModuleManifestRegistry.LuaModuleManifestValidatorTests.InvalidMatrixCoversCausalFakeLeakAndBoundaryDiagnostics" storage="c:\users\endim\llmgamecreator\tests\llmgamecreator.tests\bin\debug\net8.0-windows\llmgamecreator.tests.dll" id="962731d3-d1b2-ec87-2384-62c8cc9507ad">
      <Execution id="45d08b9b-4562-4f68-8048-3ddda5350881" />
      <TestMethod codeBase="C:\Users\endim\LLMGameCreator\tests\LLMGameCreator.Tests\bin\Debug\net8.0-windows\LLMGameCreator.Tests.dll" adapterTypeName="executor://xunit/VsTestRunner2/netcoreapp" className="LLMGameCreator.Tests.Application.LuaModuleManifestRegistry.LuaModuleManifestValidatorTests" name="InvalidMatrixCoversCausalFakeLeakAndBoundaryDiagnostics" />
    </UnitTest>
    <UnitTest name="LLMGameCreator.Tests.Application.LuaModuleManifestRegistry.LuaModuleManifestValidatorTests.DeniedHostApiGroupAsAllowedReturnsDiagnosticInsteadOfThrowing" storage="c:\users\endim\llmgamecreator\tests\llmgamecreator.tests\bin\debug\net8.0-windows\llmgamecreator.tests.dll" id="661779c5-5ccc-ed79-e31b-b55306c15855">
      <Execution id="c54e87ca-3982-4344-8c81-9e772794cca8" />
      <TestMethod codeBase="C:\Users\endim\LLMGameCreator\tests\LLMGameCreator.Tests\bin\Debug\net8.0-windows\LLMGameCreator.Tests.dll" adapterTypeName="executor://xunit/VsTestRunner2/netcoreapp" className="LLMGameCreator.Tests.Application.LuaModuleManifestRegistry.LuaModuleManifestValidatorTests" name="DeniedHostApiGroupAsAllowedReturnsDiagnosticInsteadOfThrowing" />
    </UnitTest>
  </TestDefinitions>
  <TestEntries>
    <TestEntry testId="661779c5-5ccc-ed79-e31b-b55306c15855" executionId="c54e87ca-3982-4344-8c81-9e772794cca8" testListId="8c84fa94-04c1-424b-9868-57a2d4851a1d" />
    <TestEntry testId="962731d3-d1b2-ec87-2384-62c8cc9507ad" executionId="45d08b9b-4562-4f68-8048-3ddda5350881" testListId="8c84fa94-04c1-424b-9868-57a2d4851a1d" />
  </TestEntries>
  <TestLists>
    <TestList name="Results Not in a List" id="8c84fa94-04c1-424b-9868-57a2d4851a1d" />
    <TestList name="All Loaded Results" id="19431567-8539-422a-85d7-44ee4e166bda" />
  </TestLists>
  <ResultSummary outcome="Completed">
    <Counters total="2" executed="2" passed="2" failed="0" error="0" timeout="0" aborted="0" inconclusive="0" passedButRunAborted="0" notRunnable="0" notExecuted="0" disconnected="0" warning="0" completed="0" inProgress="0" pending="0" />
    <Output>
      <StdOut>[xUnit.net 00:00:00.00] xUnit.net VSTest Adapter v2.8.2+699d445a1a (64-bit .NET 8.0.26)&#xD;
[xUnit.net 00:00:00.14]   Discovering: LLMGameCreator.Tests&#xD;
[xUnit.net 00:00:00.33]   Discovered:  LLMGameCreator.Tests&#xD;
[xUnit.net 00:00:00.34]   Starting:    LLMGameCreator.Tests&#xD;
[xUnit.net 00:00:00.43]   Finished:    LLMGameCreator.Tests&#xD;
</StdOut>
    </Output>
  </ResultSummary>
</TestRun>