<?xml version="1.0" encoding="utf-8"?>
<TestRun id="310127c2-7624-4ed3-8819-410358949fa2" name="endim@DESKTOP-SM838SH 2026-07-12 13:11:01" runUser="DESKTOP-SM838SH\endim" xmlns="http://microsoft.com/schemas/VisualStudio/TeamTest/2010">
  <Times creation="2026-07-12T13:11:01.9997197+03:00" queuing="2026-07-12T13:11:01.9997200+03:00" start="2026-07-12T13:11:00.8051158+03:00" finish="2026-07-12T13:11:02.0059797+03:00" />
  <TestSettings name="default" id="08c3bd74-be1d-4000-acf3-860b0ad4674d">
    <Deployment runDeploymentRoot="endim_DESKTOP-SM838SH_2026-07-12_13_11_01" />
  </TestSettings>
  <Results>
    <UnitTestResult executionId="655f5880-7bcf-468f-ac31-ae365c2b48c7" testId="1d4fbabf-7417-a267-212d-c1cfc002b51d" testName="LLMGameCreator.Tests.Application.RuntimePreview.GeneratedMicrogameChallengePreviewServiceTests.GeneratedMicrogameChallengeResolveShowsRewardAndCompletionEvidence" computerName="DESKTOP-SM838SH" duration="00:00:00.0065427" startTime="2026-07-12T13:11:01.9134686+03:00" endTime="2026-07-12T13:11:01.9134689+03:00" testType="13cdc9d9-ddb5-4fa4-a97d-d965ccfc6d4b" outcome="Passed" testListId="8c84fa94-04c1-424b-9868-57a2d4851a1d" relativeResultsDirectory="655f5880-7bcf-468f-ac31-ae365c2b48c7" />
    <UnitTestResult executionId="1ff7ef11-cda8-4071-8ab5-b394e04fcf5d" testId="5823254a-bc65-dffb-b6b7-f5a0824c0364" testName="LLMGameCreator.Tests.Application.RuntimePreview.GeneratedMicrogameChallengePreviewServiceTests.GeneratedMicrogameChallengeIsDeterministicAndLinkedToActiveGoal" computerName="DESKTOP-SM838SH" duration="00:00:00.3721941" startTime="2026-07-12T13:11:01.9072084+03:00" endTime="2026-07-12T13:11:01.9072250+03:00" testType="13cdc9d9-ddb5-4fa4-a97d-d965ccfc6d4b" outcome="Passed" testListId="8c84fa94-04c1-424b-9868-57a2d4851a1d" relativeResultsDirectory="1ff7ef11-cda8-4071-8ab5-b394e04fcf5d" />
  </Results>
  <TestDefinitions>
    <UnitTest name="LLMGameCreator.Tests.Application.RuntimePreview.GeneratedMicrogameChallengePreviewServiceTests.GeneratedMicrogameChallengeIsDeterministicAndLinkedToActiveGoal" storage="c:\users\endim\llmgamecreator\tests\llmgamecreator.tests\bin\debug\net8.0-windows\llmgamecreator.tests.dll" id="5823254a-bc65-dffb-b6b7-f5a0824c0364">
      <Execution id="1ff7ef11-cda8-4071-8ab5-b394e04fcf5d" />
      <TestMethod codeBase="C:\Users\endim\LLMGameCreator\tests\LLMGameCreator.Tests\bin\Debug\net8.0-windows\LLMGameCreator.Tests.dll" adapterTypeName="executor://xunit/VsTestRunner2/netcoreapp" className="LLMGameCreator.Tests.Application.RuntimePreview.GeneratedMicrogameChallengePreviewServiceTests" name="GeneratedMicrogameChallengeIsDeterministicAndLinkedToActiveGoal" />
    </UnitTest>
    <UnitTest name="LLMGameCreator.Tests.Application.RuntimePreview.GeneratedMicrogameChallengePreviewServiceTests.GeneratedMicrogameChallengeResolveShowsRewardAndCompletionEvidence" storage="c:\users\endim\llmgamecreator\tests\llmgamecreator.tests\bin\debug\net8.0-windows\llmgamecreator.tests.dll" id="1d4fbabf-7417-a267-212d-c1cfc002b51d">
      <Execution id="655f5880-7bcf-468f-ac31-ae365c2b48c7" />
      <TestMethod codeBase="C:\Users\endim\LLMGameCreator\tests\LLMGameCreator.Tests\bin\Debug\net8.0-windows\LLMGameCreator.Tests.dll" adapterTypeName="executor://xunit/VsTestRunner2/netcoreapp" className="LLMGameCreator.Tests.Application.RuntimePreview.GeneratedMicrogameChallengePreviewServiceTests" name="GeneratedMicrogameChallengeResolveShowsRewardAndCompletionEvidence" />
    </UnitTest>
  </TestDefinitions>
  <TestEntries>
    <TestEntry testId="1d4fbabf-7417-a267-212d-c1cfc002b51d" executionId="655f5880-7bcf-468f-ac31-ae365c2b48c7" testListId="8c84fa94-04c1-424b-9868-57a2d4851a1d" />
    <TestEntry testId="5823254a-bc65-dffb-b6b7-f5a0824c0364" executionId="1ff7ef11-cda8-4071-8ab5-b394e04fcf5d" testListId="8c84fa94-04c1-424b-9868-57a2d4851a1d" />
  </TestEntries>
  <TestLists>
    <TestList name="Results Not in a List" id="8c84fa94-04c1-424b-9868-57a2d4851a1d" />
    <TestList name="All Loaded Results" id="19431567-8539-422a-85d7-44ee4e166bda" />
  </TestLists>
  <ResultSummary outcome="Completed">
    <Counters total="2" executed="2" passed="2" failed="0" error="0" timeout="0" aborted="0" inconclusive="0" passedButRunAborted="0" notRunnable="0" notExecuted="0" disconnected="0" warning="0" completed="0" inProgress="0" pending="0" />
    <Output>
      <StdOut>[xUnit.net 00:00:00.00] xUnit.net VSTest Adapter v2.8.2+699d445a1a (64-bit .NET 8.0.26)&#xD;
[xUnit.net 00:00:00.14]   Discovering: LLMGameCreator.Tests&#xD;
[xUnit.net 00:00:00.34]   Discovered:  LLMGameCreator.Tests&#xD;
[xUnit.net 00:00:00.35]   Starting:    LLMGameCreator.Tests&#xD;
[xUnit.net 00:00:00.76]   Finished:    LLMGameCreator.Tests&#xD;
</StdOut>
    </Output>
  </ResultSummary>
</TestRun>