<?xml version="1.0" encoding="utf-8"?>
<TestRun id="baa5dbe9-f02f-4a8e-a2a2-e4effb420128" name="endim@DESKTOP-SM838SH 2026-07-12 13:06:01" runUser="DESKTOP-SM838SH\endim" xmlns="http://microsoft.com/schemas/VisualStudio/TeamTest/2010">
  <Times creation="2026-07-12T13:06:01.2868487+03:00" queuing="2026-07-12T13:06:01.2868491+03:00" start="2026-07-12T13:05:59.4291036+03:00" finish="2026-07-12T13:06:01.2919618+03:00" />
  <TestSettings name="default" id="e0b247ed-b476-4213-a400-95a4a0b4c27f">
    <Deployment runDeploymentRoot="endim_DESKTOP-SM838SH_2026-07-12_13_06_01" />
  </TestSettings>
  <Results>
    <UnitTestResult executionId="349c4b50-013a-4a2f-8cfc-056c42210669" testId="d66a1d42-dba9-ae2c-8238-922ea1dac38b" testName="LLMGameCreator.Tests.Application.MultiFamilyGeneratedTemplateVerticalSlice.MultiFamilyGeneratedTemplateEvidenceTests.EvidenceWriterCreatesRequiredFilesAndDeterministicReport" computerName="DESKTOP-SM838SH" duration="00:00:00.9876230" startTime="2026-07-12T13:06:01.1991221+03:00" endTime="2026-07-12T13:06:01.1991380+03:00" testType="13cdc9d9-ddb5-4fa4-a97d-d965ccfc6d4b" outcome="Passed" testListId="8c84fa94-04c1-424b-9868-57a2d4851a1d" relativeResultsDirectory="349c4b50-013a-4a2f-8cfc-056c42210669" />
  </Results>
  <TestDefinitions>
    <UnitTest name="LLMGameCreator.Tests.Application.MultiFamilyGeneratedTemplateVerticalSlice.MultiFamilyGeneratedTemplateEvidenceTests.EvidenceWriterCreatesRequiredFilesAndDeterministicReport" storage="c:\users\endim\llmgamecreator\tests\llmgamecreator.tests\bin\debug\net8.0-windows\llmgamecreator.tests.dll" id="d66a1d42-dba9-ae2c-8238-922ea1dac38b">
      <Execution id="349c4b50-013a-4a2f-8cfc-056c42210669" />
      <TestMethod codeBase="C:\Users\endim\LLMGameCreator\tests\LLMGameCreator.Tests\bin\Debug\net8.0-windows\LLMGameCreator.Tests.dll" adapterTypeName="executor://xunit/VsTestRunner2/netcoreapp" className="LLMGameCreator.Tests.Application.MultiFamilyGeneratedTemplateVerticalSlice.MultiFamilyGeneratedTemplateEvidenceTests" name="EvidenceWriterCreatesRequiredFilesAndDeterministicReport" />
    </UnitTest>
  </TestDefinitions>
  <TestEntries>
    <TestEntry testId="d66a1d42-dba9-ae2c-8238-922ea1dac38b" executionId="349c4b50-013a-4a2f-8cfc-056c42210669" testListId="8c84fa94-04c1-424b-9868-57a2d4851a1d" />
  </TestEntries>
  <TestLists>
    <TestList name="Results Not in a List" id="8c84fa94-04c1-424b-9868-57a2d4851a1d" />
    <TestList name="All Loaded Results" id="19431567-8539-422a-85d7-44ee4e166bda" />
  </TestLists>
  <ResultSummary outcome="Completed">
    <Counters total="1" executed="1" passed="1" failed="0" error="0" timeout="0" aborted="0" inconclusive="0" passedButRunAborted="0" notRunnable="0" notExecuted="0" disconnected="0" warning="0" completed="0" inProgress="0" pending="0" />
    <Output>
      <StdOut>[xUnit.net 00:00:00.00] xUnit.net VSTest Adapter v2.8.2+699d445a1a (64-bit .NET 8.0.26)&#xD;
[xUnit.net 00:00:00.15]   Discovering: LLMGameCreator.Tests&#xD;
[xUnit.net 00:00:00.40]   Discovered:  LLMGameCreator.Tests&#xD;
[xUnit.net 00:00:00.41]   Starting:    LLMGameCreator.Tests&#xD;
[xUnit.net 00:00:01.44]   Finished:    LLMGameCreator.Tests&#xD;
</StdOut>
    </Output>
  </ResultSummary>
</TestRun>