<?xml version="1.0" encoding="utf-8"?>
<TestRun id="08f05325-9cf8-400b-8ca7-b8e05a472577" name="endim@DESKTOP-SM838SH 2026-07-12 13:29:25" runUser="DESKTOP-SM838SH\endim" xmlns="http://microsoft.com/schemas/VisualStudio/TeamTest/2010">
  <Times creation="2026-07-12T13:29:25.1665380+03:00" queuing="2026-07-12T13:29:25.1665384+03:00" start="2026-07-12T13:29:23.2413889+03:00" finish="2026-07-12T13:29:25.1735744+03:00" />
  <TestSettings name="default" id="adf1b4e2-4468-4f54-8524-097cd65308a1">
    <Deployment runDeploymentRoot="endim_DESKTOP-SM838SH_2026-07-12_13_29_25" />
  </TestSettings>
  <Results>
    <UnitTestResult executionId="28b8c2a5-364c-454b-80ea-3476b1a5f2dd" testId="381ced98-f351-61aa-97ac-fb22347506b7" testName="LLMGameCreator.Tests.ProductSmoke.AcceptedAlphaUnityPlayableProjectionProductSmokeTests.ProductSmokeWritesProjectionArtifactsAndWorkspaceSurface" computerName="DESKTOP-SM838SH" duration="00:00:01.1535062" startTime="2026-07-12T13:29:25.1001996+03:00" endTime="2026-07-12T13:29:25.1002159+03:00" testType="13cdc9d9-ddb5-4fa4-a97d-d965ccfc6d4b" outcome="Failed" testListId="8c84fa94-04c1-424b-9868-57a2d4851a1d" relativeResultsDirectory="28b8c2a5-364c-454b-80ea-3476b1a5f2dd">
      <Output>
        <ErrorInfo>
          <Message>Assert.Equal() Failure: Strings differ&#xD;
           ↓ (pos 0)&#xD;
Expected: "GREEN"&#xD;
Actual:   "BLOCKED"&#xD;
           ↑ (pos 0)</Message>
          <StackTrace>   at LLMGameCreator.Tests.ProductSmoke.AcceptedAlphaUnityPlayableProjectionProductSmokeTests.ProductSmokeWritesProjectionArtifactsAndWorkspaceSurface() in C:\Users\endim\LLMGameCreator\tests\LLMGameCreator.Tests\ProductSmoke\AcceptedAlphaUnityPlayableProjectionProductSmokeTests.cs:line 65&#xD;
--- End of stack trace from previous location ---</StackTrace>
        </ErrorInfo>
      </Output>
    </UnitTestResult>
  </Results>
  <TestDefinitions>
    <UnitTest name="LLMGameCreator.Tests.ProductSmoke.AcceptedAlphaUnityPlayableProjectionProductSmokeTests.ProductSmokeWritesProjectionArtifactsAndWorkspaceSurface" storage="c:\users\endim\llmgamecreator\tests\llmgamecreator.tests\bin\debug\net8.0-windows\llmgamecreator.tests.dll" id="381ced98-f351-61aa-97ac-fb22347506b7">
      <Execution id="28b8c2a5-364c-454b-80ea-3476b1a5f2dd" />
      <TestMethod codeBase="C:\Users\endim\LLMGameCreator\tests\LLMGameCreator.Tests\bin\Debug\net8.0-windows\LLMGameCreator.Tests.dll" adapterTypeName="executor://xunit/VsTestRunner2/netcoreapp" className="LLMGameCreator.Tests.ProductSmoke.AcceptedAlphaUnityPlayableProjectionProductSmokeTests" name="ProductSmokeWritesProjectionArtifactsAndWorkspaceSurface" />
    </UnitTest>
  </TestDefinitions>
  <TestEntries>
    <TestEntry testId="381ced98-f351-61aa-97ac-fb22347506b7" executionId="28b8c2a5-364c-454b-80ea-3476b1a5f2dd" testListId="8c84fa94-04c1-424b-9868-57a2d4851a1d" />
  </TestEntries>
  <TestLists>
    <TestList name="Results Not in a List" id="8c84fa94-04c1-424b-9868-57a2d4851a1d" />
    <TestList name="All Loaded Results" id="19431567-8539-422a-85d7-44ee4e166bda" />
  </TestLists>
  <ResultSummary outcome="Failed">
    <Counters total="1" executed="1" passed="0" failed="1" error="0" timeout="0" aborted="0" inconclusive="0" passedButRunAborted="0" notRunnable="0" notExecuted="0" disconnected="0" warning="0" completed="0" inProgress="0" pending="0" />
    <Output>
      <StdOut>[xUnit.net 00:00:00.00] xUnit.net VSTest Adapter v2.8.2+699d445a1a (64-bit .NET 8.0.26)&#xD;
[xUnit.net 00:00:00.14]   Discovering: LLMGameCreator.Tests&#xD;
[xUnit.net 00:00:00.32]   Discovered:  LLMGameCreator.Tests&#xD;
[xUnit.net 00:00:00.33]   Starting:    LLMGameCreator.Tests&#xD;
[xUnit.net 00:00:01.53]       Assert.Equal() Failure: Strings differ&#xD;
[xUnit.net 00:00:01.53]                  ↓ (pos 0)&#xD;
[xUnit.net 00:00:01.53]       Expected: "GREEN"&#xD;
[xUnit.net 00:00:01.53]       Actual:   "BLOCKED"&#xD;
[xUnit.net 00:00:01.53]                  ↑ (pos 0)&#xD;
[xUnit.net 00:00:01.53]       Stack Trace:&#xD;
[xUnit.net 00:00:01.53]         C:\Users\endim\LLMGameCreator\tests\LLMGameCreator.Tests\ProductSmoke\AcceptedAlphaUnityPlayableProjectionProductSmokeTests.cs(65,0): at LLMGameCreator.Tests.ProductSmoke.AcceptedAlphaUnityPlayableProjectionProductSmokeTests.ProductSmokeWritesProjectionArtifactsAndWorkspaceSurface()&#xD;
[xUnit.net 00:00:01.53]         --- End of stack trace from previous location ---&#xD;
[xUnit.net 00:00:01.53]   Finished:    LLMGameCreator.Tests&#xD;
</StdOut>
    </Output>
    <RunInfos>
      <RunInfo computerName="DESKTOP-SM838SH" outcome="Error" timestamp="2026-07-12T13:29:25.0985829+03:00">
        <Text>[xUnit.net 00:00:01.53]     LLMGameCreator.Tests.ProductSmoke.AcceptedAlphaUnityPlayableProjectionProductSmokeTests.ProductSmokeWritesProjectionArtifactsAndWorkspaceSurface [FAIL]</Text>
      </RunInfo>
    </RunInfos>
  </ResultSummary>
</TestRun>