<?xml version="1.0" encoding="utf-8"?>
<TestRun id="8a26e707-efdd-46f9-bf73-2b335aec6e40" name="endim@DESKTOP-SM838SH 2026-07-12 13:42:41" runUser="DESKTOP-SM838SH\endim" xmlns="http://microsoft.com/schemas/VisualStudio/TeamTest/2010">
  <Times creation="2026-07-12T13:42:41.3595580+03:00" queuing="2026-07-12T13:42:41.3595582+03:00" start="2026-07-12T13:42:40.2900049+03:00" finish="2026-07-12T13:42:41.3681183+03:00" />
  <TestSettings name="default" id="4e97d836-d781-4a56-8a41-3d5461b286d0">
    <Deployment runDeploymentRoot="endim_DESKTOP-SM838SH_2026-07-12_13_42_41" />
  </TestSettings>
  <Results>
    <UnitTestResult executionId="c8ae81c0-a755-4859-8fe4-04de410515fe" testId="36ca0ac1-98b3-80f8-c680-36c21ddb8fab" testName="LLMGameCreator.Tests.ProductSmoke.OfflineGeoworldUnityPreviewRunnerProductSmokeTests.Goal101OfflineGeoworldUnityPreviewRunnerProductSmoke" computerName="DESKTOP-SM838SH" duration="00:00:00.2051038" startTime="2026-07-12T13:42:41.2710691+03:00" endTime="2026-07-12T13:42:41.2710924+03:00" testType="13cdc9d9-ddb5-4fa4-a97d-d965ccfc6d4b" outcome="Failed" testListId="8c84fa94-04c1-424b-9868-57a2d4851a1d" relativeResultsDirectory="c8ae81c0-a755-4859-8fe4-04de410515fe">
      <Output>
        <ErrorInfo>
          <Message>Assert.True() Failure&#xD;
Expected: True&#xD;
Actual:   False</Message>
          <StackTrace>   at LLMGameCreator.Tests.ProductSmoke.OfflineGeoworldUnityPreviewRunnerProductSmokeTests.Goal101OfflineGeoworldUnityPreviewRunnerProductSmoke() in C:\Users\endim\LLMGameCreator\tests\LLMGameCreator.Tests\ProductSmoke\OfflineGeoworldUnityPreviewRunnerProductSmokeTests.cs:line 41&#xD;
--- End of stack trace from previous location ---</StackTrace>
        </ErrorInfo>
      </Output>
    </UnitTestResult>
  </Results>
  <TestDefinitions>
    <UnitTest name="LLMGameCreator.Tests.ProductSmoke.OfflineGeoworldUnityPreviewRunnerProductSmokeTests.Goal101OfflineGeoworldUnityPreviewRunnerProductSmoke" storage="c:\users\endim\llmgamecreator\tests\llmgamecreator.tests\bin\debug\net8.0-windows\llmgamecreator.tests.dll" id="36ca0ac1-98b3-80f8-c680-36c21ddb8fab">
      <Execution id="c8ae81c0-a755-4859-8fe4-04de410515fe" />
      <TestMethod codeBase="C:\Users\endim\LLMGameCreator\tests\LLMGameCreator.Tests\bin\Debug\net8.0-windows\LLMGameCreator.Tests.dll" adapterTypeName="executor://xunit/VsTestRunner2/netcoreapp" className="LLMGameCreator.Tests.ProductSmoke.OfflineGeoworldUnityPreviewRunnerProductSmokeTests" name="Goal101OfflineGeoworldUnityPreviewRunnerProductSmoke" />
    </UnitTest>
  </TestDefinitions>
  <TestEntries>
    <TestEntry testId="36ca0ac1-98b3-80f8-c680-36c21ddb8fab" executionId="c8ae81c0-a755-4859-8fe4-04de410515fe" testListId="8c84fa94-04c1-424b-9868-57a2d4851a1d" />
  </TestEntries>
  <TestLists>
    <TestList name="Results Not in a List" id="8c84fa94-04c1-424b-9868-57a2d4851a1d" />
    <TestList name="All Loaded Results" id="19431567-8539-422a-85d7-44ee4e166bda" />
  </TestLists>
  <ResultSummary outcome="Failed">
    <Counters total="1" executed="1" passed="0" failed="1" error="0" timeout="0" aborted="0" inconclusive="0" passedButRunAborted="0" notRunnable="0" notExecuted="0" disconnected="0" warning="0" completed="0" inProgress="0" pending="0" />
    <Output>
      <StdOut>[xUnit.net 00:00:00.00] xUnit.net VSTest Adapter v2.8.2+699d445a1a (64-bit .NET 8.0.26)&#xD;
[xUnit.net 00:00:00.15]   Discovering: LLMGameCreator.Tests&#xD;
[xUnit.net 00:00:00.34]   Discovered:  LLMGameCreator.Tests&#xD;
[xUnit.net 00:00:00.35]   Starting:    LLMGameCreator.Tests&#xD;
[xUnit.net 00:00:00.60]       Assert.True() Failure&#xD;
[xUnit.net 00:00:00.60]       Expected: True&#xD;
[xUnit.net 00:00:00.60]       Actual:   False&#xD;
[xUnit.net 00:00:00.60]       Stack Trace:&#xD;
[xUnit.net 00:00:00.60]         C:\Users\endim\LLMGameCreator\tests\LLMGameCreator.Tests\ProductSmoke\OfflineGeoworldUnityPreviewRunnerProductSmokeTests.cs(41,0): at LLMGameCreator.Tests.ProductSmoke.OfflineGeoworldUnityPreviewRunnerProductSmokeTests.Goal101OfflineGeoworldUnityPreviewRunnerProductSmoke()&#xD;
[xUnit.net 00:00:00.60]         --- End of stack trace from previous location ---&#xD;
[xUnit.net 00:00:00.61]   Finished:    LLMGameCreator.Tests&#xD;
</StdOut>
    </Output>
    <RunInfos>
      <RunInfo computerName="DESKTOP-SM838SH" outcome="Error" timestamp="2026-07-12T13:42:41.2692527+03:00">
        <Text>[xUnit.net 00:00:00.60]     LLMGameCreator.Tests.ProductSmoke.OfflineGeoworldUnityPreviewRunnerProductSmokeTests.Goal101OfflineGeoworldUnityPreviewRunnerProductSmoke [FAIL]</Text>
      </RunInfo>
    </RunInfos>
  </ResultSummary>
</TestRun>