<?xml version="1.0" encoding="utf-8"?>
<TestRun id="26093411-e338-4666-b50e-8eadec9d0e2b" name="endim@DESKTOP-SM838SH 2026-07-12 13:13:33" runUser="DESKTOP-SM838SH\endim" xmlns="http://microsoft.com/schemas/VisualStudio/TeamTest/2010">
  <Times creation="2026-07-12T13:13:33.6117215+03:00" queuing="2026-07-12T13:13:33.6117219+03:00" start="2026-07-12T13:13:32.0974782+03:00" finish="2026-07-12T13:13:33.7219777+03:00" />
  <TestSettings name="default" id="5370d959-1e62-44ff-9d3f-fd3e94428d91">
    <Deployment runDeploymentRoot="endim_DESKTOP-SM838SH_2026-07-12_13_13_33" />
  </TestSettings>
  <Results>
    <UnitTestResult executionId="68708205-dfd6-4814-9e36-2f1fb22e1706" testId="1aa07c5e-cabe-9ccf-6d4f-55aa28b533f2" testName="LLMGameCreator.Tests.Application.UnityArchiveReviewComparisonTests.UnityArchiveReviewComparisonReportsDiagnosticChanges" computerName="DESKTOP-SM838SH" duration="00:00:00.0571376" startTime="2026-07-12T13:13:33.6694976+03:00" endTime="2026-07-12T13:13:33.6694978+03:00" testType="13cdc9d9-ddb5-4fa4-a97d-d965ccfc6d4b" outcome="Passed" testListId="8c84fa94-04c1-424b-9868-57a2d4851a1d" relativeResultsDirectory="68708205-dfd6-4814-9e36-2f1fb22e1706" />
    <UnitTestResult executionId="036c29c6-a807-4d71-be50-77a69e158dae" testId="608eab32-1fc9-f32d-2b55-4c0ee75cd3b2" testName="LLMGameCreator.Tests.Application.UnityArchiveReviewComparisonTests.UnityArchiveReviewComparisonOneSnapshotReturnsNoPreviousSnapshot" computerName="DESKTOP-SM838SH" duration="00:00:00.0309963" startTime="2026-07-12T13:13:33.3628855+03:00" endTime="2026-07-12T13:13:33.3628858+03:00" testType="13cdc9d9-ddb5-4fa4-a97d-d965ccfc6d4b" outcome="Passed" testListId="8c84fa94-04c1-424b-9868-57a2d4851a1d" relativeResultsDirectory="036c29c6-a807-4d71-be50-77a69e158dae" />
    <UnitTestResult executionId="87646a62-9006-4357-bb8f-3e5e6aede852" testId="2d03ea17-8524-9a53-9cc8-be83ed063d36" testName="LLMGameCreator.Tests.Application.UnityArchiveReviewComparisonTests.UnityArchiveReviewComparisonMissingReviewJsonReturnsMissingReview" computerName="DESKTOP-SM838SH" duration="00:00:00.0089871" startTime="2026-07-12T13:13:33.4788428+03:00" endTime="2026-07-12T13:13:33.4788431+03:00" testType="13cdc9d9-ddb5-4fa4-a97d-d965ccfc6d4b" outcome="Passed" testListId="8c84fa94-04c1-424b-9868-57a2d4851a1d" relativeResultsDirectory="87646a62-9006-4357-bb8f-3e5e6aede852" />
    <UnitTestResult executionId="14e2797b-0387-4232-add4-259f7e82d372" testId="e5baf001-2ed9-3909-3206-2378cfe4bacb" testName="LLMGameCreator.Tests.Application.UnityArchiveReviewComparisonTests.ComparisonReportsCurrentSnapshotNotIndexed" computerName="DESKTOP-SM838SH" duration="00:00:00.0620428" startTime="2026-07-12T13:13:33.4251940+03:00" endTime="2026-07-12T13:13:33.4251942+03:00" testType="13cdc9d9-ddb5-4fa4-a97d-d965ccfc6d4b" outcome="Passed" testListId="8c84fa94-04c1-424b-9868-57a2d4851a1d" relativeResultsDirectory="14e2797b-0387-4232-add4-259f7e82d372" />
    <UnitTestResult executionId="bf20707a-1643-4069-811c-ec7103a831bc" testId="592199b4-40e2-753d-8ebc-424b307f6486" testName="LLMGameCreator.Tests.Application.UnityArchiveReviewComparisonTests.UnityArchiveReviewComparisonContainsNoTimestamps" computerName="DESKTOP-SM838SH" duration="00:00:00.0835000" startTime="2026-07-12T13:13:33.3315722+03:00" endTime="2026-07-12T13:13:33.3315727+03:00" testType="13cdc9d9-ddb5-4fa4-a97d-d965ccfc6d4b" outcome="Passed" testListId="8c84fa94-04c1-424b-9868-57a2d4851a1d" relativeResultsDirectory="bf20707a-1643-4069-811c-ec7103a831bc" />
    <UnitTestResult executionId="a017bb95-cc8a-4448-842c-6078fb0bae8b" testId="a6fd7a64-325d-0c8a-9b4e-4f0c1a3fb3be" testName="LLMGameCreator.Tests.Application.UnityArchiveReviewComparisonTests.ComparisonUsesPreviousSequenceNotHashOrder" computerName="DESKTOP-SM838SH" duration="00:00:00.0441042" startTime="2026-07-12T13:13:33.4695719+03:00" endTime="2026-07-12T13:13:33.4695724+03:00" testType="13cdc9d9-ddb5-4fa4-a97d-d965ccfc6d4b" outcome="Passed" testListId="8c84fa94-04c1-424b-9868-57a2d4851a1d" relativeResultsDirectory="a017bb95-cc8a-4448-842c-6078fb0bae8b" />
    <UnitTestResult executionId="4dcaffc0-27ad-420c-bb06-5532d7a54b14" testId="245cd4fe-b5a3-20c9-4335-2448931274fb" testName="LLMGameCreator.Tests.Application.UnityArchiveReviewComparisonTests.UnityArchiveReviewComparisonCanParseComparisonJson" computerName="DESKTOP-SM838SH" duration="00:00:00.0359731" startTime="2026-07-12T13:13:33.5462022+03:00" endTime="2026-07-12T13:13:33.5462024+03:00" testType="13cdc9d9-ddb5-4fa4-a97d-d965ccfc6d4b" outcome="Passed" testListId="8c84fa94-04c1-424b-9868-57a2d4851a1d" relativeResultsDirectory="4dcaffc0-27ad-420c-bb06-5532d7a54b14" />
    <UnitTestResult executionId="0f9a1302-b5a1-4b41-ae40-0c197e875c09" testId="23fcea43-f0b6-bf8a-92fb-41b4108bd26b" testName="LLMGameCreator.Tests.Application.UnityArchiveReviewComparisonTests.UnityArchiveReviewComparisonMissingArchiveReturnsMissingReview" computerName="DESKTOP-SM838SH" duration="00:00:00.0035139" startTime="2026-07-12T13:13:33.5883019+03:00" endTime="2026-07-12T13:13:33.5883020+03:00" testType="13cdc9d9-ddb5-4fa4-a97d-d965ccfc6d4b" outcome="Passed" testListId="8c84fa94-04c1-424b-9868-57a2d4851a1d" relativeResultsDirectory="0f9a1302-b5a1-4b41-ae40-0c197e875c09" />
    <UnitTestResult executionId="ed395170-47b7-4240-9961-1faff348ce44" testId="f7492fee-0eae-76e6-3e04-6bd8d949de4f" testName="LLMGameCreator.Tests.Application.UnityArchiveReviewComparisonTests.ComparisonMissingSnapshotFileIncludesDiagnostic" computerName="DESKTOP-SM838SH" duration="00:00:00.4342388" startTime="2026-07-12T13:13:33.2471973+03:00" endTime="2026-07-12T13:13:33.2472138+03:00" testType="13cdc9d9-ddb5-4fa4-a97d-d965ccfc6d4b" outcome="Passed" testListId="8c84fa94-04c1-424b-9868-57a2d4851a1d" relativeResultsDirectory="ed395170-47b7-4240-9961-1faff348ce44" />
    <UnitTestResult executionId="0c816716-edb3-49ad-8c70-b57ea26026ec" testId="701791eb-867b-f963-2c3f-79cd1db374fd" testName="LLMGameCreator.Tests.Application.UnityArchiveReviewComparisonTests.UnityArchiveReviewComparisonOutputsAreDeterministic" computerName="DESKTOP-SM838SH" duration="00:00:00.0308283" startTime="2026-07-12T13:13:33.5099596+03:00" endTime="2026-07-12T13:13:33.5099599+03:00" testType="13cdc9d9-ddb5-4fa4-a97d-d965ccfc6d4b" outcome="Passed" testListId="8c84fa94-04c1-424b-9868-57a2d4851a1d" relativeResultsDirectory="0c816716-edb3-49ad-8c70-b57ea26026ec" />
    <UnitTestResult executionId="05d2086b-f760-4325-88ee-7814dcc54411" testId="53f79755-3e6b-7ca4-6968-12044a4242fa" testName="LLMGameCreator.Tests.Application.UnityArchiveReviewComparisonTests.UnityArchiveReviewComparisonTwoSnapshotsReportsDeltas" computerName="DESKTOP-SM838SH" duration="00:00:00.0485660" startTime="2026-07-12T13:13:33.6120814+03:00" endTime="2026-07-12T13:13:33.6120817+03:00" testType="13cdc9d9-ddb5-4fa4-a97d-d965ccfc6d4b" outcome="Passed" testListId="8c84fa94-04c1-424b-9868-57a2d4851a1d" relativeResultsDirectory="05d2086b-f760-4325-88ee-7814dcc54411" />
    <UnitTestResult executionId="f7252793-d6d2-4cdf-8412-b1a47c21e371" testId="b950870c-c045-8b66-e51b-0292797cb201" testName="LLMGameCreator.Tests.Application.UnityArchiveReviewComparisonTests.UnityArchiveReviewComparisonInvalidReviewJsonReturnsInvalid" computerName="DESKTOP-SM838SH" duration="00:00:00.0128758" startTime="2026-07-12T13:13:33.5593793+03:00" endTime="2026-07-12T13:13:33.5593796+03:00" testType="13cdc9d9-ddb5-4fa4-a97d-d965ccfc6d4b" outcome="Passed" testListId="8c84fa94-04c1-424b-9868-57a2d4851a1d" relativeResultsDirectory="f7252793-d6d2-4cdf-8412-b1a47c21e371" />
  </Results>
  <TestDefinitions>
    <UnitTest name="LLMGameCreator.Tests.Application.UnityArchiveReviewComparisonTests.ComparisonMissingSnapshotFileIncludesDiagnostic" storage="c:\users\endim\llmgamecreator\tests\llmgamecreator.tests\bin\debug\net8.0-windows\llmgamecreator.tests.dll" id="f7492fee-0eae-76e6-3e04-6bd8d949de4f">
      <Execution id="ed395170-47b7-4240-9961-1faff348ce44" />
      <TestMethod codeBase="C:\Users\endim\LLMGameCreator\tests\LLMGameCreator.Tests\bin\Debug\net8.0-windows\LLMGameCreator.Tests.dll" adapterTypeName="executor://xunit/VsTestRunner2/netcoreapp" className="LLMGameCreator.Tests.Application.UnityArchiveReviewComparisonTests" name="ComparisonMissingSnapshotFileIncludesDiagnostic" />
    </UnitTest>
    <UnitTest name="LLMGameCreator.Tests.Application.UnityArchiveReviewComparisonTests.UnityArchiveReviewComparisonContainsNoTimestamps" storage="c:\users\endim\llmgamecreator\tests\llmgamecreator.tests\bin\debug\net8.0-windows\llmgamecreator.tests.dll" id="592199b4-40e2-753d-8ebc-424b307f6486">
      <Execution id="bf20707a-1643-4069-811c-ec7103a831bc" />
      <TestMethod codeBase="C:\Users\endim\LLMGameCreator\tests\LLMGameCreator.Tests\bin\Debug\net8.0-windows\LLMGameCreator.Tests.dll" adapterTypeName="executor://xunit/VsTestRunner2/netcoreapp" className="LLMGameCreator.Tests.Application.UnityArchiveReviewComparisonTests" name="UnityArchiveReviewComparisonContainsNoTimestamps" />
    </UnitTest>
    <UnitTest name="LLMGameCreator.Tests.Application.UnityArchiveReviewComparisonTests.UnityArchiveReviewComparisonOutputsAreDeterministic" storage="c:\users\endim\llmgamecreator\tests\llmgamecreator.tests\bin\debug\net8.0-windows\llmgamecreator.tests.dll" id="701791eb-867b-f963-2c3f-79cd1db374fd">
      <Execution id="0c816716-edb3-49ad-8c70-b57ea26026ec" />
      <TestMethod codeBase="C:\Users\endim\LLMGameCreator\tests\LLMGameCreator.Tests\bin\Debug\net8.0-windows\LLMGameCreator.Tests.dll" adapterTypeName="executor://xunit/VsTestRunner2/netcoreapp" className="LLMGameCreator.Tests.Application.UnityArchiveReviewComparisonTests" name="UnityArchiveReviewComparisonOutputsAreDeterministic" />
    </UnitTest>
    <UnitTest name="LLMGameCreator.Tests.Application.UnityArchiveReviewComparisonTests.UnityArchiveReviewComparisonInvalidReviewJsonReturnsInvalid" storage="c:\users\endim\llmgamecreator\tests\llmgamecreator.tests\bin\debug\net8.0-windows\llmgamecreator.tests.dll" id="b950870c-c045-8b66-e51b-0292797cb201">
      <Execution id="f7252793-d6d2-4cdf-8412-b1a47c21e371" />
      <TestMethod codeBase="C:\Users\endim\LLMGameCreator\tests\LLMGameCreator.Tests\bin\Debug\net8.0-windows\LLMGameCreator.Tests.dll" adapterTypeName="executor://xunit/VsTestRunner2/netcoreapp" className="LLMGameCreator.Tests.Application.UnityArchiveReviewComparisonTests" name="UnityArchiveReviewComparisonInvalidReviewJsonReturnsInvalid" />
    </UnitTest>
    <UnitTest name="LLMGameCreator.Tests.Application.UnityArchiveReviewComparisonTests.ComparisonReportsCurrentSnapshotNotIndexed" storage="c:\users\endim\llmgamecreator\tests\llmgamecreator.tests\bin\debug\net8.0-windows\llmgamecreator.tests.dll" id="e5baf001-2ed9-3909-3206-2378cfe4bacb">
      <Execution id="14e2797b-0387-4232-add4-259f7e82d372" />
      <TestMethod codeBase="C:\Users\endim\LLMGameCreator\tests\LLMGameCreator.Tests\bin\Debug\net8.0-windows\LLMGameCreator.Tests.dll" adapterTypeName="executor://xunit/VsTestRunner2/netcoreapp" className="LLMGameCreator.Tests.Application.UnityArchiveReviewComparisonTests" name="ComparisonReportsCurrentSnapshotNotIndexed" />
    </UnitTest>
    <UnitTest name="LLMGameCreator.Tests.Application.UnityArchiveReviewComparisonTests.UnityArchiveReviewComparisonTwoSnapshotsReportsDeltas" storage="c:\users\endim\llmgamecreator\tests\llmgamecreator.tests\bin\debug\net8.0-windows\llmgamecreator.tests.dll" id="53f79755-3e6b-7ca4-6968-12044a4242fa">
      <Execution id="05d2086b-f760-4325-88ee-7814dcc54411" />
      <TestMethod codeBase="C:\Users\endim\LLMGameCreator\tests\LLMGameCreator.Tests\bin\Debug\net8.0-windows\LLMGameCreator.Tests.dll" adapterTypeName="executor://xunit/VsTestRunner2/netcoreapp" className="LLMGameCreator.Tests.Application.UnityArchiveReviewComparisonTests" name="UnityArchiveReviewComparisonTwoSnapshotsReportsDeltas" />
    </UnitTest>
    <UnitTest name="LLMGameCreator.Tests.Application.UnityArchiveReviewComparisonTests.UnityArchiveReviewComparisonMissingArchiveReturnsMissingReview" storage="c:\users\endim\llmgamecreator\tests\llmgamecreator.tests\bin\debug\net8.0-windows\llmgamecreator.tests.dll" id="23fcea43-f0b6-bf8a-92fb-41b4108bd26b">
      <Execution id="0f9a1302-b5a1-4b41-ae40-0c197e875c09" />
      <TestMethod codeBase="C:\Users\endim\LLMGameCreator\tests\LLMGameCreator.Tests\bin\Debug\net8.0-windows\LLMGameCreator.Tests.dll" adapterTypeName="executor://xunit/VsTestRunner2/netcoreapp" className="LLMGameCreator.Tests.Application.UnityArchiveReviewComparisonTests" name="UnityArchiveReviewComparisonMissingArchiveReturnsMissingReview" />
    </UnitTest>
    <UnitTest name="LLMGameCreator.Tests.Application.UnityArchiveReviewComparisonTests.UnityArchiveReviewComparisonOneSnapshotReturnsNoPreviousSnapshot" storage="c:\users\endim\llmgamecreator\tests\llmgamecreator.tests\bin\debug\net8.0-windows\llmgamecreator.tests.dll" id="608eab32-1fc9-f32d-2b55-4c0ee75cd3b2">
      <Execution id="036c29c6-a807-4d71-be50-77a69e158dae" />
      <TestMethod codeBase="C:\Users\endim\LLMGameCreator\tests\LLMGameCreator.Tests\bin\Debug\net8.0-windows\LLMGameCreator.Tests.dll" adapterTypeName="executor://xunit/VsTestRunner2/netcoreapp" className="LLMGameCreator.Tests.Application.UnityArchiveReviewComparisonTests" name="UnityArchiveReviewComparisonOneSnapshotReturnsNoPreviousSnapshot" />
    </UnitTest>
    <UnitTest name="LLMGameCreator.Tests.Application.UnityArchiveReviewComparisonTests.UnityArchiveReviewComparisonReportsDiagnosticChanges" storage="c:\users\endim\llmgamecreator\tests\llmgamecreator.tests\bin\debug\net8.0-windows\llmgamecreator.tests.dll" id="1aa07c5e-cabe-9ccf-6d4f-55aa28b533f2">
      <Execution id="68708205-dfd6-4814-9e36-2f1fb22e1706" />
      <TestMethod codeBase="C:\Users\endim\LLMGameCreator\tests\LLMGameCreator.Tests\bin\Debug\net8.0-windows\LLMGameCreator.Tests.dll" adapterTypeName="executor://xunit/VsTestRunner2/netcoreapp" className="LLMGameCreator.Tests.Application.UnityArchiveReviewComparisonTests" name="UnityArchiveReviewComparisonReportsDiagnosticChanges" />
    </UnitTest>
    <UnitTest name="LLMGameCreator.Tests.Application.UnityArchiveReviewComparisonTests.UnityArchiveReviewComparisonCanParseComparisonJson" storage="c:\users\endim\llmgamecreator\tests\llmgamecreator.tests\bin\debug\net8.0-windows\llmgamecreator.tests.dll" id="245cd4fe-b5a3-20c9-4335-2448931274fb">
      <Execution id="4dcaffc0-27ad-420c-bb06-5532d7a54b14" />
      <TestMethod codeBase="C:\Users\endim\LLMGameCreator\tests\LLMGameCreator.Tests\bin\Debug\net8.0-windows\LLMGameCreator.Tests.dll" adapterTypeName="executor://xunit/VsTestRunner2/netcoreapp" className="LLMGameCreator.Tests.Application.UnityArchiveReviewComparisonTests" name="UnityArchiveReviewComparisonCanParseComparisonJson" />
    </UnitTest>
    <UnitTest name="LLMGameCreator.Tests.Application.UnityArchiveReviewComparisonTests.UnityArchiveReviewComparisonMissingReviewJsonReturnsMissingReview" storage="c:\users\endim\llmgamecreator\tests\llmgamecreator.tests\bin\debug\net8.0-windows\llmgamecreator.tests.dll" id="2d03ea17-8524-9a53-9cc8-be83ed063d36">
      <Execution id="87646a62-9006-4357-bb8f-3e5e6aede852" />
      <TestMethod codeBase="C:\Users\endim\LLMGameCreator\tests\LLMGameCreator.Tests\bin\Debug\net8.0-windows\LLMGameCreator.Tests.dll" adapterTypeName="executor://xunit/VsTestRunner2/netcoreapp" className="LLMGameCreator.Tests.Application.UnityArchiveReviewComparisonTests" name="UnityArchiveReviewComparisonMissingReviewJsonReturnsMissingReview" />
    </UnitTest>
    <UnitTest name="LLMGameCreator.Tests.Application.UnityArchiveReviewComparisonTests.ComparisonUsesPreviousSequenceNotHashOrder" storage="c:\users\endim\llmgamecreator\tests\llmgamecreator.tests\bin\debug\net8.0-windows\llmgamecreator.tests.dll" id="a6fd7a64-325d-0c8a-9b4e-4f0c1a3fb3be">
      <Execution id="a017bb95-cc8a-4448-842c-6078fb0bae8b" />
      <TestMethod codeBase="C:\Users\endim\LLMGameCreator\tests\LLMGameCreator.Tests\bin\Debug\net8.0-windows\LLMGameCreator.Tests.dll" adapterTypeName="executor://xunit/VsTestRunner2/netcoreapp" className="LLMGameCreator.Tests.Application.UnityArchiveReviewComparisonTests" name="ComparisonUsesPreviousSequenceNotHashOrder" />
    </UnitTest>
  </TestDefinitions>
  <TestEntries>
    <TestEntry testId="1aa07c5e-cabe-9ccf-6d4f-55aa28b533f2" executionId="68708205-dfd6-4814-9e36-2f1fb22e1706" testListId="8c84fa94-04c1-424b-9868-57a2d4851a1d" />
    <TestEntry testId="608eab32-1fc9-f32d-2b55-4c0ee75cd3b2" executionId="036c29c6-a807-4d71-be50-77a69e158dae" testListId="8c84fa94-04c1-424b-9868-57a2d4851a1d" />
    <TestEntry testId="2d03ea17-8524-9a53-9cc8-be83ed063d36" executionId="87646a62-9006-4357-bb8f-3e5e6aede852" testListId="8c84fa94-04c1-424b-9868-57a2d4851a1d" />
    <TestEntry testId="e5baf001-2ed9-3909-3206-2378cfe4bacb" executionId="14e2797b-0387-4232-add4-259f7e82d372" testListId="8c84fa94-04c1-424b-9868-57a2d4851a1d" />
    <TestEntry testId="592199b4-40e2-753d-8ebc-424b307f6486" executionId="bf20707a-1643-4069-811c-ec7103a831bc" testListId="8c84fa94-04c1-424b-9868-57a2d4851a1d" />
    <TestEntry testId="a6fd7a64-325d-0c8a-9b4e-4f0c1a3fb3be" executionId="a017bb95-cc8a-4448-842c-6078fb0bae8b" testListId="8c84fa94-04c1-424b-9868-57a2d4851a1d" />
    <TestEntry testId="245cd4fe-b5a3-20c9-4335-2448931274fb" executionId="4dcaffc0-27ad-420c-bb06-5532d7a54b14" testListId="8c84fa94-04c1-424b-9868-57a2d4851a1d" />
    <TestEntry testId="23fcea43-f0b6-bf8a-92fb-41b4108bd26b" executionId="0f9a1302-b5a1-4b41-ae40-0c197e875c09" testListId="8c84fa94-04c1-424b-9868-57a2d4851a1d" />
    <TestEntry testId="f7492fee-0eae-76e6-3e04-6bd8d949de4f" executionId="ed395170-47b7-4240-9961-1faff348ce44" testListId="8c84fa94-04c1-424b-9868-57a2d4851a1d" />
    <TestEntry testId="701791eb-867b-f963-2c3f-79cd1db374fd" executionId="0c816716-edb3-49ad-8c70-b57ea26026ec" testListId="8c84fa94-04c1-424b-9868-57a2d4851a1d" />
    <TestEntry testId="53f79755-3e6b-7ca4-6968-12044a4242fa" executionId="05d2086b-f760-4325-88ee-7814dcc54411" testListId="8c84fa94-04c1-424b-9868-57a2d4851a1d" />
    <TestEntry testId="b950870c-c045-8b66-e51b-0292797cb201" executionId="f7252793-d6d2-4cdf-8412-b1a47c21e371" testListId="8c84fa94-04c1-424b-9868-57a2d4851a1d" />
  </TestEntries>
  <TestLists>
    <TestList name="Results Not in a List" id="8c84fa94-04c1-424b-9868-57a2d4851a1d" />
    <TestList name="All Loaded Results" id="19431567-8539-422a-85d7-44ee4e166bda" />
  </TestLists>
  <ResultSummary outcome="Completed">
    <Counters total="12" executed="12" passed="12" failed="0" error="0" timeout="0" aborted="0" inconclusive="0" passedButRunAborted="0" notRunnable="0" notExecuted="0" disconnected="0" warning="0" completed="0" inProgress="0" pending="0" />
    <Output>
      <StdOut>[xUnit.net 00:00:00.00] xUnit.net VSTest Adapter v2.8.2+699d445a1a (64-bit .NET 8.0.26)&#xD;
[xUnit.net 00:00:00.15]   Discovering: LLMGameCreator.Tests&#xD;
[xUnit.net 00:00:00.34]   Discovered:  LLMGameCreator.Tests&#xD;
[xUnit.net 00:00:00.35]   Starting:    LLMGameCreator.Tests&#xD;
[xUnit.net 00:00:01.24]   Finished:    LLMGameCreator.Tests&#xD;
</StdOut>
    </Output>
  </ResultSummary>
</TestRun>