<?xml version="1.0" encoding="utf-8"?>
<TestRun id="8ed090b9-29e9-4a5d-88ef-a53ff95a48a2" name="endim@DESKTOP-SM838SH 2026-07-12 13:06:21" runUser="DESKTOP-SM838SH\endim" xmlns="http://microsoft.com/schemas/VisualStudio/TeamTest/2010">
  <Times creation="2026-07-12T13:06:21.2729091+03:00" queuing="2026-07-12T13:06:21.2729094+03:00" start="2026-07-12T13:06:20.2038076+03:00" finish="2026-07-12T13:06:21.2844577+03:00" />
  <TestSettings name="default" id="a5f7f96b-d7e6-4a2d-8f3a-2df82ef537ef">
    <Deployment runDeploymentRoot="endim_DESKTOP-SM838SH_2026-07-12_13_06_21" />
  </TestSettings>
  <Results>
    <UnitTestResult executionId="c8d9901d-aea0-4009-95b2-831f1a179ef5" testId="69e86093-7345-b363-956c-4b314ceffc40" testName="LLMGameCreator.Tests.Application.OfflineGeoworldAlphaManualResultIntake.OfflineGeoworldAlphaManualResultIntakeTests.MissingRequiredStepBlocksIncompleteResult" computerName="DESKTOP-SM838SH" duration="00:00:00.0234295" startTime="2026-07-12T13:06:21.0845995+03:00" endTime="2026-07-12T13:06:21.0845998+03:00" testType="13cdc9d9-ddb5-4fa4-a97d-d965ccfc6d4b" outcome="Passed" testListId="8c84fa94-04c1-424b-9868-57a2d4851a1d" relativeResultsDirectory="c8d9901d-aea0-4009-95b2-831f1a179ef5" />
    <UnitTestResult executionId="bd4bec44-1e70-419f-8fc6-00526412d488" testId="c5846ce7-a4dd-0d45-7418-42c989d29364" testName="LLMGameCreator.Tests.Application.OfflineGeoworldAlphaManualResultIntake.OfflineGeoworldAlphaManualResultIntakeTests.WrongChecklistHashIsFailedInvalidResult" computerName="DESKTOP-SM838SH" duration="00:00:00.0166043" startTime="2026-07-12T13:06:21.1571378+03:00" endTime="2026-07-12T13:06:21.1571381+03:00" testType="13cdc9d9-ddb5-4fa4-a97d-d965ccfc6d4b" outcome="Passed" testListId="8c84fa94-04c1-424b-9868-57a2d4851a1d" relativeResultsDirectory="bd4bec44-1e70-419f-8fc6-00526412d488" />
    <UnitTestResult executionId="74a23544-0227-4a16-907c-bdb0c2178151" testId="1b1cafa3-4326-ded8-6834-7270cdab7b4d" testName="LLMGameCreator.Tests.Application.OfflineGeoworldAlphaManualResultIntake.OfflineGeoworldAlphaManualResultIntakeTests.MalformedJsonIsFailedInvalidResult" computerName="DESKTOP-SM838SH" duration="00:00:00.0139301" startTime="2026-07-12T13:06:21.0985921+03:00" endTime="2026-07-12T13:06:21.0985926+03:00" testType="13cdc9d9-ddb5-4fa4-a97d-d965ccfc6d4b" outcome="Passed" testListId="8c84fa94-04c1-424b-9868-57a2d4851a1d" relativeResultsDirectory="74a23544-0227-4a16-907c-bdb0c2178151" />
    <UnitTestResult executionId="d694c9a0-d766-4dbd-9dfd-714855270c7b" testId="442d038c-0996-df6f-13bf-790691ebc846" testName="LLMGameCreator.Tests.Application.OfflineGeoworldAlphaManualResultIntake.OfflineGeoworldAlphaManualResultIntakeTests.MultipleDifferingResultFilesAreInvalidNotRandomWinner" computerName="DESKTOP-SM838SH" duration="00:00:00.0852442" startTime="2026-07-12T13:06:21.0614604+03:00" endTime="2026-07-12T13:06:21.0614784+03:00" testType="13cdc9d9-ddb5-4fa4-a97d-d965ccfc6d4b" outcome="Passed" testListId="8c84fa94-04c1-424b-9868-57a2d4851a1d" relativeResultsDirectory="d694c9a0-d766-4dbd-9dfd-714855270c7b" />
    <UnitTestResult executionId="4439d406-c00f-4e97-a996-03eef7b1950b" testId="59d87d6e-b85f-48ca-1e03-1140f6a53a77" testName="LLMGameCreator.Tests.Application.OfflineGeoworldAlphaManualResultIntake.OfflineGeoworldAlphaManualResultIntakeTests.AllStepsPassedWithAcceptedTrueIsGreenCandidateButNotAcceptedByCodex" computerName="DESKTOP-SM838SH" duration="00:00:00.0126268" startTime="2026-07-12T13:06:21.1863408+03:00" endTime="2026-07-12T13:06:21.1863410+03:00" testType="13cdc9d9-ddb5-4fa4-a97d-d965ccfc6d4b" outcome="Passed" testListId="8c84fa94-04c1-424b-9868-57a2d4851a1d" relativeResultsDirectory="4439d406-c00f-4e97-a996-03eef7b1950b" />
    <UnitTestResult executionId="061f009e-f6e9-4f3b-870e-e51f096501e7" testId="59b8bf4d-d787-589f-23d3-c0fdad5f41b8" testName="LLMGameCreator.Tests.Application.OfflineGeoworldAlphaManualResultIntake.OfflineGeoworldAlphaManualResultIntakeTests.AllStepsPassedWithAcceptedFalseBlocksAcceptedFalse" computerName="DESKTOP-SM838SH" duration="00:00:00.0129705" startTime="2026-07-12T13:06:21.1404460+03:00" endTime="2026-07-12T13:06:21.1404463+03:00" testType="13cdc9d9-ddb5-4fa4-a97d-d965ccfc6d4b" outcome="Passed" testListId="8c84fa94-04c1-424b-9868-57a2d4851a1d" relativeResultsDirectory="061f009e-f6e9-4f3b-870e-e51f096501e7" />
    <UnitTestResult executionId="75fc1cac-827b-4369-ac0c-0f2dda161b88" testId="b0a791b1-e3fd-340a-3e56-90c9a3092504" testName="LLMGameCreator.Tests.Application.OfflineGeoworldAlphaManualResultIntake.OfflineGeoworldAlphaManualResultIntakeTests.MissingActualResultIsBlockedPendingManualResult" computerName="DESKTOP-SM838SH" duration="00:00:00.0122037" startTime="2026-07-12T13:06:21.1274065+03:00" endTime="2026-07-12T13:06:21.1274070+03:00" testType="13cdc9d9-ddb5-4fa4-a97d-d965ccfc6d4b" outcome="Passed" testListId="8c84fa94-04c1-424b-9868-57a2d4851a1d" relativeResultsDirectory="75fc1cac-827b-4369-ac0c-0f2dda161b88" />
    <UnitTestResult executionId="88de91af-0ea4-461a-b669-cd14aaff38ba" testId="27995937-f891-055f-41af-122a455e7e2e" testName="LLMGameCreator.Tests.Application.OfflineGeoworldAlphaManualResultIntake.OfflineGeoworldAlphaManualResultIntakeTests.DuplicateRequiredStepIsFailedInvalidResult" computerName="DESKTOP-SM838SH" duration="00:00:00.0164705" startTime="2026-07-12T13:06:21.1151637+03:00" endTime="2026-07-12T13:06:21.1151640+03:00" testType="13cdc9d9-ddb5-4fa4-a97d-d965ccfc6d4b" outcome="Passed" testListId="8c84fa94-04c1-424b-9868-57a2d4851a1d" relativeResultsDirectory="88de91af-0ea4-461a-b669-cd14aaff38ba" />
    <UnitTestResult executionId="ddb34171-e623-4953-abea-6731581a133f" testId="4aac90f4-0c66-544c-4ddf-97ae87fa49bd" testName="LLMGameCreator.Tests.Application.OfflineGeoworldAlphaManualResultIntake.OfflineGeoworldAlphaManualResultIntakeTests.FailedRequiredStepBlocksIncompleteResult" computerName="DESKTOP-SM838SH" duration="00:00:00.0164318" startTime="2026-07-12T13:06:21.1736362+03:00" endTime="2026-07-12T13:06:21.1736365+03:00" testType="13cdc9d9-ddb5-4fa4-a97d-d965ccfc6d4b" outcome="Passed" testListId="8c84fa94-04c1-424b-9868-57a2d4851a1d" relativeResultsDirectory="ddb34171-e623-4953-abea-6731581a133f" />
  </Results>
  <TestDefinitions>
    <UnitTest name="LLMGameCreator.Tests.Application.OfflineGeoworldAlphaManualResultIntake.OfflineGeoworldAlphaManualResultIntakeTests.AllStepsPassedWithAcceptedFalseBlocksAcceptedFalse" storage="c:\users\endim\llmgamecreator\tests\llmgamecreator.tests\bin\debug\net8.0-windows\llmgamecreator.tests.dll" id="59b8bf4d-d787-589f-23d3-c0fdad5f41b8">
      <Execution id="061f009e-f6e9-4f3b-870e-e51f096501e7" />
      <TestMethod codeBase="C:\Users\endim\LLMGameCreator\tests\LLMGameCreator.Tests\bin\Debug\net8.0-windows\LLMGameCreator.Tests.dll" adapterTypeName="executor://xunit/VsTestRunner2/netcoreapp" className="LLMGameCreator.Tests.Application.OfflineGeoworldAlphaManualResultIntake.OfflineGeoworldAlphaManualResultIntakeTests" name="AllStepsPassedWithAcceptedFalseBlocksAcceptedFalse" />
    </UnitTest>
    <UnitTest name="LLMGameCreator.Tests.Application.OfflineGeoworldAlphaManualResultIntake.OfflineGeoworldAlphaManualResultIntakeTests.WrongChecklistHashIsFailedInvalidResult" storage="c:\users\endim\llmgamecreator\tests\llmgamecreator.tests\bin\debug\net8.0-windows\llmgamecreator.tests.dll" id="c5846ce7-a4dd-0d45-7418-42c989d29364">
      <Execution id="bd4bec44-1e70-419f-8fc6-00526412d488" />
      <TestMethod codeBase="C:\Users\endim\LLMGameCreator\tests\LLMGameCreator.Tests\bin\Debug\net8.0-windows\LLMGameCreator.Tests.dll" adapterTypeName="executor://xunit/VsTestRunner2/netcoreapp" className="LLMGameCreator.Tests.Application.OfflineGeoworldAlphaManualResultIntake.OfflineGeoworldAlphaManualResultIntakeTests" name="WrongChecklistHashIsFailedInvalidResult" />
    </UnitTest>
    <UnitTest name="LLMGameCreator.Tests.Application.OfflineGeoworldAlphaManualResultIntake.OfflineGeoworldAlphaManualResultIntakeTests.MalformedJsonIsFailedInvalidResult" storage="c:\users\endim\llmgamecreator\tests\llmgamecreator.tests\bin\debug\net8.0-windows\llmgamecreator.tests.dll" id="1b1cafa3-4326-ded8-6834-7270cdab7b4d">
      <Execution id="74a23544-0227-4a16-907c-bdb0c2178151" />
      <TestMethod codeBase="C:\Users\endim\LLMGameCreator\tests\LLMGameCreator.Tests\bin\Debug\net8.0-windows\LLMGameCreator.Tests.dll" adapterTypeName="executor://xunit/VsTestRunner2/netcoreapp" className="LLMGameCreator.Tests.Application.OfflineGeoworldAlphaManualResultIntake.OfflineGeoworldAlphaManualResultIntakeTests" name="MalformedJsonIsFailedInvalidResult" />
    </UnitTest>
    <UnitTest name="LLMGameCreator.Tests.Application.OfflineGeoworldAlphaManualResultIntake.OfflineGeoworldAlphaManualResultIntakeTests.DuplicateRequiredStepIsFailedInvalidResult" storage="c:\users\endim\llmgamecreator\tests\llmgamecreator.tests\bin\debug\net8.0-windows\llmgamecreator.tests.dll" id="27995937-f891-055f-41af-122a455e7e2e">
      <Execution id="88de91af-0ea4-461a-b669-cd14aaff38ba" />
      <TestMethod codeBase="C:\Users\endim\LLMGameCreator\tests\LLMGameCreator.Tests\bin\Debug\net8.0-windows\LLMGameCreator.Tests.dll" adapterTypeName="executor://xunit/VsTestRunner2/netcoreapp" className="LLMGameCreator.Tests.Application.OfflineGeoworldAlphaManualResultIntake.OfflineGeoworldAlphaManualResultIntakeTests" name="DuplicateRequiredStepIsFailedInvalidResult" />
    </UnitTest>
    <UnitTest name="LLMGameCreator.Tests.Application.OfflineGeoworldAlphaManualResultIntake.OfflineGeoworldAlphaManualResultIntakeTests.MissingRequiredStepBlocksIncompleteResult" storage="c:\users\endim\llmgamecreator\tests\llmgamecreator.tests\bin\debug\net8.0-windows\llmgamecreator.tests.dll" id="69e86093-7345-b363-956c-4b314ceffc40">
      <Execution id="c8d9901d-aea0-4009-95b2-831f1a179ef5" />
      <TestMethod codeBase="C:\Users\endim\LLMGameCreator\tests\LLMGameCreator.Tests\bin\Debug\net8.0-windows\LLMGameCreator.Tests.dll" adapterTypeName="executor://xunit/VsTestRunner2/netcoreapp" className="LLMGameCreator.Tests.Application.OfflineGeoworldAlphaManualResultIntake.OfflineGeoworldAlphaManualResultIntakeTests" name="MissingRequiredStepBlocksIncompleteResult" />
    </UnitTest>
    <UnitTest name="LLMGameCreator.Tests.Application.OfflineGeoworldAlphaManualResultIntake.OfflineGeoworldAlphaManualResultIntakeTests.MissingActualResultIsBlockedPendingManualResult" storage="c:\users\endim\llmgamecreator\tests\llmgamecreator.tests\bin\debug\net8.0-windows\llmgamecreator.tests.dll" id="b0a791b1-e3fd-340a-3e56-90c9a3092504">
      <Execution id="75fc1cac-827b-4369-ac0c-0f2dda161b88" />
      <TestMethod codeBase="C:\Users\endim\LLMGameCreator\tests\LLMGameCreator.Tests\bin\Debug\net8.0-windows\LLMGameCreator.Tests.dll" adapterTypeName="executor://xunit/VsTestRunner2/netcoreapp" className="LLMGameCreator.Tests.Application.OfflineGeoworldAlphaManualResultIntake.OfflineGeoworldAlphaManualResultIntakeTests" name="MissingActualResultIsBlockedPendingManualResult" />
    </UnitTest>
    <UnitTest name="LLMGameCreator.Tests.Application.OfflineGeoworldAlphaManualResultIntake.OfflineGeoworldAlphaManualResultIntakeTests.MultipleDifferingResultFilesAreInvalidNotRandomWinner" storage="c:\users\endim\llmgamecreator\tests\llmgamecreator.tests\bin\debug\net8.0-windows\llmgamecreator.tests.dll" id="442d038c-0996-df6f-13bf-790691ebc846">
      <Execution id="d694c9a0-d766-4dbd-9dfd-714855270c7b" />
      <TestMethod codeBase="C:\Users\endim\LLMGameCreator\tests\LLMGameCreator.Tests\bin\Debug\net8.0-windows\LLMGameCreator.Tests.dll" adapterTypeName="executor://xunit/VsTestRunner2/netcoreapp" className="LLMGameCreator.Tests.Application.OfflineGeoworldAlphaManualResultIntake.OfflineGeoworldAlphaManualResultIntakeTests" name="MultipleDifferingResultFilesAreInvalidNotRandomWinner" />
    </UnitTest>
    <UnitTest name="LLMGameCreator.Tests.Application.OfflineGeoworldAlphaManualResultIntake.OfflineGeoworldAlphaManualResultIntakeTests.AllStepsPassedWithAcceptedTrueIsGreenCandidateButNotAcceptedByCodex" storage="c:\users\endim\llmgamecreator\tests\llmgamecreator.tests\bin\debug\net8.0-windows\llmgamecreator.tests.dll" id="59d87d6e-b85f-48ca-1e03-1140f6a53a77">
      <Execution id="4439d406-c00f-4e97-a996-03eef7b1950b" />
      <TestMethod codeBase="C:\Users\endim\LLMGameCreator\tests\LLMGameCreator.Tests\bin\Debug\net8.0-windows\LLMGameCreator.Tests.dll" adapterTypeName="executor://xunit/VsTestRunner2/netcoreapp" className="LLMGameCreator.Tests.Application.OfflineGeoworldAlphaManualResultIntake.OfflineGeoworldAlphaManualResultIntakeTests" name="AllStepsPassedWithAcceptedTrueIsGreenCandidateButNotAcceptedByCodex" />
    </UnitTest>
    <UnitTest name="LLMGameCreator.Tests.Application.OfflineGeoworldAlphaManualResultIntake.OfflineGeoworldAlphaManualResultIntakeTests.FailedRequiredStepBlocksIncompleteResult" storage="c:\users\endim\llmgamecreator\tests\llmgamecreator.tests\bin\debug\net8.0-windows\llmgamecreator.tests.dll" id="4aac90f4-0c66-544c-4ddf-97ae87fa49bd">
      <Execution id="ddb34171-e623-4953-abea-6731581a133f" />
      <TestMethod codeBase="C:\Users\endim\LLMGameCreator\tests\LLMGameCreator.Tests\bin\Debug\net8.0-windows\LLMGameCreator.Tests.dll" adapterTypeName="executor://xunit/VsTestRunner2/netcoreapp" className="LLMGameCreator.Tests.Application.OfflineGeoworldAlphaManualResultIntake.OfflineGeoworldAlphaManualResultIntakeTests" name="FailedRequiredStepBlocksIncompleteResult" />
    </UnitTest>
  </TestDefinitions>
  <TestEntries>
    <TestEntry testId="69e86093-7345-b363-956c-4b314ceffc40" executionId="c8d9901d-aea0-4009-95b2-831f1a179ef5" testListId="8c84fa94-04c1-424b-9868-57a2d4851a1d" />
    <TestEntry testId="c5846ce7-a4dd-0d45-7418-42c989d29364" executionId="bd4bec44-1e70-419f-8fc6-00526412d488" testListId="8c84fa94-04c1-424b-9868-57a2d4851a1d" />
    <TestEntry testId="1b1cafa3-4326-ded8-6834-7270cdab7b4d" executionId="74a23544-0227-4a16-907c-bdb0c2178151" testListId="8c84fa94-04c1-424b-9868-57a2d4851a1d" />
    <TestEntry testId="442d038c-0996-df6f-13bf-790691ebc846" executionId="d694c9a0-d766-4dbd-9dfd-714855270c7b" testListId="8c84fa94-04c1-424b-9868-57a2d4851a1d" />
    <TestEntry testId="59d87d6e-b85f-48ca-1e03-1140f6a53a77" executionId="4439d406-c00f-4e97-a996-03eef7b1950b" testListId="8c84fa94-04c1-424b-9868-57a2d4851a1d" />
    <TestEntry testId="59b8bf4d-d787-589f-23d3-c0fdad5f41b8" executionId="061f009e-f6e9-4f3b-870e-e51f096501e7" testListId="8c84fa94-04c1-424b-9868-57a2d4851a1d" />
    <TestEntry testId="b0a791b1-e3fd-340a-3e56-90c9a3092504" executionId="75fc1cac-827b-4369-ac0c-0f2dda161b88" testListId="8c84fa94-04c1-424b-9868-57a2d4851a1d" />
    <TestEntry testId="27995937-f891-055f-41af-122a455e7e2e" executionId="88de91af-0ea4-461a-b669-cd14aaff38ba" testListId="8c84fa94-04c1-424b-9868-57a2d4851a1d" />
    <TestEntry testId="4aac90f4-0c66-544c-4ddf-97ae87fa49bd" executionId="ddb34171-e623-4953-abea-6731581a133f" testListId="8c84fa94-04c1-424b-9868-57a2d4851a1d" />
  </TestEntries>
  <TestLists>
    <TestList name="Results Not in a List" id="8c84fa94-04c1-424b-9868-57a2d4851a1d" />
    <TestList name="All Loaded Results" id="19431567-8539-422a-85d7-44ee4e166bda" />
  </TestLists>
  <ResultSummary outcome="Completed">
    <Counters total="9" executed="9" passed="9" failed="0" error="0" timeout="0" aborted="0" inconclusive="0" passedButRunAborted="0" notRunnable="0" notExecuted="0" disconnected="0" warning="0" completed="0" inProgress="0" pending="0" />
    <Output>
      <StdOut>[xUnit.net 00:00:00.00] xUnit.net VSTest Adapter v2.8.2+699d445a1a (64-bit .NET 8.0.26)&#xD;
[xUnit.net 00:00:00.15]   Discovering: LLMGameCreator.Tests&#xD;
[xUnit.net 00:00:00.39]   Discovered:  LLMGameCreator.Tests&#xD;
[xUnit.net 00:00:00.40]   Starting:    LLMGameCreator.Tests&#xD;
[xUnit.net 00:00:00.64]   Finished:    LLMGameCreator.Tests&#xD;
</StdOut>
    </Output>
  </ResultSummary>
</TestRun>