<?xml version="1.0" encoding="utf-8"?>
<TestRun id="87911919-c9ce-4b00-b232-8952e89944c3" name="endim@DESKTOP-SM838SH 2026-07-12 13:44:48" runUser="DESKTOP-SM838SH\endim" xmlns="http://microsoft.com/schemas/VisualStudio/TeamTest/2010">
  <Times creation="2026-07-12T13:44:48.6597594+03:00" queuing="2026-07-12T13:44:48.6597596+03:00" start="2026-07-12T13:44:47.6599074+03:00" finish="2026-07-12T13:44:48.6649340+03:00" />
  <TestSettings name="default" id="2067de43-34e3-4255-b45f-6bcab74465bb">
    <Deployment runDeploymentRoot="endim_DESKTOP-SM838SH_2026-07-12_13_44_48" />
  </TestSettings>
  <Results>
    <UnitTestResult executionId="3f2b7227-cd54-48a9-b668-2494fcc71fc8" testId="23fa905d-c3ab-0236-61c1-30aac48b0d3f" testName="LLMGameCreator.Tests.ProductSmoke.TinyGeneratedRuntimeLoopSmokeTests.TinyGeneratedRuntimeLoopProductSmoke" computerName="DESKTOP-SM838SH" duration="00:00:00.1487967" startTime="2026-07-12T13:44:48.5735373+03:00" endTime="2026-07-12T13:44:48.5735646+03:00" testType="13cdc9d9-ddb5-4fa4-a97d-d965ccfc6d4b" outcome="Passed" testListId="8c84fa94-04c1-424b-9868-57a2d4851a1d" relativeResultsDirectory="3f2b7227-cd54-48a9-b668-2494fcc71fc8" />
  </Results>
  <TestDefinitions>
    <UnitTest name="LLMGameCreator.Tests.ProductSmoke.TinyGeneratedRuntimeLoopSmokeTests.TinyGeneratedRuntimeLoopProductSmoke" storage="c:\users\endim\llmgamecreator\tests\llmgamecreator.tests\bin\debug\net8.0-windows\llmgamecreator.tests.dll" id="23fa905d-c3ab-0236-61c1-30aac48b0d3f">
      <Execution id="3f2b7227-cd54-48a9-b668-2494fcc71fc8" />
      <TestMethod codeBase="C:\Users\endim\LLMGameCreator\tests\LLMGameCreator.Tests\bin\Debug\net8.0-windows\LLMGameCreator.Tests.dll" adapterTypeName="executor://xunit/VsTestRunner2/netcoreapp" className="LLMGameCreator.Tests.ProductSmoke.TinyGeneratedRuntimeLoopSmokeTests" name="TinyGeneratedRuntimeLoopProductSmoke" />
    </UnitTest>
  </TestDefinitions>
  <TestEntries>
    <TestEntry testId="23fa905d-c3ab-0236-61c1-30aac48b0d3f" executionId="3f2b7227-cd54-48a9-b668-2494fcc71fc8" testListId="8c84fa94-04c1-424b-9868-57a2d4851a1d" />
  </TestEntries>
  <TestLists>
    <TestList name="Results Not in a List" id="8c84fa94-04c1-424b-9868-57a2d4851a1d" />
    <TestList name="All Loaded Results" id="19431567-8539-422a-85d7-44ee4e166bda" />
  </TestLists>
  <ResultSummary outcome="Completed">
    <Counters total="1" executed="1" passed="1" failed="0" error="0" timeout="0" aborted="0" inconclusive="0" passedButRunAborted="0" notRunnable="0" notExecuted="0" disconnected="0" warning="0" completed="0" inProgress="0" pending="0" />
    <Output>
      <StdOut>[xUnit.net 00:00:00.00] xUnit.net VSTest Adapter v2.8.2+699d445a1a (64-bit .NET 8.0.26)&#xD;
[xUnit.net 00:00:00.15]   Discovering: LLMGameCreator.Tests&#xD;
[xUnit.net 00:00:00.35]   Discovered:  LLMGameCreator.Tests&#xD;
[xUnit.net 00:00:00.36]   Starting:    LLMGameCreator.Tests&#xD;
[xUnit.net 00:00:00.55]   Finished:    LLMGameCreator.Tests&#xD;
</StdOut>
    </Output>
  </ResultSummary>
</TestRun>