<?xml version="1.0" encoding="utf-8"?>
<TestRun id="eb400583-024a-4406-ba6a-2a85fa9cd262" name="endim@DESKTOP-SM838SH 2026-07-12 13:12:10" runUser="DESKTOP-SM838SH\endim" xmlns="http://microsoft.com/schemas/VisualStudio/TeamTest/2010">
  <Times creation="2026-07-12T13:12:10.6285237+03:00" queuing="2026-07-12T13:12:10.6285239+03:00" start="2026-07-12T13:12:09.7437351+03:00" finish="2026-07-12T13:12:10.6370805+03:00" />
  <TestSettings name="default" id="e594e333-4be8-4906-bb2c-296047d03a93">
    <Deployment runDeploymentRoot="endim_DESKTOP-SM838SH_2026-07-12_13_12_10" />
  </TestSettings>
  <Results>
    <UnitTestResult executionId="b6947ea5-5b28-4b2e-a878-5db14ee28fa7" testId="a1d8c3e5-4f56-2768-5be5-2e6c2ee60ada" testName="LLMGameCreator.Tests.Application.Semantics.SemanticLayerCompilerTests.RejectsUnsafeLayerAndUnknownRelationEndpoint" computerName="DESKTOP-SM838SH" duration="00:00:00.0020990" startTime="2026-07-12T13:12:10.4929900+03:00" endTime="2026-07-12T13:12:10.4929900+03:00" testType="13cdc9d9-ddb5-4fa4-a97d-d965ccfc6d4b" outcome="Passed" testListId="8c84fa94-04c1-424b-9868-57a2d4851a1d" relativeResultsDirectory="b6947ea5-5b28-4b2e-a878-5db14ee28fa7" />
    <UnitTestResult executionId="3349db3b-82f1-4f8f-bbd6-ab1be928e005" testId="04c91cbc-7727-7302-c63e-4a2629f711d1" testName="LLMGameCreator.Tests.Application.Semantics.SemanticLayerCompilerTests.ThreeSamePrecedenceConflictingTermDeclarationsCannotReactivateTerm" computerName="DESKTOP-SM838SH" duration="00:00:00.0420970" startTime="2026-07-12T13:12:10.4909574+03:00" endTime="2026-07-12T13:12:10.4909743+03:00" testType="13cdc9d9-ddb5-4fa4-a97d-d965ccfc6d4b" outcome="Passed" testListId="8c84fa94-04c1-424b-9868-57a2d4851a1d" relativeResultsDirectory="3349db3b-82f1-4f8f-bbd6-ab1be928e005" />
    <UnitTestResult executionId="d687a9ae-8220-4be5-af26-8de5d24c4a08" testId="cd15bbad-82c4-8005-be94-ee3b2b130774" testName="LLMGameCreator.Tests.Application.Semantics.SemanticLayerCompilerTests.RejectsWrongSchemaVersionAndLayerKindPrefixMismatch" computerName="DESKTOP-SM838SH" duration="00:00:00.0005302" startTime="2026-07-12T13:12:10.5000114+03:00" endTime="2026-07-12T13:12:10.5000115+03:00" testType="13cdc9d9-ddb5-4fa4-a97d-d965ccfc6d4b" outcome="Passed" testListId="8c84fa94-04c1-424b-9868-57a2d4851a1d" relativeResultsDirectory="d687a9ae-8220-4be5-af26-8de5d24c4a08" />
    <UnitTestResult executionId="b2b558eb-08df-41eb-8658-9421be2e94f9" testId="0b56c8eb-0982-c61a-86f5-864df3db5eb6" testName="LLMGameCreator.Tests.Application.Semantics.SemanticLayerCompilerTests.MalformedJsonProducesDeterministicDiagnosticsAndKeepsValidNeighbor" computerName="DESKTOP-SM838SH" duration="00:00:00.0161319" startTime="2026-07-12T13:12:10.5450234+03:00" endTime="2026-07-12T13:12:10.5450236+03:00" testType="13cdc9d9-ddb5-4fa4-a97d-d965ccfc6d4b" outcome="Passed" testListId="8c84fa94-04c1-424b-9868-57a2d4851a1d" relativeResultsDirectory="b2b558eb-08df-41eb-8658-9421be2e94f9" />
    <UnitTestResult executionId="aadf43f9-08ec-4931-b7ee-036fe80c9014" testId="acc15b4d-9f0f-069c-86bd-1755e40318e8" testName="LLMGameCreator.Tests.Application.Semantics.SemanticLayerCompilerTests.ConflictingRelationIdCannotRemainActive" computerName="DESKTOP-SM838SH" duration="00:00:00.0017885" startTime="2026-07-12T13:12:10.4993877+03:00" endTime="2026-07-12T13:12:10.4993878+03:00" testType="13cdc9d9-ddb5-4fa4-a97d-d965ccfc6d4b" outcome="Passed" testListId="8c84fa94-04c1-424b-9868-57a2d4851a1d" relativeResultsDirectory="aadf43f9-08ec-4931-b7ee-036fe80c9014" />
    <UnitTestResult executionId="f65a3e5c-c126-4440-97ed-dfa88dfb7358" testId="b3f9ef04-ebaa-332a-f282-006aabe0022c" testName="LLMGameCreator.Tests.Application.Semantics.SemanticLayerCompilerTests.WriteCreatesCompiledSemanticPackArtifacts" computerName="DESKTOP-SM838SH" duration="00:00:00.0258490" startTime="2026-07-12T13:12:10.5279035+03:00" endTime="2026-07-12T13:12:10.5279038+03:00" testType="13cdc9d9-ddb5-4fa4-a97d-d965ccfc6d4b" outcome="Passed" testListId="8c84fa94-04c1-424b-9868-57a2d4851a1d" relativeResultsDirectory="f65a3e5c-c126-4440-97ed-dfa88dfb7358" />
    <UnitTestResult executionId="4ec69d51-05eb-4307-bdb3-e3aeb19cc4de" testId="5291e533-7637-005a-26a6-ab570566e579" testName="LLMGameCreator.Tests.Application.Semantics.SemanticLayerCompilerTests.CompilesLayerPrecedenceAndCandidateQuarantineDeterministically" computerName="DESKTOP-SM838SH" duration="00:00:00.0048164" startTime="2026-07-12T13:12:10.4975834+03:00" endTime="2026-07-12T13:12:10.4975836+03:00" testType="13cdc9d9-ddb5-4fa4-a97d-d965ccfc6d4b" outcome="Passed" testListId="8c84fa94-04c1-424b-9868-57a2d4851a1d" relativeResultsDirectory="4ec69d51-05eb-4307-bdb3-e3aeb19cc4de" />
  </Results>
  <TestDefinitions>
    <UnitTest name="LLMGameCreator.Tests.Application.Semantics.SemanticLayerCompilerTests.ConflictingRelationIdCannotRemainActive" storage="c:\users\endim\llmgamecreator\tests\llmgamecreator.tests\bin\debug\net8.0-windows\llmgamecreator.tests.dll" id="acc15b4d-9f0f-069c-86bd-1755e40318e8">
      <Execution id="aadf43f9-08ec-4931-b7ee-036fe80c9014" />
      <TestMethod codeBase="C:\Users\endim\LLMGameCreator\tests\LLMGameCreator.Tests\bin\Debug\net8.0-windows\LLMGameCreator.Tests.dll" adapterTypeName="executor://xunit/VsTestRunner2/netcoreapp" className="LLMGameCreator.Tests.Application.Semantics.SemanticLayerCompilerTests" name="ConflictingRelationIdCannotRemainActive" />
    </UnitTest>
    <UnitTest name="LLMGameCreator.Tests.Application.Semantics.SemanticLayerCompilerTests.CompilesLayerPrecedenceAndCandidateQuarantineDeterministically" storage="c:\users\endim\llmgamecreator\tests\llmgamecreator.tests\bin\debug\net8.0-windows\llmgamecreator.tests.dll" id="5291e533-7637-005a-26a6-ab570566e579">
      <Execution id="4ec69d51-05eb-4307-bdb3-e3aeb19cc4de" />
      <TestMethod codeBase="C:\Users\endim\LLMGameCreator\tests\LLMGameCreator.Tests\bin\Debug\net8.0-windows\LLMGameCreator.Tests.dll" adapterTypeName="executor://xunit/VsTestRunner2/netcoreapp" className="LLMGameCreator.Tests.Application.Semantics.SemanticLayerCompilerTests" name="CompilesLayerPrecedenceAndCandidateQuarantineDeterministically" />
    </UnitTest>
    <UnitTest name="LLMGameCreator.Tests.Application.Semantics.SemanticLayerCompilerTests.RejectsWrongSchemaVersionAndLayerKindPrefixMismatch" storage="c:\users\endim\llmgamecreator\tests\llmgamecreator.tests\bin\debug\net8.0-windows\llmgamecreator.tests.dll" id="cd15bbad-82c4-8005-be94-ee3b2b130774">
      <Execution id="d687a9ae-8220-4be5-af26-8de5d24c4a08" />
      <TestMethod codeBase="C:\Users\endim\LLMGameCreator\tests\LLMGameCreator.Tests\bin\Debug\net8.0-windows\LLMGameCreator.Tests.dll" adapterTypeName="executor://xunit/VsTestRunner2/netcoreapp" className="LLMGameCreator.Tests.Application.Semantics.SemanticLayerCompilerTests" name="RejectsWrongSchemaVersionAndLayerKindPrefixMismatch" />
    </UnitTest>
    <UnitTest name="LLMGameCreator.Tests.Application.Semantics.SemanticLayerCompilerTests.ThreeSamePrecedenceConflictingTermDeclarationsCannotReactivateTerm" storage="c:\users\endim\llmgamecreator\tests\llmgamecreator.tests\bin\debug\net8.0-windows\llmgamecreator.tests.dll" id="04c91cbc-7727-7302-c63e-4a2629f711d1">
      <Execution id="3349db3b-82f1-4f8f-bbd6-ab1be928e005" />
      <TestMethod codeBase="C:\Users\endim\LLMGameCreator\tests\LLMGameCreator.Tests\bin\Debug\net8.0-windows\LLMGameCreator.Tests.dll" adapterTypeName="executor://xunit/VsTestRunner2/netcoreapp" className="LLMGameCreator.Tests.Application.Semantics.SemanticLayerCompilerTests" name="ThreeSamePrecedenceConflictingTermDeclarationsCannotReactivateTerm" />
    </UnitTest>
    <UnitTest name="LLMGameCreator.Tests.Application.Semantics.SemanticLayerCompilerTests.RejectsUnsafeLayerAndUnknownRelationEndpoint" storage="c:\users\endim\llmgamecreator\tests\llmgamecreator.tests\bin\debug\net8.0-windows\llmgamecreator.tests.dll" id="a1d8c3e5-4f56-2768-5be5-2e6c2ee60ada">
      <Execution id="b6947ea5-5b28-4b2e-a878-5db14ee28fa7" />
      <TestMethod codeBase="C:\Users\endim\LLMGameCreator\tests\LLMGameCreator.Tests\bin\Debug\net8.0-windows\LLMGameCreator.Tests.dll" adapterTypeName="executor://xunit/VsTestRunner2/netcoreapp" className="LLMGameCreator.Tests.Application.Semantics.SemanticLayerCompilerTests" name="RejectsUnsafeLayerAndUnknownRelationEndpoint" />
    </UnitTest>
    <UnitTest name="LLMGameCreator.Tests.Application.Semantics.SemanticLayerCompilerTests.WriteCreatesCompiledSemanticPackArtifacts" storage="c:\users\endim\llmgamecreator\tests\llmgamecreator.tests\bin\debug\net8.0-windows\llmgamecreator.tests.dll" id="b3f9ef04-ebaa-332a-f282-006aabe0022c">
      <Execution id="f65a3e5c-c126-4440-97ed-dfa88dfb7358" />
      <TestMethod codeBase="C:\Users\endim\LLMGameCreator\tests\LLMGameCreator.Tests\bin\Debug\net8.0-windows\LLMGameCreator.Tests.dll" adapterTypeName="executor://xunit/VsTestRunner2/netcoreapp" className="LLMGameCreator.Tests.Application.Semantics.SemanticLayerCompilerTests" name="WriteCreatesCompiledSemanticPackArtifacts" />
    </UnitTest>
    <UnitTest name="LLMGameCreator.Tests.Application.Semantics.SemanticLayerCompilerTests.MalformedJsonProducesDeterministicDiagnosticsAndKeepsValidNeighbor" storage="c:\users\endim\llmgamecreator\tests\llmgamecreator.tests\bin\debug\net8.0-windows\llmgamecreator.tests.dll" id="0b56c8eb-0982-c61a-86f5-864df3db5eb6">
      <Execution id="b2b558eb-08df-41eb-8658-9421be2e94f9" />
      <TestMethod codeBase="C:\Users\endim\LLMGameCreator\tests\LLMGameCreator.Tests\bin\Debug\net8.0-windows\LLMGameCreator.Tests.dll" adapterTypeName="executor://xunit/VsTestRunner2/netcoreapp" className="LLMGameCreator.Tests.Application.Semantics.SemanticLayerCompilerTests" name="MalformedJsonProducesDeterministicDiagnosticsAndKeepsValidNeighbor" />
    </UnitTest>
  </TestDefinitions>
  <TestEntries>
    <TestEntry testId="a1d8c3e5-4f56-2768-5be5-2e6c2ee60ada" executionId="b6947ea5-5b28-4b2e-a878-5db14ee28fa7" testListId="8c84fa94-04c1-424b-9868-57a2d4851a1d" />
    <TestEntry testId="04c91cbc-7727-7302-c63e-4a2629f711d1" executionId="3349db3b-82f1-4f8f-bbd6-ab1be928e005" testListId="8c84fa94-04c1-424b-9868-57a2d4851a1d" />
    <TestEntry testId="cd15bbad-82c4-8005-be94-ee3b2b130774" executionId="d687a9ae-8220-4be5-af26-8de5d24c4a08" testListId="8c84fa94-04c1-424b-9868-57a2d4851a1d" />
    <TestEntry testId="0b56c8eb-0982-c61a-86f5-864df3db5eb6" executionId="b2b558eb-08df-41eb-8658-9421be2e94f9" testListId="8c84fa94-04c1-424b-9868-57a2d4851a1d" />
    <TestEntry testId="acc15b4d-9f0f-069c-86bd-1755e40318e8" executionId="aadf43f9-08ec-4931-b7ee-036fe80c9014" testListId="8c84fa94-04c1-424b-9868-57a2d4851a1d" />
    <TestEntry testId="b3f9ef04-ebaa-332a-f282-006aabe0022c" executionId="f65a3e5c-c126-4440-97ed-dfa88dfb7358" testListId="8c84fa94-04c1-424b-9868-57a2d4851a1d" />
    <TestEntry testId="5291e533-7637-005a-26a6-ab570566e579" executionId="4ec69d51-05eb-4307-bdb3-e3aeb19cc4de" testListId="8c84fa94-04c1-424b-9868-57a2d4851a1d" />
  </TestEntries>
  <TestLists>
    <TestList name="Results Not in a List" id="8c84fa94-04c1-424b-9868-57a2d4851a1d" />
    <TestList name="All Loaded Results" id="19431567-8539-422a-85d7-44ee4e166bda" />
  </TestLists>
  <ResultSummary outcome="Completed">
    <Counters total="7" executed="7" passed="7" failed="0" error="0" timeout="0" aborted="0" inconclusive="0" passedButRunAborted="0" notRunnable="0" notExecuted="0" disconnected="0" warning="0" completed="0" inProgress="0" pending="0" />
    <Output>
      <StdOut>[xUnit.net 00:00:00.00] xUnit.net VSTest Adapter v2.8.2+699d445a1a (64-bit .NET 8.0.26)&#xD;
[xUnit.net 00:00:00.15]   Discovering: LLMGameCreator.Tests&#xD;
[xUnit.net 00:00:00.32]   Discovered:  LLMGameCreator.Tests&#xD;
[xUnit.net 00:00:00.33]   Starting:    LLMGameCreator.Tests&#xD;
[xUnit.net 00:00:00.47]   Finished:    LLMGameCreator.Tests&#xD;
</StdOut>
    </Output>
  </ResultSummary>
</TestRun>