<?xml version="1.0" encoding="utf-8"?>
<TestRun id="c3d1011c-f83b-44c8-9fbd-deeab62f201c" name="endim@DESKTOP-SM838SH 2026-07-12 13:57:31" runUser="DESKTOP-SM838SH\endim" xmlns="http://microsoft.com/schemas/VisualStudio/TeamTest/2010">
  <Times creation="2026-07-12T13:57:31.3004612+03:00" queuing="2026-07-12T13:57:31.3004614+03:00" start="2026-07-12T13:57:30.4366537+03:00" finish="2026-07-12T13:57:31.3057139+03:00" />
  <TestSettings name="default" id="31e84395-7316-4719-a04b-2ed1f8435790">
    <Deployment runDeploymentRoot="endim_DESKTOP-SM838SH_2026-07-12_13_57_31" />
  </TestSettings>
  <Results>
    <UnitTestResult executionId="65077437-080f-46b1-8aba-284fa4f53b62" testId="9e323382-c20d-d554-543a-996227d7f978" testName="LLMGameCreator.Tests.RuntimeHarvestTests.HarvestMissingToolDoesNotMutate" computerName="DESKTOP-SM838SH" duration="00:00:00.0378225" startTime="2026-07-12T13:57:31.2174855+03:00" endTime="2026-07-12T13:57:31.2174857+03:00" testType="13cdc9d9-ddb5-4fa4-a97d-d965ccfc6d4b" outcome="Passed" testListId="8c84fa94-04c1-424b-9868-57a2d4851a1d" relativeResultsDirectory="65077437-080f-46b1-8aba-284fa4f53b62" />
    <UnitTestResult executionId="7bb32afa-4ea8-4f6b-8058-3499affd53cf" testId="2f73830f-3c1a-6a8a-f524-6685aa99d138" testName="LLMGameCreator.Tests.RuntimeHarvestTests.HarvestAppliesOutputsLootAndConsumesEquippedToolDurability" computerName="DESKTOP-SM838SH" duration="00:00:00.0456554" startTime="2026-07-12T13:57:31.1799904+03:00" endTime="2026-07-12T13:57:31.1800074+03:00" testType="13cdc9d9-ddb5-4fa4-a97d-d965ccfc6d4b" outcome="Passed" testListId="8c84fa94-04c1-424b-9868-57a2d4851a1d" relativeResultsDirectory="7bb32afa-4ea8-4f6b-8058-3499affd53cf" />
  </Results>
  <TestDefinitions>
    <UnitTest name="LLMGameCreator.Tests.RuntimeHarvestTests.HarvestAppliesOutputsLootAndConsumesEquippedToolDurability" storage="c:\users\endim\llmgamecreator\tests\llmgamecreator.tests\bin\debug\net8.0-windows\llmgamecreator.tests.dll" id="2f73830f-3c1a-6a8a-f524-6685aa99d138">
      <Execution id="7bb32afa-4ea8-4f6b-8058-3499affd53cf" />
      <TestMethod codeBase="C:\Users\endim\LLMGameCreator\tests\LLMGameCreator.Tests\bin\Debug\net8.0-windows\LLMGameCreator.Tests.dll" adapterTypeName="executor://xunit/VsTestRunner2/netcoreapp" className="LLMGameCreator.Tests.RuntimeHarvestTests" name="HarvestAppliesOutputsLootAndConsumesEquippedToolDurability" />
    </UnitTest>
    <UnitTest name="LLMGameCreator.Tests.RuntimeHarvestTests.HarvestMissingToolDoesNotMutate" storage="c:\users\endim\llmgamecreator\tests\llmgamecreator.tests\bin\debug\net8.0-windows\llmgamecreator.tests.dll" id="9e323382-c20d-d554-543a-996227d7f978">
      <Execution id="65077437-080f-46b1-8aba-284fa4f53b62" />
      <TestMethod codeBase="C:\Users\endim\LLMGameCreator\tests\LLMGameCreator.Tests\bin\Debug\net8.0-windows\LLMGameCreator.Tests.dll" adapterTypeName="executor://xunit/VsTestRunner2/netcoreapp" className="LLMGameCreator.Tests.RuntimeHarvestTests" name="HarvestMissingToolDoesNotMutate" />
    </UnitTest>
  </TestDefinitions>
  <TestEntries>
    <TestEntry testId="9e323382-c20d-d554-543a-996227d7f978" executionId="65077437-080f-46b1-8aba-284fa4f53b62" testListId="8c84fa94-04c1-424b-9868-57a2d4851a1d" />
    <TestEntry testId="2f73830f-3c1a-6a8a-f524-6685aa99d138" executionId="7bb32afa-4ea8-4f6b-8058-3499affd53cf" testListId="8c84fa94-04c1-424b-9868-57a2d4851a1d" />
  </TestEntries>
  <TestLists>
    <TestList name="Results Not in a List" id="8c84fa94-04c1-424b-9868-57a2d4851a1d" />
    <TestList name="All Loaded Results" id="19431567-8539-422a-85d7-44ee4e166bda" />
  </TestLists>
  <ResultSummary outcome="Completed">
    <Counters total="2" executed="2" passed="2" failed="0" error="0" timeout="0" aborted="0" inconclusive="0" passedButRunAborted="0" notRunnable="0" notExecuted="0" disconnected="0" warning="0" completed="0" inProgress="0" pending="0" />
    <Output>
      <StdOut>[xUnit.net 00:00:00.00] xUnit.net VSTest Adapter v2.8.2+699d445a1a (64-bit .NET 8.0.26)&#xD;
[xUnit.net 00:00:00.14]   Discovering: LLMGameCreator.Tests&#xD;
[xUnit.net 00:00:00.32]   Discovered:  LLMGameCreator.Tests&#xD;
[xUnit.net 00:00:00.33]   Starting:    LLMGameCreator.Tests&#xD;
[xUnit.net 00:00:00.45]   Finished:    LLMGameCreator.Tests&#xD;
</StdOut>
    </Output>
  </ResultSummary>
</TestRun>