<?xml version="1.0" encoding="utf-8"?>
<TestRun id="c2c5b1c4-e43c-4d5a-9415-ac96d9a33454" name="endim@DESKTOP-SM838SH 2026-07-12 13:04:17" runUser="DESKTOP-SM838SH\endim" xmlns="http://microsoft.com/schemas/VisualStudio/TeamTest/2010">
  <Times creation="2026-07-12T13:04:17.0101150+03:00" queuing="2026-07-12T13:04:17.0101152+03:00" start="2026-07-12T13:04:16.0569863+03:00" finish="2026-07-12T13:04:17.0200470+03:00" />
  <TestSettings name="default" id="c4e4d2ab-3f58-49bb-9734-c8b6060ed1da">
    <Deployment runDeploymentRoot="endim_DESKTOP-SM838SH_2026-07-12_13_04_17" />
  </TestSettings>
  <Results>
    <UnitTestResult executionId="f162a376-dafd-45e8-a610-d574195e8a69" testId="121e8b44-e338-4c72-e74c-4b21ab5eb2a5" testName="LLMGameCreator.Tests.Application.GeoworldSourceAdapterStreamingContract.GeoworldSourceAdapterStreamingContractValidatorTests.NoLiveAdapterPerformsNetworkIo" computerName="DESKTOP-SM838SH" duration="00:00:00.0019456" startTime="2026-07-12T13:04:16.9088269+03:00" endTime="2026-07-12T13:04:16.9088271+03:00" testType="13cdc9d9-ddb5-4fa4-a97d-d965ccfc6d4b" outcome="Passed" testListId="8c84fa94-04c1-424b-9868-57a2d4851a1d" relativeResultsDirectory="f162a376-dafd-45e8-a610-d574195e8a69" />
    <UnitTestResult executionId="a528ca4a-da33-4301-81ed-d1bc69de4a81" testId="7638a696-4ddc-7131-af06-f581368dc24c" testName="LLMGameCreator.Tests.Application.GeoworldSourceAdapterStreamingContract.GeoworldSourceAdapterStreamingContractValidatorTests.ValidFixturesPassAndStayMetadataOnly" computerName="DESKTOP-SM838SH" duration="00:00:00.0340151" startTime="2026-07-12T13:04:16.9031162+03:00" endTime="2026-07-12T13:04:16.9031386+03:00" testType="13cdc9d9-ddb5-4fa4-a97d-d965ccfc6d4b" outcome="Passed" testListId="8c84fa94-04c1-424b-9868-57a2d4851a1d" relativeResultsDirectory="a528ca4a-da33-4301-81ed-d1bc69de4a81" />
    <UnitTestResult executionId="206fb71d-2a5d-45e4-87fd-4b29971aaf16" testId="0d68068e-7239-b21e-de13-a693abaf35a8" testName="LLMGameCreator.Tests.Application.GeoworldSourceAdapterStreamingContract.GeoworldSourceAdapterStreamingContractValidatorTests.NormalizedTaxonomyAndBoundaryPrefetchContractArePresent" computerName="DESKTOP-SM838SH" duration="00:00:00.0042192" startTime="2026-07-12T13:04:16.9068573+03:00" endTime="2026-07-12T13:04:16.9068574+03:00" testType="13cdc9d9-ddb5-4fa4-a97d-d965ccfc6d4b" outcome="Passed" testListId="8c84fa94-04c1-424b-9868-57a2d4851a1d" relativeResultsDirectory="206fb71d-2a5d-45e4-87fd-4b29971aaf16" />
    <UnitTestResult executionId="ceb52474-6974-4639-9ba1-28889ad55f32" testId="15faf2cf-b1c8-86ac-c2ce-ec7291ad136a" testName="LLMGameCreator.Tests.Application.GeoworldSourceAdapterStreamingContract.GeoworldSourceAdapterStreamingContractValidatorTests.NegativeMatrixRejectsAllForbiddenCases" computerName="DESKTOP-SM838SH" duration="00:00:00.0079982" startTime="2026-07-12T13:04:16.9168900+03:00" endTime="2026-07-12T13:04:16.9168902+03:00" testType="13cdc9d9-ddb5-4fa4-a97d-d965ccfc6d4b" outcome="Passed" testListId="8c84fa94-04c1-424b-9868-57a2d4851a1d" relativeResultsDirectory="ceb52474-6974-4639-9ba1-28889ad55f32" />
  </Results>
  <TestDefinitions>
    <UnitTest name="LLMGameCreator.Tests.Application.GeoworldSourceAdapterStreamingContract.GeoworldSourceAdapterStreamingContractValidatorTests.NegativeMatrixRejectsAllForbiddenCases" storage="c:\users\endim\llmgamecreator\tests\llmgamecreator.tests\bin\debug\net8.0-windows\llmgamecreator.tests.dll" id="15faf2cf-b1c8-86ac-c2ce-ec7291ad136a">
      <Execution id="ceb52474-6974-4639-9ba1-28889ad55f32" />
      <TestMethod codeBase="C:\Users\endim\LLMGameCreator\tests\LLMGameCreator.Tests\bin\Debug\net8.0-windows\LLMGameCreator.Tests.dll" adapterTypeName="executor://xunit/VsTestRunner2/netcoreapp" className="LLMGameCreator.Tests.Application.GeoworldSourceAdapterStreamingContract.GeoworldSourceAdapterStreamingContractValidatorTests" name="NegativeMatrixRejectsAllForbiddenCases" />
    </UnitTest>
    <UnitTest name="LLMGameCreator.Tests.Application.GeoworldSourceAdapterStreamingContract.GeoworldSourceAdapterStreamingContractValidatorTests.NormalizedTaxonomyAndBoundaryPrefetchContractArePresent" storage="c:\users\endim\llmgamecreator\tests\llmgamecreator.tests\bin\debug\net8.0-windows\llmgamecreator.tests.dll" id="0d68068e-7239-b21e-de13-a693abaf35a8">
      <Execution id="206fb71d-2a5d-45e4-87fd-4b29971aaf16" />
      <TestMethod codeBase="C:\Users\endim\LLMGameCreator\tests\LLMGameCreator.Tests\bin\Debug\net8.0-windows\LLMGameCreator.Tests.dll" adapterTypeName="executor://xunit/VsTestRunner2/netcoreapp" className="LLMGameCreator.Tests.Application.GeoworldSourceAdapterStreamingContract.GeoworldSourceAdapterStreamingContractValidatorTests" name="NormalizedTaxonomyAndBoundaryPrefetchContractArePresent" />
    </UnitTest>
    <UnitTest name="LLMGameCreator.Tests.Application.GeoworldSourceAdapterStreamingContract.GeoworldSourceAdapterStreamingContractValidatorTests.NoLiveAdapterPerformsNetworkIo" storage="c:\users\endim\llmgamecreator\tests\llmgamecreator.tests\bin\debug\net8.0-windows\llmgamecreator.tests.dll" id="121e8b44-e338-4c72-e74c-4b21ab5eb2a5">
      <Execution id="f162a376-dafd-45e8-a610-d574195e8a69" />
      <TestMethod codeBase="C:\Users\endim\LLMGameCreator\tests\LLMGameCreator.Tests\bin\Debug\net8.0-windows\LLMGameCreator.Tests.dll" adapterTypeName="executor://xunit/VsTestRunner2/netcoreapp" className="LLMGameCreator.Tests.Application.GeoworldSourceAdapterStreamingContract.GeoworldSourceAdapterStreamingContractValidatorTests" name="NoLiveAdapterPerformsNetworkIo" />
    </UnitTest>
    <UnitTest name="LLMGameCreator.Tests.Application.GeoworldSourceAdapterStreamingContract.GeoworldSourceAdapterStreamingContractValidatorTests.ValidFixturesPassAndStayMetadataOnly" storage="c:\users\endim\llmgamecreator\tests\llmgamecreator.tests\bin\debug\net8.0-windows\llmgamecreator.tests.dll" id="7638a696-4ddc-7131-af06-f581368dc24c">
      <Execution id="a528ca4a-da33-4301-81ed-d1bc69de4a81" />
      <TestMethod codeBase="C:\Users\endim\LLMGameCreator\tests\LLMGameCreator.Tests\bin\Debug\net8.0-windows\LLMGameCreator.Tests.dll" adapterTypeName="executor://xunit/VsTestRunner2/netcoreapp" className="LLMGameCreator.Tests.Application.GeoworldSourceAdapterStreamingContract.GeoworldSourceAdapterStreamingContractValidatorTests" name="ValidFixturesPassAndStayMetadataOnly" />
    </UnitTest>
  </TestDefinitions>
  <TestEntries>
    <TestEntry testId="121e8b44-e338-4c72-e74c-4b21ab5eb2a5" executionId="f162a376-dafd-45e8-a610-d574195e8a69" testListId="8c84fa94-04c1-424b-9868-57a2d4851a1d" />
    <TestEntry testId="7638a696-4ddc-7131-af06-f581368dc24c" executionId="a528ca4a-da33-4301-81ed-d1bc69de4a81" testListId="8c84fa94-04c1-424b-9868-57a2d4851a1d" />
    <TestEntry testId="0d68068e-7239-b21e-de13-a693abaf35a8" executionId="206fb71d-2a5d-45e4-87fd-4b29971aaf16" testListId="8c84fa94-04c1-424b-9868-57a2d4851a1d" />
    <TestEntry testId="15faf2cf-b1c8-86ac-c2ce-ec7291ad136a" executionId="ceb52474-6974-4639-9ba1-28889ad55f32" testListId="8c84fa94-04c1-424b-9868-57a2d4851a1d" />
  </TestEntries>
  <TestLists>
    <TestList name="Results Not in a List" id="8c84fa94-04c1-424b-9868-57a2d4851a1d" />
    <TestList name="All Loaded Results" id="19431567-8539-422a-85d7-44ee4e166bda" />
  </TestLists>
  <ResultSummary outcome="Completed">
    <Counters total="4" executed="4" passed="4" failed="0" error="0" timeout="0" aborted="0" inconclusive="0" passedButRunAborted="0" notRunnable="0" notExecuted="0" disconnected="0" warning="0" completed="0" inProgress="0" pending="0" />
    <Output>
      <StdOut>[xUnit.net 00:00:00.00] xUnit.net VSTest Adapter v2.8.2+699d445a1a (64-bit .NET 8.0.26)&#xD;
[xUnit.net 00:00:00.17]   Discovering: LLMGameCreator.Tests&#xD;
[xUnit.net 00:00:00.39]   Discovered:  LLMGameCreator.Tests&#xD;
[xUnit.net 00:00:00.40]   Starting:    LLMGameCreator.Tests&#xD;
[xUnit.net 00:00:00.49]   Finished:    LLMGameCreator.Tests&#xD;
</StdOut>
    </Output>
  </ResultSummary>
</TestRun>