<?xml version="1.0" encoding="utf-8"?>
<TestRun id="2eb005a6-c9d5-4422-8cb7-34053b431b34" name="endim@DESKTOP-SM838SH 2026-07-12 13:03:04" runUser="DESKTOP-SM838SH\endim" xmlns="http://microsoft.com/schemas/VisualStudio/TeamTest/2010">
  <Times creation="2026-07-12T13:03:04.4862512+03:00" queuing="2026-07-12T13:03:04.4862515+03:00" start="2026-07-12T13:03:03.4808000+03:00" finish="2026-07-12T13:03:04.4945540+03:00" />
  <TestSettings name="default" id="e7a237bb-a7ad-4573-af6a-e5d1da69de29">
    <Deployment runDeploymentRoot="endim_DESKTOP-SM838SH_2026-07-12_13_03_04" />
  </TestSettings>
  <Results>
    <UnitTestResult executionId="fb8fd55d-227f-4ad2-b1a3-420e43a702a1" testId="901810e5-da5c-4e15-64b8-c4d8fb49ece9" testName="LLMGameCreator.Tests.Application.FeatureModuleAuthoring.FeatureModuleLibraryAndParameterTests.Tracked_library_loads_deterministically_with_seeded_contracts" computerName="DESKTOP-SM838SH" duration="00:00:00.0189268" startTime="2026-07-12T13:03:04.3714416+03:00" endTime="2026-07-12T13:03:04.3714421+03:00" testType="13cdc9d9-ddb5-4fa4-a97d-d965ccfc6d4b" outcome="Passed" testListId="8c84fa94-04c1-424b-9868-57a2d4851a1d" relativeResultsDirectory="fb8fd55d-227f-4ad2-b1a3-420e43a702a1" />
    <UnitTestResult executionId="eea9fc85-32c3-4437-b2fb-05f4412b555c" testId="38f287bb-38b9-439e-0213-1cfcf2e6c403" testName="LLMGameCreator.Tests.Application.FeatureModuleAuthoring.FeatureModuleLibraryAndParameterTests.Parameter_binding_resolves_defaults_and_applies_multi_target_groups_atomically" computerName="DESKTOP-SM838SH" duration="00:00:00.0074175" startTime="2026-07-12T13:03:04.3788632+03:00" endTime="2026-07-12T13:03:04.3788634+03:00" testType="13cdc9d9-ddb5-4fa4-a97d-d965ccfc6d4b" outcome="Passed" testListId="8c84fa94-04c1-424b-9868-57a2d4851a1d" relativeResultsDirectory="eea9fc85-32c3-4437-b2fb-05f4412b555c" />
    <UnitTestResult executionId="9be17e24-4a74-4b5e-9b12-eb6518a20ef0" testId="697039a5-508d-851b-86a3-20097a75a430" testName="LLMGameCreator.Tests.Application.FeatureModuleAuthoring.FeatureModuleLibraryAndParameterTests.Parameter_validation_rejects_unknown_unselected_type_range_step_enum_and_duplicates" computerName="DESKTOP-SM838SH" duration="00:00:00.0208812" startTime="2026-07-12T13:03:04.3998215+03:00" endTime="2026-07-12T13:03:04.3998218+03:00" testType="13cdc9d9-ddb5-4fa4-a97d-d965ccfc6d4b" outcome="Passed" testListId="8c84fa94-04c1-424b-9868-57a2d4851a1d" relativeResultsDirectory="9be17e24-4a74-4b5e-9b12-eb6518a20ef0" />
    <UnitTestResult executionId="b3231850-f3c7-4c5d-8128-cfc62bb491d8" testId="89caefe8-6d64-4304-3b81-903f45a18d86" testName="LLMGameCreator.Tests.Application.FeatureModuleAuthoring.FeatureModuleLibraryAndParameterTests.Parameter_input_order_produces_identical_effective_plan_and_never_mutates_source_modules" computerName="DESKTOP-SM838SH" duration="00:00:00.1133419" startTime="2026-07-12T13:03:04.3527940+03:00" endTime="2026-07-12T13:03:04.3528107+03:00" testType="13cdc9d9-ddb5-4fa4-a97d-d965ccfc6d4b" outcome="Passed" testListId="8c84fa94-04c1-424b-9868-57a2d4851a1d" relativeResultsDirectory="b3231850-f3c7-4c5d-8128-cfc62bb491d8" />
  </Results>
  <TestDefinitions>
    <UnitTest name="LLMGameCreator.Tests.Application.FeatureModuleAuthoring.FeatureModuleLibraryAndParameterTests.Parameter_binding_resolves_defaults_and_applies_multi_target_groups_atomically" storage="c:\users\endim\llmgamecreator\tests\llmgamecreator.tests\bin\debug\net8.0-windows\llmgamecreator.tests.dll" id="38f287bb-38b9-439e-0213-1cfcf2e6c403">
      <Execution id="eea9fc85-32c3-4437-b2fb-05f4412b555c" />
      <TestMethod codeBase="C:\Users\endim\LLMGameCreator\tests\LLMGameCreator.Tests\bin\Debug\net8.0-windows\LLMGameCreator.Tests.dll" adapterTypeName="executor://xunit/VsTestRunner2/netcoreapp" className="LLMGameCreator.Tests.Application.FeatureModuleAuthoring.FeatureModuleLibraryAndParameterTests" name="Parameter_binding_resolves_defaults_and_applies_multi_target_groups_atomically" />
    </UnitTest>
    <UnitTest name="LLMGameCreator.Tests.Application.FeatureModuleAuthoring.FeatureModuleLibraryAndParameterTests.Parameter_input_order_produces_identical_effective_plan_and_never_mutates_source_modules" storage="c:\users\endim\llmgamecreator\tests\llmgamecreator.tests\bin\debug\net8.0-windows\llmgamecreator.tests.dll" id="89caefe8-6d64-4304-3b81-903f45a18d86">
      <Execution id="b3231850-f3c7-4c5d-8128-cfc62bb491d8" />
      <TestMethod codeBase="C:\Users\endim\LLMGameCreator\tests\LLMGameCreator.Tests\bin\Debug\net8.0-windows\LLMGameCreator.Tests.dll" adapterTypeName="executor://xunit/VsTestRunner2/netcoreapp" className="LLMGameCreator.Tests.Application.FeatureModuleAuthoring.FeatureModuleLibraryAndParameterTests" name="Parameter_input_order_produces_identical_effective_plan_and_never_mutates_source_modules" />
    </UnitTest>
    <UnitTest name="LLMGameCreator.Tests.Application.FeatureModuleAuthoring.FeatureModuleLibraryAndParameterTests.Tracked_library_loads_deterministically_with_seeded_contracts" storage="c:\users\endim\llmgamecreator\tests\llmgamecreator.tests\bin\debug\net8.0-windows\llmgamecreator.tests.dll" id="901810e5-da5c-4e15-64b8-c4d8fb49ece9">
      <Execution id="fb8fd55d-227f-4ad2-b1a3-420e43a702a1" />
      <TestMethod codeBase="C:\Users\endim\LLMGameCreator\tests\LLMGameCreator.Tests\bin\Debug\net8.0-windows\LLMGameCreator.Tests.dll" adapterTypeName="executor://xunit/VsTestRunner2/netcoreapp" className="LLMGameCreator.Tests.Application.FeatureModuleAuthoring.FeatureModuleLibraryAndParameterTests" name="Tracked_library_loads_deterministically_with_seeded_contracts" />
    </UnitTest>
    <UnitTest name="LLMGameCreator.Tests.Application.FeatureModuleAuthoring.FeatureModuleLibraryAndParameterTests.Parameter_validation_rejects_unknown_unselected_type_range_step_enum_and_duplicates" storage="c:\users\endim\llmgamecreator\tests\llmgamecreator.tests\bin\debug\net8.0-windows\llmgamecreator.tests.dll" id="697039a5-508d-851b-86a3-20097a75a430">
      <Execution id="9be17e24-4a74-4b5e-9b12-eb6518a20ef0" />
      <TestMethod codeBase="C:\Users\endim\LLMGameCreator\tests\LLMGameCreator.Tests\bin\Debug\net8.0-windows\LLMGameCreator.Tests.dll" adapterTypeName="executor://xunit/VsTestRunner2/netcoreapp" className="LLMGameCreator.Tests.Application.FeatureModuleAuthoring.FeatureModuleLibraryAndParameterTests" name="Parameter_validation_rejects_unknown_unselected_type_range_step_enum_and_duplicates" />
    </UnitTest>
  </TestDefinitions>
  <TestEntries>
    <TestEntry testId="901810e5-da5c-4e15-64b8-c4d8fb49ece9" executionId="fb8fd55d-227f-4ad2-b1a3-420e43a702a1" testListId="8c84fa94-04c1-424b-9868-57a2d4851a1d" />
    <TestEntry testId="38f287bb-38b9-439e-0213-1cfcf2e6c403" executionId="eea9fc85-32c3-4437-b2fb-05f4412b555c" testListId="8c84fa94-04c1-424b-9868-57a2d4851a1d" />
    <TestEntry testId="697039a5-508d-851b-86a3-20097a75a430" executionId="9be17e24-4a74-4b5e-9b12-eb6518a20ef0" testListId="8c84fa94-04c1-424b-9868-57a2d4851a1d" />
    <TestEntry testId="89caefe8-6d64-4304-3b81-903f45a18d86" executionId="b3231850-f3c7-4c5d-8128-cfc62bb491d8" testListId="8c84fa94-04c1-424b-9868-57a2d4851a1d" />
  </TestEntries>
  <TestLists>
    <TestList name="Results Not in a List" id="8c84fa94-04c1-424b-9868-57a2d4851a1d" />
    <TestList name="All Loaded Results" id="19431567-8539-422a-85d7-44ee4e166bda" />
  </TestLists>
  <ResultSummary outcome="Completed">
    <Counters total="4" executed="4" passed="4" failed="0" error="0" timeout="0" aborted="0" inconclusive="0" passedButRunAborted="0" notRunnable="0" notExecuted="0" disconnected="0" warning="0" completed="0" inProgress="0" pending="0" />
    <Output>
      <StdOut>[xUnit.net 00:00:00.00] xUnit.net VSTest Adapter v2.8.2+699d445a1a (64-bit .NET 8.0.26)&#xD;
[xUnit.net 00:00:00.16]   Discovering: LLMGameCreator.Tests&#xD;
[xUnit.net 00:00:00.35]   Discovered:  LLMGameCreator.Tests&#xD;
[xUnit.net 00:00:00.36]   Starting:    LLMGameCreator.Tests&#xD;
[xUnit.net 00:00:00.56]   Finished:    LLMGameCreator.Tests&#xD;
</StdOut>
    </Output>
  </ResultSummary>
</TestRun>