[Licensing::Module] Trying to connect to existing licensing client channel...
[Licensing::IpcConnector] Successfully connected to: "LicenseClient-endim" at "2026-07-06T02:21:41.6114478Z"
[Licensing::Client] Code 10 while verifying Licensing Client signature (process Id: 1288, path: "C:/Program Files/Unity Hub/UnityLicensingClient_V1/Unity.Licensing.Client.exe")
[Licensing::Module] LicensingClient has failed validation; ignoring
[Licensing::Client] Handshaking with LicensingClient:
  Version:                 1.17.4+4293ba1
  Session Id:              93c1896266a846ccac995d934721a944
  Correlation Id:          2cb1d50819de4c878e44172a817051ab
  External correlation Id: 1105412731424535532
  Machine Id:              T9z/CSV4JRByE6/U7wnarwBQW64=
[Licensing::Module] Successfully connected to LicensingClient on channel: "LicenseClient-endim" (connect: 0.00s, validation: 0.01s, handshake: 0.03s)
[Licensing::IpcConnector] Successfully connected to: "LicenseClient-endim-notifications" at "2026-07-06T02:21:41.6483494Z"
[Licensing::Module] Error: Access token is unavailable; failed to update
[Licensing::Client] Successfully resolved entitlement details
[Licensing::Module] Serial number assigned to: "6006070-UnityPersXXXX"
[Licensing::Client] Successfully updated license, isAync: True, time: 0.01
Built from '6000.1/staging' branch; Version is '6000.1.10f1 (3c681a6c22ff) revision 3958810'; Using compiler version '194234433'; Build Type 'Release'
OS: 'Windows 10  (10.0.19045) 64bit Professional' Language: 'ru' Physical Memory: 32682 MB
[Licensing::Client] Successfully resolved entitlement details
BatchMode: 1, IsHumanControllingUs: 0, StartBugReporterOnCrash: 0, Is64bit: 1, IsPro: 0
Date: 2026-07-06T02:21:41Z

COMMAND LINE ARGUMENTS:
C:\Program Files\Unity\Hub\Editor\6000.1.10f1\Editor\Unity.exe
-batchmode
-quit
-projectPath
.\unity\LLMGameCreatorAlpha
-executeMethod
LLMGameCreatorAlpha.AcceptedAlphaPlayableProjectionWindow.RunBatchmodeProjectionActionLoopSmoke
-logFile
.\.llmgc\procedural\goal-122-accepted-alpha-projection-action-loop-and-window-polish\unity-batchmode-action-loop-smoke.log
Successfully changed project path to: C:/Users/endim/LLMGameCreator/unity/LLMGameCreatorAlpha
C:/Users/endim/LLMGameCreator/unity/LLMGameCreatorAlpha
[UnityMemory] Configuration Parameters - Can be set up in boot.config
    "memorysetup-allocator-temp-initial-block-size-main=262144"
    "memorysetup-allocator-temp-initial-block-size-worker=262144"
    "memorysetup-bucket-allocator-granularity=16"
    "memorysetup-bucket-allocator-bucket-count=8"
    "memorysetup-bucket-allocator-block-size=33554432"
    "memorysetup-bucket-allocator-block-count=8"
    "memorysetup-main-allocator-block-size=16777216"
    "memorysetup-thread-allocator-block-size=16777216"
    "memorysetup-gfx-main-allocator-block-size=16777216"
    "memorysetup-gfx-thread-allocator-block-size=16777216"
    "memorysetup-cache-allocator-block-size=4194304"
    "memorysetup-typetree-allocator-block-size=2097152"
    "memorysetup-profiler-bucket-allocator-granularity=16"
    "memorysetup-profiler-bucket-allocator-bucket-count=8"
    "memorysetup-profiler-bucket-allocator-block-size=33554432"
    "memorysetup-profiler-bucket-allocator-block-count=8"
    "memorysetup-profiler-allocator-block-size=16777216"
    "memorysetup-profiler-editor-allocator-block-size=1048576"
    "memorysetup-temp-allocator-size-main=16777216"
    "memorysetup-job-temp-allocator-block-size=2097152"
    "memorysetup-job-temp-allocator-block-size-background=1048576"
    "memorysetup-job-temp-allocator-reduction-small-platforms=262144"
    "memorysetup-temp-allocator-size-background-worker=32768"
    "memorysetup-temp-allocator-size-job-worker=262144"
    "memorysetup-temp-allocator-size-preload-manager=33554432"
    "memorysetup-temp-allocator-size-nav-mesh-worker=65536"
    "memorysetup-temp-allocator-size-audio-worker=65536"
    "memorysetup-temp-allocator-size-cloud-worker=32768"
    "memorysetup-temp-allocator-size-gi-baking-worker=262144"
    "memorysetup-temp-allocator-size-gi-baking-worker=262144"
    "memorysetup-temp-allocator-size-gi-baking-worker=262144"
    "memorysetup-temp-allocator-size-gi-baking-worker=262144"
    "memorysetup-temp-allocator-size-gi-baking-worker=262144"
    "memorysetup-temp-allocator-size-gfx=262144"
Player connection [30912]  Target information:

Player connection [30912]  * "[IP] 192.168.50.62 [Port] 55504 [Flags] 2 [Guid] 817524776 [EditorId] 817524776 [Version] 1048832 [Id] WindowsEditor(7,DESKTOP-SM838SH) [Debug] 1 [PackageName] WindowsEditor [ProjectName] Editor"

Player connection [30912] Host joined multi-casting on [225.0.0.222:54997]...
Player connection [30912] Host joined alternative multi-casting on [225.0.0.222:34997]...
Input System module state changed to: Initialized.
[Physics::Module] Initialized fallback backend.
[Physics::Module] Id: 0xdecafbad
[Package Manager] Connected to IPC stream "Upm-33476" after 0.3 seconds.
Library Redirect Path: Library/
[Package Manager] Restoring resolved packages state from cache
[Licensing::Client] Successfully resolved entitlement details
[Package Manager] Registered 3 packages:
  Built-in packages:
    com.unity.modules.audio@1.0.0 (location: C:\Program Files\Unity\Hub\Editor\6000.1.10f1\Editor\Data\Resources\PackageManager\BuiltInPackages\com.unity.modules.audio)
    com.unity.modules.imgui@1.0.0 (location: C:\Program Files\Unity\Hub\Editor\6000.1.10f1\Editor\Data\Resources\PackageManager\BuiltInPackages\com.unity.modules.imgui)
    com.unity.modules.physics@1.0.0 (location: C:\Program Files\Unity\Hub\Editor\6000.1.10f1\Editor\Data\Resources\PackageManager\BuiltInPackages\com.unity.modules.physics)
[Physics::Module] Selected backend.
[Physics::Module] Name: PhysX
[Physics::Module] Id: 0xf2b8ea05
[Physics::Module] SDK Version: 4.1.2
[Physics::Module] Integration Version: 1.0.0
[Physics::Module] Threading Mode: Multi-Threaded
[Subsystems] No new subsystems found in resolved package list.
Package Manager log level set to [2]
[Package Manager] Done registering packages in 0.63 seconds
Refreshing native plugins compatible for Editor in 0.00 ms, found 0 plugins.
Preloading 0 native plugins for Editor in 0.00 ms.
Initialize engine version: 6000.1.10f1 (3c681a6c22ff)
[Subsystems] Discovering subsystems at path C:/Program Files/Unity/Hub/Editor/6000.1.10f1/Editor/Data/Resources/UnitySubsystems
[Subsystems] Discovering subsystems at path C:/Users/endim/LLMGameCreator/unity/LLMGameCreatorAlpha/Assets
GfxDevice: creating device client; kGfxThreadingModeNonThreaded
Direct3D:
    Version:         Direct3D 12 [level 12.1]
    Renderer:        NVIDIA GeForce RTX 2070 SUPER (ID=0x1e84)
    Vendor:          NVIDIA
    VRAM:            7989 MB
    App VRAM Budget: 7221 MB
    Driver:          32.0.15.9636
[Licensing::Client] Successfully resolved entitlement details
Initialize mono
Mono path[0] = 'C:/Program Files/Unity/Hub/Editor/6000.1.10f1/Editor/Data/Managed'
Mono path[1] = 'C:/Program Files/Unity/Hub/Editor/6000.1.10f1/Editor/Data/MonoBleedingEdge/lib/mono/unityjit-win32'
Mono config path = 'C:/Program Files/Unity/Hub/Editor/6000.1.10f1/Editor/Data/MonoBleedingEdge/etc'
Using monoOptions --debugger-agent=transport=dt_socket,embedding=1,server=y,suspend=n,address=127.0.0.1:56476
Using cacheserver namespaces - metadata:defaultmetadata, artifacts:defaultartifacts
Using cacheserver namespaces - metadata:defaultmetadata, artifacts:defaultartifacts
ImportWorker Server TCP listen port: 0
AcceleratorClientConnectionCallback - disconnected - :0
Begin MonoManager ReloadAssembly
Registering precompiled unity dll's ...
Register platform support module: C:/Program Files/Unity/Hub/Editor/6000.1.10f1/Editor/Data/PlaybackEngines/WebGLSupport/UnityEditor.WebGL.Extensions.dll
Register platform support module: C:/Program Files/Unity/Hub/Editor/6000.1.10f1/Editor/Data/PlaybackEngines/WindowsStandaloneSupport/UnityEditor.WindowsStandalone.Extensions.dll
[Licensing::Client] Successfully resolved entitlement details
Register platform support module: C:/Program Files/Unity/Hub/Editor/6000.1.10f1/Editor/Data/PlaybackEngines/AndroidPlayer/UnityEditor.Android.Extensions.dll
Registered in 0.014363 seconds.
- Loaded All Assemblies, in  0.395 seconds
Native extension for Android target not found
Android Extension - Scanning For ADB Devices 170 ms
Native extension for WindowsStandalone target not found
Native extension for WebGL target not found
Mono: successfully reloaded assembly
- Finished resetting the current domain, in  0.535 seconds
Domain Reload Profiling: 929ms
	BeginReloadAssembly (120ms)
		ExecutionOrderSort (0ms)
		DisableScriptedObjects (0ms)
		BackupInstance (0ms)
		ReleaseScriptingObjects (0ms)
		CreateAndSetChildDomain (1ms)
	RebuildCommonClasses (36ms)
	RebuildNativeTypeToScriptingClass (12ms)
	initialDomainReloadingComplete (60ms)
	LoadAllAssembliesAndSetupDomain (165ms)
		LoadAssemblies (118ms)
		RebuildTransferFunctionScriptingTraits (0ms)
		AnalyzeDomain (162ms)
			TypeCache.Refresh (160ms)
				TypeCache.ScanAssembly (148ms)
			BuildScriptInfoCaches (0ms)
			ResolveRequiredComponents (0ms)
	FinalizeReload (536ms)
		ReleaseScriptCaches (0ms)
		RebuildScriptCaches (0ms)
		SetupLoadedEditorAssemblies (501ms)
			LogAssemblyErrors (0ms)
			InitializePlatformSupportModulesInManaged (276ms)
			SetLoadedEditorAssemblies (4ms)
			BeforeProcessingInitializeOnLoad (63ms)
			ProcessInitializeOnLoadAttributes (101ms)
			ProcessInitializeOnLoadMethodAttributes (57ms)
			AfterProcessingInitializeOnLoad (0ms)
			EditorAssembliesLoaded (0ms)
		ExecutionOrderSort2 (0ms)
		AwakeInstancesAfterBackupRestoration (0ms)
[Licensing::Client] Successfully resolved entitlement details
Application.AssetDatabase Initial Refresh Start
[ScriptCompilation] Requested script compilation because: Assetdatabase observed changes in script compilation related files
Starting: C:\Program Files\Unity\Hub\Editor\6000.1.10f1\Editor\Data\bee_backend.exe --ipc --defer-dag-verification --dagfile="Library/Bee/1900b0aE.dag" --continue-on-failure --profile="Library/Bee/backend1.traceevents" ScriptAssemblies
WorkingDir: C:/Users/endim/LLMGameCreator/unity/LLMGameCreatorAlpha
DisplayProgressbar: Compiling Scripts
ExitCode: 0 Duration: 1s284ms
[135/141    0s] Csc Library/Bee/artifacts/1900b0aE.dag/Assembly-CSharp.dll (+2 others)
Assets\Scripts\OfflineGeoworldInteractiveTravelController.cs(31,41): warning CS0414: The field 'OfflineGeoworldInteractiveTravelController.payloadRoot' is assigned but its value is never used

Assets\Scripts\OfflineGeoworldSessionSaveLoadController.cs(26,41): warning CS0414: The field 'OfflineGeoworldSessionSaveLoadController.payloadRoot' is assigned but its value is never used

Assets\Scripts\OfflineGeoworldPlayModeTravelController.cs(30,41): warning CS0414: The field 'OfflineGeoworldPlayModeTravelController.payloadRoot' is assigned but its value is never used

Assets\Scripts\OfflineGeoworldSessionSaveLoadController.cs(27,41): warning CS0414: The field 'OfflineGeoworldSessionSaveLoadController.snapshotRelativePath' is assigned but its value is never used

Assets\Scripts\OfflineGeoworldInteractionController.cs(33,41): warning CS0414: The field 'OfflineGeoworldInteractionController.payloadRoot' is assigned but its value is never used

Assets\Scripts\OfflineGeoworldObjectiveTracker.cs(28,41): warning CS0414: The field 'OfflineGeoworldObjectiveTracker.payloadRoot' is assigned but its value is never used
[136/141    0s] CopyFiles Library/ScriptAssemblies/Assembly-CSharp.pdb
[137/141    0s] Csc Library/Bee/artifacts/1900b0aE.dag/Assembly-CSharp-Editor.dll (+2 others)
[138/141    0s] CopyFiles Library/ScriptAssemblies/Assembly-CSharp-Editor.pdb
[139/141    0s] CopyFiles Library/ScriptAssemblies/Assembly-CSharp-Editor.dll
[140/141    0s] CopyFiles Library/ScriptAssemblies/Assembly-CSharp.dll
*** Tundra build success (1.26 seconds), 6 items updated, 141 evaluated
Assets\Scripts\OfflineGeoworldInteractiveTravelController.cs(31,41): warning CS0414: The field 'OfflineGeoworldInteractiveTravelController.payloadRoot' is assigned but its value is never used
Assets\Scripts\OfflineGeoworldSessionSaveLoadController.cs(26,41): warning CS0414: The field 'OfflineGeoworldSessionSaveLoadController.payloadRoot' is assigned but its value is never used
Assets\Scripts\OfflineGeoworldPlayModeTravelController.cs(30,41): warning CS0414: The field 'OfflineGeoworldPlayModeTravelController.payloadRoot' is assigned but its value is never used
Assets\Scripts\OfflineGeoworldSessionSaveLoadController.cs(27,41): warning CS0414: The field 'OfflineGeoworldSessionSaveLoadController.snapshotRelativePath' is assigned but its value is never used
Assets\Scripts\OfflineGeoworldInteractionController.cs(33,41): warning CS0414: The field 'OfflineGeoworldInteractionController.payloadRoot' is assigned but its value is never used
Assets\Scripts\OfflineGeoworldObjectiveTracker.cs(28,41): warning CS0414: The field 'OfflineGeoworldObjectiveTracker.payloadRoot' is assigned but its value is never used
AssetDatabase: script compilation time: 1.606672s
Begin MonoManager ReloadAssembly
- Loaded All Assemblies, in  1.312 seconds
Start importing ProjectSettings/ProjectSettings.asset using Guid(00000000000000004000000000000000) (LibraryAssetImporter) -> (artifact id: 'bd1a2112397a36a7a84b4f7388065068') in 0.0256203 seconds
Start importing Assets/Editor using Guid(4387f0a3e2a3ebf41b494476a47fb310) (DefaultImporter) -> (artifact id: 'a8a741e8af4a83c5ce1dd9f1047a0cc5') in 0.0068124 seconds
Start importing Assets/StreamingAssets using Guid(e441411628bf3ac46802c073b69933e8) (DefaultImporter) -> (artifact id: '89d44bf80f6dce77f86a2e8e2cd3d35d') in 0.0071609 seconds
Start importing Assets/Scripts using Guid(965a7cfe433e17b4f985a5ffa750b2d8) (DefaultImporter) -> (artifact id: 'd02cb988793a95c77556afdbf3d2dc12') in 0.0020582 seconds
Start importing Assets/StreamingAssets/LLMGameCreator using Guid(8397ac475054cbb47baa78cf4255c961) (DefaultImporter) -> (artifact id: '75004d058a29b0cd4576fbdc402e5649') in 0.006972 seconds
Start importing Assets/StreamingAssets/LLMGameCreator/OfflineGeoworldGoal109 using Guid(2007e558d93d7ea48b0a4da6afbe5d45) (DefaultImporter) -> (artifact id: '8785b768c1ed0b4455a056cd653c82e2') in 0.0070405 seconds
Start importing Assets/StreamingAssets/LLMGameCreator/OfflineGeoworldGoal110 using Guid(605be9de28a7daf4d97381813ecce995) (DefaultImporter) -> (artifact id: '84fed7b8005f22b4c5b840ab2034a690') in 0.0066588 seconds
Start importing Assets/StreamingAssets/LLMGameCreator/VisualChunkCacheGoal095 using Guid(71832b8aa0ff0a148b5a7da2980a6c35) (DefaultImporter) -> (artifact id: '3af5045d1b884f52a336d29569c4c0fb') in 0.0020692 seconds
Start importing Assets/StreamingAssets/LLMGameCreator/OfflineGeoworldGoal105 using Guid(81f3407074194aa4da6c4e4cad746a0a) (DefaultImporter) -> (artifact id: 'bb28880448ea5cea45c4636d9b5396f9') in 0.006454 seconds
Start importing Assets/StreamingAssets/LLMGameCreator/OfflineGeoworldGoal101 using Guid(b2b14b7b6ac12934a9dc1dee0854d44d) (DefaultImporter) -> (artifact id: 'b7b58ff2a28ab472256e8708cd675bd8') in 0.0068573 seconds
Start importing Assets/StreamingAssets/LLMGameCreator/OfflineGeoworldGoal106 using Guid(7358356d6fa0c3c44800672907fa030a) (DefaultImporter) -> (artifact id: 'c7f4404302a79c10e349b0c40d7e4cec') in 0.0069426 seconds
Start importing Assets/StreamingAssets/LLMGameCreator/OfflineGeoworldGoal108 using Guid(55183124231971742aa18368bb792fcf) (DefaultImporter) -> (artifact id: '09d95c28ae774a26fb7e025a84d759d1') in 0.0066906 seconds
Start importing Assets/StreamingAssets/LLMGameCreator/OfflineGeoworldGoal107 using Guid(65024f59c4e9bb74db498707d97c5702) (DefaultImporter) -> (artifact id: '52bee132269a6eca2077099100f16f10') in 0.0020096 seconds
Start importing Assets/StreamingAssets/LLMGameCreator/OfflineGeoworldGoal104 using Guid(07d51a5c259f27f42acb87ec7811c733) (DefaultImporter) -> (artifact id: '4742b4c9e4184c62acbee9097ca40808') in 0.002171 seconds
Start importing Assets/StreamingAssets/LLMGameCreator/OfflineGeoworldGoal103 using Guid(c761d500638892b409ec113804234375) (DefaultImporter) -> (artifact id: '12cf698f1363d1730970556d19aa8f22') in 0.0017917 seconds
Start importing Assets/StreamingAssets/LLMGameCreator/EditDrivenGoal082 using Guid(2d55b5ceca42690498408d27a90a03d9) (DefaultImporter) -> (artifact id: 'e25fbc0c800a37d67976eea811bf4505') in 0.001735 seconds
Start importing Assets/StreamingAssets/LLMGameCreator/OfflineGeoworldGoal100 using Guid(efaf35d7b7f592f44ba1e12aa7aee7c5) (DefaultImporter) -> (artifact id: '8cd20a03cfd94c4805c4a76457c277b6') in 0.001778 seconds
Refreshing native plugins compatible for Editor in 0.00 ms, found 0 plugins.
Native extension for Android target not found
Native extension for WindowsStandalone target not found
Native extension for WebGL target not found
Mono: successfully reloaded assembly
- Finished resetting the current domain, in  0.383 seconds
Domain Reload Profiling: 1693ms
	BeginReloadAssembly (292ms)
		ExecutionOrderSort (0ms)
		DisableScriptedObjects (13ms)
		BackupInstance (0ms)
		ReleaseScriptingObjects (0ms)
		CreateAndSetChildDomain (136ms)
	RebuildCommonClasses (51ms)
	RebuildNativeTypeToScriptingClass (16ms)
	initialDomainReloadingComplete (26ms)
	LoadAllAssembliesAndSetupDomain (924ms)
		LoadAssemblies (1009ms)
		RebuildTransferFunctionScriptingTraits (0ms)
		AnalyzeDomain (15ms)
			TypeCache.Refresh (12ms)
				TypeCache.ScanAssembly (6ms)
			BuildScriptInfoCaches (1ms)
			ResolveRequiredComponents (1ms)
	FinalizeReload (384ms)
		ReleaseScriptCaches (0ms)
		RebuildScriptCaches (0ms)
		SetupLoadedEditorAssemblies (256ms)
			LogAssemblyErrors (0ms)
			InitializePlatformSupportModulesInManaged (35ms)
			SetLoadedEditorAssemblies (2ms)
			BeforeProcessingInitializeOnLoad (81ms)
			ProcessInitializeOnLoadAttributes (115ms)
			ProcessInitializeOnLoadMethodAttributes (18ms)
			AfterProcessingInitializeOnLoad (5ms)
			EditorAssembliesLoaded (0ms)
		ExecutionOrderSort2 (0ms)
		AwakeInstancesAfterBackupRestoration (7ms)
Start importing Assets/StreamingAssets/LLMGameCreator/EditDrivenGoal082/README.md using Guid(10377f01e7d70d547974dfb30d2a93c8) (DefaultImporter) -> (artifact id: '32a785c77059a1eaf233193cd6c0ea38') in 0.0236052 seconds
Start importing Assets/StreamingAssets/LLMGameCreator/OfflineGeoworldGoal108/offline-geoworld-alpha-slice-acceptance-runbook.json using Guid(5071cfdaf4f360f45bb088122f29f90e) (DefaultImporter) -> (artifact id: '8db3c6dc467fc80c76bfc89aa606bdb3') in 0.0053339 seconds
Start importing Assets/StreamingAssets/LLMGameCreator/OfflineGeoworldGoal105/offline-geoworld-interaction-actions.json using Guid(80e3e0c75382013478a1ad7abe8eaa36) (DefaultImporter) -> (artifact id: '7f4ebd0678053ce7fda5bdb16032d2a4') in 0.0072523 seconds
Start importing Assets/StreamingAssets/LLMGameCreator/OfflineGeoworldGoal109/offline-geoworld-alpha-export-manifest.json using Guid(905da824f1b022f4cbfb2775c291fafb) (DefaultImporter) -> (artifact id: 'f37938b84468eeb4ad5bd80af628e5d4') in 0.0021977 seconds
Start importing Assets/StreamingAssets/LLMGameCreator/VisualChunkCacheGoal095/visual-chunk-cache-runtime-readme.json using Guid(e0b44a233d7958545aeb6db55c1b5ff2) (DefaultImporter) -> (artifact id: '3267b98721455a93f8854a047f261b0b') in 0.0071017 seconds
Start importing Assets/StreamingAssets/LLMGameCreator/OfflineGeoworldGoal100/offline-geoworld-stream-window-index.json using Guid(e0ef317fbd16eb54ab69c16ca435b8ba) (DefaultImporter) -> (artifact id: 'd61543056abcd9127937d78334dd5a49') in 0.0019701 seconds
Start importing Assets/StreamingAssets/LLMGameCreator/OfflineGeoworldGoal105/offline-geoworld-interaction-session-script.json using Guid(718674fc195fdf847a9f97ffe5d73c11) (DefaultImporter) -> (artifact id: 'a0cc636a7e87c104e2ca3437a56c3331') in 0.0077044 seconds
Start importing Assets/StreamingAssets/LLMGameCreator/OfflineGeoworldGoal101/offline-geoworld-preview-feature-commands.json using Guid(d1a45e7d47e21754bafefdc2c5f6ee05) (DefaultImporter) -> (artifact id: '9f53e01c6b380fa903b504a03b2c04a8') in 0.0080037 seconds
Start importing Assets/StreamingAssets/LLMGameCreator/OfflineGeoworldGoal105/offline-geoworld-interaction-state-delta-plan.json using Guid(02c234a1a11ce95409b18c72307e7770) (DefaultImporter) -> (artifact id: 'd474cd8ee1a5e80375e51468405c9b9e') in 0.0021786 seconds
Start importing Assets/StreamingAssets/LLMGameCreator/OfflineGeoworldGoal106/offline-geoworld-session-acceptance-checklist.json using Guid(5245c623c9e683640badd58e304cb47a) (DefaultImporter) -> (artifact id: '03f3e9837fcce5d9cb580e56e378cbc2') in 0.0100578 seconds
Start importing Assets/StreamingAssets/LLMGameCreator/OfflineGeoworldGoal110/offline-geoworld-alpha-acceptance-readme.md using Guid(62ee93826fbbf8d40abaf0d46456ab3d) (DefaultImporter) -> (artifact id: '1e2d45e0c2c758c184dac2182164817f') in 0.0080549 seconds
Start importing Assets/StreamingAssets/LLMGameCreator/OfflineGeoworldGoal109/offline-geoworld-alpha-export-file-index.json using Guid(8201e8d206f38cb44a944b213495db13) (DefaultImporter) -> (artifact id: '9f07d44b9f20b1cd9cc81d936f8a9f90') in 0.0093734 seconds
Start importing Assets/StreamingAssets/LLMGameCreator/EditDrivenGoal082/expected-hashes.json using Guid(d25a8b1cf95a80840bff985f848b4140) (DefaultImporter) -> (artifact id: '29e992266d5460768431463f678e4d80') in 0.0077023 seconds
Start importing Assets/StreamingAssets/LLMGameCreator/OfflineGeoworldGoal107/offline-geoworld-objective-manifest.json using Guid(2370dc73bfd994947940ca1acce6c30c) (DefaultImporter) -> (artifact id: 'caf3f60d9049e40e02a2d96a6872bcc8') in 0.0070408 seconds
Start importing Assets/StreamingAssets/LLMGameCreator/OfflineGeoworldGoal107/offline-geoworld-objective-acceptance-run.json using Guid(43bf4b5a57b467d4eb5f815cd73c1860) (DefaultImporter) -> (artifact id: '288ea4defb6083d89c2db6ba5f1afae6') in 0.0025202 seconds
Start importing Assets/StreamingAssets/LLMGameCreator/VisualChunkCacheGoal095/visual-chunk-cache-unity-handoff-manifest.json using Guid(63720c5c81120944cbf76e554d001ad0) (DefaultImporter) -> (artifact id: '9063ec4e5e99b0d22a28f04886ff2a90') in 0.0068369 seconds
Start importing Assets/StreamingAssets/LLMGameCreator/OfflineGeoworldGoal106/offline-geoworld-session-manifest.json using Guid(a3f3d5e6786f7d84982ac2b4ef16e8d8) (DefaultImporter) -> (artifact id: '1d3bafdf3fb944492b3f7b01c29aa7bd') in 0.0328045 seconds
Start importing Assets/StreamingAssets/LLMGameCreator/OfflineGeoworldGoal106/offline-geoworld-session-replay-script.json using Guid(14c754b1f0112f246bc23af528e18464) (DefaultImporter) -> (artifact id: 'cb7538cef49658e523fd2702abdf4f9a') in 0.0022308 seconds
Start importing Assets/StreamingAssets/LLMGameCreator/OfflineGeoworldGoal104/offline-geoworld-interactive-boundary-zones.json using Guid(54a585da107ded742be4aed7e2249378) (DefaultImporter) -> (artifact id: 'c612942a46c80371cf2d54803c6fa5d1') in 0.0018759 seconds
Start importing Assets/StreamingAssets/LLMGameCreator/OfflineGeoworldGoal108/offline-geoworld-alpha-slice-readme.json using Guid(64d5db134346f1f4cae1df36befb3d55) (DefaultImporter) -> (artifact id: 'cb8ade48557c4d6aff7355ebfeaea1b5') in 0.0070259 seconds
Start importing Assets/StreamingAssets/LLMGameCreator/VisualChunkCacheGoal095/visual-chunk-cache-stream-window-index.json using Guid(94beb869a0fecce4aaa6fa8af9bf23ee) (DefaultImporter) -> (artifact id: 'ddee56b41a788de4fc1e835ad29b5e76') in 0.0022738 seconds
Start importing Assets/StreamingAssets/LLMGameCreator/OfflineGeoworldGoal106/offline-geoworld-session-readme.json using Guid(f4955a8d3fafe3d45b916d4258eb2608) (DefaultImporter) -> (artifact id: 'b523738da03c8f38692bdd9d13b3a31b') in 0.006662 seconds
Start importing Assets/StreamingAssets/LLMGameCreator/OfflineGeoworldGoal104/offline-geoworld-interactive-movement-path.json using Guid(f45a0318d4f030844b4929b448673149) (DefaultImporter) -> (artifact id: '809e5bc99fc88578df7f2f9c7bbecf44') in 0.0073672 seconds
Start importing Assets/StreamingAssets/LLMGameCreator/OfflineGeoworldGoal105/offline-geoworld-interaction-readme.json using Guid(55e95d30597d1b44e927542888f1b2ef) (DefaultImporter) -> (artifact id: 'f1541e8eb02872ef3646e00c0cddfa77') in 0.0073363 seconds
Start importing Assets/StreamingAssets/LLMGameCreator/OfflineGeoworldGoal100/offline-geoworld-feature-chunk-ledger.json using Guid(2629488497a9679408951884544715ba) (DefaultImporter) -> (artifact id: 'dfa8308683149550547d1615369dce5b') in 0.0022202 seconds
Start importing Assets/StreamingAssets/LLMGameCreator/OfflineGeoworldGoal108/offline-geoworld-alpha-slice-readiness-matrix.json using Guid(4687f03a8d7606f47b3a6e3571da2ac7) (DefaultImporter) -> (artifact id: '5c4e615bffb530ff5410963ac2b99a1e') in 0.0069805 seconds
Start importing Assets/StreamingAssets/LLMGameCreator/OfflineGeoworldGoal101/offline-geoworld-preview-readme.json using Guid(46976b9cb646fe6488288a93a78d8293) (DefaultImporter) -> (artifact id: '1c3c511fdd0b9233b55fee7bcc612409') in 0.007327 seconds
Start importing Assets/StreamingAssets/LLMGameCreator/OfflineGeoworldGoal103/offline-geoworld-playmode-object-state-index.json using Guid(461e4fac261bbf34599d0a49f80350ce) (DefaultImporter) -> (artifact id: '1ff608c773523cae78dcc944b5b4c786') in 0.0073888 seconds
Start importing Assets/StreamingAssets/LLMGameCreator/OfflineGeoworldGoal108/offline-geoworld-alpha-slice-manifest.json using Guid(567b671695fc66c4c85dcd892d6b0933) (DefaultImporter) -> (artifact id: '4366127b76c6010323ba6e75db0c7787') in 0.0073728 seconds
Start importing Assets/StreamingAssets/LLMGameCreator/OfflineGeoworldGoal100/offline-geoworld-runtime-readme.json using Guid(96d36f875d3e4384aab0a191269b9a7a) (DefaultImporter) -> (artifact id: '05fadfa7e7d852c4a452dfa508845480') in 0.0022356 seconds
Start importing Assets/StreamingAssets/LLMGameCreator/OfflineGeoworldGoal107/offline-geoworld-objective-replay-acceptance-proof.json using Guid(d6d281e8e558cfd4ca54a20f0c7b7c1c) (DefaultImporter) -> (artifact id: '18b078457e1bc29a80fac05389a12f91') in 0.0070325 seconds
Start importing Assets/StreamingAssets/LLMGameCreator/EditDrivenGoal082/handoff-manifest.json using Guid(f608360431747b24393d6dc695ec796c) (DefaultImporter) -> (artifact id: '27dc9ad1207f1b44ae7ec4b1e88e7994') in 0.0072374 seconds
Start importing Assets/StreamingAssets/LLMGameCreator/OfflineGeoworldGoal101/offline-geoworld-preview-style-legend.json using Guid(179768a43931db0498f0065a172003a1) (DefaultImporter) -> (artifact id: '92d3c77ed3cbfe5e8d202872858f5822') in 0.0074166 seconds
Start importing Assets/StreamingAssets/LLMGameCreator/OfflineGeoworldGoal103/offline-geoworld-playmode-chunk-visibility.json using Guid(476c92cdce2f0cf4295fa564a0e52eea) (DefaultImporter) -> (artifact id: 'f76ae904928f4d374ad7f6514ba5eee8') in 0.0073753 seconds
Start importing Assets/StreamingAssets/LLMGameCreator/OfflineGeoworldGoal110/offline-geoworld-alpha-release-gate-dashboard.json using Guid(674ba37ec09d17b44bcf6529f01d9f23) (DefaultImporter) -> (artifact id: '643a6dbe8033e11721decd2fc43deb80') in 0.0021922 seconds
Start importing Assets/StreamingAssets/LLMGameCreator/OfflineGeoworldGoal110/offline-geoworld-alpha-acceptance-checklist.json using Guid(97e704889e1735640903994606e0b42a) (DefaultImporter) -> (artifact id: '0047484e9a5be01683f34f60af2ac2c0') in 0.0018981 seconds
Start importing Assets/StreamingAssets/LLMGameCreator/OfflineGeoworldGoal107/offline-geoworld-objectives.json using Guid(c7053ae33ba0c9541a58d9e5e2f52174) (DefaultImporter) -> (artifact id: '05e614b3b441e70708b54acc2adac737') in 0.0069535 seconds
Start importing Assets/StreamingAssets/LLMGameCreator/EditDrivenGoal082/playthrough-command-index.json using Guid(e70ec5d2980f98a47baca13bc303adf6) (DefaultImporter) -> (artifact id: 'fefc1ceb5b1b6e548434c96dfbe911ad') in 0.0071462 seconds
Start importing Assets/StreamingAssets/LLMGameCreator/OfflineGeoworldGoal104/offline-geoworld-interactive-prefetch-plan.json using Guid(49536631e65ff10418191d0d658bcb74) (DefaultImporter) -> (artifact id: '5feb4937f15b18d9fb09e197cf8f5faa') in 0.0020388 seconds
Start importing Assets/StreamingAssets/LLMGameCreator/OfflineGeoworldGoal109/offline-geoworld-alpha-export-acceptance-gate.json using Guid(5970bc09996d63a449a942ea1a19a54d) (DefaultImporter) -> (artifact id: '9aa26e84da1a97cae574a682a8548ffe') in 0.0067192 seconds
Start importing Assets/StreamingAssets/LLMGameCreator/OfflineGeoworldGoal104/offline-geoworld-interactive-readme.json using Guid(796217988550efb4281813cc4a1ca517) (DefaultImporter) -> (artifact id: '9259e3161d810f2be31ea67ddc8a6120') in 0.0070706 seconds
Start importing Assets/StreamingAssets/LLMGameCreator/OfflineGeoworldGoal109/offline-geoworld-alpha-export-readme.md using Guid(f9414094221face4b9eabca0e870a81e) (DefaultImporter) -> (artifact id: '5715a2a950c0175635f2d81d6ca07393') in 0.007123 seconds
Start importing Assets/StreamingAssets/LLMGameCreator/OfflineGeoworldGoal110/offline-geoworld-alpha-acceptance-result-template.json using Guid(f95ea7d8a21605243bd1658a0c6809b3) (DefaultImporter) -> (artifact id: 'e0e9777deb82535505762d0df915afc5') in 0.0020528 seconds
Start importing Assets/StreamingAssets/LLMGameCreator/OfflineGeoworldGoal100/offline-geoworld-package-index.json using Guid(0a789a435cc961640b20a166aa7a9877) (DefaultImporter) -> (artifact id: 'f797111daa80ab8eb3779a481803518a') in 0.0020917 seconds
Start importing Assets/StreamingAssets/LLMGameCreator/EditDrivenGoal082/projected-package-index.json using Guid(1a2af10fe7cd8f342997d8d85366a87f) (DefaultImporter) -> (artifact id: '28f5364a695e15f0cfd77d886141fc53') in 0.0069649 seconds
Start importing Assets/StreamingAssets/LLMGameCreator/EditDrivenGoal082/playthrough-transcript-index.json using Guid(5a34aa062b6b4db4187e4528e247efed) (DefaultImporter) -> (artifact id: '1d00fa25560e46962445f5ab2bd95ffb') in 0.0072069 seconds
Start importing Assets/StreamingAssets/LLMGameCreator/OfflineGeoworldGoal109/offline-geoworld-alpha-export-checksums.json using Guid(7a3bc30733c895e46a9c1f89ff4d807e) (DefaultImporter) -> (artifact id: 'ee7250997aec5f1114feae925a38d5ba') in 0.0072568 seconds
Start importing Assets/StreamingAssets/LLMGameCreator/OfflineGeoworldGoal107/offline-geoworld-objective-completion-state.json using Guid(9aab973e1b264f04ea54a3861d6b79a6) (DefaultImporter) -> (artifact id: '710c6e9e8d63805c45cb009e876845b7') in 0.0068024 seconds
Start importing Assets/StreamingAssets/LLMGameCreator/OfflineGeoworldGoal107/offline-geoworld-objective-readme.json using Guid(daea08b2d66e14c45bb0a58c93c6082d) (DefaultImporter) -> (artifact id: '2668d5cf726b9d67dd1574eaaa19176f') in 0.0022702 seconds
Start importing Assets/StreamingAssets/LLMGameCreator/OfflineGeoworldGoal109/offline-geoworld-alpha-export-runbook.md using Guid(eae5a9ea2b3512045917d12e75751d1b) (DefaultImporter) -> (artifact id: 'be5097d6f5e1f33a4e7f59eef13c9d6c') in 0.006902 seconds
Start importing Assets/StreamingAssets/LLMGameCreator/OfflineGeoworldGoal104/offline-geoworld-interactive-travel-manifest.json using Guid(3bc6b22f64413814aaa3303b737a417e) (DefaultImporter) -> (artifact id: '79abd76f1fff7d6c1c6a80ef48a153e0') in 0.0021776 seconds
Start importing Assets/StreamingAssets/LLMGameCreator/OfflineGeoworldGoal105/offline-geoworld-interaction-targets.json using Guid(4bb7a08cc54d64c498f12a92dc6a8a92) (DefaultImporter) -> (artifact id: '41a1442a868357cf3bb96fb0bf12a4c9') in 0.0069031 seconds
Start importing Assets/StreamingAssets/LLMGameCreator/OfflineGeoworldGoal110/offline-geoworld-alpha-acceptance-manifest.json using Guid(6b680cc27b4123a4f848aaf7c125855a) (DefaultImporter) -> (artifact id: 'f03291e44c6e9e0ba02221cfb8c99d69') in 0.0070817 seconds
Start importing Assets/StreamingAssets/LLMGameCreator/OfflineGeoworldGoal106/offline-geoworld-session-initial-state.json using Guid(bb7ac7314e812b14d9e4fd400b9e6eec) (DefaultImporter) -> (artifact id: '83a887e78727b35a4b3d7c7ce211d423') in 0.0075935 seconds
Start importing Assets/StreamingAssets/LLMGameCreator/VisualChunkCacheGoal095/visual-chunk-cache-chunk-key-ledger.json using Guid(0cf5ce4226b6e044190e6f404cc9b933) (DefaultImporter) -> (artifact id: '9eff8062aa0659eb8a9578730af0892d') in 0.0020655 seconds
Start importing Assets/StreamingAssets/LLMGameCreator/OfflineGeoworldGoal103/offline-geoworld-playmode-readme.json using Guid(0c5a94b331c63d84f9cf0e313e929eef) (DefaultImporter) -> (artifact id: 'd5a46debd9ae2b3ada22b52ebc7e5aab') in 0.0021796 seconds
Start importing Assets/StreamingAssets/LLMGameCreator/OfflineGeoworldGoal101/offline-geoworld-preview-runner-manifest.json using Guid(0c5e1e7d45a653f488721c9bf19769cb) (DefaultImporter) -> (artifact id: 'bcfa29fdf0fe4157198da0d16a734493') in 0.0072215 seconds
Start importing Assets/StreamingAssets/LLMGameCreator/OfflineGeoworldGoal108/offline-geoworld-alpha-slice-components.json using Guid(cc3b74a8a2e47e44aac86f20e1b41bd3) (DefaultImporter) -> (artifact id: 'c6f48b157b77645b2f5f2d0cd6b4e158') in 0.0105138 seconds
Start importing Assets/StreamingAssets/LLMGameCreator/OfflineGeoworldGoal106/offline-geoworld-session-delta-log.json using Guid(1d62dd13128e35a41afddb0ca3cb4563) (DefaultImporter) -> (artifact id: '91e2b11df1069d20254384ed5c379539') in 0.0078067 seconds
Start importing Assets/StreamingAssets/LLMGameCreator/OfflineGeoworldGoal101/offline-geoworld-preview-travel-window-script.json using Guid(cda51296b0e67324b8bc2e0a720fb0dc) (DefaultImporter) -> (artifact id: 'ec5fd6fdbcaa576cf9b9d4a9909def9c') in 0.0075971 seconds
Start importing Assets/StreamingAssets/LLMGameCreator/OfflineGeoworldGoal103/offline-geoworld-playmode-steps.json using Guid(9e257a6250fbac04c88bed68495c6934) (DefaultImporter) -> (artifact id: '7723ed84a801e11491ded4e107efa091') in 0.0021469 seconds
Start importing Assets/StreamingAssets/LLMGameCreator/OfflineGeoworldGoal100/offline-geoworld-unity-handoff-manifest.json using Guid(dee7c614a81ecd84d928264710c7869f) (DefaultImporter) -> (artifact id: 'd17376ff8ed02ddc015ff2a9c1807763') in 0.0068373 seconds
Start importing Assets/StreamingAssets/LLMGameCreator/OfflineGeoworldGoal105/offline-geoworld-interaction-manifest.json using Guid(2f1630e09a34d16429c4538fd57b27b9) (DefaultImporter) -> (artifact id: 'ec8bf2672194a64f77a7b376f5c62e3b') in 0.0018707 seconds
Start importing Assets/StreamingAssets/LLMGameCreator/VisualChunkCacheGoal095/visual-chunk-cache-package-index.json using Guid(5f68c0a4051e7b348bbaae7676f6e7ef) (DefaultImporter) -> (artifact id: 'c8fc7de2c0f9b7341e9bda7e786f2931') in 0.001896 seconds
Start importing Assets/StreamingAssets/LLMGameCreator/OfflineGeoworldGoal103/offline-geoworld-playmode-travel-manifest.json using Guid(df2675d08e3374743a2417154e753aae) (DefaultImporter) -> (artifact id: '5cad9aec1a26713b9ea19daea0d9936c') in 0.006891 seconds
Refreshing native plugins compatible for Editor in 0.00 ms, found 0 plugins.
Preloading 0 native plugins for Editor in 0.00 ms.
Asset Pipeline Refresh (id=89be0a2fd189b044d9d7cdbc51044f46): Total: 4.022 seconds - Initiated by InitialRefreshV2(ForceSynchronousImport)
	Summary:
		Imports: total=82 (actual=82, local cache=0, cache server=0)
		Asset DB Process Time: managed=6 ms, native=1038 ms
		Asset DB Callback time: managed=48 ms, native=2 ms
		Scripting: domain reloads=1, domain reload time=1312 ms, compile time=1608 ms, other=5 ms
		Project Asset Count: scripts=43, non-scripts=69
		Asset File Changes: new=0, changed=1, moved=0, deleted=0
		Scan Filter Count: 0
	InvokeCustomDependenciesCallbacks: 0.001ms
	InvokePackagesCallback: 1.365ms
	ApplyChangesToAssetFolders: 0.148ms
	Scan: 72.054ms
	OnSourceAssetsModified: 0.876ms
	CategorizeAssetsWithTransientArtifact: 0.226ms
	ProcessAssetsWithTransientArtifactChanges: 1.714ms
	CategorizeAssets: 0.536ms
	ImportOutOfDateAssets: 913.988ms (-1224.508ms without children)
		ImportManagerImport: 529.684ms (6.925ms without children)
			ImportInProcess: 522.585ms
			UpdateCategorizedAssets: 0.173ms
		CompileScripts: 1608.396ms
		ReloadNativeAssets: 0.000ms
		UnloadImportedAssets: 0.214ms
		ReloadImportedAssets: 0.005ms
		EnsureUptoDateAssetsAreRegisteredWithGuidPM: 0.012ms
		InitializingProgressBar: 0.004ms
		PostProcessAllAssetNotificationsAddChangedAssets: 0.000ms
		OnDemandSchedulerStart: 0.181ms
	PostProcessAllAssets: 49.276ms
	Hotreload: 0.551ms
	GatherAllCurrentPrimaryArtifactRevisions: 0.002ms
	UnloadStreamsBegin: 0.182ms
	PersistCurrentRevisions: 0.032ms
	UnloadStreamsEnd: 0.001ms
	GenerateScriptTypeHashes: 0.001ms
	Untracked: 2981.298ms

Application.AssetDatabase Initial Refresh End
Launched and connected shader compiler UnityShaderCompiler.exe after 0.01 seconds
Scanning for USB devices : 2.409ms
Initializing Unity extensions:
[Licensing::Client] Successfully resolved entitlement details
[MODES] ModeService[none].Initialize
[MODES] ModeService[none].LoadModes
[MODES] Loading mode Default (0) for mode-current-id-LLMGameCreatorAlpha
GetVirtualKey: Could not map char: z (122) to any virtual key
GetVirtualKey: Could not map char: y (121) to any virtual key
GetVirtualKey: Could not map char: x (120) to any virtual key
GetVirtualKey: Could not map char: c (99) to any virtual key
GetVirtualKey: Could not map char: v (118) to any virtual key
GetVirtualKey: Could not map char: V (86) to any virtual key
GetVirtualKey: Could not map char: d (100) to any virtual key
GetVirtualKey: Could not map char: f (102) to any virtual key
GetVirtualKey: Could not map char: f (102) to any virtual key
GetVirtualKey: Could not map char: a (97) to any virtual key
GetVirtualKey: Could not map char: d (100) to any virtual key
GetVirtualKey: Could not map char: c (99) to any virtual key
GetVirtualKey: Could not map char: r (114) to any virtual key
GetVirtualKey: Could not map char: i (105) to any virtual key
GetVirtualKey: Could not map char: l (108) to any virtual key
GetVirtualKey: Could not map char: f (102) to any virtual key
GetVirtualKey: Could not map char: k (107) to any virtual key
GetVirtualKey: Could not map char: p (112) to any virtual key
GetVirtualKey: Could not map char: p (112) to any virtual key
GetVirtualKey: Could not map char: p (112) to any virtual key
GetVirtualKey: Could not map char: c (99) to any virtual key
GetVirtualKey: Could not map char: r (114) to any virtual key
GetVirtualKey: Could not map char: P (80) to any virtual key
GetVirtualKey: Could not map char: n (110) to any virtual key
GetVirtualKey: Could not map char: n (110) to any virtual key
GetVirtualKey: Could not map char: g (103) to any virtual key
GetVirtualKey: Could not map char: f (102) to any virtual key
GetVirtualKey: Could not map char: f (102) to any virtual key
GetVirtualKey: Could not map char: a (97) to any virtual key
GetVirtualKey: Could not map char: a (97) to any virtual key
GetVirtualKey: Could not map char: n (110) to any virtual key
GetVirtualKey: Could not map char: o (111) to any virtual key
GetVirtualKey: Could not map char: s (115) to any virtual key
GetVirtualKey: Could not map char: s (115) to any virtual key
GetVirtualKey: Could not map char: b (98) to any virtual key
GetVirtualKey: Could not map char: b (98) to any virtual key
GetVirtualKey: Could not map char: c (99) to any virtual key
GetVirtualKey: Could not map char: u (117) to any virtual key
Unloading 3 Unused Serialized files (Serialized files now loaded: 0)
Unloading 58 unused Assets / (459.2 KB). Loaded Objects now: 575.
Memory consumption went from 85.4 MB to 85.0 MB.
Total: 4.301900 ms (FindLiveObjects: 0.036800 ms CreateObjectMapping: 0.004700 ms MarkObjects: 4.085500 ms  DeleteObjects: 0.174100 ms)

GetVirtualKey: Could not map char: z (122) to any virtual key
GetVirtualKey: Could not map char: y (121) to any virtual key
GetVirtualKey: Could not map char: x (120) to any virtual key
GetVirtualKey: Could not map char: c (99) to any virtual key
GetVirtualKey: Could not map char: v (118) to any virtual key
GetVirtualKey: Could not map char: V (86) to any virtual key
GetVirtualKey: Could not map char: d (100) to any virtual key
GetVirtualKey: Could not map char: f (102) to any virtual key
GetVirtualKey: Could not map char: f (102) to any virtual key
GetVirtualKey: Could not map char: a (97) to any virtual key
GetVirtualKey: Could not map char: d (100) to any virtual key
GetVirtualKey: Could not map char: c (99) to any virtual key
GetVirtualKey: Could not map char: r (114) to any virtual key
GetVirtualKey: Could not map char: i (105) to any virtual key
GetVirtualKey: Could not map char: l (108) to any virtual key
GetVirtualKey: Could not map char: f (102) to any virtual key
GetVirtualKey: Could not map char: k (107) to any virtual key
GetVirtualKey: Could not map char: p (112) to any virtual key
GetVirtualKey: Could not map char: p (112) to any virtual key
GetVirtualKey: Could not map char: p (112) to any virtual key
GetVirtualKey: Could not map char: c (99) to any virtual key
GetVirtualKey: Could not map char: r (114) to any virtual key
GetVirtualKey: Could not map char: P (80) to any virtual key
GetVirtualKey: Could not map char: n (110) to any virtual key
GetVirtualKey: Could not map char: n (110) to any virtual key
GetVirtualKey: Could not map char: g (103) to any virtual key
GetVirtualKey: Could not map char: f (102) to any virtual key
GetVirtualKey: Could not map char: f (102) to any virtual key
GetVirtualKey: Could not map char: a (97) to any virtual key
GetVirtualKey: Could not map char: a (97) to any virtual key
GetVirtualKey: Could not map char: n (110) to any virtual key
GetVirtualKey: Could not map char: o (111) to any virtual key
GetVirtualKey: Could not map char: s (115) to any virtual key
GetVirtualKey: Could not map char: s (115) to any virtual key
GetVirtualKey: Could not map char: b (98) to any virtual key
GetVirtualKey: Could not map char: b (98) to any virtual key
GetVirtualKey: Could not map char: c (99) to any virtual key
GetVirtualKey: Could not map char: u (117) to any virtual key
GOAL122_ACTION_LOOP_SMOKE_PASS
No diagnostics.
passed=True
rootPresent=True
baselineLoaded=True
playerProxyPresent=True
chunkWindowMarkerPresent=True
interactionOrObjectiveMarkerPresent=True
diagnosticsStatusPresent=True
legendPresent=True
markerDescriptorPresent=True
selectableInteractionTargetPresent=True
selectedMarkerDetailsPresent=True
interactionPreviewPresent=True
selectableObjectivePresent=True
objectiveReplayDetailsPresent=True
verificationEventLogPresent=True
projectionActionPreviewPresent=True
projectionActionApplyPassed=True
projectionStateResetPassed=True
windowLayoutPolishPresent=True
materialWarningGuardPresent=True
zeroFatalErrors=True
fullVerificationPassed=True
statusLine=Goal121 legend visible
markerSelected=true
markerId=goal119_player_proxy
markerName=goal119_player_proxy
markerKind=player
sourceGoal=goal119
sourceFile=unity/LLMGameCreatorAlpha/Assets/Scripts/AcceptedAlphaPlayableProjectionController.cs
displayLabel=Player proxy
status=ready
details=Accepted Alpha player proxy for camera focus and scene selection.

markerSelected=true
markerId=interaction_target/4043aa856b4f
markerName=goal119_interaction_target_interaction_target_4043aa856b4f
markerKind=interaction
sourceGoal=goal105
sourceFile=unity/LLMGameCreatorAlpha/Assets/StreamingAssets/LLMGameCreator/OfflineGeoworldGoal105/offline-geoworld-interaction-targets.json
displayLabel=__LLMGC_OfflineGeoworldInteraction_terrain_hint_marker_4043aa856b4f
status=selectable
details=commandKind=terrain_hint_marker; radius=0; actionCount=1; firstAction=inspect: inspect terrain_hint_marker; deltaKind=inspection_log; expectedStateDelta=inspection_log: interaction_target/4043aa856b4f/inspect=true

markerSelected=true
markerId=objective_001_inspect_target
markerName=goal119_objective_objective_001_inspect_target
markerKind=objective
sourceGoal=goal107
sourceFile=unity/LLMGameCreatorAlpha/Assets/StreamingAssets/LLMGameCreator/OfflineGeoworldGoal107/offline-geoworld-objectives.json
displayLabel=Inspect a visible offline geoworld point-of-interest target.
status=completed
details=Accepted alpha objective checklist entry; objectiveId=objective_001_inspect_target; title=Inspect a visible offline geoworld point-of-interest target.; completionState=completed; expectedStateHashAfter=1ecb1c5a707aabcb6f8da6fd7d976fb1778ceeb6607bbf653f7b49a1a83e5769; replayStepCount=6; checkpointStepIndex=3; replayFinalStateHash=a095b977d266b1b4fa15f30331fa340c414d8bc6a33775dd55e7d3cd65903e32

markerSelected=true
markerId=goal120_diagnostics_marker
markerName=goal120_diagnostics_marker
markerKind=diagnostics
sourceGoal=goal120
sourceFile=unity/LLMGameCreatorAlpha/Assets/Scripts/AcceptedAlphaPlayableProjectionController.cs
displayLabel=Projection diagnostics
status=ready
details=Goal120 selectable diagnostics marker.
targetId=interaction_target/4043aa856b4f
targetName=__LLMGC_OfflineGeoworldInteraction_terrain_hint_marker_4043aa856b4f
actionCount=1
firstAction=inspect: inspect terrain_hint_marker; deltaKind=inspection_log
expectedStateDelta=inspection_log: interaction_target/4043aa856b4f/inspect=true

Projection Action Preview
projectionActionTargetId=interaction_target/4043aa856b4f
projectionActionTargetName=__LLMGC_OfflineGeoworldInteraction_terrain_hint_marker_4043aa856b4f
projectionActionPreview=inspect: inspect terrain_hint_marker; deltaKind=inspection_log
projectionActionExpectedDelta=inspection_log: interaction_target/4043aa856b4f/inspect=true
projectionStateStatus=selectedTargetId=interaction_target/4043aa856b4f; selectedTargetKind=interaction; preview=present; appliedActionCount=0; lastApplyPassed=False; lastResetPassed=False

Projection State After Apply
selectedTargetId=interaction_target/4043aa856b4f; selectedTargetKind=interaction; preview=present; appliedActionCount=1; lastApplyPassed=True; lastResetPassed=False
objectiveId=objective_001_inspect_target
title=Inspect a visible offline geoworld point-of-interest target.
completionState=completed
expectedStateHashAfter=1ecb1c5a707aabcb6f8da6fd7d976fb1778ceeb6607bbf653f7b49a1a83e5769
replayStepCount=6
checkpointStepIndex=3
replayFinalStateHash=a095b977d266b1b4fa15f30331fa340c414d8bc6a33775dd55e7d3cd65903e32
refreshAcceptedBaseline
baselineLoaded=True
buildRefreshProjection
rootPresent=True
focusGeneratedRoot=__LLMGC_AcceptedAlphaPlayableProjection__
selectPlayerProxy=True
selectFirstInteractionTarget=True
projectionActionPreviewPresent=True
projectionActionApplyPassed=True
projectionStateResetPassed=True
interactionPreviewPresent=True
selectFirstObjective=True
objectiveReplayDetailsPresent=True
selectDiagnosticsMarker=True
legendPresent=True
localSmokePassed=True
Goal122 full projection verification passed
selectTarget id=interaction_target/4043aa856b4f kind=interaction
previewSelectedAction present=True
applyPreviewAction passed=True appliedActionCount=1
resetProjectionState passed=True
projectionStateStatus=selectedTargetId=interaction_target/4043aa856b4f; selectedTargetKind=interaction; preview=empty; appliedActionCount=0; lastApplyPassed=False; lastResetPassed=True
UnityEngine.Debug:ExtractStackTraceNoAlloc (byte*,int,string)
UnityEngine.StackTraceUtility:ExtractStackTrace ()
UnityEngine.DebugLogHandler:Internal_Log (UnityEngine.LogType,UnityEngine.LogOption,string,UnityEngine.Object)
UnityEngine.DebugLogHandler:LogFormat (UnityEngine.LogType,UnityEngine.Object,string,object[])
UnityEngine.Logger:Log (UnityEngine.LogType,object)
UnityEngine.Debug:Log (object)
LLMGameCreatorAlpha.AcceptedAlphaPlayableProjectionWindow:RunBatchmodeProjectionActionLoopSmoke () (at Assets/Editor/AcceptedAlphaPlayableProjectionWindow.cs:195)

(Filename: Assets/Editor/AcceptedAlphaPlayableProjectionWindow.cs Line: 195)

Curl error 42: Callback aborted
Killing ADB server in 0,1290186 seconds.
Start importing ProjectSettings/ProjectSettings.asset using Guid(00000000000000004000000000000000) (LibraryAssetImporter) -> (artifact id: '3e3391cba68019e1df77fa47cc22b115') in 0.0037597 seconds
Refreshing native plugins compatible for Editor in 0.00 ms, found 0 plugins.
Preloading 0 native plugins for Editor in 0.00 ms.
Asset Pipeline Refresh (id=c706cd4013e40524cafd0f179c057036): Total: 0.016 seconds - Initiated by StopAssetImportingV2(NoUpdateAssetOptions)
[Physics::Module] Cleanup current backned.
[Physics::Module] Id: 0xf2b8ea05
Input System module state changed to: ShutdownInProgress.
Input System polling thread exited.
Input System module state changed to: Shutdown.
[Licensing::IpcConnector] LicenseClient-endim-notifications channel disconnected successfully.
[Licensing::IpcConnector] LicenseClient-endim channel disconnected successfully.
AcceleratorClientConnectionCallback - disconnected - :0
Cleanup mono
Checking for leaked weakptr:
  Found no leaked weakptrs.
[Package Manager] Server process was shutdown
##utp:{"type":"MemoryLeaks","version":2,"phase":"Immediate","time":1783304508855,"processId":33476,"allocatedMemory":9975699,"memoryLabels":[{"Default":26077},{"Permanent":15412},{"NewDelete":67841},{"Thread":4238000},{"Manager":27458},{"VertexData":8},{"Geometry":816},{"VFX":-104},{"Texture":160},{"Shader":78823},{"Material":24},{"GfxDevice":57312},{"Animation":328},{"Audio":4040},{"FontEngine":256},{"Physics":1241},{"Serialization":880},{"Input":14824},{"JobScheduler":33424},{"TextLib":160},{"Mono":32},{"ScriptingNativeRuntime":155060},{"BaseObject":1619952},{"Resource":1304},{"Renderer":2928},{"Transform":4646},{"File":1016},{"WebCam":616},{"Culling":32},{"Terrain":11394},{"Wind":24},{"STL":40},{"String":11218},{"DynamicArray":80648},{"HashMap":56416},{"Utility":2664102},{"Curl":48},{"PoolAlloc":1960},{"AI":40},{"TypeTree":5005},{"ScriptManager":512},{"RuntimeInitializeOnLoadManager":64},{"SpriteAtlas":112},{"GI":7824},{"Director":8240},{"CloudService":6632},{"WebRequest":845},{"VR":46066},{"SceneManager":496},{"Video":64},{"LazyScriptCache":32},{"NativeArray":8},{"Camera":17},{"Secure":1},{"Image":8192},{"SerializationCache":1576},{"APIUpdating":10320},{"Subsystems":336},{"VirtualTexturing":57888},{"StaticSafetyDebugInfo":278528},{"Analytics":560},{"Hierarchy":272},{"Gui":80},{"EditorUtility":67395},{"VersionControl":4},{"Undo":947},{"AssetDatabase":239728},{"EditorGi":328},{"UnityConnect":24512},{"Upm":1972},{"DrivenProperties":72},{"LocalIPC":260},{"ProfilerEditor":9738},{"CoreBusinessMetrics":14929},{"Licensing":3624},{"AssetReference":32},{"IPCStream":32}]}
~StackAllocator(ALLOC_TEMP_MAIN) m_LastAlloc not NULL. Did you forget to call FreeAllStackAllocations()? To get more information, run app with -diag-temp-memory-leak-validation cmd line argument
