[Licensing::Module] Trying to connect to existing licensing client channel...
[Licensing::IpcConnector] Successfully connected to: "LicenseClient-endim" at "2026-07-06T00:50:48.8032655Z"
[Licensing::Client] Code 10 while verifying Licensing Client signature (process Id: 1288, path: "C:/Program Files/Unity Hub/UnityLicensingClient_V1/Unity.Licensing.Client.exe")
[Licensing::Module] LicensingClient has failed validation; ignoring
[Licensing::Client] Handshaking with LicensingClient:
  Version:                 1.17.4+4293ba1
  Session Id:              61fdf3e9485f4dfab6b3692e87b2bd31
  Correlation Id:          2cb1d50819de4c878e44172a817051ab
  External correlation Id: 468575367739723805
  Machine Id:              T9z/CSV4JRByE6/U7wnarwBQW64=
[Licensing::Module] Successfully connected to LicensingClient on channel: "LicenseClient-endim" (connect: 0.00s, validation: 0.01s, handshake: 0.04s)
[Licensing::IpcConnector] Successfully connected to: "LicenseClient-endim-notifications" at "2026-07-06T00:50:48.8528973Z"
[Licensing::Module] Error: Access token is unavailable; failed to update
[Licensing::Client] Successfully resolved entitlement details
[Licensing::Module] Serial number assigned to: "6006070-UnityPersXXXX"
[Licensing::Client] Successfully updated license, isAync: True, time: 0.01
Built from '6000.1/staging' branch; Version is '6000.1.10f1 (3c681a6c22ff) revision 3958810'; Using compiler version '194234433'; Build Type 'Release'
OS: 'Windows 10  (10.0.19045) 64bit Professional' Language: 'ru' Physical Memory: 32682 MB
[Licensing::Client] Successfully resolved entitlement details
BatchMode: 1, IsHumanControllingUs: 0, StartBugReporterOnCrash: 0, Is64bit: 1, IsPro: 0
Date: 2026-07-06T00:50:48Z

COMMAND LINE ARGUMENTS:
C:\Program Files\Unity\Hub\Editor\6000.1.10f1\Editor\Unity.exe
-batchmode
-quit
-projectPath
.\unity\LLMGameCreatorAlpha
-executeMethod
LLMGameCreatorAlpha.AcceptedAlphaPlayableProjectionWindow.RunBatchmodeProjectionFullVerification
-logFile
.\.llmgc\procedural\goal-121-accepted-alpha-interaction-drilldown-and-one-click-verification\unity-batchmode-full-projection-verification.log
Successfully changed project path to: C:/Users/endim/LLMGameCreator/unity/LLMGameCreatorAlpha
C:/Users/endim/LLMGameCreator/unity/LLMGameCreatorAlpha
[UnityMemory] Configuration Parameters - Can be set up in boot.config
    "memorysetup-allocator-temp-initial-block-size-main=262144"
    "memorysetup-allocator-temp-initial-block-size-worker=262144"
    "memorysetup-bucket-allocator-granularity=16"
    "memorysetup-bucket-allocator-bucket-count=8"
    "memorysetup-bucket-allocator-block-size=33554432"
    "memorysetup-bucket-allocator-block-count=8"
    "memorysetup-main-allocator-block-size=16777216"
    "memorysetup-thread-allocator-block-size=16777216"
    "memorysetup-gfx-main-allocator-block-size=16777216"
    "memorysetup-gfx-thread-allocator-block-size=16777216"
    "memorysetup-cache-allocator-block-size=4194304"
    "memorysetup-typetree-allocator-block-size=2097152"
    "memorysetup-profiler-bucket-allocator-granularity=16"
    "memorysetup-profiler-bucket-allocator-bucket-count=8"
    "memorysetup-profiler-bucket-allocator-block-size=33554432"
    "memorysetup-profiler-bucket-allocator-block-count=8"
    "memorysetup-profiler-allocator-block-size=16777216"
    "memorysetup-profiler-editor-allocator-block-size=1048576"
    "memorysetup-temp-allocator-size-main=16777216"
    "memorysetup-job-temp-allocator-block-size=2097152"
    "memorysetup-job-temp-allocator-block-size-background=1048576"
    "memorysetup-job-temp-allocator-reduction-small-platforms=262144"
    "memorysetup-temp-allocator-size-background-worker=32768"
    "memorysetup-temp-allocator-size-job-worker=262144"
    "memorysetup-temp-allocator-size-preload-manager=33554432"
    "memorysetup-temp-allocator-size-nav-mesh-worker=65536"
    "memorysetup-temp-allocator-size-audio-worker=65536"
    "memorysetup-temp-allocator-size-cloud-worker=32768"
    "memorysetup-temp-allocator-size-gi-baking-worker=262144"
    "memorysetup-temp-allocator-size-gi-baking-worker=262144"
    "memorysetup-temp-allocator-size-gi-baking-worker=262144"
    "memorysetup-temp-allocator-size-gi-baking-worker=262144"
    "memorysetup-temp-allocator-size-gi-baking-worker=262144"
    "memorysetup-temp-allocator-size-gfx=262144"
Player connection [4168]  Target information:

Player connection [4168]  * "[IP] 192.168.50.62 [Port] 55504 [Flags] 2 [Guid] 1717520201 [EditorId] 1717520201 [Version] 1048832 [Id] WindowsEditor(7,DESKTOP-SM838SH) [Debug] 1 [PackageName] WindowsEditor [ProjectName] Editor"

Player connection [4168] Host joined multi-casting on [225.0.0.222:54997]...
Player connection [4168] Host joined alternative multi-casting on [225.0.0.222:34997]...
Input System module state changed to: Initialized.
[Physics::Module] Initialized fallback backend.
[Physics::Module] Id: 0xdecafbad
[Package Manager] Connected to IPC stream "Upm-31460" after 0.4 seconds.
Library Redirect Path: Library/
[Package Manager] Restoring resolved packages state from cache
[Licensing::Client] Successfully resolved entitlement details
[Package Manager] Registered 3 packages:
  Built-in packages:
    com.unity.modules.audio@1.0.0 (location: C:\Program Files\Unity\Hub\Editor\6000.1.10f1\Editor\Data\Resources\PackageManager\BuiltInPackages\com.unity.modules.audio)
    com.unity.modules.imgui@1.0.0 (location: C:\Program Files\Unity\Hub\Editor\6000.1.10f1\Editor\Data\Resources\PackageManager\BuiltInPackages\com.unity.modules.imgui)
    com.unity.modules.physics@1.0.0 (location: C:\Program Files\Unity\Hub\Editor\6000.1.10f1\Editor\Data\Resources\PackageManager\BuiltInPackages\com.unity.modules.physics)
[Physics::Module] Selected backend.
[Physics::Module] Name: PhysX
[Physics::Module] Id: 0xf2b8ea05
[Physics::Module] SDK Version: 4.1.2
[Physics::Module] Integration Version: 1.0.0
[Physics::Module] Threading Mode: Multi-Threaded
[Subsystems] No new subsystems found in resolved package list.
Package Manager log level set to [2]
[Package Manager] Done registering packages in 0.72 seconds
Refreshing native plugins compatible for Editor in 0.00 ms, found 0 plugins.
Preloading 0 native plugins for Editor in 0.00 ms.
Initialize engine version: 6000.1.10f1 (3c681a6c22ff)
[Subsystems] Discovering subsystems at path C:/Program Files/Unity/Hub/Editor/6000.1.10f1/Editor/Data/Resources/UnitySubsystems
[Subsystems] Discovering subsystems at path C:/Users/endim/LLMGameCreator/unity/LLMGameCreatorAlpha/Assets
GfxDevice: creating device client; kGfxThreadingModeNonThreaded
Direct3D:
    Version:         Direct3D 12 [level 12.1]
    Renderer:        NVIDIA GeForce RTX 2070 SUPER (ID=0x1e84)
    Vendor:          NVIDIA
    VRAM:            7989 MB
    App VRAM Budget: 7221 MB
    Driver:          32.0.15.9636
[Licensing::Client] Successfully resolved entitlement details
Initialize mono
Mono path[0] = 'C:/Program Files/Unity/Hub/Editor/6000.1.10f1/Editor/Data/Managed'
Mono path[1] = 'C:/Program Files/Unity/Hub/Editor/6000.1.10f1/Editor/Data/MonoBleedingEdge/lib/mono/unityjit-win32'
Mono config path = 'C:/Program Files/Unity/Hub/Editor/6000.1.10f1/Editor/Data/MonoBleedingEdge/etc'
Using monoOptions --debugger-agent=transport=dt_socket,embedding=1,server=y,suspend=n,address=127.0.0.1:56460
Using cacheserver namespaces - metadata:defaultmetadata, artifacts:defaultartifacts
Using cacheserver namespaces - metadata:defaultmetadata, artifacts:defaultartifacts
ImportWorker Server TCP listen port: 0
AcceleratorClientConnectionCallback - disconnected - :0
Begin MonoManager ReloadAssembly
Registering precompiled unity dll's ...
Register platform support module: C:/Program Files/Unity/Hub/Editor/6000.1.10f1/Editor/Data/PlaybackEngines/WebGLSupport/UnityEditor.WebGL.Extensions.dll
Register platform support module: C:/Program Files/Unity/Hub/Editor/6000.1.10f1/Editor/Data/PlaybackEngines/WindowsStandaloneSupport/UnityEditor.WindowsStandalone.Extensions.dll
[Licensing::Client] Successfully resolved entitlement details
Register platform support module: C:/Program Files/Unity/Hub/Editor/6000.1.10f1/Editor/Data/PlaybackEngines/AndroidPlayer/UnityEditor.Android.Extensions.dll
Registered in 0.013887 seconds.
- Loaded All Assemblies, in  0.464 seconds
Native extension for Android target not found
Android Extension - Scanning For ADB Devices 2274 ms
Native extension for WindowsStandalone target not found
Native extension for WebGL target not found
Mono: successfully reloaded assembly
- Finished resetting the current domain, in  2.694 seconds
Domain Reload Profiling: 3157ms
	BeginReloadAssembly (130ms)
		ExecutionOrderSort (0ms)
		DisableScriptedObjects (0ms)
		BackupInstance (0ms)
		ReleaseScriptingObjects (0ms)
		CreateAndSetChildDomain (1ms)
	RebuildCommonClasses (43ms)
	RebuildNativeTypeToScriptingClass (13ms)
	initialDomainReloadingComplete (71ms)
	LoadAllAssembliesAndSetupDomain (204ms)
		LoadAssemblies (128ms)
		RebuildTransferFunctionScriptingTraits (0ms)
		AnalyzeDomain (201ms)
			TypeCache.Refresh (200ms)
				TypeCache.ScanAssembly (184ms)
			BuildScriptInfoCaches (0ms)
			ResolveRequiredComponents (0ms)
	FinalizeReload (2694ms)
		ReleaseScriptCaches (0ms)
		RebuildScriptCaches (0ms)
		SetupLoadedEditorAssemblies (2653ms)
			LogAssemblyErrors (0ms)
			InitializePlatformSupportModulesInManaged (2393ms)
			SetLoadedEditorAssemblies (5ms)
			BeforeProcessingInitializeOnLoad (72ms)
			ProcessInitializeOnLoadAttributes (122ms)
			ProcessInitializeOnLoadMethodAttributes (62ms)
			AfterProcessingInitializeOnLoad (0ms)
			EditorAssembliesLoaded (0ms)
		ExecutionOrderSort2 (0ms)
		AwakeInstancesAfterBackupRestoration (0ms)
[Licensing::Client] Successfully resolved entitlement details
Application.AssetDatabase Initial Refresh Start
Starting: C:\Program Files\Unity\Hub\Editor\6000.1.10f1\Editor\Data\bee_backend.exe --ipc --defer-dag-verification --dagfile="Library/Bee/1900b0aE.dag" --continue-on-failure --profile="Library/Bee/backend1.traceevents" ScriptAssemblies
WorkingDir: C:/Users/endim/LLMGameCreator/unity/LLMGameCreatorAlpha
DisplayProgressbar: Compiling Scripts
ExitCode: 0 Duration: 0s81ms
*** Tundra build success (0.05 seconds), 0 items updated, 141 evaluated
AssetDatabase: script compilation time: 0.475555s
Begin MonoManager ReloadAssembly
- Loaded All Assemblies, in  0.411 seconds
Refreshing native plugins compatible for Editor in 0.00 ms, found 0 plugins.
Native extension for Android target not found
Native extension for WindowsStandalone target not found
Native extension for WebGL target not found
Mono: successfully reloaded assembly
- Finished resetting the current domain, in  0.508 seconds
Domain Reload Profiling: 918ms
	BeginReloadAssembly (306ms)
		ExecutionOrderSort (0ms)
		DisableScriptedObjects (15ms)
		BackupInstance (0ms)
		ReleaseScriptingObjects (0ms)
		CreateAndSetChildDomain (145ms)
	RebuildCommonClasses (42ms)
	RebuildNativeTypeToScriptingClass (14ms)
	initialDomainReloadingComplete (25ms)
	LoadAllAssembliesAndSetupDomain (22ms)
		LoadAssemblies (108ms)
		RebuildTransferFunctionScriptingTraits (0ms)
		AnalyzeDomain (17ms)
			TypeCache.Refresh (14ms)
				TypeCache.ScanAssembly (7ms)
			BuildScriptInfoCaches (1ms)
			ResolveRequiredComponents (1ms)
	FinalizeReload (508ms)
		ReleaseScriptCaches (0ms)
		RebuildScriptCaches (0ms)
		SetupLoadedEditorAssemblies (337ms)
			LogAssemblyErrors (0ms)
			InitializePlatformSupportModulesInManaged (48ms)
			SetLoadedEditorAssemblies (4ms)
			BeforeProcessingInitializeOnLoad (101ms)
			ProcessInitializeOnLoadAttributes (149ms)
			ProcessInitializeOnLoadMethodAttributes (29ms)
			AfterProcessingInitializeOnLoad (6ms)
			EditorAssembliesLoaded (0ms)
		ExecutionOrderSort2 (0ms)
		AwakeInstancesAfterBackupRestoration (10ms)
Asset Pipeline Refresh (id=186701ec9a08ef54a8cf5646e98d946f): Total: 1.512 seconds - Initiated by InitialRefreshV2(ForceSynchronousImport)
	Summary:
		Imports: total=0 (actual=0, local cache=0, cache server=0)
		Asset DB Process Time: managed=0 ms, native=596 ms
		Asset DB Callback time: managed=17 ms, native=0 ms
		Scripting: domain reloads=1, domain reload time=411 ms, compile time=479 ms, other=7 ms
		Project Asset Count: scripts=43, non-scripts=69
		Asset File Changes: new=0, changed=0, moved=0, deleted=0
		Scan Filter Count: 0
	InvokeCustomDependenciesCallbacks: 0.001ms
	InvokePackagesCallback: 2.448ms
	ApplyChangesToAssetFolders: 0.142ms
	Scan: 27.657ms
	OnSourceAssetsModified: 0.001ms
	CategorizeAssetsWithTransientArtifact: 0.137ms
	ProcessAssetsWithTransientArtifactChanges: 3.234ms
	CategorizeAssets: 1.053ms
	ImportOutOfDateAssets: 509.136ms (29.710ms without children)
		CompileScripts: 478.982ms
		ReloadNativeAssets: 0.000ms
		UnloadImportedAssets: 0.166ms
		EnsureUptoDateAssetsAreRegisteredWithGuidPM: 0.019ms
		InitializingProgressBar: 0.001ms
		PostProcessAllAssetNotificationsAddChangedAssets: 0.000ms
		OnDemandSchedulerStart: 0.258ms
	PostProcessAllAssets: 17.429ms
	GatherAllCurrentPrimaryArtifactRevisions: 0.002ms
	UnloadStreamsBegin: 0.179ms
	PersistCurrentRevisions: 0.004ms
	UnloadStreamsEnd: 0.002ms
	GenerateScriptTypeHashes: 0.001ms
	Untracked: 950.360ms

Application.AssetDatabase Initial Refresh End
Launched and connected shader compiler UnityShaderCompiler.exe after 0.01 seconds
Scanning for USB devices : 2.492ms
Initializing Unity extensions:
[Licensing::Client] Successfully resolved entitlement details
[MODES] ModeService[none].Initialize
[MODES] ModeService[none].LoadModes
[MODES] Loading mode Default (0) for mode-current-id-LLMGameCreatorAlpha
GetVirtualKey: Could not map char: z (122) to any virtual key
GetVirtualKey: Could not map char: y (121) to any virtual key
GetVirtualKey: Could not map char: x (120) to any virtual key
GetVirtualKey: Could not map char: c (99) to any virtual key
GetVirtualKey: Could not map char: v (118) to any virtual key
GetVirtualKey: Could not map char: V (86) to any virtual key
GetVirtualKey: Could not map char: d (100) to any virtual key
GetVirtualKey: Could not map char: f (102) to any virtual key
GetVirtualKey: Could not map char: f (102) to any virtual key
GetVirtualKey: Could not map char: a (97) to any virtual key
GetVirtualKey: Could not map char: d (100) to any virtual key
GetVirtualKey: Could not map char: c (99) to any virtual key
GetVirtualKey: Could not map char: r (114) to any virtual key
GetVirtualKey: Could not map char: i (105) to any virtual key
GetVirtualKey: Could not map char: l (108) to any virtual key
GetVirtualKey: Could not map char: f (102) to any virtual key
GetVirtualKey: Could not map char: k (107) to any virtual key
GetVirtualKey: Could not map char: p (112) to any virtual key
GetVirtualKey: Could not map char: p (112) to any virtual key
GetVirtualKey: Could not map char: p (112) to any virtual key
GetVirtualKey: Could not map char: c (99) to any virtual key
GetVirtualKey: Could not map char: r (114) to any virtual key
GetVirtualKey: Could not map char: P (80) to any virtual key
GetVirtualKey: Could not map char: n (110) to any virtual key
GetVirtualKey: Could not map char: n (110) to any virtual key
GetVirtualKey: Could not map char: g (103) to any virtual key
GetVirtualKey: Could not map char: f (102) to any virtual key
GetVirtualKey: Could not map char: f (102) to any virtual key
GetVirtualKey: Could not map char: a (97) to any virtual key
GetVirtualKey: Could not map char: a (97) to any virtual key
GetVirtualKey: Could not map char: n (110) to any virtual key
GetVirtualKey: Could not map char: o (111) to any virtual key
GetVirtualKey: Could not map char: s (115) to any virtual key
GetVirtualKey: Could not map char: s (115) to any virtual key
GetVirtualKey: Could not map char: b (98) to any virtual key
GetVirtualKey: Could not map char: b (98) to any virtual key
GetVirtualKey: Could not map char: c (99) to any virtual key
GetVirtualKey: Could not map char: u (117) to any virtual key
Unloading 3 Unused Serialized files (Serialized files now loaded: 0)
Unloading 57 unused Assets / (459.2 KB). Loaded Objects now: 572.
Memory consumption went from 83.5 MB to 83.0 MB.
Total: 6.259900 ms (FindLiveObjects: 0.037700 ms CreateObjectMapping: 0.005300 ms MarkObjects: 6.029000 ms  DeleteObjects: 0.185300 ms)

GOAL121_FULL_PROJECTION_VERIFICATION_PASS
No diagnostics.
passed=True
rootPresent=True
baselineLoaded=True
playerProxyPresent=True
chunkWindowMarkerPresent=True
interactionOrObjectiveMarkerPresent=True
diagnosticsStatusPresent=True
legendPresent=True
markerDescriptorPresent=True
selectableInteractionTargetPresent=True
interactionPreviewPresent=True
selectableObjectivePresent=True
objectiveReplayDetailsPresent=True
materialWarningGuardPresent=True
zeroFatalErrors=True
fullVerificationPassed=True
statusLine=Goal121 legend visible
markerSelected=true
markerId=goal119_player_proxy
markerName=goal119_player_proxy
markerKind=player
sourceGoal=goal119
sourceFile=unity/LLMGameCreatorAlpha/Assets/Scripts/AcceptedAlphaPlayableProjectionController.cs
displayLabel=Player proxy
status=ready
details=Accepted Alpha player proxy for camera focus and scene selection.

markerSelected=true
markerId=interaction_target/4043aa856b4f
markerName=goal119_interaction_target_interaction_target_4043aa856b4f
markerKind=interaction
sourceGoal=goal105
sourceFile=unity/LLMGameCreatorAlpha/Assets/StreamingAssets/LLMGameCreator/OfflineGeoworldGoal105/offline-geoworld-interaction-targets.json
displayLabel=__LLMGC_OfflineGeoworldInteraction_terrain_hint_marker_4043aa856b4f
status=selectable
details=commandKind=terrain_hint_marker; radius=0; actionCount=1; firstAction=inspect: inspect terrain_hint_marker; deltaKind=inspection_log; expectedStateDelta=inspection_log: interaction_target/4043aa856b4f/inspect=true

markerSelected=true
markerId=objective_001_inspect_target
markerName=goal119_objective_objective_001_inspect_target
markerKind=objective
sourceGoal=goal107
sourceFile=unity/LLMGameCreatorAlpha/Assets/StreamingAssets/LLMGameCreator/OfflineGeoworldGoal107/offline-geoworld-objectives.json
displayLabel=Inspect a visible offline geoworld point-of-interest target.
status=completed
details=Accepted alpha objective checklist entry; objectiveId=objective_001_inspect_target; title=Inspect a visible offline geoworld point-of-interest target.; completionState=completed; expectedStateHashAfter=1ecb1c5a707aabcb6f8da6fd7d976fb1778ceeb6607bbf653f7b49a1a83e5769; replayStepCount=6; checkpointStepIndex=3; replayFinalStateHash=a095b977d266b1b4fa15f30331fa340c414d8bc6a33775dd55e7d3cd65903e32

markerSelected=true
markerId=goal120_diagnostics_marker
markerName=goal120_diagnostics_marker
markerKind=diagnostics
sourceGoal=goal120
sourceFile=unity/LLMGameCreatorAlpha/Assets/Scripts/AcceptedAlphaPlayableProjectionController.cs
displayLabel=Projection diagnostics
status=ready
details=Goal120 selectable diagnostics marker.
targetId=interaction_target/4043aa856b4f
targetName=__LLMGC_OfflineGeoworldInteraction_terrain_hint_marker_4043aa856b4f
actionCount=1
firstAction=inspect: inspect terrain_hint_marker; deltaKind=inspection_log
expectedStateDelta=inspection_log: interaction_target/4043aa856b4f/inspect=true
objectiveId=objective_001_inspect_target
title=Inspect a visible offline geoworld point-of-interest target.
completionState=completed
expectedStateHashAfter=1ecb1c5a707aabcb6f8da6fd7d976fb1778ceeb6607bbf653f7b49a1a83e5769
replayStepCount=6
checkpointStepIndex=3
replayFinalStateHash=a095b977d266b1b4fa15f30331fa340c414d8bc6a33775dd55e7d3cd65903e32
refreshAcceptedBaseline
baselineLoaded=True
buildRefreshProjection
rootPresent=True
focusGeneratedRoot=__LLMGC_AcceptedAlphaPlayableProjection__
selectPlayerProxy=True
selectFirstInteractionTarget=True
interactionPreviewPresent=True
selectFirstObjective=True
objectiveReplayDetailsPresent=True
selectDiagnosticsMarker=True
legendPresent=True
localSmokePassed=True
Goal121 full projection verification passed
UnityEngine.Debug:ExtractStackTraceNoAlloc (byte*,int,string)
UnityEngine.StackTraceUtility:ExtractStackTrace ()
UnityEngine.DebugLogHandler:Internal_Log (UnityEngine.LogType,UnityEngine.LogOption,string,UnityEngine.Object)
UnityEngine.DebugLogHandler:LogFormat (UnityEngine.LogType,UnityEngine.Object,string,object[])
UnityEngine.Logger:Log (UnityEngine.LogType,object)
UnityEngine.Debug:Log (object)
LLMGameCreatorAlpha.AcceptedAlphaPlayableProjectionWindow:RunBatchmodeProjectionFullVerification () (at Assets/Editor/AcceptedAlphaPlayableProjectionWindow.cs:137)

(Filename: Assets/Editor/AcceptedAlphaPlayableProjectionWindow.cs Line: 137)

Curl error 42: Callback aborted
Killing ADB server in 0,2203826 seconds.
[Physics::Module] Cleanup current backned.
[Physics::Module] Id: 0xf2b8ea05
Input System module state changed to: ShutdownInProgress.
Input System polling thread exited.
Input System module state changed to: Shutdown.
[Licensing::IpcConnector] LicenseClient-endim-notifications channel disconnected successfully.
[Licensing::IpcConnector] LicenseClient-endim channel disconnected successfully.
AcceleratorClientConnectionCallback - disconnected - :0
Cleanup mono
Checking for leaked weakptr:
  Found no leaked weakptrs.
[Package Manager] Server process was shutdown
##utp:{"type":"MemoryLeaks","version":2,"phase":"Immediate","time":1783299056218,"processId":31460,"allocatedMemory":9966876,"memoryLabels":[{"Default":26077},{"Permanent":15412},{"NewDelete":67633},{"Thread":4238000},{"Manager":27458},{"VertexData":8},{"Geometry":816},{"VFX":-104},{"Texture":160},{"Shader":78823},{"Material":24},{"GfxDevice":57312},{"Animation":328},{"Audio":4040},{"FontEngine":256},{"Physics":1241},{"Serialization":880},{"Input":14824},{"JobScheduler":33320},{"TextLib":160},{"Mono":32},{"ScriptingNativeRuntime":155060},{"BaseObject":1619952},{"Resource":1304},{"Renderer":2928},{"Transform":4646},{"File":1016},{"WebCam":616},{"Culling":32},{"Terrain":11394},{"Wind":24},{"STL":40},{"String":11106},{"DynamicArray":80648},{"HashMap":56449},{"Utility":2664102},{"Curl":48},{"PoolAlloc":1960},{"AI":40},{"TypeTree":5005},{"ScriptManager":512},{"RuntimeInitializeOnLoadManager":64},{"SpriteAtlas":112},{"GI":7824},{"Director":8240},{"CloudService":6632},{"WebRequest":845},{"VR":46066},{"SceneManager":496},{"Video":64},{"LazyScriptCache":32},{"NativeArray":8},{"Camera":17},{"Secure":1},{"SerializationCache":1576},{"APIUpdating":10320},{"Subsystems":336},{"VirtualTexturing":57888},{"StaticSafetyDebugInfo":278528},{"Analytics":560},{"Hierarchy":272},{"Gui":80},{"EditorUtility":67395},{"VersionControl":4},{"Undo":947},{"AssetDatabase":239488},{"EditorGi":328},{"UnityConnect":24512},{"Upm":1972},{"DrivenProperties":72},{"LocalIPC":260},{"ProfilerEditor":9738},{"CoreBusinessMetrics":14929},{"Licensing":3624},{"AssetReference":32},{"IPCStream":32}]}
~StackAllocator(ALLOC_TEMP_MAIN) m_LastAlloc not NULL. Did you forget to call FreeAllStackAllocations()? To get more information, run app with -diag-temp-memory-leak-validation cmd line argument
